[2025-11-16T03:00:01.014+0000] {local_task_job_runner.py:120} INFO - ::group::Pre task execution logs
[2025-11-16T03:00:01.056+0000] {taskinstance.py:2076} INFO - Dependencies all met for dep_context=non-requeueable deps ti=<TaskInstance: etl_strava_activities.extract_bronze_activities scheduled__2025-11-15T03:00:00+00:00 [queued]>
[2025-11-16T03:00:01.061+0000] {taskinstance.py:2076} INFO - Dependencies all met for dep_context=requeueable deps ti=<TaskInstance: etl_strava_activities.extract_bronze_activities scheduled__2025-11-15T03:00:00+00:00 [queued]>
[2025-11-16T03:00:01.062+0000] {taskinstance.py:2306} INFO - Starting attempt 1 of 2
[2025-11-16T03:00:01.077+0000] {taskinstance.py:2330} INFO - Executing <Task(BashOperator): extract_bronze_activities> on 2025-11-15 03:00:00+00:00
[2025-11-16T03:00:01.086+0000] {standard_task_runner.py:90} INFO - Running: ['***', 'tasks', 'run', 'etl_strava_activities', 'extract_bronze_activities', 'scheduled__2025-11-15T03:00:00+00:00', '--job-id', '326', '--raw', '--subdir', 'DAGS_FOLDER/pipeline_strava_activities.py', '--cfg-path', '/tmp/tmpuhjgc48r']
[2025-11-16T03:00:01.088+0000] {standard_task_runner.py:91} INFO - Job 326: Subtask extract_bronze_activities
[2025-11-16T03:00:01.089+0000] {logging_mixin.py:188} WARNING - /home/***/.local/lib/python3.12/site-packages/***/task/task_runner/standard_task_runner.py:62 DeprecationWarning: This process (pid=6185) is multi-threaded, use of fork() may lead to deadlocks in the child.
[2025-11-16T03:00:01.090+0000] {standard_task_runner.py:64} INFO - Started process 6186 to run task
[2025-11-16T03:00:01.149+0000] {task_command.py:426} INFO - Running <TaskInstance: etl_strava_activities.extract_bronze_activities scheduled__2025-11-15T03:00:00+00:00 [running]> on host 729d1077952c
[2025-11-16T03:00:01.307+0000] {taskinstance.py:2648} INFO - Exporting env vars: AIRFLOW_CTX_DAG_OWNER='rayane' AIRFLOW_CTX_DAG_ID='etl_strava_activities' AIRFLOW_CTX_TASK_ID='extract_bronze_activities' AIRFLOW_CTX_EXECUTION_DATE='2025-11-15T03:00:00+00:00' AIRFLOW_CTX_TRY_NUMBER='1' AIRFLOW_CTX_DAG_RUN_ID='scheduled__2025-11-15T03:00:00+00:00'
[2025-11-16T03:00:01.309+0000] {taskinstance.py:430} INFO - ::endgroup::
[2025-11-16T03:00:01.329+0000] {subprocess.py:63} INFO - Tmp dir root location: /tmp
[2025-11-16T03:00:01.331+0000] {subprocess.py:75} INFO - Running command: ['/usr/bin/bash', '-c', 'python /opt/***/apps/extract_api_strava_user_activities.py']
[2025-11-16T03:00:01.339+0000] {subprocess.py:86} INFO - Output:
[2025-11-16T03:00:04.729+0000] {subprocess.py:93} INFO - Usando o arquivo de variaveis em: /opt/***/apps/.env
[2025-11-16T03:00:04.731+0000] {subprocess.py:93} INFO - 184573
[2025-11-16T03:00:04.731+0000] {subprocess.py:93} INFO -  ⏳ Token expirado, atualizando... ⏳
[2025-11-16T03:00:04.731+0000] {subprocess.py:93} INFO -  ⚠️  O novo token expira em: 2025-11-16 05:39:51
[2025-11-16T03:00:04.732+0000] {subprocess.py:93} INFO - Usando o arquivo de variaveis em: /opt/***/apps/.env
[2025-11-16T03:00:04.732+0000] {subprocess.py:93} INFO - ✅ Credenciais Autenticadas
[2025-11-16T03:00:04.732+0000] {subprocess.py:93} INFO - PROCESSAMENTO INCREMENTAL A PARTIR DE 2025-10-15 18:54:14+00:00
[2025-11-16T03:00:04.732+0000] {subprocess.py:93} INFO - 2025-10-15 18:54:14+00:00
[2025-11-16T03:00:04.733+0000] {subprocess.py:93} INFO - Extraçao iniciada, aguarde... ⏳
[2025-11-16T03:00:04.733+0000] {subprocess.py:93} INFO - 2025-11-15 10:48:51+00:00 2025-11-15 10:48:50+00:00 2025-11-15 10:48:50+00:00
[2025-11-16T03:00:04.733+0000] {subprocess.py:93} INFO -  ⏩ Atualizando data para 2025-11-15 10:48:51+00:00 ⏩
[2025-11-16T03:00:04.733+0000] {subprocess.py:93} INFO - 2025-11-15 10:48:51+00:00
[2025-11-16T03:00:04.733+0000] {subprocess.py:93} INFO - Extraçao iniciada, aguarde... ⏳
[2025-11-16T03:00:04.733+0000] {subprocess.py:93} INFO -  Nenhuma nova atividade encontrada, finalizando extração ⏳
[2025-11-16T03:00:04.734+0000] {subprocess.py:93} INFO -  📋 0 Atividades registradas, 0 atividades alteradas
[2025-11-16T03:00:04.734+0000] {subprocess.py:93} INFO -  📋 2025-11-15 10:48:50+00:00 Ultima data registrada
[2025-11-16T03:00:04.734+0000] {subprocess.py:93} INFO - ✅ Processo de extração finalizado ✅
[2025-11-16T03:00:04.836+0000] {subprocess.py:97} INFO - Command exited with return code 0
[2025-11-16T03:00:04.837+0000] {taskinstance.py:441} INFO - ::group::Post task execution logs
[2025-11-16T03:00:04.859+0000] {taskinstance.py:1206} INFO - Marking task as SUCCESS. dag_id=etl_strava_activities, task_id=extract_bronze_activities, run_id=scheduled__2025-11-15T03:00:00+00:00, execution_date=20251115T030000, start_date=20251116T030001, end_date=20251116T030004
[2025-11-16T03:00:04.893+0000] {local_task_job_runner.py:243} INFO - Task exited with return code 0
[2025-11-16T03:00:04.913+0000] {taskinstance.py:3503} INFO - 0 downstream tasks scheduled from follow-on schedule check
[2025-11-16T03:00:04.914+0000] {local_task_job_runner.py:222} INFO - ::endgroup::
