[2025-11-15T21:26:05.370+0000] {local_task_job_runner.py:120} INFO - ::group::Pre task execution logs
[2025-11-15T21:26:05.439+0000] {taskinstance.py:2076} INFO - Dependencies all met for dep_context=non-requeueable deps ti=<TaskInstance: etl_strava.extract_bronze_label_studio manual__2025-11-15T21:06:42.465737+00:00 [queued]>
[2025-11-15T21:26:05.455+0000] {taskinstance.py:2076} INFO - Dependencies all met for dep_context=requeueable deps ti=<TaskInstance: etl_strava.extract_bronze_label_studio manual__2025-11-15T21:06:42.465737+00:00 [queued]>
[2025-11-15T21:26:05.455+0000] {taskinstance.py:2306} INFO - Starting attempt 2 of 2
[2025-11-15T21:26:05.477+0000] {taskinstance.py:2330} INFO - Executing <Task(BashOperator): extract_bronze_label_studio> on 2025-11-15 21:06:42.465737+00:00
[2025-11-15T21:26:05.489+0000] {standard_task_runner.py:90} INFO - Running: ['***', 'tasks', 'run', 'etl_strava', 'extract_bronze_label_studio', 'manual__2025-11-15T21:06:42.465737+00:00', '--job-id', '287', '--raw', '--subdir', 'DAGS_FOLDER/pipeline_strava.py', '--cfg-path', '/tmp/tmptc90xd9i']
[2025-11-15T21:26:05.493+0000] {standard_task_runner.py:91} INFO - Job 287: Subtask extract_bronze_label_studio
[2025-11-15T21:26:05.493+0000] {logging_mixin.py:188} WARNING - /home/***/.local/lib/python3.12/site-packages/***/task/task_runner/standard_task_runner.py:62 DeprecationWarning: This process (pid=175) is multi-threaded, use of fork() may lead to deadlocks in the child.
[2025-11-15T21:26:05.497+0000] {standard_task_runner.py:64} INFO - Started process 180 to run task
[2025-11-15T21:26:05.566+0000] {task_command.py:426} INFO - Running <TaskInstance: etl_strava.extract_bronze_label_studio manual__2025-11-15T21:06:42.465737+00:00 [running]> on host 14b65adea4bf
[2025-11-15T21:26:05.719+0000] {taskinstance.py:2648} INFO - Exporting env vars: AIRFLOW_CTX_DAG_OWNER='rayane' AIRFLOW_CTX_DAG_ID='etl_strava' AIRFLOW_CTX_TASK_ID='extract_bronze_label_studio' AIRFLOW_CTX_EXECUTION_DATE='2025-11-15T21:06:42.465737+00:00' AIRFLOW_CTX_TRY_NUMBER='2' AIRFLOW_CTX_DAG_RUN_ID='manual__2025-11-15T21:06:42.465737+00:00'
[2025-11-15T21:26:05.721+0000] {taskinstance.py:430} INFO - ::endgroup::
[2025-11-15T21:26:05.743+0000] {subprocess.py:63} INFO - Tmp dir root location: /tmp
[2025-11-15T21:26:05.744+0000] {subprocess.py:75} INFO - Running command: ['/usr/bin/bash', '-c', 'python  /opt/***/apps/extract_api_label_studio_strava.py']
[2025-11-15T21:26:05.754+0000] {subprocess.py:86} INFO - Output:
[2025-11-15T21:26:06.581+0000] {subprocess.py:93} INFO - Traceback (most recent call last):
[2025-11-15T21:26:06.583+0000] {subprocess.py:93} INFO -   File "/home/***/.local/lib/python3.12/site-packages/urllib3/connection.py", line 203, in _new_conn
[2025-11-15T21:26:06.584+0000] {subprocess.py:93} INFO -     sock = connection.create_connection(
[2025-11-15T21:26:06.585+0000] {subprocess.py:93} INFO -            ^^^^^^^^^^^^^^^^^^^^^^^^^^^^^
[2025-11-15T21:26:06.586+0000] {subprocess.py:93} INFO -   File "/home/***/.local/lib/python3.12/site-packages/urllib3/util/connection.py", line 60, in create_connection
[2025-11-15T21:26:06.588+0000] {subprocess.py:93} INFO -     for res in socket.getaddrinfo(host, port, family, socket.SOCK_STREAM):
[2025-11-15T21:26:06.588+0000] {subprocess.py:93} INFO -                ^^^^^^^^^^^^^^^^^^^^^^^^^^^^^^^^^^^^^^^^^^^^^^^^^^^^^^^^^^
[2025-11-15T21:26:06.589+0000] {subprocess.py:93} INFO -   File "/usr/local/lib/python3.12/socket.py", line 964, in getaddrinfo
[2025-11-15T21:26:06.590+0000] {subprocess.py:93} INFO -     for res in _socket.getaddrinfo(host, port, family, type, proto, flags):
[2025-11-15T21:26:06.591+0000] {subprocess.py:93} INFO -                ^^^^^^^^^^^^^^^^^^^^^^^^^^^^^^^^^^^^^^^^^^^^^^^^^^^^^^^^^^^
[2025-11-15T21:26:06.591+0000] {subprocess.py:93} INFO - socket.gaierror: [Errno -2] Name or service not known
[2025-11-15T21:26:06.591+0000] {subprocess.py:93} INFO - 
[2025-11-15T21:26:06.592+0000] {subprocess.py:93} INFO - The above exception was the direct cause of the following exception:
[2025-11-15T21:26:06.593+0000] {subprocess.py:93} INFO - 
[2025-11-15T21:26:06.594+0000] {subprocess.py:93} INFO - Traceback (most recent call last):
[2025-11-15T21:26:06.595+0000] {subprocess.py:93} INFO -   File "/home/***/.local/lib/python3.12/site-packages/urllib3/connectionpool.py", line 791, in urlopen
[2025-11-15T21:26:06.595+0000] {subprocess.py:93} INFO -     response = self._make_request(
[2025-11-15T21:26:06.595+0000] {subprocess.py:93} INFO -                ^^^^^^^^^^^^^^^^^^^
[2025-11-15T21:26:06.596+0000] {subprocess.py:93} INFO -   File "/home/***/.local/lib/python3.12/site-packages/urllib3/connectionpool.py", line 497, in _make_request
[2025-11-15T21:26:06.598+0000] {subprocess.py:93} INFO -     conn.request(
[2025-11-15T21:26:06.599+0000] {subprocess.py:93} INFO -   File "/home/***/.local/lib/python3.12/site-packages/urllib3/connection.py", line 395, in request
[2025-11-15T21:26:06.599+0000] {subprocess.py:93} INFO -     self.endheaders()
[2025-11-15T21:26:06.599+0000] {subprocess.py:93} INFO -   File "/usr/local/lib/python3.12/http/client.py", line 1331, in endheaders
[2025-11-15T21:26:06.599+0000] {subprocess.py:93} INFO -     self._send_output(message_body, encode_chunked=encode_chunked)
[2025-11-15T21:26:06.599+0000] {subprocess.py:93} INFO -   File "/usr/local/lib/python3.12/http/client.py", line 1091, in _send_output
[2025-11-15T21:26:06.599+0000] {subprocess.py:93} INFO -     self.send(msg)
[2025-11-15T21:26:06.599+0000] {subprocess.py:93} INFO -   File "/usr/local/lib/python3.12/http/client.py", line 1035, in send
[2025-11-15T21:26:06.600+0000] {subprocess.py:93} INFO -     self.connect()
[2025-11-15T21:26:06.600+0000] {subprocess.py:93} INFO -   File "/home/***/.local/lib/python3.12/site-packages/urllib3/connection.py", line 243, in connect
[2025-11-15T21:26:06.600+0000] {subprocess.py:93} INFO -     self.sock = self._new_conn()
[2025-11-15T21:26:06.600+0000] {subprocess.py:93} INFO -                 ^^^^^^^^^^^^^^^^
[2025-11-15T21:26:06.602+0000] {subprocess.py:93} INFO -   File "/home/***/.local/lib/python3.12/site-packages/urllib3/connection.py", line 210, in _new_conn
[2025-11-15T21:26:06.603+0000] {subprocess.py:93} INFO -     raise NameResolutionError(self.host, self, e) from e
[2025-11-15T21:26:06.604+0000] {subprocess.py:93} INFO - urllib3.exceptions.NameResolutionError: <urllib3.connection.HTTPConnection object at 0xffff91683a10>: Failed to resolve 'label_studio' ([Errno -2] Name or service not known)
[2025-11-15T21:26:06.604+0000] {subprocess.py:93} INFO - 
[2025-11-15T21:26:06.606+0000] {subprocess.py:93} INFO - The above exception was the direct cause of the following exception:
[2025-11-15T21:26:06.607+0000] {subprocess.py:93} INFO - 
[2025-11-15T21:26:06.608+0000] {subprocess.py:93} INFO - Traceback (most recent call last):
[2025-11-15T21:26:06.608+0000] {subprocess.py:93} INFO -   File "/home/***/.local/lib/python3.12/site-packages/requests/adapters.py", line 667, in send
[2025-11-15T21:26:06.608+0000] {subprocess.py:93} INFO -     resp = conn.urlopen(
[2025-11-15T21:26:06.609+0000] {subprocess.py:93} INFO -            ^^^^^^^^^^^^^
[2025-11-15T21:26:06.611+0000] {subprocess.py:93} INFO -   File "/home/***/.local/lib/python3.12/site-packages/urllib3/connectionpool.py", line 845, in urlopen
[2025-11-15T21:26:06.612+0000] {subprocess.py:93} INFO -     retries = retries.increment(
[2025-11-15T21:26:06.612+0000] {subprocess.py:93} INFO -               ^^^^^^^^^^^^^^^^^^
[2025-11-15T21:26:06.612+0000] {subprocess.py:93} INFO -   File "/home/***/.local/lib/python3.12/site-packages/urllib3/util/retry.py", line 515, in increment
[2025-11-15T21:26:06.612+0000] {subprocess.py:93} INFO -     raise MaxRetryError(_pool, url, reason) from reason  # type: ignore[arg-type]
[2025-11-15T21:26:06.612+0000] {subprocess.py:93} INFO -     ^^^^^^^^^^^^^^^^^^^^^^^^^^^^^^^^^^^^^^^^^^^^^^^^^^^
[2025-11-15T21:26:06.612+0000] {subprocess.py:93} INFO - urllib3.exceptions.MaxRetryError: HTTPConnectionPool(host='label_studio', port=8080): Max retries exceeded with url: /api/projects (Caused by NameResolutionError("<urllib3.connection.HTTPConnection object at 0xffff91683a10>: Failed to resolve 'label_studio' ([Errno -2] Name or service not known)"))
[2025-11-15T21:26:06.613+0000] {subprocess.py:93} INFO - 
[2025-11-15T21:26:06.613+0000] {subprocess.py:93} INFO - During handling of the above exception, another exception occurred:
[2025-11-15T21:26:06.613+0000] {subprocess.py:93} INFO - 
[2025-11-15T21:26:06.613+0000] {subprocess.py:93} INFO - Traceback (most recent call last):
[2025-11-15T21:26:06.613+0000] {subprocess.py:93} INFO -   File "/opt/***/apps/extract_api_label_studio_strava.py", line 20, in <module>
[2025-11-15T21:26:06.613+0000] {subprocess.py:93} INFO -     resp = requests.get(f"{LABEL_STUDIO_URL}/api/projects", headers=headers)
[2025-11-15T21:26:06.614+0000] {subprocess.py:93} INFO -            ^^^^^^^^^^^^^^^^^^^^^^^^^^^^^^^^^^^^^^^^^^^^^^^^^^^^^^^^^^^^^^^^^
[2025-11-15T21:26:06.614+0000] {subprocess.py:93} INFO -   File "/home/***/.local/lib/python3.12/site-packages/requests/api.py", line 73, in get
[2025-11-15T21:26:06.614+0000] {subprocess.py:93} INFO -     return request("get", url, params=params, **kwargs)
[2025-11-15T21:26:06.614+0000] {subprocess.py:93} INFO -            ^^^^^^^^^^^^^^^^^^^^^^^^^^^^^^^^^^^^^^^^^^^^
[2025-11-15T21:26:06.615+0000] {subprocess.py:93} INFO -   File "/home/***/.local/lib/python3.12/site-packages/requests/api.py", line 59, in request
[2025-11-15T21:26:06.616+0000] {subprocess.py:93} INFO -     return session.request(method=method, url=url, **kwargs)
[2025-11-15T21:26:06.619+0000] {subprocess.py:93} INFO -            ^^^^^^^^^^^^^^^^^^^^^^^^^^^^^^^^^^^^^^^^^^^^^^^^^
[2025-11-15T21:26:06.620+0000] {subprocess.py:93} INFO -   File "/home/***/.local/lib/python3.12/site-packages/requests/sessions.py", line 589, in request
[2025-11-15T21:26:06.621+0000] {subprocess.py:93} INFO -     resp = self.send(prep, **send_kwargs)
[2025-11-15T21:26:06.621+0000] {subprocess.py:93} INFO -            ^^^^^^^^^^^^^^^^^^^^^^^^^^^^^^
[2025-11-15T21:26:06.621+0000] {subprocess.py:93} INFO -   File "/home/***/.local/lib/python3.12/site-packages/requests/sessions.py", line 703, in send
[2025-11-15T21:26:06.621+0000] {subprocess.py:93} INFO -     r = adapter.send(request, **kwargs)
[2025-11-15T21:26:06.622+0000] {subprocess.py:93} INFO -         ^^^^^^^^^^^^^^^^^^^^^^^^^^^^^^^
[2025-11-15T21:26:06.623+0000] {subprocess.py:93} INFO -   File "/home/***/.local/lib/python3.12/site-packages/requests/adapters.py", line 700, in send
[2025-11-15T21:26:06.624+0000] {subprocess.py:93} INFO -     raise ConnectionError(e, request=request)
[2025-11-15T21:26:06.624+0000] {subprocess.py:93} INFO - requests.exceptions.ConnectionError: HTTPConnectionPool(host='label_studio', port=8080): Max retries exceeded with url: /api/projects (Caused by NameResolutionError("<urllib3.connection.HTTPConnection object at 0xffff91683a10>: Failed to resolve 'label_studio' ([Errno -2] Name or service not known)"))
[2025-11-15T21:26:06.628+0000] {subprocess.py:97} INFO - Command exited with return code 1
[2025-11-15T21:26:06.628+0000] {taskinstance.py:441} INFO - ::group::Post task execution logs
[2025-11-15T21:26:06.639+0000] {taskinstance.py:2905} ERROR - Task failed with exception
Traceback (most recent call last):
  File "/home/airflow/.local/lib/python3.12/site-packages/airflow/models/taskinstance.py", line 465, in _execute_task
    result = _execute_callable(context=context, **execute_callable_kwargs)
             ^^^^^^^^^^^^^^^^^^^^^^^^^^^^^^^^^^^^^^^^^^^^^^^^^^^^^^^^^^^^^
  File "/home/airflow/.local/lib/python3.12/site-packages/airflow/models/taskinstance.py", line 432, in _execute_callable
    return execute_callable(context=context, **execute_callable_kwargs)
           ^^^^^^^^^^^^^^^^^^^^^^^^^^^^^^^^^^^^^^^^^^^^^^^^^^^^^^^^^^^^
  File "/home/airflow/.local/lib/python3.12/site-packages/airflow/models/baseoperator.py", line 401, in wrapper
    return func(self, *args, **kwargs)
           ^^^^^^^^^^^^^^^^^^^^^^^^^^^
  File "/home/airflow/.local/lib/python3.12/site-packages/airflow/operators/bash.py", line 243, in execute
    raise AirflowException(
airflow.exceptions.AirflowException: Bash command failed. The command returned a non-zero exit code 1.
[2025-11-15T21:26:06.643+0000] {taskinstance.py:1206} INFO - Marking task as FAILED. dag_id=etl_strava, task_id=extract_bronze_label_studio, run_id=manual__2025-11-15T21:06:42.465737+00:00, execution_date=20251115T210642, start_date=20251115T212605, end_date=20251115T212606
[2025-11-15T21:26:06.659+0000] {standard_task_runner.py:110} ERROR - Failed to execute job 287 for task extract_bronze_label_studio (Bash command failed. The command returned a non-zero exit code 1.; 180)
[2025-11-15T21:26:06.670+0000] {local_task_job_runner.py:243} INFO - Task exited with return code 1
[2025-11-15T21:26:06.687+0000] {taskinstance.py:3503} INFO - 0 downstream tasks scheduled from follow-on schedule check
[2025-11-15T21:26:06.688+0000] {local_task_job_runner.py:222} INFO - ::endgroup::
