[2025-11-14T18:18:17.614+0000] {local_task_job_runner.py:120} INFO - ::group::Pre task execution logs
[2025-11-14T18:18:17.708+0000] {taskinstance.py:2076} INFO - Dependencies all met for dep_context=non-requeueable deps ti=<TaskInstance: etl_strava.extract_bronze_user manual__2025-11-14T18:18:16.991968+00:00 [queued]>
[2025-11-14T18:18:17.734+0000] {taskinstance.py:2076} INFO - Dependencies all met for dep_context=requeueable deps ti=<TaskInstance: etl_strava.extract_bronze_user manual__2025-11-14T18:18:16.991968+00:00 [queued]>
[2025-11-14T18:18:17.736+0000] {taskinstance.py:2306} INFO - Starting attempt 1 of 2
[2025-11-14T18:18:17.767+0000] {taskinstance.py:2330} INFO - Executing <Task(BashOperator): extract_bronze_user> on 2025-11-14 18:18:16.991968+00:00
[2025-11-14T18:18:17.788+0000] {standard_task_runner.py:90} INFO - Running: ['***', 'tasks', 'run', 'etl_strava', 'extract_bronze_user', 'manual__2025-11-14T18:18:16.991968+00:00', '--job-id', '143', '--raw', '--subdir', 'DAGS_FOLDER/pipeline_strava.py', '--cfg-path', '/tmp/tmpj7pxpd2d']
[2025-11-14T18:18:17.800+0000] {standard_task_runner.py:91} INFO - Job 143: Subtask extract_bronze_user
[2025-11-14T18:18:17.808+0000] {logging_mixin.py:188} WARNING - /home/***/.local/lib/python3.12/site-packages/***/task/task_runner/standard_task_runner.py:62 DeprecationWarning: This process (pid=214) is multi-threaded, use of fork() may lead to deadlocks in the child.
[2025-11-14T18:18:17.809+0000] {standard_task_runner.py:64} INFO - Started process 216 to run task
[2025-11-14T18:18:17.914+0000] {task_command.py:426} INFO - Running <TaskInstance: etl_strava.extract_bronze_user manual__2025-11-14T18:18:16.991968+00:00 [running]> on host 8ed0f81829d3
[2025-11-14T18:18:18.003+0000] {taskinstance.py:2648} INFO - Exporting env vars: AIRFLOW_CTX_DAG_OWNER='rayane' AIRFLOW_CTX_DAG_ID='etl_strava' AIRFLOW_CTX_TASK_ID='extract_bronze_user' AIRFLOW_CTX_EXECUTION_DATE='2025-11-14T18:18:16.991968+00:00' AIRFLOW_CTX_TRY_NUMBER='1' AIRFLOW_CTX_DAG_RUN_ID='manual__2025-11-14T18:18:16.991968+00:00'
[2025-11-14T18:18:18.004+0000] {taskinstance.py:430} INFO - ::endgroup::
[2025-11-14T18:18:18.044+0000] {subprocess.py:63} INFO - Tmp dir root location: /tmp
[2025-11-14T18:18:18.045+0000] {subprocess.py:75} INFO - Running command: ['/usr/bin/bash', '-c', 'python  /opt/***/apps/extract_api_strava_user.py']
[2025-11-14T18:18:18.052+0000] {subprocess.py:86} INFO - Output:
[2025-11-14T18:18:20.961+0000] {subprocess.py:93} INFO -  ⚠️   O Token atual expira em: 2025-11-14 23:49:56
[2025-11-14T18:18:20.962+0000] {subprocess.py:93} INFO - ✅ Credenciaiss Autenticadas
[2025-11-14T18:18:20.962+0000] {subprocess.py:93} INFO - ✅ Sem dados alterados
[2025-11-14T18:18:21.135+0000] {subprocess.py:97} INFO - Command exited with return code 0
[2025-11-14T18:18:21.136+0000] {taskinstance.py:441} INFO - ::group::Post task execution logs
[2025-11-14T18:18:21.163+0000] {taskinstance.py:1206} INFO - Marking task as SUCCESS. dag_id=etl_strava, task_id=extract_bronze_user, run_id=manual__2025-11-14T18:18:16.991968+00:00, execution_date=20251114T181816, start_date=20251114T181817, end_date=20251114T181821
[2025-11-14T18:18:21.201+0000] {local_task_job_runner.py:243} INFO - Task exited with return code 0
[2025-11-14T18:18:21.215+0000] {taskinstance.py:3503} INFO - 0 downstream tasks scheduled from follow-on schedule check
[2025-11-14T18:18:21.216+0000] {local_task_job_runner.py:222} INFO - ::endgroup::
