[2025-11-14T17:58:44.856+0000] {local_task_job_runner.py:120} INFO - ::group::Pre task execution logs
[2025-11-14T17:58:44.941+0000] {taskinstance.py:2076} INFO - Dependencies all met for dep_context=non-requeueable deps ti=<TaskInstance: etl_strava.extract_bronze_activities manual__2025-11-14T17:58:44.541536+00:00 [queued]>
[2025-11-14T17:58:44.955+0000] {taskinstance.py:2076} INFO - Dependencies all met for dep_context=requeueable deps ti=<TaskInstance: etl_strava.extract_bronze_activities manual__2025-11-14T17:58:44.541536+00:00 [queued]>
[2025-11-14T17:58:44.956+0000] {taskinstance.py:2306} INFO - Starting attempt 1 of 2
[2025-11-14T17:58:44.980+0000] {taskinstance.py:2330} INFO - Executing <Task(BashOperator): extract_bronze_activities> on 2025-11-14 17:58:44.541536+00:00
[2025-11-14T17:58:44.991+0000] {standard_task_runner.py:90} INFO - Running: ['***', 'tasks', 'run', 'etl_strava', 'extract_bronze_activities', 'manual__2025-11-14T17:58:44.541536+00:00', '--job-id', '98', '--raw', '--subdir', 'DAGS_FOLDER/pipeline_strava.py', '--cfg-path', '/tmp/tmpdw62c4bp']
[2025-11-14T17:58:45.000+0000] {standard_task_runner.py:91} INFO - Job 98: Subtask extract_bronze_activities
[2025-11-14T17:58:45.003+0000] {logging_mixin.py:188} WARNING - /home/***/.local/lib/python3.12/site-packages/***/task/task_runner/standard_task_runner.py:62 DeprecationWarning: This process (pid=397) is multi-threaded, use of fork() may lead to deadlocks in the child.
[2025-11-14T17:58:45.005+0000] {standard_task_runner.py:64} INFO - Started process 400 to run task
[2025-11-14T17:58:45.083+0000] {task_command.py:426} INFO - Running <TaskInstance: etl_strava.extract_bronze_activities manual__2025-11-14T17:58:44.541536+00:00 [running]> on host b269fe91ab72
[2025-11-14T17:58:45.196+0000] {taskinstance.py:2648} INFO - Exporting env vars: AIRFLOW_CTX_DAG_OWNER='rayane' AIRFLOW_CTX_DAG_ID='etl_strava' AIRFLOW_CTX_TASK_ID='extract_bronze_activities' AIRFLOW_CTX_EXECUTION_DATE='2025-11-14T17:58:44.541536+00:00' AIRFLOW_CTX_TRY_NUMBER='1' AIRFLOW_CTX_DAG_RUN_ID='manual__2025-11-14T17:58:44.541536+00:00'
[2025-11-14T17:58:45.197+0000] {taskinstance.py:430} INFO - ::endgroup::
[2025-11-14T17:58:45.213+0000] {subprocess.py:63} INFO - Tmp dir root location: /tmp
[2025-11-14T17:58:45.214+0000] {subprocess.py:75} INFO - Running command: ['/usr/bin/bash', '-c', 'python /opt/***/apps/extract_api_strava_user_activities.py']
[2025-11-14T17:58:45.222+0000] {subprocess.py:86} INFO - Output:
[2025-11-14T17:58:52.783+0000] {subprocess.py:93} INFO - Usando o arquivo de variaveis em: /opt/***/apps/.env
[2025-11-14T17:58:52.786+0000] {subprocess.py:93} INFO - 184573
[2025-11-14T17:58:52.786+0000] {subprocess.py:93} INFO -  ⚠️  O Token atual expira em: 2025-11-14 23:49:56
[2025-11-14T17:58:52.787+0000] {subprocess.py:93} INFO - ✅ Credenciais Autenticadas
[2025-11-14T17:58:52.790+0000] {subprocess.py:93} INFO - Traceback (most recent call last):
[2025-11-14T17:58:52.791+0000] {subprocess.py:93} INFO -   File "/home/***/.local/lib/python3.12/site-packages/urllib3/connection.py", line 203, in _new_conn
[2025-11-14T17:58:52.791+0000] {subprocess.py:93} INFO -     sock = connection.create_connection(
[2025-11-14T17:58:52.792+0000] {subprocess.py:93} INFO -            ^^^^^^^^^^^^^^^^^^^^^^^^^^^^^
[2025-11-14T17:58:52.792+0000] {subprocess.py:93} INFO -   File "/home/***/.local/lib/python3.12/site-packages/urllib3/util/connection.py", line 85, in create_connection
[2025-11-14T17:58:52.792+0000] {subprocess.py:93} INFO -     raise err
[2025-11-14T17:58:52.793+0000] {subprocess.py:93} INFO -   File "/home/***/.local/lib/python3.12/site-packages/urllib3/util/connection.py", line 73, in create_connection
[2025-11-14T17:58:52.793+0000] {subprocess.py:93} INFO -     sock.connect(sa)
[2025-11-14T17:58:52.793+0000] {subprocess.py:93} INFO - ConnectionRefusedError: [Errno 111] Connection refused
[2025-11-14T17:58:52.794+0000] {subprocess.py:93} INFO - 
[2025-11-14T17:58:52.794+0000] {subprocess.py:93} INFO - The above exception was the direct cause of the following exception:
[2025-11-14T17:58:52.794+0000] {subprocess.py:93} INFO - 
[2025-11-14T17:58:52.795+0000] {subprocess.py:93} INFO - Traceback (most recent call last):
[2025-11-14T17:58:52.795+0000] {subprocess.py:93} INFO -   File "/home/***/.local/lib/python3.12/site-packages/urllib3/connectionpool.py", line 791, in urlopen
[2025-11-14T17:58:52.795+0000] {subprocess.py:93} INFO -     response = self._make_request(
[2025-11-14T17:58:52.796+0000] {subprocess.py:93} INFO -                ^^^^^^^^^^^^^^^^^^^
[2025-11-14T17:58:52.796+0000] {subprocess.py:93} INFO -   File "/home/***/.local/lib/python3.12/site-packages/urllib3/connectionpool.py", line 497, in _make_request
[2025-11-14T17:58:52.796+0000] {subprocess.py:93} INFO -     conn.request(
[2025-11-14T17:58:52.796+0000] {subprocess.py:93} INFO -   File "/home/***/.local/lib/python3.12/site-packages/urllib3/connection.py", line 395, in request
[2025-11-14T17:58:52.797+0000] {subprocess.py:93} INFO -     self.endheaders()
[2025-11-14T17:58:52.797+0000] {subprocess.py:93} INFO -   File "/usr/local/lib/python3.12/http/client.py", line 1331, in endheaders
[2025-11-14T17:58:52.797+0000] {subprocess.py:93} INFO -     self._send_output(message_body, encode_chunked=encode_chunked)
[2025-11-14T17:58:52.797+0000] {subprocess.py:93} INFO -   File "/usr/local/lib/python3.12/http/client.py", line 1091, in _send_output
[2025-11-14T17:58:52.798+0000] {subprocess.py:93} INFO -     self.send(msg)
[2025-11-14T17:58:52.798+0000] {subprocess.py:93} INFO -   File "/usr/local/lib/python3.12/http/client.py", line 1035, in send
[2025-11-14T17:58:52.798+0000] {subprocess.py:93} INFO -     self.connect()
[2025-11-14T17:58:52.798+0000] {subprocess.py:93} INFO -   File "/home/***/.local/lib/python3.12/site-packages/urllib3/connection.py", line 243, in connect
[2025-11-14T17:58:52.798+0000] {subprocess.py:93} INFO -     self.sock = self._new_conn()
[2025-11-14T17:58:52.799+0000] {subprocess.py:93} INFO -                 ^^^^^^^^^^^^^^^^
[2025-11-14T17:58:52.799+0000] {subprocess.py:93} INFO -   File "/home/***/.local/lib/python3.12/site-packages/urllib3/connection.py", line 218, in _new_conn
[2025-11-14T17:58:52.799+0000] {subprocess.py:93} INFO -     raise NewConnectionError(
[2025-11-14T17:58:52.799+0000] {subprocess.py:93} INFO - urllib3.exceptions.NewConnectionError: <urllib3.connection.HTTPConnection object at 0xffff6c40ec60>: Failed to establish a new connection: [Errno 111] Connection refused
[2025-11-14T17:58:52.799+0000] {subprocess.py:93} INFO - 
[2025-11-14T17:58:52.799+0000] {subprocess.py:93} INFO - The above exception was the direct cause of the following exception:
[2025-11-14T17:58:52.800+0000] {subprocess.py:93} INFO - 
[2025-11-14T17:58:52.800+0000] {subprocess.py:93} INFO - Traceback (most recent call last):
[2025-11-14T17:58:52.800+0000] {subprocess.py:93} INFO -   File "/opt/***/apps/extract_api_strava_user_activities.py", line 219, in <module>
[2025-11-14T17:58:52.800+0000] {subprocess.py:93} INFO -     list_obj_buc = list(objects_bucket_count)
[2025-11-14T17:58:52.800+0000] {subprocess.py:93} INFO -                    ^^^^^^^^^^^^^^^^^^^^^^^^^^
[2025-11-14T17:58:52.801+0000] {subprocess.py:93} INFO -   File "/home/***/.local/lib/python3.12/site-packages/minio/api.py", line 3323, in _list_objects
[2025-11-14T17:58:52.801+0000] {subprocess.py:93} INFO -     response = self._execute(
[2025-11-14T17:58:52.801+0000] {subprocess.py:93} INFO -                ^^^^^^^^^^^^^^
[2025-11-14T17:58:52.801+0000] {subprocess.py:93} INFO -   File "/home/***/.local/lib/python3.12/site-packages/minio/api.py", line 441, in _execute
[2025-11-14T17:58:52.801+0000] {subprocess.py:93} INFO -     region = self._get_region(bucket_name)
[2025-11-14T17:58:52.802+0000] {subprocess.py:93} INFO -              ^^^^^^^^^^^^^^^^^^^^^^^^^^^^^
[2025-11-14T17:58:52.802+0000] {subprocess.py:93} INFO -   File "/home/***/.local/lib/python3.12/site-packages/minio/api.py", line 498, in _get_region
[2025-11-14T17:58:52.802+0000] {subprocess.py:93} INFO -     response = self._url_open(
[2025-11-14T17:58:52.802+0000] {subprocess.py:93} INFO -                ^^^^^^^^^^^^^^^
[2025-11-14T17:58:52.802+0000] {subprocess.py:93} INFO -   File "/home/***/.local/lib/python3.12/site-packages/minio/api.py", line 306, in _url_open
[2025-11-14T17:58:52.802+0000] {subprocess.py:93} INFO -     response = self._http.urlopen(
[2025-11-14T17:58:52.803+0000] {subprocess.py:93} INFO -                ^^^^^^^^^^^^^^^^^^^
[2025-11-14T17:58:52.803+0000] {subprocess.py:93} INFO -   File "/home/***/.local/lib/python3.12/site-packages/urllib3/poolmanager.py", line 443, in urlopen
[2025-11-14T17:58:52.803+0000] {subprocess.py:93} INFO -     response = conn.urlopen(method, u.request_uri, **kw)
[2025-11-14T17:58:52.803+0000] {subprocess.py:93} INFO -                ^^^^^^^^^^^^^^^^^^^^^^^^^^^^^^^^^^^^^^^^^
[2025-11-14T17:58:52.803+0000] {subprocess.py:93} INFO -   File "/home/***/.local/lib/python3.12/site-packages/urllib3/connectionpool.py", line 875, in urlopen
[2025-11-14T17:58:52.803+0000] {subprocess.py:93} INFO -     return self.urlopen(
[2025-11-14T17:58:52.804+0000] {subprocess.py:93} INFO -            ^^^^^^^^^^^^^
[2025-11-14T17:58:52.804+0000] {subprocess.py:93} INFO -   File "/home/***/.local/lib/python3.12/site-packages/urllib3/connectionpool.py", line 875, in urlopen
[2025-11-14T17:58:52.804+0000] {subprocess.py:93} INFO -     return self.urlopen(
[2025-11-14T17:58:52.804+0000] {subprocess.py:93} INFO -            ^^^^^^^^^^^^^
[2025-11-14T17:58:52.804+0000] {subprocess.py:93} INFO -   File "/home/***/.local/lib/python3.12/site-packages/urllib3/connectionpool.py", line 875, in urlopen
[2025-11-14T17:58:52.804+0000] {subprocess.py:93} INFO -     return self.urlopen(
[2025-11-14T17:58:52.805+0000] {subprocess.py:93} INFO -            ^^^^^^^^^^^^^
[2025-11-14T17:58:52.805+0000] {subprocess.py:93} INFO -   [Previous line repeated 2 more times]
[2025-11-14T17:58:52.805+0000] {subprocess.py:93} INFO -   File "/home/***/.local/lib/python3.12/site-packages/urllib3/connectionpool.py", line 845, in urlopen
[2025-11-14T17:58:52.805+0000] {subprocess.py:93} INFO -     retries = retries.increment(
[2025-11-14T17:58:52.805+0000] {subprocess.py:93} INFO -               ^^^^^^^^^^^^^^^^^^
[2025-11-14T17:58:52.805+0000] {subprocess.py:93} INFO -   File "/home/***/.local/lib/python3.12/site-packages/urllib3/util/retry.py", line 515, in increment
[2025-11-14T17:58:52.806+0000] {subprocess.py:93} INFO -     raise MaxRetryError(_pool, url, reason) from reason  # type: ignore[arg-type]
[2025-11-14T17:58:52.806+0000] {subprocess.py:93} INFO -     ^^^^^^^^^^^^^^^^^^^^^^^^^^^^^^^^^^^^^^^^^^^^^^^^^^^
[2025-11-14T17:58:52.806+0000] {subprocess.py:93} INFO - urllib3.exceptions.MaxRetryError: HTTPConnectionPool(host='localhost', port=9010): Max retries exceeded with url: /bronze-api-strava-user-activities-json?location= (Caused by NewConnectionError('<urllib3.connection.HTTPConnection object at 0xffff6c40ec60>: Failed to establish a new connection: [Errno 111] Connection refused'))
[2025-11-14T17:58:52.901+0000] {subprocess.py:97} INFO - Command exited with return code 1
[2025-11-14T17:58:52.902+0000] {taskinstance.py:441} INFO - ::group::Post task execution logs
[2025-11-14T17:58:52.913+0000] {taskinstance.py:2905} ERROR - Task failed with exception
Traceback (most recent call last):
  File "/home/airflow/.local/lib/python3.12/site-packages/airflow/models/taskinstance.py", line 465, in _execute_task
    result = _execute_callable(context=context, **execute_callable_kwargs)
             ^^^^^^^^^^^^^^^^^^^^^^^^^^^^^^^^^^^^^^^^^^^^^^^^^^^^^^^^^^^^^
  File "/home/airflow/.local/lib/python3.12/site-packages/airflow/models/taskinstance.py", line 432, in _execute_callable
    return execute_callable(context=context, **execute_callable_kwargs)
           ^^^^^^^^^^^^^^^^^^^^^^^^^^^^^^^^^^^^^^^^^^^^^^^^^^^^^^^^^^^^
  File "/home/airflow/.local/lib/python3.12/site-packages/airflow/models/baseoperator.py", line 401, in wrapper
    return func(self, *args, **kwargs)
           ^^^^^^^^^^^^^^^^^^^^^^^^^^^
  File "/home/airflow/.local/lib/python3.12/site-packages/airflow/operators/bash.py", line 243, in execute
    raise AirflowException(
airflow.exceptions.AirflowException: Bash command failed. The command returned a non-zero exit code 1.
[2025-11-14T17:58:52.916+0000] {taskinstance.py:1206} INFO - Marking task as UP_FOR_RETRY. dag_id=etl_strava, task_id=extract_bronze_activities, run_id=manual__2025-11-14T17:58:44.541536+00:00, execution_date=20251114T175844, start_date=20251114T175844, end_date=20251114T175852
[2025-11-14T17:58:52.927+0000] {standard_task_runner.py:110} ERROR - Failed to execute job 98 for task extract_bronze_activities (Bash command failed. The command returned a non-zero exit code 1.; 400)
[2025-11-14T17:58:52.959+0000] {local_task_job_runner.py:243} INFO - Task exited with return code 1
[2025-11-14T17:58:52.972+0000] {taskinstance.py:3503} INFO - 0 downstream tasks scheduled from follow-on schedule check
[2025-11-14T17:58:52.973+0000] {local_task_job_runner.py:222} INFO - ::endgroup::
