[2025-11-15T23:42:57.424+0000] {processor.py:161} INFO - Started process (PID=381) to work on /opt/airflow/dags/pipeline_strava_user.py
[2025-11-15T23:42:57.426+0000] {processor.py:830} INFO - Processing file /opt/airflow/dags/pipeline_strava_user.py for tasks to queue
[2025-11-15T23:42:57.431+0000] {logging_mixin.py:188} INFO - [2025-11-15T23:42:57.430+0000] {dagbag.py:545} INFO - Filling up the DagBag from /opt/airflow/dags/pipeline_strava_user.py
[2025-11-15T23:42:57.457+0000] {processor.py:840} INFO - DAG(s) 'etl_strava_user_profile' retrieved from /opt/airflow/dags/pipeline_strava_user.py
[2025-11-15T23:42:57.634+0000] {logging_mixin.py:188} INFO - [2025-11-15T23:42:57.633+0000] {override.py:1858} INFO - Created Permission View: can edit on DAG:etl_strava_user_profile
[2025-11-15T23:42:57.645+0000] {logging_mixin.py:188} INFO - [2025-11-15T23:42:57.645+0000] {override.py:1858} INFO - Created Permission View: can delete on DAG:etl_strava_user_profile
[2025-11-15T23:42:57.651+0000] {logging_mixin.py:188} INFO - [2025-11-15T23:42:57.651+0000] {override.py:1858} INFO - Created Permission View: can read on DAG:etl_strava_user_profile
[2025-11-15T23:42:57.652+0000] {logging_mixin.py:188} INFO - [2025-11-15T23:42:57.652+0000] {dag.py:3089} INFO - Sync 1 DAGs
[2025-11-15T23:42:57.676+0000] {logging_mixin.py:188} INFO - [2025-11-15T23:42:57.676+0000] {dag.py:3111} INFO - Creating ORM DAG for etl_strava_user_profile
[2025-11-15T23:42:57.702+0000] {logging_mixin.py:188} INFO - [2025-11-15T23:42:57.701+0000] {dag.py:3947} INFO - Setting next_dagrun for etl_strava_user_profile to 2025-11-14 03:00:00+00:00, run_after=2025-11-15 03:00:00+00:00
[2025-11-15T23:42:57.736+0000] {processor.py:183} INFO - Processing /opt/airflow/dags/pipeline_strava_user.py took 0.321 seconds
[2025-11-15T23:47:57.496+0000] {processor.py:161} INFO - Started process (PID=498) to work on /opt/airflow/dags/pipeline_strava_user.py
[2025-11-15T23:47:57.497+0000] {processor.py:830} INFO - Processing file /opt/airflow/dags/pipeline_strava_user.py for tasks to queue
[2025-11-15T23:47:57.497+0000] {logging_mixin.py:188} INFO - [2025-11-15T23:47:57.497+0000] {dagbag.py:545} INFO - Filling up the DagBag from /opt/airflow/dags/pipeline_strava_user.py
[2025-11-15T23:47:57.507+0000] {processor.py:840} INFO - DAG(s) 'etl_strava_user_profile' retrieved from /opt/airflow/dags/pipeline_strava_user.py
[2025-11-15T23:47:57.533+0000] {logging_mixin.py:188} INFO - [2025-11-15T23:47:57.533+0000] {dag.py:3089} INFO - Sync 1 DAGs
[2025-11-15T23:47:57.554+0000] {logging_mixin.py:188} INFO - [2025-11-15T23:47:57.554+0000] {dag.py:3947} INFO - Setting next_dagrun for etl_strava_user_profile to 2025-11-15 03:00:00+00:00, run_after=2025-11-16 03:00:00+00:00
[2025-11-15T23:47:57.570+0000] {processor.py:183} INFO - Processing /opt/airflow/dags/pipeline_strava_user.py took 0.079 seconds
[2025-11-15T23:48:27.862+0000] {processor.py:161} INFO - Started process (PID=513) to work on /opt/airflow/dags/pipeline_strava_user.py
[2025-11-15T23:48:27.863+0000] {processor.py:830} INFO - Processing file /opt/airflow/dags/pipeline_strava_user.py for tasks to queue
[2025-11-15T23:48:27.864+0000] {logging_mixin.py:188} INFO - [2025-11-15T23:48:27.863+0000] {dagbag.py:545} INFO - Filling up the DagBag from /opt/airflow/dags/pipeline_strava_user.py
[2025-11-15T23:48:27.873+0000] {processor.py:840} INFO - DAG(s) 'etl_strava_user_profile' retrieved from /opt/airflow/dags/pipeline_strava_user.py
[2025-11-15T23:48:27.897+0000] {logging_mixin.py:188} INFO - [2025-11-15T23:48:27.897+0000] {dag.py:3089} INFO - Sync 1 DAGs
[2025-11-15T23:48:27.916+0000] {logging_mixin.py:188} INFO - [2025-11-15T23:48:27.916+0000] {dag.py:3947} INFO - Setting next_dagrun for etl_strava_user_profile to 2025-11-15 03:00:00+00:00, run_after=2025-11-16 03:00:00+00:00
[2025-11-15T23:48:27.929+0000] {processor.py:183} INFO - Processing /opt/airflow/dags/pipeline_strava_user.py took 0.074 seconds
[2025-11-15T23:48:58.258+0000] {processor.py:161} INFO - Started process (PID=528) to work on /opt/airflow/dags/pipeline_strava_user.py
[2025-11-15T23:48:58.259+0000] {processor.py:830} INFO - Processing file /opt/airflow/dags/pipeline_strava_user.py for tasks to queue
[2025-11-15T23:48:58.260+0000] {logging_mixin.py:188} INFO - [2025-11-15T23:48:58.259+0000] {dagbag.py:545} INFO - Filling up the DagBag from /opt/airflow/dags/pipeline_strava_user.py
[2025-11-15T23:48:58.270+0000] {processor.py:840} INFO - DAG(s) 'etl_strava_user_profile' retrieved from /opt/airflow/dags/pipeline_strava_user.py
[2025-11-15T23:48:58.295+0000] {logging_mixin.py:188} INFO - [2025-11-15T23:48:58.295+0000] {dag.py:3089} INFO - Sync 1 DAGs
[2025-11-15T23:48:58.314+0000] {logging_mixin.py:188} INFO - [2025-11-15T23:48:58.314+0000] {dag.py:3947} INFO - Setting next_dagrun for etl_strava_user_profile to 2025-11-15 03:00:00+00:00, run_after=2025-11-16 03:00:00+00:00
[2025-11-15T23:48:58.328+0000] {processor.py:183} INFO - Processing /opt/airflow/dags/pipeline_strava_user.py took 0.075 seconds
[2025-11-15T23:49:28.595+0000] {processor.py:161} INFO - Started process (PID=543) to work on /opt/airflow/dags/pipeline_strava_user.py
[2025-11-15T23:49:28.596+0000] {processor.py:830} INFO - Processing file /opt/airflow/dags/pipeline_strava_user.py for tasks to queue
[2025-11-15T23:49:28.597+0000] {logging_mixin.py:188} INFO - [2025-11-15T23:49:28.597+0000] {dagbag.py:545} INFO - Filling up the DagBag from /opt/airflow/dags/pipeline_strava_user.py
[2025-11-15T23:49:28.608+0000] {processor.py:840} INFO - DAG(s) 'etl_strava_user_profile' retrieved from /opt/airflow/dags/pipeline_strava_user.py
[2025-11-15T23:49:28.642+0000] {logging_mixin.py:188} INFO - [2025-11-15T23:49:28.642+0000] {dag.py:3089} INFO - Sync 1 DAGs
[2025-11-15T23:49:28.663+0000] {logging_mixin.py:188} INFO - [2025-11-15T23:49:28.663+0000] {dag.py:3947} INFO - Setting next_dagrun for etl_strava_user_profile to 2025-11-15 03:00:00+00:00, run_after=2025-11-16 03:00:00+00:00
[2025-11-15T23:49:28.676+0000] {processor.py:183} INFO - Processing /opt/airflow/dags/pipeline_strava_user.py took 0.086 seconds
[2025-11-15T23:49:58.989+0000] {processor.py:161} INFO - Started process (PID=558) to work on /opt/airflow/dags/pipeline_strava_user.py
[2025-11-15T23:49:58.990+0000] {processor.py:830} INFO - Processing file /opt/airflow/dags/pipeline_strava_user.py for tasks to queue
[2025-11-15T23:49:58.991+0000] {logging_mixin.py:188} INFO - [2025-11-15T23:49:58.991+0000] {dagbag.py:545} INFO - Filling up the DagBag from /opt/airflow/dags/pipeline_strava_user.py
[2025-11-15T23:49:59.002+0000] {processor.py:840} INFO - DAG(s) 'etl_strava_user_profile' retrieved from /opt/airflow/dags/pipeline_strava_user.py
[2025-11-15T23:49:59.028+0000] {logging_mixin.py:188} INFO - [2025-11-15T23:49:59.028+0000] {dag.py:3089} INFO - Sync 1 DAGs
[2025-11-15T23:49:59.046+0000] {logging_mixin.py:188} INFO - [2025-11-15T23:49:59.046+0000] {dag.py:3947} INFO - Setting next_dagrun for etl_strava_user_profile to 2025-11-15 03:00:00+00:00, run_after=2025-11-16 03:00:00+00:00
[2025-11-15T23:49:59.058+0000] {processor.py:183} INFO - Processing /opt/airflow/dags/pipeline_strava_user.py took 0.076 seconds
[2025-11-15T23:50:29.393+0000] {processor.py:161} INFO - Started process (PID=573) to work on /opt/airflow/dags/pipeline_strava_user.py
[2025-11-15T23:50:29.394+0000] {processor.py:830} INFO - Processing file /opt/airflow/dags/pipeline_strava_user.py for tasks to queue
[2025-11-15T23:50:29.395+0000] {logging_mixin.py:188} INFO - [2025-11-15T23:50:29.395+0000] {dagbag.py:545} INFO - Filling up the DagBag from /opt/airflow/dags/pipeline_strava_user.py
[2025-11-15T23:50:29.423+0000] {processor.py:840} INFO - DAG(s) 'etl_strava_user_profile' retrieved from /opt/airflow/dags/pipeline_strava_user.py
[2025-11-15T23:50:29.477+0000] {logging_mixin.py:188} INFO - [2025-11-15T23:50:29.476+0000] {dag.py:3089} INFO - Sync 1 DAGs
[2025-11-15T23:50:29.510+0000] {logging_mixin.py:188} INFO - [2025-11-15T23:50:29.510+0000] {dag.py:3947} INFO - Setting next_dagrun for etl_strava_user_profile to 2025-11-15 03:00:00+00:00, run_after=2025-11-16 03:00:00+00:00
[2025-11-15T23:50:29.526+0000] {processor.py:183} INFO - Processing /opt/airflow/dags/pipeline_strava_user.py took 0.151 seconds
[2025-11-15T23:50:59.792+0000] {processor.py:161} INFO - Started process (PID=588) to work on /opt/airflow/dags/pipeline_strava_user.py
[2025-11-15T23:50:59.793+0000] {processor.py:830} INFO - Processing file /opt/airflow/dags/pipeline_strava_user.py for tasks to queue
[2025-11-15T23:50:59.794+0000] {logging_mixin.py:188} INFO - [2025-11-15T23:50:59.794+0000] {dagbag.py:545} INFO - Filling up the DagBag from /opt/airflow/dags/pipeline_strava_user.py
[2025-11-15T23:50:59.812+0000] {processor.py:840} INFO - DAG(s) 'etl_strava_user_profile' retrieved from /opt/airflow/dags/pipeline_strava_user.py
[2025-11-15T23:50:59.840+0000] {logging_mixin.py:188} INFO - [2025-11-15T23:50:59.840+0000] {dag.py:3089} INFO - Sync 1 DAGs
[2025-11-15T23:50:59.860+0000] {logging_mixin.py:188} INFO - [2025-11-15T23:50:59.860+0000] {dag.py:3947} INFO - Setting next_dagrun for etl_strava_user_profile to 2025-11-15 03:00:00+00:00, run_after=2025-11-16 03:00:00+00:00
[2025-11-15T23:50:59.876+0000] {processor.py:183} INFO - Processing /opt/airflow/dags/pipeline_strava_user.py took 0.092 seconds
[2025-11-15T23:51:30.221+0000] {processor.py:161} INFO - Started process (PID=603) to work on /opt/airflow/dags/pipeline_strava_user.py
[2025-11-15T23:51:30.225+0000] {processor.py:830} INFO - Processing file /opt/airflow/dags/pipeline_strava_user.py for tasks to queue
[2025-11-15T23:51:30.228+0000] {logging_mixin.py:188} INFO - [2025-11-15T23:51:30.226+0000] {dagbag.py:545} INFO - Filling up the DagBag from /opt/airflow/dags/pipeline_strava_user.py
[2025-11-15T23:51:30.279+0000] {processor.py:840} INFO - DAG(s) 'etl_strava_user_profile' retrieved from /opt/airflow/dags/pipeline_strava_user.py
[2025-11-15T23:51:30.335+0000] {logging_mixin.py:188} INFO - [2025-11-15T23:51:30.334+0000] {dag.py:3089} INFO - Sync 1 DAGs
[2025-11-15T23:51:30.381+0000] {logging_mixin.py:188} INFO - [2025-11-15T23:51:30.380+0000] {dag.py:3947} INFO - Setting next_dagrun for etl_strava_user_profile to 2025-11-15 03:00:00+00:00, run_after=2025-11-16 03:00:00+00:00
[2025-11-15T23:51:30.406+0000] {processor.py:183} INFO - Processing /opt/airflow/dags/pipeline_strava_user.py took 0.221 seconds
[2025-11-15T23:52:00.457+0000] {processor.py:161} INFO - Started process (PID=618) to work on /opt/airflow/dags/pipeline_strava_user.py
[2025-11-15T23:52:00.458+0000] {processor.py:830} INFO - Processing file /opt/airflow/dags/pipeline_strava_user.py for tasks to queue
[2025-11-15T23:52:00.458+0000] {logging_mixin.py:188} INFO - [2025-11-15T23:52:00.458+0000] {dagbag.py:545} INFO - Filling up the DagBag from /opt/airflow/dags/pipeline_strava_user.py
[2025-11-15T23:52:00.468+0000] {processor.py:840} INFO - DAG(s) 'etl_strava_user_profile' retrieved from /opt/airflow/dags/pipeline_strava_user.py
[2025-11-15T23:52:00.493+0000] {logging_mixin.py:188} INFO - [2025-11-15T23:52:00.493+0000] {dag.py:3089} INFO - Sync 1 DAGs
[2025-11-15T23:52:00.511+0000] {logging_mixin.py:188} INFO - [2025-11-15T23:52:00.511+0000] {dag.py:3947} INFO - Setting next_dagrun for etl_strava_user_profile to 2025-11-15 03:00:00+00:00, run_after=2025-11-16 03:00:00+00:00
[2025-11-15T23:52:00.523+0000] {processor.py:183} INFO - Processing /opt/airflow/dags/pipeline_strava_user.py took 0.071 seconds
[2025-11-15T23:52:30.879+0000] {processor.py:161} INFO - Started process (PID=633) to work on /opt/airflow/dags/pipeline_strava_user.py
[2025-11-15T23:52:30.881+0000] {processor.py:830} INFO - Processing file /opt/airflow/dags/pipeline_strava_user.py for tasks to queue
[2025-11-15T23:52:30.882+0000] {logging_mixin.py:188} INFO - [2025-11-15T23:52:30.882+0000] {dagbag.py:545} INFO - Filling up the DagBag from /opt/airflow/dags/pipeline_strava_user.py
[2025-11-15T23:52:30.895+0000] {processor.py:840} INFO - DAG(s) 'etl_strava_user_profile' retrieved from /opt/airflow/dags/pipeline_strava_user.py
[2025-11-15T23:52:30.924+0000] {logging_mixin.py:188} INFO - [2025-11-15T23:52:30.924+0000] {dag.py:3089} INFO - Sync 1 DAGs
[2025-11-15T23:52:30.944+0000] {logging_mixin.py:188} INFO - [2025-11-15T23:52:30.944+0000] {dag.py:3947} INFO - Setting next_dagrun for etl_strava_user_profile to 2025-11-15 03:00:00+00:00, run_after=2025-11-16 03:00:00+00:00
[2025-11-15T23:52:30.958+0000] {processor.py:183} INFO - Processing /opt/airflow/dags/pipeline_strava_user.py took 0.088 seconds
[2025-11-15T23:53:01.360+0000] {processor.py:161} INFO - Started process (PID=648) to work on /opt/airflow/dags/pipeline_strava_user.py
[2025-11-15T23:53:01.362+0000] {processor.py:830} INFO - Processing file /opt/airflow/dags/pipeline_strava_user.py for tasks to queue
[2025-11-15T23:53:01.363+0000] {logging_mixin.py:188} INFO - [2025-11-15T23:53:01.363+0000] {dagbag.py:545} INFO - Filling up the DagBag from /opt/airflow/dags/pipeline_strava_user.py
[2025-11-15T23:53:01.388+0000] {processor.py:840} INFO - DAG(s) 'etl_strava_user_profile' retrieved from /opt/airflow/dags/pipeline_strava_user.py
[2025-11-15T23:53:01.426+0000] {logging_mixin.py:188} INFO - [2025-11-15T23:53:01.426+0000] {dag.py:3089} INFO - Sync 1 DAGs
[2025-11-15T23:53:01.452+0000] {logging_mixin.py:188} INFO - [2025-11-15T23:53:01.451+0000] {dag.py:3947} INFO - Setting next_dagrun for etl_strava_user_profile to 2025-11-15 03:00:00+00:00, run_after=2025-11-16 03:00:00+00:00
[2025-11-15T23:53:01.467+0000] {processor.py:183} INFO - Processing /opt/airflow/dags/pipeline_strava_user.py took 0.113 seconds
[2025-11-15T23:53:31.764+0000] {processor.py:161} INFO - Started process (PID=663) to work on /opt/airflow/dags/pipeline_strava_user.py
[2025-11-15T23:53:31.765+0000] {processor.py:830} INFO - Processing file /opt/airflow/dags/pipeline_strava_user.py for tasks to queue
[2025-11-15T23:53:31.766+0000] {logging_mixin.py:188} INFO - [2025-11-15T23:53:31.766+0000] {dagbag.py:545} INFO - Filling up the DagBag from /opt/airflow/dags/pipeline_strava_user.py
[2025-11-15T23:53:31.779+0000] {processor.py:840} INFO - DAG(s) 'etl_strava_user_profile' retrieved from /opt/airflow/dags/pipeline_strava_user.py
[2025-11-15T23:53:31.807+0000] {logging_mixin.py:188} INFO - [2025-11-15T23:53:31.807+0000] {dag.py:3089} INFO - Sync 1 DAGs
[2025-11-15T23:53:31.827+0000] {logging_mixin.py:188} INFO - [2025-11-15T23:53:31.827+0000] {dag.py:3947} INFO - Setting next_dagrun for etl_strava_user_profile to 2025-11-15 03:00:00+00:00, run_after=2025-11-16 03:00:00+00:00
[2025-11-15T23:53:31.842+0000] {processor.py:183} INFO - Processing /opt/airflow/dags/pipeline_strava_user.py took 0.084 seconds
[2025-11-15T23:54:02.177+0000] {processor.py:161} INFO - Started process (PID=678) to work on /opt/airflow/dags/pipeline_strava_user.py
[2025-11-15T23:54:02.178+0000] {processor.py:830} INFO - Processing file /opt/airflow/dags/pipeline_strava_user.py for tasks to queue
[2025-11-15T23:54:02.180+0000] {logging_mixin.py:188} INFO - [2025-11-15T23:54:02.179+0000] {dagbag.py:545} INFO - Filling up the DagBag from /opt/airflow/dags/pipeline_strava_user.py
[2025-11-15T23:54:02.198+0000] {processor.py:840} INFO - DAG(s) 'etl_strava_user_profile' retrieved from /opt/airflow/dags/pipeline_strava_user.py
[2025-11-15T23:54:02.233+0000] {logging_mixin.py:188} INFO - [2025-11-15T23:54:02.233+0000] {dag.py:3089} INFO - Sync 1 DAGs
[2025-11-15T23:54:02.256+0000] {logging_mixin.py:188} INFO - [2025-11-15T23:54:02.256+0000] {dag.py:3947} INFO - Setting next_dagrun for etl_strava_user_profile to 2025-11-15 03:00:00+00:00, run_after=2025-11-16 03:00:00+00:00
[2025-11-15T23:54:02.272+0000] {processor.py:183} INFO - Processing /opt/airflow/dags/pipeline_strava_user.py took 0.103 seconds
[2025-11-15T23:54:32.599+0000] {processor.py:161} INFO - Started process (PID=693) to work on /opt/airflow/dags/pipeline_strava_user.py
[2025-11-15T23:54:32.601+0000] {processor.py:830} INFO - Processing file /opt/airflow/dags/pipeline_strava_user.py for tasks to queue
[2025-11-15T23:54:32.602+0000] {logging_mixin.py:188} INFO - [2025-11-15T23:54:32.601+0000] {dagbag.py:545} INFO - Filling up the DagBag from /opt/airflow/dags/pipeline_strava_user.py
[2025-11-15T23:54:32.618+0000] {processor.py:840} INFO - DAG(s) 'etl_strava_user_profile' retrieved from /opt/airflow/dags/pipeline_strava_user.py
[2025-11-15T23:54:32.651+0000] {logging_mixin.py:188} INFO - [2025-11-15T23:54:32.651+0000] {dag.py:3089} INFO - Sync 1 DAGs
[2025-11-15T23:54:32.678+0000] {logging_mixin.py:188} INFO - [2025-11-15T23:54:32.678+0000] {dag.py:3947} INFO - Setting next_dagrun for etl_strava_user_profile to 2025-11-15 03:00:00+00:00, run_after=2025-11-16 03:00:00+00:00
[2025-11-15T23:54:32.693+0000] {processor.py:183} INFO - Processing /opt/airflow/dags/pipeline_strava_user.py took 0.104 seconds
[2025-11-15T23:55:02.963+0000] {processor.py:161} INFO - Started process (PID=708) to work on /opt/airflow/dags/pipeline_strava_user.py
[2025-11-15T23:55:02.964+0000] {processor.py:830} INFO - Processing file /opt/airflow/dags/pipeline_strava_user.py for tasks to queue
[2025-11-15T23:55:02.965+0000] {logging_mixin.py:188} INFO - [2025-11-15T23:55:02.964+0000] {dagbag.py:545} INFO - Filling up the DagBag from /opt/airflow/dags/pipeline_strava_user.py
[2025-11-15T23:55:02.975+0000] {processor.py:840} INFO - DAG(s) 'etl_strava_user_profile' retrieved from /opt/airflow/dags/pipeline_strava_user.py
[2025-11-15T23:55:03.003+0000] {logging_mixin.py:188} INFO - [2025-11-15T23:55:03.003+0000] {dag.py:3089} INFO - Sync 1 DAGs
[2025-11-15T23:55:03.022+0000] {logging_mixin.py:188} INFO - [2025-11-15T23:55:03.021+0000] {dag.py:3947} INFO - Setting next_dagrun for etl_strava_user_profile to 2025-11-15 03:00:00+00:00, run_after=2025-11-16 03:00:00+00:00
[2025-11-15T23:55:03.034+0000] {processor.py:183} INFO - Processing /opt/airflow/dags/pipeline_strava_user.py took 0.078 seconds
[2025-11-15T23:55:33.315+0000] {processor.py:161} INFO - Started process (PID=723) to work on /opt/airflow/dags/pipeline_strava_user.py
[2025-11-15T23:55:33.316+0000] {processor.py:830} INFO - Processing file /opt/airflow/dags/pipeline_strava_user.py for tasks to queue
[2025-11-15T23:55:33.316+0000] {logging_mixin.py:188} INFO - [2025-11-15T23:55:33.316+0000] {dagbag.py:545} INFO - Filling up the DagBag from /opt/airflow/dags/pipeline_strava_user.py
[2025-11-15T23:55:33.325+0000] {processor.py:840} INFO - DAG(s) 'etl_strava_user_profile' retrieved from /opt/airflow/dags/pipeline_strava_user.py
[2025-11-15T23:55:33.347+0000] {logging_mixin.py:188} INFO - [2025-11-15T23:55:33.347+0000] {dag.py:3089} INFO - Sync 1 DAGs
[2025-11-15T23:55:33.364+0000] {logging_mixin.py:188} INFO - [2025-11-15T23:55:33.363+0000] {dag.py:3947} INFO - Setting next_dagrun for etl_strava_user_profile to 2025-11-15 03:00:00+00:00, run_after=2025-11-16 03:00:00+00:00
[2025-11-15T23:55:33.375+0000] {processor.py:183} INFO - Processing /opt/airflow/dags/pipeline_strava_user.py took 0.064 seconds
[2025-11-15T23:56:03.619+0000] {processor.py:161} INFO - Started process (PID=738) to work on /opt/airflow/dags/pipeline_strava_user.py
[2025-11-15T23:56:03.620+0000] {processor.py:830} INFO - Processing file /opt/airflow/dags/pipeline_strava_user.py for tasks to queue
[2025-11-15T23:56:03.621+0000] {logging_mixin.py:188} INFO - [2025-11-15T23:56:03.620+0000] {dagbag.py:545} INFO - Filling up the DagBag from /opt/airflow/dags/pipeline_strava_user.py
[2025-11-15T23:56:03.631+0000] {processor.py:840} INFO - DAG(s) 'etl_strava_user_profile' retrieved from /opt/airflow/dags/pipeline_strava_user.py
[2025-11-15T23:56:03.656+0000] {logging_mixin.py:188} INFO - [2025-11-15T23:56:03.656+0000] {dag.py:3089} INFO - Sync 1 DAGs
[2025-11-15T23:56:03.674+0000] {logging_mixin.py:188} INFO - [2025-11-15T23:56:03.674+0000] {dag.py:3947} INFO - Setting next_dagrun for etl_strava_user_profile to 2025-11-15 03:00:00+00:00, run_after=2025-11-16 03:00:00+00:00
[2025-11-15T23:56:03.687+0000] {processor.py:183} INFO - Processing /opt/airflow/dags/pipeline_strava_user.py took 0.074 seconds
[2025-11-15T23:56:34.014+0000] {processor.py:161} INFO - Started process (PID=753) to work on /opt/airflow/dags/pipeline_strava_user.py
[2025-11-15T23:56:34.015+0000] {processor.py:830} INFO - Processing file /opt/airflow/dags/pipeline_strava_user.py for tasks to queue
[2025-11-15T23:56:34.016+0000] {logging_mixin.py:188} INFO - [2025-11-15T23:56:34.016+0000] {dagbag.py:545} INFO - Filling up the DagBag from /opt/airflow/dags/pipeline_strava_user.py
[2025-11-15T23:56:34.029+0000] {processor.py:840} INFO - DAG(s) 'etl_strava_user_profile' retrieved from /opt/airflow/dags/pipeline_strava_user.py
[2025-11-15T23:56:34.058+0000] {logging_mixin.py:188} INFO - [2025-11-15T23:56:34.058+0000] {dag.py:3089} INFO - Sync 1 DAGs
[2025-11-15T23:56:34.078+0000] {logging_mixin.py:188} INFO - [2025-11-15T23:56:34.078+0000] {dag.py:3947} INFO - Setting next_dagrun for etl_strava_user_profile to 2025-11-15 03:00:00+00:00, run_after=2025-11-16 03:00:00+00:00
[2025-11-15T23:56:34.093+0000] {processor.py:183} INFO - Processing /opt/airflow/dags/pipeline_strava_user.py took 0.085 seconds
[2025-11-15T23:57:04.422+0000] {processor.py:161} INFO - Started process (PID=768) to work on /opt/airflow/dags/pipeline_strava_user.py
[2025-11-15T23:57:04.423+0000] {processor.py:830} INFO - Processing file /opt/airflow/dags/pipeline_strava_user.py for tasks to queue
[2025-11-15T23:57:04.424+0000] {logging_mixin.py:188} INFO - [2025-11-15T23:57:04.424+0000] {dagbag.py:545} INFO - Filling up the DagBag from /opt/airflow/dags/pipeline_strava_user.py
[2025-11-15T23:57:04.442+0000] {processor.py:840} INFO - DAG(s) 'etl_strava_user_profile' retrieved from /opt/airflow/dags/pipeline_strava_user.py
[2025-11-15T23:57:04.475+0000] {logging_mixin.py:188} INFO - [2025-11-15T23:57:04.475+0000] {dag.py:3089} INFO - Sync 1 DAGs
[2025-11-15T23:57:04.497+0000] {logging_mixin.py:188} INFO - [2025-11-15T23:57:04.497+0000] {dag.py:3947} INFO - Setting next_dagrun for etl_strava_user_profile to 2025-11-15 03:00:00+00:00, run_after=2025-11-16 03:00:00+00:00
[2025-11-15T23:57:04.513+0000] {processor.py:183} INFO - Processing /opt/airflow/dags/pipeline_strava_user.py took 0.098 seconds
[2025-11-15T23:57:34.779+0000] {processor.py:161} INFO - Started process (PID=783) to work on /opt/airflow/dags/pipeline_strava_user.py
[2025-11-15T23:57:34.780+0000] {processor.py:830} INFO - Processing file /opt/airflow/dags/pipeline_strava_user.py for tasks to queue
[2025-11-15T23:57:34.781+0000] {logging_mixin.py:188} INFO - [2025-11-15T23:57:34.781+0000] {dagbag.py:545} INFO - Filling up the DagBag from /opt/airflow/dags/pipeline_strava_user.py
[2025-11-15T23:57:34.792+0000] {processor.py:840} INFO - DAG(s) 'etl_strava_user_profile' retrieved from /opt/airflow/dags/pipeline_strava_user.py
[2025-11-15T23:57:34.817+0000] {logging_mixin.py:188} INFO - [2025-11-15T23:57:34.817+0000] {dag.py:3089} INFO - Sync 1 DAGs
[2025-11-15T23:57:34.837+0000] {logging_mixin.py:188} INFO - [2025-11-15T23:57:34.836+0000] {dag.py:3947} INFO - Setting next_dagrun for etl_strava_user_profile to 2025-11-15 03:00:00+00:00, run_after=2025-11-16 03:00:00+00:00
[2025-11-15T23:57:34.849+0000] {processor.py:183} INFO - Processing /opt/airflow/dags/pipeline_strava_user.py took 0.076 seconds
[2025-11-15T23:58:05.204+0000] {processor.py:161} INFO - Started process (PID=798) to work on /opt/airflow/dags/pipeline_strava_user.py
[2025-11-15T23:58:05.206+0000] {processor.py:830} INFO - Processing file /opt/airflow/dags/pipeline_strava_user.py for tasks to queue
[2025-11-15T23:58:05.207+0000] {logging_mixin.py:188} INFO - [2025-11-15T23:58:05.206+0000] {dagbag.py:545} INFO - Filling up the DagBag from /opt/airflow/dags/pipeline_strava_user.py
[2025-11-15T23:58:05.225+0000] {processor.py:840} INFO - DAG(s) 'etl_strava_user_profile' retrieved from /opt/airflow/dags/pipeline_strava_user.py
[2025-11-15T23:58:05.260+0000] {logging_mixin.py:188} INFO - [2025-11-15T23:58:05.260+0000] {dag.py:3089} INFO - Sync 1 DAGs
[2025-11-15T23:58:05.285+0000] {logging_mixin.py:188} INFO - [2025-11-15T23:58:05.285+0000] {dag.py:3947} INFO - Setting next_dagrun for etl_strava_user_profile to 2025-11-15 03:00:00+00:00, run_after=2025-11-16 03:00:00+00:00
[2025-11-15T23:58:05.300+0000] {processor.py:183} INFO - Processing /opt/airflow/dags/pipeline_strava_user.py took 0.103 seconds
[2025-11-15T23:58:35.535+0000] {processor.py:161} INFO - Started process (PID=813) to work on /opt/airflow/dags/pipeline_strava_user.py
[2025-11-15T23:58:35.537+0000] {processor.py:830} INFO - Processing file /opt/airflow/dags/pipeline_strava_user.py for tasks to queue
[2025-11-15T23:58:35.538+0000] {logging_mixin.py:188} INFO - [2025-11-15T23:58:35.537+0000] {dagbag.py:545} INFO - Filling up the DagBag from /opt/airflow/dags/pipeline_strava_user.py
[2025-11-15T23:58:35.550+0000] {processor.py:840} INFO - DAG(s) 'etl_strava_user_profile' retrieved from /opt/airflow/dags/pipeline_strava_user.py
[2025-11-15T23:58:35.580+0000] {logging_mixin.py:188} INFO - [2025-11-15T23:58:35.580+0000] {dag.py:3089} INFO - Sync 1 DAGs
[2025-11-15T23:58:35.599+0000] {logging_mixin.py:188} INFO - [2025-11-15T23:58:35.599+0000] {dag.py:3947} INFO - Setting next_dagrun for etl_strava_user_profile to 2025-11-15 03:00:00+00:00, run_after=2025-11-16 03:00:00+00:00
[2025-11-15T23:58:35.612+0000] {processor.py:183} INFO - Processing /opt/airflow/dags/pipeline_strava_user.py took 0.083 seconds
[2025-11-15T23:59:05.905+0000] {processor.py:161} INFO - Started process (PID=828) to work on /opt/airflow/dags/pipeline_strava_user.py
[2025-11-15T23:59:05.906+0000] {processor.py:830} INFO - Processing file /opt/airflow/dags/pipeline_strava_user.py for tasks to queue
[2025-11-15T23:59:05.907+0000] {logging_mixin.py:188} INFO - [2025-11-15T23:59:05.907+0000] {dagbag.py:545} INFO - Filling up the DagBag from /opt/airflow/dags/pipeline_strava_user.py
[2025-11-15T23:59:05.917+0000] {processor.py:840} INFO - DAG(s) 'etl_strava_user_profile' retrieved from /opt/airflow/dags/pipeline_strava_user.py
[2025-11-15T23:59:05.942+0000] {logging_mixin.py:188} INFO - [2025-11-15T23:59:05.942+0000] {dag.py:3089} INFO - Sync 1 DAGs
[2025-11-15T23:59:05.961+0000] {logging_mixin.py:188} INFO - [2025-11-15T23:59:05.961+0000] {dag.py:3947} INFO - Setting next_dagrun for etl_strava_user_profile to 2025-11-15 03:00:00+00:00, run_after=2025-11-16 03:00:00+00:00
[2025-11-15T23:59:05.975+0000] {processor.py:183} INFO - Processing /opt/airflow/dags/pipeline_strava_user.py took 0.076 seconds
[2025-11-15T23:59:36.442+0000] {processor.py:161} INFO - Started process (PID=843) to work on /opt/airflow/dags/pipeline_strava_user.py
[2025-11-15T23:59:36.443+0000] {processor.py:830} INFO - Processing file /opt/airflow/dags/pipeline_strava_user.py for tasks to queue
[2025-11-15T23:59:36.444+0000] {logging_mixin.py:188} INFO - [2025-11-15T23:59:36.444+0000] {dagbag.py:545} INFO - Filling up the DagBag from /opt/airflow/dags/pipeline_strava_user.py
[2025-11-15T23:59:36.464+0000] {processor.py:840} INFO - DAG(s) 'etl_strava_user_profile' retrieved from /opt/airflow/dags/pipeline_strava_user.py
[2025-11-15T23:59:36.502+0000] {logging_mixin.py:188} INFO - [2025-11-15T23:59:36.501+0000] {dag.py:3089} INFO - Sync 1 DAGs
[2025-11-15T23:59:36.524+0000] {logging_mixin.py:188} INFO - [2025-11-15T23:59:36.523+0000] {dag.py:3947} INFO - Setting next_dagrun for etl_strava_user_profile to 2025-11-15 03:00:00+00:00, run_after=2025-11-16 03:00:00+00:00
[2025-11-15T23:59:36.537+0000] {processor.py:183} INFO - Processing /opt/airflow/dags/pipeline_strava_user.py took 0.103 seconds
