[2025-11-14T19:04:14.850+0000] {local_task_job_runner.py:120} INFO - ::group::Pre task execution logs
[2025-11-14T19:04:15.047+0000] {taskinstance.py:2076} INFO - Dependencies all met for dep_context=non-requeueable deps ti=<TaskInstance: etl_strava.extract_bronze_activities manual__2025-11-13T18:32:34.799478+00:00 [queued]>
[2025-11-14T19:04:15.081+0000] {taskinstance.py:2076} INFO - Dependencies all met for dep_context=requeueable deps ti=<TaskInstance: etl_strava.extract_bronze_activities manual__2025-11-13T18:32:34.799478+00:00 [queued]>
[2025-11-14T19:04:15.084+0000] {taskinstance.py:2306} INFO - Starting attempt 4 of 4
[2025-11-14T19:04:15.150+0000] {taskinstance.py:2330} INFO - Executing <Task(BashOperator): extract_bronze_activities> on 2025-11-13 18:32:34.799478+00:00
[2025-11-14T19:04:15.212+0000] {logging_mixin.py:188} WARNING - /home/***/.local/lib/python3.12/site-packages/***/task/task_runner/standard_task_runner.py:62 DeprecationWarning: This process (pid=180) is multi-threaded, use of fork() may lead to deadlocks in the child.
[2025-11-14T19:04:15.214+0000] {standard_task_runner.py:64} INFO - Started process 194 to run task
[2025-11-14T19:04:15.176+0000] {standard_task_runner.py:90} INFO - Running: ['***', 'tasks', 'run', 'etl_strava', 'extract_bronze_activities', 'manual__2025-11-13T18:32:34.799478+00:00', '--job-id', '174', '--raw', '--subdir', 'DAGS_FOLDER/pipeline_strava.py', '--cfg-path', '/tmp/tmp64ahy02e']
[2025-11-14T19:04:15.221+0000] {standard_task_runner.py:91} INFO - Job 174: Subtask extract_bronze_activities
[2025-11-14T19:04:15.463+0000] {task_command.py:426} INFO - Running <TaskInstance: etl_strava.extract_bronze_activities manual__2025-11-13T18:32:34.799478+00:00 [running]> on host 1192556566e9
[2025-11-14T19:04:16.030+0000] {taskinstance.py:2648} INFO - Exporting env vars: AIRFLOW_CTX_DAG_OWNER='rayane' AIRFLOW_CTX_DAG_ID='etl_strava' AIRFLOW_CTX_TASK_ID='extract_bronze_activities' AIRFLOW_CTX_EXECUTION_DATE='2025-11-13T18:32:34.799478+00:00' AIRFLOW_CTX_TRY_NUMBER='4' AIRFLOW_CTX_DAG_RUN_ID='manual__2025-11-13T18:32:34.799478+00:00'
[2025-11-14T19:04:16.032+0000] {taskinstance.py:430} INFO - ::endgroup::
[2025-11-14T19:04:16.135+0000] {subprocess.py:63} INFO - Tmp dir root location: /tmp
[2025-11-14T19:04:16.142+0000] {subprocess.py:75} INFO - Running command: ['/usr/bin/bash', '-c', 'python /opt/***/apps/extract_api_strava_user_activities.py']
[2025-11-14T19:04:16.179+0000] {subprocess.py:86} INFO - Output:
[2025-11-14T19:36:50.536+0000] {local_task_job_runner.py:313} WARNING - State of this instance has been externally set to failed. Terminating instance.
[2025-11-14T19:36:50.538+0000] {local_task_job_runner.py:222} INFO - ::endgroup::
[2025-11-14T19:36:50.540+0000] {process_utils.py:132} INFO - Sending 15 to group 194. PIDs of all processes in the group: [207, 194]
[2025-11-14T19:36:50.540+0000] {process_utils.py:87} INFO - Sending the signal 15 to group 194
[2025-11-14T19:36:50.542+0000] {taskinstance.py:2611} ERROR - Received SIGTERM. Terminating subprocesses.
[2025-11-14T19:36:50.543+0000] {subprocess.py:104} INFO - Sending SIGTERM signal to process group
[2025-11-14T19:36:50.545+0000] {taskinstance.py:441} INFO - ::group::Post task execution logs
[2025-11-14T19:36:50.597+0000] {process_utils.py:80} INFO - Process psutil.Process(pid=194, status='terminated', exitcode=0, started='19:04:14') (194) terminated with exit code 0
[2025-11-14T19:36:50.598+0000] {process_utils.py:80} INFO - Process psutil.Process(pid=207, status='terminated', started='19:04:15') (207) terminated with exit code None
