[2025-11-13T18:44:13.176+0000] {local_task_job_runner.py:120} INFO - ::group::Pre task execution logs
[2025-11-13T18:44:13.221+0000] {taskinstance.py:2076} INFO - Dependencies all met for dep_context=non-requeueable deps ti=<TaskInstance: etl_strava.extract_bronze_activities manual__2025-11-13T18:32:34.799478+00:00 [queued]>
[2025-11-13T18:44:13.227+0000] {taskinstance.py:2076} INFO - Dependencies all met for dep_context=requeueable deps ti=<TaskInstance: etl_strava.extract_bronze_activities manual__2025-11-13T18:32:34.799478+00:00 [queued]>
[2025-11-13T18:44:13.227+0000] {taskinstance.py:2306} INFO - Starting attempt 2 of 2
[2025-11-13T18:44:13.240+0000] {taskinstance.py:2330} INFO - Executing <Task(BashOperator): extract_bronze_activities> on 2025-11-13 18:32:34.799478+00:00
[2025-11-13T18:44:13.248+0000] {logging_mixin.py:188} WARNING - /home/***/.local/lib/python3.12/site-packages/***/task/task_runner/standard_task_runner.py:62 DeprecationWarning: This process (pid=249) is multi-threaded, use of fork() may lead to deadlocks in the child.
[2025-11-13T18:44:13.247+0000] {standard_task_runner.py:90} INFO - Running: ['***', 'tasks', 'run', 'etl_strava', 'extract_bronze_activities', 'manual__2025-11-13T18:32:34.799478+00:00', '--job-id', '65', '--raw', '--subdir', 'DAGS_FOLDER/pipeline_strava.py', '--cfg-path', '/tmp/tmpbo8g7svn']
[2025-11-13T18:44:13.249+0000] {standard_task_runner.py:64} INFO - Started process 252 to run task
[2025-11-13T18:44:13.249+0000] {standard_task_runner.py:91} INFO - Job 65: Subtask extract_bronze_activities
[2025-11-13T18:44:13.296+0000] {task_command.py:426} INFO - Running <TaskInstance: etl_strava.extract_bronze_activities manual__2025-11-13T18:32:34.799478+00:00 [running]> on host 3a6bce1fca6f
[2025-11-13T18:44:13.389+0000] {taskinstance.py:2648} INFO - Exporting env vars: AIRFLOW_CTX_DAG_OWNER='rayane' AIRFLOW_CTX_DAG_ID='etl_strava' AIRFLOW_CTX_TASK_ID='extract_bronze_activities' AIRFLOW_CTX_EXECUTION_DATE='2025-11-13T18:32:34.799478+00:00' AIRFLOW_CTX_TRY_NUMBER='2' AIRFLOW_CTX_DAG_RUN_ID='manual__2025-11-13T18:32:34.799478+00:00'
[2025-11-13T18:44:13.390+0000] {taskinstance.py:430} INFO - ::endgroup::
[2025-11-13T18:44:13.400+0000] {subprocess.py:63} INFO - Tmp dir root location: /tmp
[2025-11-13T18:44:13.400+0000] {subprocess.py:75} INFO - Running command: ['/usr/bin/bash', '-c', 'python apps/extract_api_strava_user_activities.py']
[2025-11-13T18:44:13.408+0000] {subprocess.py:86} INFO - Output:
[2025-11-13T18:44:13.464+0000] {subprocess.py:93} INFO - python: can't open file '/tmp/***tmpa8ppi86t/apps/extract_api_strava_user_activities.py': [Errno 2] No such file or directory
[2025-11-13T18:44:13.467+0000] {subprocess.py:97} INFO - Command exited with return code 2
[2025-11-13T18:44:13.468+0000] {taskinstance.py:441} INFO - ::group::Post task execution logs
[2025-11-13T18:44:13.477+0000] {taskinstance.py:2905} ERROR - Task failed with exception
Traceback (most recent call last):
  File "/home/airflow/.local/lib/python3.12/site-packages/airflow/models/taskinstance.py", line 465, in _execute_task
    result = _execute_callable(context=context, **execute_callable_kwargs)
             ^^^^^^^^^^^^^^^^^^^^^^^^^^^^^^^^^^^^^^^^^^^^^^^^^^^^^^^^^^^^^
  File "/home/airflow/.local/lib/python3.12/site-packages/airflow/models/taskinstance.py", line 432, in _execute_callable
    return execute_callable(context=context, **execute_callable_kwargs)
           ^^^^^^^^^^^^^^^^^^^^^^^^^^^^^^^^^^^^^^^^^^^^^^^^^^^^^^^^^^^^
  File "/home/airflow/.local/lib/python3.12/site-packages/airflow/models/baseoperator.py", line 401, in wrapper
    return func(self, *args, **kwargs)
           ^^^^^^^^^^^^^^^^^^^^^^^^^^^
  File "/home/airflow/.local/lib/python3.12/site-packages/airflow/operators/bash.py", line 243, in execute
    raise AirflowException(
airflow.exceptions.AirflowException: Bash command failed. The command returned a non-zero exit code 2.
[2025-11-13T18:44:13.480+0000] {taskinstance.py:1206} INFO - Marking task as FAILED. dag_id=etl_strava, task_id=extract_bronze_activities, run_id=manual__2025-11-13T18:32:34.799478+00:00, execution_date=20251113T183234, start_date=20251113T184413, end_date=20251113T184413
[2025-11-13T18:44:13.489+0000] {standard_task_runner.py:110} ERROR - Failed to execute job 65 for task extract_bronze_activities (Bash command failed. The command returned a non-zero exit code 2.; 252)
[2025-11-13T18:44:13.511+0000] {local_task_job_runner.py:243} INFO - Task exited with return code 1
[2025-11-13T18:44:13.520+0000] {local_task_job_runner.py:222} INFO - ::endgroup::
