[2025-11-14T19:04:14.923+0000] {local_task_job_runner.py:120} INFO - ::group::Pre task execution logs
[2025-11-14T19:04:15.102+0000] {taskinstance.py:2076} INFO - Dependencies all met for dep_context=non-requeueable deps ti=<TaskInstance: etl_strava.extract_bronze_activities manual__2025-11-13T17:34:17.587550+00:00 [queued]>
[2025-11-14T19:04:15.143+0000] {taskinstance.py:2076} INFO - Dependencies all met for dep_context=requeueable deps ti=<TaskInstance: etl_strava.extract_bronze_activities manual__2025-11-13T17:34:17.587550+00:00 [queued]>
[2025-11-14T19:04:15.156+0000] {taskinstance.py:2306} INFO - Starting attempt 4 of 4
[2025-11-14T19:04:15.517+0000] {taskinstance.py:2330} INFO - Executing <Task(BashOperator): extract_bronze_activities> on 2025-11-13 17:34:17.587550+00:00
[2025-11-14T19:04:15.581+0000] {logging_mixin.py:188} WARNING - /home/***/.local/lib/python3.12/site-packages/***/task/task_runner/standard_task_runner.py:62 DeprecationWarning: This process (pid=174) is multi-threaded, use of fork() may lead to deadlocks in the child.
[2025-11-14T19:04:15.586+0000] {standard_task_runner.py:64} INFO - Started process 201 to run task
[2025-11-14T19:04:15.578+0000] {standard_task_runner.py:90} INFO - Running: ['***', 'tasks', 'run', 'etl_strava', 'extract_bronze_activities', 'manual__2025-11-13T17:34:17.587550+00:00', '--job-id', '181', '--raw', '--subdir', 'DAGS_FOLDER/pipeline_strava.py', '--cfg-path', '/tmp/tmpqm5amenf']
[2025-11-14T19:04:15.592+0000] {standard_task_runner.py:91} INFO - Job 181: Subtask extract_bronze_activities
[2025-11-14T19:04:15.913+0000] {task_command.py:426} INFO - Running <TaskInstance: etl_strava.extract_bronze_activities manual__2025-11-13T17:34:17.587550+00:00 [running]> on host 1192556566e9
[2025-11-14T19:04:16.453+0000] {taskinstance.py:2648} INFO - Exporting env vars: AIRFLOW_CTX_DAG_OWNER='rayane' AIRFLOW_CTX_DAG_ID='etl_strava' AIRFLOW_CTX_TASK_ID='extract_bronze_activities' AIRFLOW_CTX_EXECUTION_DATE='2025-11-13T17:34:17.587550+00:00' AIRFLOW_CTX_TRY_NUMBER='4' AIRFLOW_CTX_DAG_RUN_ID='manual__2025-11-13T17:34:17.587550+00:00'
[2025-11-14T19:04:16.455+0000] {taskinstance.py:430} INFO - ::endgroup::
[2025-11-14T19:04:16.592+0000] {subprocess.py:63} INFO - Tmp dir root location: /tmp
[2025-11-14T19:04:16.600+0000] {subprocess.py:75} INFO - Running command: ['/usr/bin/bash', '-c', 'python /opt/***/apps/extract_api_strava_user_activities.py']
[2025-11-14T19:04:16.672+0000] {subprocess.py:86} INFO - Output:
[2025-11-14T19:36:35.365+0000] {local_task_job_runner.py:313} WARNING - State of this instance has been externally set to failed. Terminating instance.
[2025-11-14T19:36:35.367+0000] {local_task_job_runner.py:222} INFO - ::endgroup::
[2025-11-14T19:36:35.370+0000] {process_utils.py:132} INFO - Sending 15 to group 201. PIDs of all processes in the group: [219, 201]
[2025-11-14T19:36:35.371+0000] {process_utils.py:87} INFO - Sending the signal 15 to group 201
[2025-11-14T19:36:35.372+0000] {taskinstance.py:2611} ERROR - Received SIGTERM. Terminating subprocesses.
[2025-11-14T19:36:35.374+0000] {subprocess.py:104} INFO - Sending SIGTERM signal to process group
[2025-11-14T19:36:35.376+0000] {taskinstance.py:441} INFO - ::group::Post task execution logs
[2025-11-14T19:36:35.426+0000] {process_utils.py:80} INFO - Process psutil.Process(pid=219, status='terminated', started='19:04:16') (219) terminated with exit code None
[2025-11-14T19:36:35.427+0000] {process_utils.py:80} INFO - Process psutil.Process(pid=201, status='terminated', exitcode=0, started='19:04:15') (201) terminated with exit code 0
