[2025-11-15T23:31:35.111+0000] {local_task_job_runner.py:120} INFO - ::group::Pre task execution logs
[2025-11-15T23:31:35.193+0000] {taskinstance.py:2076} INFO - Dependencies all met for dep_context=non-requeueable deps ti=<TaskInstance: etl_label_studio.extract_bronze_label_studio manual__2025-11-15T23:31:34.559491+00:00 [queued]>
[2025-11-15T23:31:35.206+0000] {taskinstance.py:2076} INFO - Dependencies all met for dep_context=requeueable deps ti=<TaskInstance: etl_label_studio.extract_bronze_label_studio manual__2025-11-15T23:31:34.559491+00:00 [queued]>
[2025-11-15T23:31:35.207+0000] {taskinstance.py:2306} INFO - Starting attempt 1 of 2
[2025-11-15T23:31:35.230+0000] {taskinstance.py:2330} INFO - Executing <Task(BashOperator): extract_bronze_label_studio> on 2025-11-15 23:31:34.559491+00:00
[2025-11-15T23:31:35.243+0000] {standard_task_runner.py:90} INFO - Running: ['***', 'tasks', 'run', 'etl_label_studio', 'extract_bronze_label_studio', 'manual__2025-11-15T23:31:34.559491+00:00', '--job-id', '321', '--raw', '--subdir', 'DAGS_FOLDER/pipeline_label_studio.py', '--cfg-path', '/tmp/tmpn1e2fb9x']
[2025-11-15T23:31:35.248+0000] {standard_task_runner.py:91} INFO - Job 321: Subtask extract_bronze_label_studio
[2025-11-15T23:31:35.248+0000] {logging_mixin.py:188} WARNING - /home/***/.local/lib/python3.12/site-packages/***/task/task_runner/standard_task_runner.py:62 DeprecationWarning: This process (pid=1224) is multi-threaded, use of fork() may lead to deadlocks in the child.
[2025-11-15T23:31:35.249+0000] {standard_task_runner.py:64} INFO - Started process 1225 to run task
[2025-11-15T23:31:35.470+0000] {task_command.py:426} INFO - Running <TaskInstance: etl_label_studio.extract_bronze_label_studio manual__2025-11-15T23:31:34.559491+00:00 [running]> on host 070b9a911922
[2025-11-15T23:31:35.637+0000] {taskinstance.py:2648} INFO - Exporting env vars: AIRFLOW_CTX_DAG_OWNER='rayane' AIRFLOW_CTX_DAG_ID='etl_label_studio' AIRFLOW_CTX_TASK_ID='extract_bronze_label_studio' AIRFLOW_CTX_EXECUTION_DATE='2025-11-15T23:31:34.559491+00:00' AIRFLOW_CTX_TRY_NUMBER='1' AIRFLOW_CTX_DAG_RUN_ID='manual__2025-11-15T23:31:34.559491+00:00'
[2025-11-15T23:31:35.639+0000] {taskinstance.py:430} INFO - ::endgroup::
[2025-11-15T23:31:35.663+0000] {subprocess.py:63} INFO - Tmp dir root location: /tmp
[2025-11-15T23:31:35.664+0000] {subprocess.py:75} INFO - Running command: ['/usr/bin/bash', '-c', 'python /opt/***/apps/extract_api_label_studio_strava.py']
[2025-11-15T23:31:35.674+0000] {subprocess.py:86} INFO - Output:
[2025-11-15T23:31:42.572+0000] {subprocess.py:93} INFO - Usando o arquivo de variáveis em: /opt/***/apps/.env
[2025-11-15T23:31:42.574+0000] {subprocess.py:93} INFO - eyJhbGciOiJIUzI1NiIsInR5cCI6IkpXVCJ9.eyJ0b2tlbl90eXBlIjoicmVmcmVzaCIsImV4cCI6ODA3MDQ0OTQ1MiwiaWF0IjoxNzYzMjQ5NDUyLCJqdGkiOiIwMzU3YWJlNTA5YTQ0ZGVlOWQ4MDA1YThlNzRjMmQ3ZSIsInVzZXJfaWQiOjF9.3wNmMnpcHC3fqpzNO_K1rePE2TlzNogOtOsEKHoZujU
[2025-11-15T23:31:42.575+0000] {subprocess.py:93} INFO - ACCESS TOKEN (começo): eyJhbGciOiJIUzI1NiIs ...
[2025-11-15T23:31:42.575+0000] {subprocess.py:93} INFO - Registros exportados: 4
[2025-11-15T23:31:42.575+0000] {subprocess.py:93} INFO - Traceback (most recent call last):
[2025-11-15T23:31:42.576+0000] {subprocess.py:93} INFO -   File "/home/***/.local/lib/python3.12/site-packages/urllib3/connection.py", line 203, in _new_conn
[2025-11-15T23:31:42.576+0000] {subprocess.py:93} INFO -     sock = connection.create_connection(
[2025-11-15T23:31:42.576+0000] {subprocess.py:93} INFO -            ^^^^^^^^^^^^^^^^^^^^^^^^^^^^^
[2025-11-15T23:31:42.576+0000] {subprocess.py:93} INFO -   File "/home/***/.local/lib/python3.12/site-packages/urllib3/util/connection.py", line 60, in create_connection
[2025-11-15T23:31:42.577+0000] {subprocess.py:93} INFO -     for res in socket.getaddrinfo(host, port, family, socket.SOCK_STREAM):
[2025-11-15T23:31:42.577+0000] {subprocess.py:93} INFO -                ^^^^^^^^^^^^^^^^^^^^^^^^^^^^^^^^^^^^^^^^^^^^^^^^^^^^^^^^^^
[2025-11-15T23:31:42.577+0000] {subprocess.py:93} INFO -   File "/usr/local/lib/python3.12/socket.py", line 964, in getaddrinfo
[2025-11-15T23:31:42.577+0000] {subprocess.py:93} INFO -     for res in _socket.getaddrinfo(host, port, family, type, proto, flags):
[2025-11-15T23:31:42.578+0000] {subprocess.py:93} INFO -                ^^^^^^^^^^^^^^^^^^^^^^^^^^^^^^^^^^^^^^^^^^^^^^^^^^^^^^^^^^^
[2025-11-15T23:31:42.578+0000] {subprocess.py:93} INFO - socket.gaierror: [Errno -2] Name or service not known
[2025-11-15T23:31:42.578+0000] {subprocess.py:93} INFO - 
[2025-11-15T23:31:42.578+0000] {subprocess.py:93} INFO - The above exception was the direct cause of the following exception:
[2025-11-15T23:31:42.579+0000] {subprocess.py:93} INFO - 
[2025-11-15T23:31:42.579+0000] {subprocess.py:93} INFO - Traceback (most recent call last):
[2025-11-15T23:31:42.579+0000] {subprocess.py:93} INFO -   File "/home/***/.local/lib/python3.12/site-packages/urllib3/connectionpool.py", line 791, in urlopen
[2025-11-15T23:31:42.579+0000] {subprocess.py:93} INFO -     response = self._make_request(
[2025-11-15T23:31:42.579+0000] {subprocess.py:93} INFO -                ^^^^^^^^^^^^^^^^^^^
[2025-11-15T23:31:42.580+0000] {subprocess.py:93} INFO -   File "/home/***/.local/lib/python3.12/site-packages/urllib3/connectionpool.py", line 497, in _make_request
[2025-11-15T23:31:42.580+0000] {subprocess.py:93} INFO -     conn.request(
[2025-11-15T23:31:42.580+0000] {subprocess.py:93} INFO -   File "/home/***/.local/lib/python3.12/site-packages/urllib3/connection.py", line 395, in request
[2025-11-15T23:31:42.580+0000] {subprocess.py:93} INFO -     self.endheaders()
[2025-11-15T23:31:42.581+0000] {subprocess.py:93} INFO -   File "/usr/local/lib/python3.12/http/client.py", line 1331, in endheaders
[2025-11-15T23:31:42.581+0000] {subprocess.py:93} INFO -     self._send_output(message_body, encode_chunked=encode_chunked)
[2025-11-15T23:31:42.581+0000] {subprocess.py:93} INFO -   File "/usr/local/lib/python3.12/http/client.py", line 1091, in _send_output
[2025-11-15T23:31:42.581+0000] {subprocess.py:93} INFO -     self.send(msg)
[2025-11-15T23:31:42.582+0000] {subprocess.py:93} INFO -   File "/usr/local/lib/python3.12/http/client.py", line 1035, in send
[2025-11-15T23:31:42.582+0000] {subprocess.py:93} INFO -     self.connect()
[2025-11-15T23:31:42.582+0000] {subprocess.py:93} INFO -   File "/home/***/.local/lib/python3.12/site-packages/urllib3/connection.py", line 243, in connect
[2025-11-15T23:31:42.582+0000] {subprocess.py:93} INFO -     self.sock = self._new_conn()
[2025-11-15T23:31:42.583+0000] {subprocess.py:93} INFO -                 ^^^^^^^^^^^^^^^^
[2025-11-15T23:31:42.583+0000] {subprocess.py:93} INFO -   File "/home/***/.local/lib/python3.12/site-packages/urllib3/connection.py", line 210, in _new_conn
[2025-11-15T23:31:42.583+0000] {subprocess.py:93} INFO -     raise NameResolutionError(self.host, self, e) from e
[2025-11-15T23:31:42.584+0000] {subprocess.py:93} INFO - urllib3.exceptions.NameResolutionError: <urllib3.connection.HTTPConnection object at 0xffff8264fad0>: Failed to resolve 'minio' ([Errno -2] Name or service not known)
[2025-11-15T23:31:42.584+0000] {subprocess.py:93} INFO - 
[2025-11-15T23:31:42.585+0000] {subprocess.py:93} INFO - The above exception was the direct cause of the following exception:
[2025-11-15T23:31:42.585+0000] {subprocess.py:93} INFO - 
[2025-11-15T23:31:42.585+0000] {subprocess.py:93} INFO - Traceback (most recent call last):
[2025-11-15T23:31:42.586+0000] {subprocess.py:93} INFO -   File "/opt/***/apps/extract_api_label_studio_strava.py", line 65, in <module>
[2025-11-15T23:31:42.586+0000] {subprocess.py:93} INFO -     if not minio_client.bucket_exists(BRONZE_BUCKET):
[2025-11-15T23:31:42.586+0000] {subprocess.py:93} INFO -            ^^^^^^^^^^^^^^^^^^^^^^^^^^^^^^^^^^^^^^^^^
[2025-11-15T23:31:42.587+0000] {subprocess.py:93} INFO -   File "/home/***/.local/lib/python3.12/site-packages/minio/api.py", line 700, in bucket_exists
[2025-11-15T23:31:42.587+0000] {subprocess.py:93} INFO -     self._execute("HEAD", bucket_name)
[2025-11-15T23:31:42.587+0000] {subprocess.py:93} INFO -   File "/home/***/.local/lib/python3.12/site-packages/minio/api.py", line 441, in _execute
[2025-11-15T23:31:42.588+0000] {subprocess.py:93} INFO -     region = self._get_region(bucket_name)
[2025-11-15T23:31:42.588+0000] {subprocess.py:93} INFO -              ^^^^^^^^^^^^^^^^^^^^^^^^^^^^^
[2025-11-15T23:31:42.588+0000] {subprocess.py:93} INFO -   File "/home/***/.local/lib/python3.12/site-packages/minio/api.py", line 498, in _get_region
[2025-11-15T23:31:42.588+0000] {subprocess.py:93} INFO -     response = self._url_open(
[2025-11-15T23:31:42.588+0000] {subprocess.py:93} INFO -                ^^^^^^^^^^^^^^^
[2025-11-15T23:31:42.589+0000] {subprocess.py:93} INFO -   File "/home/***/.local/lib/python3.12/site-packages/minio/api.py", line 306, in _url_open
[2025-11-15T23:31:42.589+0000] {subprocess.py:93} INFO -     response = self._http.urlopen(
[2025-11-15T23:31:42.589+0000] {subprocess.py:93} INFO -                ^^^^^^^^^^^^^^^^^^^
[2025-11-15T23:31:42.589+0000] {subprocess.py:93} INFO -   File "/home/***/.local/lib/python3.12/site-packages/urllib3/poolmanager.py", line 443, in urlopen
[2025-11-15T23:31:42.589+0000] {subprocess.py:93} INFO -     response = conn.urlopen(method, u.request_uri, **kw)
[2025-11-15T23:31:42.590+0000] {subprocess.py:93} INFO -                ^^^^^^^^^^^^^^^^^^^^^^^^^^^^^^^^^^^^^^^^^
[2025-11-15T23:31:42.590+0000] {subprocess.py:93} INFO -   File "/home/***/.local/lib/python3.12/site-packages/urllib3/connectionpool.py", line 875, in urlopen
[2025-11-15T23:31:42.590+0000] {subprocess.py:93} INFO -     return self.urlopen(
[2025-11-15T23:31:42.590+0000] {subprocess.py:93} INFO -            ^^^^^^^^^^^^^
[2025-11-15T23:31:42.590+0000] {subprocess.py:93} INFO -   File "/home/***/.local/lib/python3.12/site-packages/urllib3/connectionpool.py", line 875, in urlopen
[2025-11-15T23:31:42.591+0000] {subprocess.py:93} INFO -     return self.urlopen(
[2025-11-15T23:31:42.591+0000] {subprocess.py:93} INFO -            ^^^^^^^^^^^^^
[2025-11-15T23:31:42.591+0000] {subprocess.py:93} INFO -   File "/home/***/.local/lib/python3.12/site-packages/urllib3/connectionpool.py", line 875, in urlopen
[2025-11-15T23:31:42.591+0000] {subprocess.py:93} INFO -     return self.urlopen(
[2025-11-15T23:31:42.591+0000] {subprocess.py:93} INFO -            ^^^^^^^^^^^^^
[2025-11-15T23:31:42.591+0000] {subprocess.py:93} INFO -   [Previous line repeated 2 more times]
[2025-11-15T23:31:42.592+0000] {subprocess.py:93} INFO -   File "/home/***/.local/lib/python3.12/site-packages/urllib3/connectionpool.py", line 845, in urlopen
[2025-11-15T23:31:42.592+0000] {subprocess.py:93} INFO -     retries = retries.increment(
[2025-11-15T23:31:42.592+0000] {subprocess.py:93} INFO -               ^^^^^^^^^^^^^^^^^^
[2025-11-15T23:31:42.592+0000] {subprocess.py:93} INFO -   File "/home/***/.local/lib/python3.12/site-packages/urllib3/util/retry.py", line 515, in increment
[2025-11-15T23:31:42.592+0000] {subprocess.py:93} INFO -     raise MaxRetryError(_pool, url, reason) from reason  # type: ignore[arg-type]
[2025-11-15T23:31:42.592+0000] {subprocess.py:93} INFO -     ^^^^^^^^^^^^^^^^^^^^^^^^^^^^^^^^^^^^^^^^^^^^^^^^^^^
[2025-11-15T23:31:42.593+0000] {subprocess.py:93} INFO - urllib3.exceptions.MaxRetryError: HTTPConnectionPool(host='minio', port=9000): Max retries exceeded with url: /bronze-api-label-studio-json?location= (Caused by NameResolutionError("<urllib3.connection.HTTPConnection object at 0xffff8264fad0>: Failed to resolve 'minio' ([Errno -2] Name or service not known)"))
[2025-11-15T23:31:42.611+0000] {subprocess.py:97} INFO - Command exited with return code 1
[2025-11-15T23:31:42.613+0000] {taskinstance.py:441} INFO - ::group::Post task execution logs
[2025-11-15T23:31:42.629+0000] {taskinstance.py:2905} ERROR - Task failed with exception
Traceback (most recent call last):
  File "/home/airflow/.local/lib/python3.12/site-packages/airflow/models/taskinstance.py", line 465, in _execute_task
    result = _execute_callable(context=context, **execute_callable_kwargs)
             ^^^^^^^^^^^^^^^^^^^^^^^^^^^^^^^^^^^^^^^^^^^^^^^^^^^^^^^^^^^^^
  File "/home/airflow/.local/lib/python3.12/site-packages/airflow/models/taskinstance.py", line 432, in _execute_callable
    return execute_callable(context=context, **execute_callable_kwargs)
           ^^^^^^^^^^^^^^^^^^^^^^^^^^^^^^^^^^^^^^^^^^^^^^^^^^^^^^^^^^^^
  File "/home/airflow/.local/lib/python3.12/site-packages/airflow/models/baseoperator.py", line 401, in wrapper
    return func(self, *args, **kwargs)
           ^^^^^^^^^^^^^^^^^^^^^^^^^^^
  File "/home/airflow/.local/lib/python3.12/site-packages/airflow/operators/bash.py", line 243, in execute
    raise AirflowException(
airflow.exceptions.AirflowException: Bash command failed. The command returned a non-zero exit code 1.
[2025-11-15T23:31:42.633+0000] {taskinstance.py:1206} INFO - Marking task as UP_FOR_RETRY. dag_id=etl_label_studio, task_id=extract_bronze_label_studio, run_id=manual__2025-11-15T23:31:34.559491+00:00, execution_date=20251115T233134, start_date=20251115T233135, end_date=20251115T233142
[2025-11-15T23:31:42.647+0000] {standard_task_runner.py:110} ERROR - Failed to execute job 321 for task extract_bronze_label_studio (Bash command failed. The command returned a non-zero exit code 1.; 1225)
[2025-11-15T23:31:42.670+0000] {local_task_job_runner.py:243} INFO - Task exited with return code 1
[2025-11-15T23:31:42.690+0000] {taskinstance.py:3503} INFO - 0 downstream tasks scheduled from follow-on schedule check
[2025-11-15T23:31:42.691+0000] {local_task_job_runner.py:222} INFO - ::endgroup::
