[2025-11-17T20:00:43.457+0000] {local_task_job_runner.py:120} INFO - ::group::Pre task execution logs
[2025-11-17T20:00:43.495+0000] {taskinstance.py:2076} INFO - Dependencies all met for dep_context=non-requeueable deps ti=<TaskInstance: etl_strava_activities.extract_gold_fact_activities manual__2025-11-17T20:00:22.005648+00:00 [queued]>
[2025-11-17T20:00:43.502+0000] {taskinstance.py:2076} INFO - Dependencies all met for dep_context=requeueable deps ti=<TaskInstance: etl_strava_activities.extract_gold_fact_activities manual__2025-11-17T20:00:22.005648+00:00 [queued]>
[2025-11-17T20:00:43.502+0000] {taskinstance.py:2306} INFO - Starting attempt 1 of 2
[2025-11-17T20:00:43.515+0000] {taskinstance.py:2330} INFO - Executing <Task(BashOperator): extract_gold_fact_activities> on 2025-11-17 20:00:22.005648+00:00
[2025-11-17T20:00:43.525+0000] {standard_task_runner.py:90} INFO - Running: ['***', 'tasks', 'run', 'etl_strava_activities', 'extract_gold_fact_activities', 'manual__2025-11-17T20:00:22.005648+00:00', '--job-id', '515', '--raw', '--subdir', 'DAGS_FOLDER/pipeline_strava_activities.py', '--cfg-path', '/tmp/tmpg074mkyg']
[2025-11-17T20:00:43.528+0000] {standard_task_runner.py:91} INFO - Job 515: Subtask extract_gold_fact_activities
[2025-11-17T20:00:43.532+0000] {logging_mixin.py:188} WARNING - /home/***/.local/lib/python3.12/site-packages/***/task/task_runner/standard_task_runner.py:62 DeprecationWarning: This process (pid=1150) is multi-threaded, use of fork() may lead to deadlocks in the child.
[2025-11-17T20:00:43.532+0000] {standard_task_runner.py:64} INFO - Started process 1151 to run task
[2025-11-17T20:00:43.574+0000] {task_command.py:426} INFO - Running <TaskInstance: etl_strava_activities.extract_gold_fact_activities manual__2025-11-17T20:00:22.005648+00:00 [running]> on host 958eca229fdb
[2025-11-17T20:00:43.661+0000] {taskinstance.py:2648} INFO - Exporting env vars: AIRFLOW_CTX_DAG_OWNER='rayane' AIRFLOW_CTX_DAG_ID='etl_strava_activities' AIRFLOW_CTX_TASK_ID='extract_gold_fact_activities' AIRFLOW_CTX_EXECUTION_DATE='2025-11-17T20:00:22.005648+00:00' AIRFLOW_CTX_TRY_NUMBER='1' AIRFLOW_CTX_DAG_RUN_ID='manual__2025-11-17T20:00:22.005648+00:00'
[2025-11-17T20:00:43.662+0000] {taskinstance.py:430} INFO - ::endgroup::
[2025-11-17T20:00:43.676+0000] {subprocess.py:63} INFO - Tmp dir root location: /tmp
[2025-11-17T20:00:43.678+0000] {subprocess.py:75} INFO - Running command: ['/usr/bin/bash', '-c', 'python /opt/***/apps/03-gold/fact_user_activities_strava.py']
[2025-11-17T20:00:43.687+0000] {subprocess.py:86} INFO - Output:
[2025-11-17T20:00:45.576+0000] {subprocess.py:93} INFO - 25/11/17 20:00:45 WARN NativeCodeLoader: Unable to load native-hadoop library for your platform... using builtin-java classes where applicable
[2025-11-17T20:00:45.701+0000] {subprocess.py:93} INFO - Setting default log level to "WARN".
[2025-11-17T20:00:45.701+0000] {subprocess.py:93} INFO - To adjust logging level use sc.setLogLevel(newLevel). For SparkR, use setLogLevel(newLevel).
[2025-11-17T20:00:49.218+0000] {subprocess.py:93} INFO - 25/11/17 20:00:49 WARN SparkSession: Cannot use io.delta.sql.DeltaSparkSessionExtension to configure session extensions.
[2025-11-17T20:00:49.220+0000] {subprocess.py:93} INFO - java.lang.ClassNotFoundException: io.delta.sql.DeltaSparkSessionExtension
[2025-11-17T20:00:49.224+0000] {subprocess.py:93} INFO - 	at java.base/java.net.URLClassLoader.findClass(URLClassLoader.java:445)
[2025-11-17T20:00:49.224+0000] {subprocess.py:93} INFO - 	at java.base/java.lang.ClassLoader.loadClass(ClassLoader.java:592)
[2025-11-17T20:00:49.225+0000] {subprocess.py:93} INFO - 	at java.base/java.lang.ClassLoader.loadClass(ClassLoader.java:525)
[2025-11-17T20:00:49.225+0000] {subprocess.py:93} INFO - 	at java.base/java.lang.Class.forName0(Native Method)
[2025-11-17T20:00:49.226+0000] {subprocess.py:93} INFO - 	at java.base/java.lang.Class.forName(Class.java:469)
[2025-11-17T20:00:49.227+0000] {subprocess.py:93} INFO - 	at org.apache.spark.util.SparkClassUtils.classForName(SparkClassUtils.scala:41)
[2025-11-17T20:00:49.228+0000] {subprocess.py:93} INFO - 	at org.apache.spark.util.SparkClassUtils.classForName$(SparkClassUtils.scala:36)
[2025-11-17T20:00:49.228+0000] {subprocess.py:93} INFO - 	at org.apache.spark.util.Utils$.classForName(Utils.scala:94)
[2025-11-17T20:00:49.229+0000] {subprocess.py:93} INFO - 	at org.apache.spark.sql.SparkSession$.$anonfun$applyExtensions$2(SparkSession.scala:1367)
[2025-11-17T20:00:49.229+0000] {subprocess.py:93} INFO - 	at org.apache.spark.sql.SparkSession$.$anonfun$applyExtensions$2$adapted(SparkSession.scala:1365)
[2025-11-17T20:00:49.230+0000] {subprocess.py:93} INFO - 	at scala.collection.mutable.ResizableArray.foreach(ResizableArray.scala:62)
[2025-11-17T20:00:49.230+0000] {subprocess.py:93} INFO - 	at scala.collection.mutable.ResizableArray.foreach$(ResizableArray.scala:55)
[2025-11-17T20:00:49.231+0000] {subprocess.py:93} INFO - 	at scala.collection.mutable.ArrayBuffer.foreach(ArrayBuffer.scala:49)
[2025-11-17T20:00:49.231+0000] {subprocess.py:93} INFO - 	at org.apache.spark.sql.SparkSession$.org$apache$spark$sql$SparkSession$$applyExtensions(SparkSession.scala:1365)
[2025-11-17T20:00:49.232+0000] {subprocess.py:93} INFO - 	at org.apache.spark.sql.SparkSession.<init>(SparkSession.scala:105)
[2025-11-17T20:00:49.232+0000] {subprocess.py:93} INFO - 	at java.base/jdk.internal.reflect.NativeConstructorAccessorImpl.newInstance0(Native Method)
[2025-11-17T20:00:49.233+0000] {subprocess.py:93} INFO - 	at java.base/jdk.internal.reflect.NativeConstructorAccessorImpl.newInstance(NativeConstructorAccessorImpl.java:77)
[2025-11-17T20:00:49.234+0000] {subprocess.py:93} INFO - 	at java.base/jdk.internal.reflect.DelegatingConstructorAccessorImpl.newInstance(DelegatingConstructorAccessorImpl.java:45)
[2025-11-17T20:00:49.234+0000] {subprocess.py:93} INFO - 	at java.base/java.lang.reflect.Constructor.newInstanceWithCaller(Constructor.java:500)
[2025-11-17T20:00:49.235+0000] {subprocess.py:93} INFO - 	at java.base/java.lang.reflect.Constructor.newInstance(Constructor.java:481)
[2025-11-17T20:00:49.235+0000] {subprocess.py:93} INFO - 	at py4j.reflection.MethodInvoker.invoke(MethodInvoker.java:247)
[2025-11-17T20:00:49.235+0000] {subprocess.py:93} INFO - 	at py4j.reflection.ReflectionEngine.invoke(ReflectionEngine.java:374)
[2025-11-17T20:00:49.236+0000] {subprocess.py:93} INFO - 	at py4j.Gateway.invoke(Gateway.java:238)
[2025-11-17T20:00:49.236+0000] {subprocess.py:93} INFO - 	at py4j.commands.ConstructorCommand.invokeConstructor(ConstructorCommand.java:80)
[2025-11-17T20:00:49.236+0000] {subprocess.py:93} INFO - 	at py4j.commands.ConstructorCommand.execute(ConstructorCommand.java:69)
[2025-11-17T20:00:49.237+0000] {subprocess.py:93} INFO - 	at py4j.ClientServerConnection.waitForCommands(ClientServerConnection.java:182)
[2025-11-17T20:00:49.237+0000] {subprocess.py:93} INFO - 	at py4j.ClientServerConnection.run(ClientServerConnection.java:106)
[2025-11-17T20:00:49.237+0000] {subprocess.py:93} INFO - 	at java.base/java.lang.Thread.run(Thread.java:840)
[2025-11-17T20:00:50.456+0000] {subprocess.py:93} INFO - 25/11/17 20:00:50 WARN MetricsConfig: Cannot locate configuration: tried hadoop-metrics2-s3a-file-system.properties,hadoop-metrics2.properties
[2025-11-17T20:00:52.499+0000] {subprocess.py:93} INFO - [Stage 0:==============>                                         (11 + 10) / 44]25/11/17 20:00:52 WARN HadoopFSUtils: The directory s3a://silver-strava-user-activities-parquet/2023/07 2 was not found. Was it deleted very recently?
[2025-11-17T20:00:52.551+0000] {subprocess.py:93} INFO - 25/11/17 20:00:52 WARN HadoopFSUtils: The directory s3a://silver-strava-user-activities-parquet/2024/02 2 was not found. Was it deleted very recently?
[2025-11-17T20:00:53.308+0000] {subprocess.py:93} INFO - [Stage 0:==========================================>             (33 + 10) / 44]                                                                                25/11/17 20:00:53 ERROR Executor: Exception in task 0.0 in stage 1.0 (TID 44)
[2025-11-17T20:00:53.308+0000] {subprocess.py:93} INFO - org.apache.spark.sql.AnalysisException: Illegal Parquet type: INT64 (TIMESTAMP(NANOS,true)).
[2025-11-17T20:00:53.309+0000] {subprocess.py:93} INFO - 	at org.apache.spark.sql.errors.QueryCompilationErrors$.illegalParquetTypeError(QueryCompilationErrors.scala:1826)
[2025-11-17T20:00:53.309+0000] {subprocess.py:93} INFO - 	at org.apache.spark.sql.execution.datasources.parquet.ParquetToSparkSchemaConverter.illegalType$1(ParquetSchemaConverter.scala:206)
[2025-11-17T20:00:53.309+0000] {subprocess.py:93} INFO - 	at org.apache.spark.sql.execution.datasources.parquet.ParquetToSparkSchemaConverter.$anonfun$convertPrimitiveField$2(ParquetSchemaConverter.scala:283)
[2025-11-17T20:00:53.310+0000] {subprocess.py:93} INFO - 	at scala.Option.getOrElse(Option.scala:189)
[2025-11-17T20:00:53.310+0000] {subprocess.py:93} INFO - 	at org.apache.spark.sql.execution.datasources.parquet.ParquetToSparkSchemaConverter.convertPrimitiveField(ParquetSchemaConverter.scala:224)
[2025-11-17T20:00:53.310+0000] {subprocess.py:93} INFO - 	at org.apache.spark.sql.execution.datasources.parquet.ParquetToSparkSchemaConverter.convertField(ParquetSchemaConverter.scala:187)
[2025-11-17T20:00:53.310+0000] {subprocess.py:93} INFO - 	at org.apache.spark.sql.execution.datasources.parquet.ParquetToSparkSchemaConverter.$anonfun$convertInternal$3(ParquetSchemaConverter.scala:147)
[2025-11-17T20:00:53.311+0000] {subprocess.py:93} INFO - 	at org.apache.spark.sql.execution.datasources.parquet.ParquetToSparkSchemaConverter.$anonfun$convertInternal$3$adapted(ParquetSchemaConverter.scala:117)
[2025-11-17T20:00:53.311+0000] {subprocess.py:93} INFO - 	at scala.collection.TraversableLike.$anonfun$map$1(TraversableLike.scala:286)
[2025-11-17T20:00:53.311+0000] {subprocess.py:93} INFO - 	at scala.collection.immutable.Range.foreach(Range.scala:158)
[2025-11-17T20:00:53.311+0000] {subprocess.py:93} INFO - 	at scala.collection.TraversableLike.map(TraversableLike.scala:286)
[2025-11-17T20:00:53.311+0000] {subprocess.py:93} INFO - 	at scala.collection.TraversableLike.map$(TraversableLike.scala:279)
[2025-11-17T20:00:53.312+0000] {subprocess.py:93} INFO - 	at scala.collection.AbstractTraversable.map(Traversable.scala:108)
[2025-11-17T20:00:53.312+0000] {subprocess.py:93} INFO - 	at org.apache.spark.sql.execution.datasources.parquet.ParquetToSparkSchemaConverter.convertInternal(ParquetSchemaConverter.scala:117)
[2025-11-17T20:00:53.312+0000] {subprocess.py:93} INFO - 	at org.apache.spark.sql.execution.datasources.parquet.ParquetToSparkSchemaConverter.convert(ParquetSchemaConverter.scala:87)
[2025-11-17T20:00:53.312+0000] {subprocess.py:93} INFO - 	at org.apache.spark.sql.execution.datasources.parquet.ParquetFileFormat$.$anonfun$readSchemaFromFooter$2(ParquetFileFormat.scala:514)
[2025-11-17T20:00:53.313+0000] {subprocess.py:93} INFO - 	at scala.Option.getOrElse(Option.scala:189)
[2025-11-17T20:00:53.313+0000] {subprocess.py:93} INFO - 	at org.apache.spark.sql.execution.datasources.parquet.ParquetFileFormat$.readSchemaFromFooter(ParquetFileFormat.scala:514)
[2025-11-17T20:00:53.313+0000] {subprocess.py:93} INFO - 	at org.apache.spark.sql.execution.datasources.parquet.ParquetFileFormat$.$anonfun$mergeSchemasInParallel$2(ParquetFileFormat.scala:494)
[2025-11-17T20:00:53.314+0000] {subprocess.py:93} INFO - 	at scala.collection.immutable.Stream.map(Stream.scala:418)
[2025-11-17T20:00:53.314+0000] {subprocess.py:93} INFO - 	at org.apache.spark.sql.execution.datasources.parquet.ParquetFileFormat$.$anonfun$mergeSchemasInParallel$1(ParquetFileFormat.scala:494)
[2025-11-17T20:00:53.314+0000] {subprocess.py:93} INFO - 	at org.apache.spark.sql.execution.datasources.parquet.ParquetFileFormat$.$anonfun$mergeSchemasInParallel$1$adapted(ParquetFileFormat.scala:485)
[2025-11-17T20:00:53.314+0000] {subprocess.py:93} INFO - 	at org.apache.spark.sql.execution.datasources.SchemaMergeUtils$.$anonfun$mergeSchemasInParallel$2(SchemaMergeUtils.scala:80)
[2025-11-17T20:00:53.314+0000] {subprocess.py:93} INFO - 	at org.apache.spark.rdd.RDD.$anonfun$mapPartitions$2(RDD.scala:858)
[2025-11-17T20:00:53.315+0000] {subprocess.py:93} INFO - 	at org.apache.spark.rdd.RDD.$anonfun$mapPartitions$2$adapted(RDD.scala:858)
[2025-11-17T20:00:53.315+0000] {subprocess.py:93} INFO - 	at org.apache.spark.rdd.MapPartitionsRDD.compute(MapPartitionsRDD.scala:52)
[2025-11-17T20:00:53.315+0000] {subprocess.py:93} INFO - 	at org.apache.spark.rdd.RDD.computeOrReadCheckpoint(RDD.scala:367)
[2025-11-17T20:00:53.315+0000] {subprocess.py:93} INFO - 	at org.apache.spark.rdd.RDD.iterator(RDD.scala:331)
[2025-11-17T20:00:53.315+0000] {subprocess.py:93} INFO - 	at org.apache.spark.scheduler.ResultTask.runTask(ResultTask.scala:93)
[2025-11-17T20:00:53.315+0000] {subprocess.py:93} INFO - 	at org.apache.spark.TaskContext.runTaskWithListeners(TaskContext.scala:166)
[2025-11-17T20:00:53.316+0000] {subprocess.py:93} INFO - 	at org.apache.spark.scheduler.Task.run(Task.scala:141)
[2025-11-17T20:00:53.316+0000] {subprocess.py:93} INFO - 	at org.apache.spark.executor.Executor$TaskRunner.$anonfun$run$4(Executor.scala:620)
[2025-11-17T20:00:53.316+0000] {subprocess.py:93} INFO - 	at org.apache.spark.util.SparkErrorUtils.tryWithSafeFinally(SparkErrorUtils.scala:64)
[2025-11-17T20:00:53.316+0000] {subprocess.py:93} INFO - 	at org.apache.spark.util.SparkErrorUtils.tryWithSafeFinally$(SparkErrorUtils.scala:61)
[2025-11-17T20:00:53.317+0000] {subprocess.py:93} INFO - 	at org.apache.spark.util.Utils$.tryWithSafeFinally(Utils.scala:94)
[2025-11-17T20:00:53.317+0000] {subprocess.py:93} INFO - 	at org.apache.spark.executor.Executor$TaskRunner.run(Executor.scala:623)
[2025-11-17T20:00:53.317+0000] {subprocess.py:93} INFO - 	at java.base/java.util.concurrent.ThreadPoolExecutor.runWorker(ThreadPoolExecutor.java:1136)
[2025-11-17T20:00:53.317+0000] {subprocess.py:93} INFO - 	at java.base/java.util.concurrent.ThreadPoolExecutor$Worker.run(ThreadPoolExecutor.java:635)
[2025-11-17T20:00:53.317+0000] {subprocess.py:93} INFO - 	at java.base/java.lang.Thread.run(Thread.java:840)
[2025-11-17T20:00:53.333+0000] {subprocess.py:93} INFO - 25/11/17 20:00:53 WARN TaskSetManager: Lost task 0.0 in stage 1.0 (TID 44) (958eca229fdb executor driver): org.apache.spark.sql.AnalysisException: Illegal Parquet type: INT64 (TIMESTAMP(NANOS,true)).
[2025-11-17T20:00:53.333+0000] {subprocess.py:93} INFO - 	at org.apache.spark.sql.errors.QueryCompilationErrors$.illegalParquetTypeError(QueryCompilationErrors.scala:1826)
[2025-11-17T20:00:53.333+0000] {subprocess.py:93} INFO - 	at org.apache.spark.sql.execution.datasources.parquet.ParquetToSparkSchemaConverter.illegalType$1(ParquetSchemaConverter.scala:206)
[2025-11-17T20:00:53.334+0000] {subprocess.py:93} INFO - 	at org.apache.spark.sql.execution.datasources.parquet.ParquetToSparkSchemaConverter.$anonfun$convertPrimitiveField$2(ParquetSchemaConverter.scala:283)
[2025-11-17T20:00:53.334+0000] {subprocess.py:93} INFO - 	at scala.Option.getOrElse(Option.scala:189)
[2025-11-17T20:00:53.334+0000] {subprocess.py:93} INFO - 	at org.apache.spark.sql.execution.datasources.parquet.ParquetToSparkSchemaConverter.convertPrimitiveField(ParquetSchemaConverter.scala:224)
[2025-11-17T20:00:53.334+0000] {subprocess.py:93} INFO - 	at org.apache.spark.sql.execution.datasources.parquet.ParquetToSparkSchemaConverter.convertField(ParquetSchemaConverter.scala:187)
[2025-11-17T20:00:53.334+0000] {subprocess.py:93} INFO - 	at org.apache.spark.sql.execution.datasources.parquet.ParquetToSparkSchemaConverter.$anonfun$convertInternal$3(ParquetSchemaConverter.scala:147)
[2025-11-17T20:00:53.335+0000] {subprocess.py:93} INFO - 	at org.apache.spark.sql.execution.datasources.parquet.ParquetToSparkSchemaConverter.$anonfun$convertInternal$3$adapted(ParquetSchemaConverter.scala:117)
[2025-11-17T20:00:53.335+0000] {subprocess.py:93} INFO - 	at scala.collection.TraversableLike.$anonfun$map$1(TraversableLike.scala:286)
[2025-11-17T20:00:53.335+0000] {subprocess.py:93} INFO - 	at scala.collection.immutable.Range.foreach(Range.scala:158)
[2025-11-17T20:00:53.335+0000] {subprocess.py:93} INFO - 	at scala.collection.TraversableLike.map(TraversableLike.scala:286)
[2025-11-17T20:00:53.336+0000] {subprocess.py:93} INFO - 	at scala.collection.TraversableLike.map$(TraversableLike.scala:279)
[2025-11-17T20:00:53.336+0000] {subprocess.py:93} INFO - 	at scala.collection.AbstractTraversable.map(Traversable.scala:108)
[2025-11-17T20:00:53.336+0000] {subprocess.py:93} INFO - 	at org.apache.spark.sql.execution.datasources.parquet.ParquetToSparkSchemaConverter.convertInternal(ParquetSchemaConverter.scala:117)
[2025-11-17T20:00:53.337+0000] {subprocess.py:93} INFO - 	at org.apache.spark.sql.execution.datasources.parquet.ParquetToSparkSchemaConverter.convert(ParquetSchemaConverter.scala:87)
[2025-11-17T20:00:53.337+0000] {subprocess.py:93} INFO - 	at org.apache.spark.sql.execution.datasources.parquet.ParquetFileFormat$.$anonfun$readSchemaFromFooter$2(ParquetFileFormat.scala:514)
[2025-11-17T20:00:53.337+0000] {subprocess.py:93} INFO - 	at scala.Option.getOrElse(Option.scala:189)
[2025-11-17T20:00:53.337+0000] {subprocess.py:93} INFO - 	at org.apache.spark.sql.execution.datasources.parquet.ParquetFileFormat$.readSchemaFromFooter(ParquetFileFormat.scala:514)
[2025-11-17T20:00:53.337+0000] {subprocess.py:93} INFO - 	at org.apache.spark.sql.execution.datasources.parquet.ParquetFileFormat$.$anonfun$mergeSchemasInParallel$2(ParquetFileFormat.scala:494)
[2025-11-17T20:00:53.338+0000] {subprocess.py:93} INFO - 	at scala.collection.immutable.Stream.map(Stream.scala:418)
[2025-11-17T20:00:53.338+0000] {subprocess.py:93} INFO - 	at org.apache.spark.sql.execution.datasources.parquet.ParquetFileFormat$.$anonfun$mergeSchemasInParallel$1(ParquetFileFormat.scala:494)
[2025-11-17T20:00:53.338+0000] {subprocess.py:93} INFO - 	at org.apache.spark.sql.execution.datasources.parquet.ParquetFileFormat$.$anonfun$mergeSchemasInParallel$1$adapted(ParquetFileFormat.scala:485)
[2025-11-17T20:00:53.338+0000] {subprocess.py:93} INFO - 	at org.apache.spark.sql.execution.datasources.SchemaMergeUtils$.$anonfun$mergeSchemasInParallel$2(SchemaMergeUtils.scala:80)
[2025-11-17T20:00:53.338+0000] {subprocess.py:93} INFO - 	at org.apache.spark.rdd.RDD.$anonfun$mapPartitions$2(RDD.scala:858)
[2025-11-17T20:00:53.339+0000] {subprocess.py:93} INFO - 	at org.apache.spark.rdd.RDD.$anonfun$mapPartitions$2$adapted(RDD.scala:858)
[2025-11-17T20:00:53.339+0000] {subprocess.py:93} INFO - 	at org.apache.spark.rdd.MapPartitionsRDD.compute(MapPartitionsRDD.scala:52)
[2025-11-17T20:00:53.339+0000] {subprocess.py:93} INFO - 	at org.apache.spark.rdd.RDD.computeOrReadCheckpoint(RDD.scala:367)
[2025-11-17T20:00:53.340+0000] {subprocess.py:93} INFO - 	at org.apache.spark.rdd.RDD.iterator(RDD.scala:331)
[2025-11-17T20:00:53.340+0000] {subprocess.py:93} INFO - 	at org.apache.spark.scheduler.ResultTask.runTask(ResultTask.scala:93)
[2025-11-17T20:00:53.340+0000] {subprocess.py:93} INFO - 	at org.apache.spark.TaskContext.runTaskWithListeners(TaskContext.scala:166)
[2025-11-17T20:00:53.340+0000] {subprocess.py:93} INFO - 	at org.apache.spark.scheduler.Task.run(Task.scala:141)
[2025-11-17T20:00:53.341+0000] {subprocess.py:93} INFO - 	at org.apache.spark.executor.Executor$TaskRunner.$anonfun$run$4(Executor.scala:620)
[2025-11-17T20:00:53.341+0000] {subprocess.py:93} INFO - 	at org.apache.spark.util.SparkErrorUtils.tryWithSafeFinally(SparkErrorUtils.scala:64)
[2025-11-17T20:00:53.341+0000] {subprocess.py:93} INFO - 	at org.apache.spark.util.SparkErrorUtils.tryWithSafeFinally$(SparkErrorUtils.scala:61)
[2025-11-17T20:00:53.341+0000] {subprocess.py:93} INFO - 	at org.apache.spark.util.Utils$.tryWithSafeFinally(Utils.scala:94)
[2025-11-17T20:00:53.341+0000] {subprocess.py:93} INFO - 	at org.apache.spark.executor.Executor$TaskRunner.run(Executor.scala:623)
[2025-11-17T20:00:53.342+0000] {subprocess.py:93} INFO - 	at java.base/java.util.concurrent.ThreadPoolExecutor.runWorker(ThreadPoolExecutor.java:1136)
[2025-11-17T20:00:53.342+0000] {subprocess.py:93} INFO - 	at java.base/java.util.concurrent.ThreadPoolExecutor$Worker.run(ThreadPoolExecutor.java:635)
[2025-11-17T20:00:53.342+0000] {subprocess.py:93} INFO - 	at java.base/java.lang.Thread.run(Thread.java:840)
[2025-11-17T20:00:53.342+0000] {subprocess.py:93} INFO - 
[2025-11-17T20:00:53.342+0000] {subprocess.py:93} INFO - 25/11/17 20:00:53 ERROR TaskSetManager: Task 0 in stage 1.0 failed 1 times; aborting job
[2025-11-17T20:00:53.401+0000] {subprocess.py:93} INFO - Usando o arquivo de variaveis em: /opt/***/apps/.env
[2025-11-17T20:00:53.402+0000] {subprocess.py:93} INFO - Traceback (most recent call last):
[2025-11-17T20:00:53.402+0000] {subprocess.py:93} INFO -   File "/opt/***/apps/03-gold/fact_user_activities_strava.py", line 50, in <module>
[2025-11-17T20:00:53.402+0000] {subprocess.py:93} INFO -     df_acts = spark.read.parquet(f"{SILVER_ACTIVITIES_PATH}/*/*")
[2025-11-17T20:00:53.403+0000] {subprocess.py:93} INFO -               ^^^^^^^^^^^^^^^^^^^^^^^^^^^^^^^^^^^^^^^^^^^^^^^^^^^
[2025-11-17T20:00:53.403+0000] {subprocess.py:93} INFO -   File "/home/***/.local/lib/python3.12/site-packages/pyspark/sql/readwriter.py", line 544, in parquet
[2025-11-17T20:00:53.403+0000] {subprocess.py:93} INFO -     return self._df(self._jreader.parquet(_to_seq(self._spark._sc, paths)))
[2025-11-17T20:00:53.403+0000] {subprocess.py:93} INFO -                     ^^^^^^^^^^^^^^^^^^^^^^^^^^^^^^^^^^^^^^^^^^^^^^^^^^^^^^
[2025-11-17T20:00:53.403+0000] {subprocess.py:93} INFO -   File "/home/***/.local/lib/python3.12/site-packages/py4j/java_gateway.py", line 1322, in __call__
[2025-11-17T20:00:53.404+0000] {subprocess.py:93} INFO -     return_value = get_return_value(
[2025-11-17T20:00:53.404+0000] {subprocess.py:93} INFO -                    ^^^^^^^^^^^^^^^^^
[2025-11-17T20:00:53.404+0000] {subprocess.py:93} INFO -   File "/home/***/.local/lib/python3.12/site-packages/pyspark/errors/exceptions/captured.py", line 179, in deco
[2025-11-17T20:00:53.404+0000] {subprocess.py:93} INFO -     return f(*a, **kw)
[2025-11-17T20:00:53.404+0000] {subprocess.py:93} INFO -            ^^^^^^^^^^^
[2025-11-17T20:00:53.405+0000] {subprocess.py:93} INFO -   File "/home/***/.local/lib/python3.12/site-packages/py4j/protocol.py", line 326, in get_return_value
[2025-11-17T20:00:53.405+0000] {subprocess.py:93} INFO -     raise Py4JJavaError(
[2025-11-17T20:00:53.445+0000] {subprocess.py:93} INFO - py4j.protocol.Py4JJavaError: An error occurred while calling o43.parquet.
[2025-11-17T20:00:53.445+0000] {subprocess.py:93} INFO - : org.apache.spark.SparkException: Job aborted due to stage failure: Task 0 in stage 1.0 failed 1 times, most recent failure: Lost task 0.0 in stage 1.0 (TID 44) (958eca229fdb executor driver): org.apache.spark.sql.AnalysisException: Illegal Parquet type: INT64 (TIMESTAMP(NANOS,true)).
[2025-11-17T20:00:53.446+0000] {subprocess.py:93} INFO - 	at org.apache.spark.sql.errors.QueryCompilationErrors$.illegalParquetTypeError(QueryCompilationErrors.scala:1826)
[2025-11-17T20:00:53.446+0000] {subprocess.py:93} INFO - 	at org.apache.spark.sql.execution.datasources.parquet.ParquetToSparkSchemaConverter.illegalType$1(ParquetSchemaConverter.scala:206)
[2025-11-17T20:00:53.446+0000] {subprocess.py:93} INFO - 	at org.apache.spark.sql.execution.datasources.parquet.ParquetToSparkSchemaConverter.$anonfun$convertPrimitiveField$2(ParquetSchemaConverter.scala:283)
[2025-11-17T20:00:53.447+0000] {subprocess.py:93} INFO - 	at scala.Option.getOrElse(Option.scala:189)
[2025-11-17T20:00:53.447+0000] {subprocess.py:93} INFO - 	at org.apache.spark.sql.execution.datasources.parquet.ParquetToSparkSchemaConverter.convertPrimitiveField(ParquetSchemaConverter.scala:224)
[2025-11-17T20:00:53.448+0000] {subprocess.py:93} INFO - 	at org.apache.spark.sql.execution.datasources.parquet.ParquetToSparkSchemaConverter.convertField(ParquetSchemaConverter.scala:187)
[2025-11-17T20:00:53.448+0000] {subprocess.py:93} INFO - 	at org.apache.spark.sql.execution.datasources.parquet.ParquetToSparkSchemaConverter.$anonfun$convertInternal$3(ParquetSchemaConverter.scala:147)
[2025-11-17T20:00:53.448+0000] {subprocess.py:93} INFO - 	at org.apache.spark.sql.execution.datasources.parquet.ParquetToSparkSchemaConverter.$anonfun$convertInternal$3$adapted(ParquetSchemaConverter.scala:117)
[2025-11-17T20:00:53.448+0000] {subprocess.py:93} INFO - 	at scala.collection.TraversableLike.$anonfun$map$1(TraversableLike.scala:286)
[2025-11-17T20:00:53.449+0000] {subprocess.py:93} INFO - 	at scala.collection.immutable.Range.foreach(Range.scala:158)
[2025-11-17T20:00:53.449+0000] {subprocess.py:93} INFO - 	at scala.collection.TraversableLike.map(TraversableLike.scala:286)
[2025-11-17T20:00:53.449+0000] {subprocess.py:93} INFO - 	at scala.collection.TraversableLike.map$(TraversableLike.scala:279)
[2025-11-17T20:00:53.450+0000] {subprocess.py:93} INFO - 	at scala.collection.AbstractTraversable.map(Traversable.scala:108)
[2025-11-17T20:00:53.450+0000] {subprocess.py:93} INFO - 	at org.apache.spark.sql.execution.datasources.parquet.ParquetToSparkSchemaConverter.convertInternal(ParquetSchemaConverter.scala:117)
[2025-11-17T20:00:53.451+0000] {subprocess.py:93} INFO - 	at org.apache.spark.sql.execution.datasources.parquet.ParquetToSparkSchemaConverter.convert(ParquetSchemaConverter.scala:87)
[2025-11-17T20:00:53.451+0000] {subprocess.py:93} INFO - 	at org.apache.spark.sql.execution.datasources.parquet.ParquetFileFormat$.$anonfun$readSchemaFromFooter$2(ParquetFileFormat.scala:514)
[2025-11-17T20:00:53.451+0000] {subprocess.py:93} INFO - 	at scala.Option.getOrElse(Option.scala:189)
[2025-11-17T20:00:53.451+0000] {subprocess.py:93} INFO - 	at org.apache.spark.sql.execution.datasources.parquet.ParquetFileFormat$.readSchemaFromFooter(ParquetFileFormat.scala:514)
[2025-11-17T20:00:53.452+0000] {subprocess.py:93} INFO - 	at org.apache.spark.sql.execution.datasources.parquet.ParquetFileFormat$.$anonfun$mergeSchemasInParallel$2(ParquetFileFormat.scala:494)
[2025-11-17T20:00:53.452+0000] {subprocess.py:93} INFO - 	at scala.collection.immutable.Stream.map(Stream.scala:418)
[2025-11-17T20:00:53.452+0000] {subprocess.py:93} INFO - 	at org.apache.spark.sql.execution.datasources.parquet.ParquetFileFormat$.$anonfun$mergeSchemasInParallel$1(ParquetFileFormat.scala:494)
[2025-11-17T20:00:53.452+0000] {subprocess.py:93} INFO - 	at org.apache.spark.sql.execution.datasources.parquet.ParquetFileFormat$.$anonfun$mergeSchemasInParallel$1$adapted(ParquetFileFormat.scala:485)
[2025-11-17T20:00:53.453+0000] {subprocess.py:93} INFO - 	at org.apache.spark.sql.execution.datasources.SchemaMergeUtils$.$anonfun$mergeSchemasInParallel$2(SchemaMergeUtils.scala:80)
[2025-11-17T20:00:53.453+0000] {subprocess.py:93} INFO - 	at org.apache.spark.rdd.RDD.$anonfun$mapPartitions$2(RDD.scala:858)
[2025-11-17T20:00:53.453+0000] {subprocess.py:93} INFO - 	at org.apache.spark.rdd.RDD.$anonfun$mapPartitions$2$adapted(RDD.scala:858)
[2025-11-17T20:00:53.453+0000] {subprocess.py:93} INFO - 	at org.apache.spark.rdd.MapPartitionsRDD.compute(MapPartitionsRDD.scala:52)
[2025-11-17T20:00:53.454+0000] {subprocess.py:93} INFO - 	at org.apache.spark.rdd.RDD.computeOrReadCheckpoint(RDD.scala:367)
[2025-11-17T20:00:53.454+0000] {subprocess.py:93} INFO - 	at org.apache.spark.rdd.RDD.iterator(RDD.scala:331)
[2025-11-17T20:00:53.454+0000] {subprocess.py:93} INFO - 	at org.apache.spark.scheduler.ResultTask.runTask(ResultTask.scala:93)
[2025-11-17T20:00:53.454+0000] {subprocess.py:93} INFO - 	at org.apache.spark.TaskContext.runTaskWithListeners(TaskContext.scala:166)
[2025-11-17T20:00:53.454+0000] {subprocess.py:93} INFO - 	at org.apache.spark.scheduler.Task.run(Task.scala:141)
[2025-11-17T20:00:53.455+0000] {subprocess.py:93} INFO - 	at org.apache.spark.executor.Executor$TaskRunner.$anonfun$run$4(Executor.scala:620)
[2025-11-17T20:00:53.455+0000] {subprocess.py:93} INFO - 	at org.apache.spark.util.SparkErrorUtils.tryWithSafeFinally(SparkErrorUtils.scala:64)
[2025-11-17T20:00:53.455+0000] {subprocess.py:93} INFO - 	at org.apache.spark.util.SparkErrorUtils.tryWithSafeFinally$(SparkErrorUtils.scala:61)
[2025-11-17T20:00:53.455+0000] {subprocess.py:93} INFO - 	at org.apache.spark.util.Utils$.tryWithSafeFinally(Utils.scala:94)
[2025-11-17T20:00:53.455+0000] {subprocess.py:93} INFO - 	at org.apache.spark.executor.Executor$TaskRunner.run(Executor.scala:623)
[2025-11-17T20:00:53.456+0000] {subprocess.py:93} INFO - 	at java.base/java.util.concurrent.ThreadPoolExecutor.runWorker(ThreadPoolExecutor.java:1136)
[2025-11-17T20:00:53.456+0000] {subprocess.py:93} INFO - 	at java.base/java.util.concurrent.ThreadPoolExecutor$Worker.run(ThreadPoolExecutor.java:635)
[2025-11-17T20:00:53.456+0000] {subprocess.py:93} INFO - 	at java.base/java.lang.Thread.run(Thread.java:840)
[2025-11-17T20:00:53.456+0000] {subprocess.py:93} INFO - 
[2025-11-17T20:00:53.457+0000] {subprocess.py:93} INFO - Driver stacktrace:
[2025-11-17T20:00:53.457+0000] {subprocess.py:93} INFO - 	at org.apache.spark.scheduler.DAGScheduler.failJobAndIndependentStages(DAGScheduler.scala:2856)
[2025-11-17T20:00:53.457+0000] {subprocess.py:93} INFO - 	at org.apache.spark.scheduler.DAGScheduler.$anonfun$abortStage$2(DAGScheduler.scala:2792)
[2025-11-17T20:00:53.457+0000] {subprocess.py:93} INFO - 	at org.apache.spark.scheduler.DAGScheduler.$anonfun$abortStage$2$adapted(DAGScheduler.scala:2791)
[2025-11-17T20:00:53.457+0000] {subprocess.py:93} INFO - 	at scala.collection.mutable.ResizableArray.foreach(ResizableArray.scala:62)
[2025-11-17T20:00:53.458+0000] {subprocess.py:93} INFO - 	at scala.collection.mutable.ResizableArray.foreach$(ResizableArray.scala:55)
[2025-11-17T20:00:53.458+0000] {subprocess.py:93} INFO - 	at scala.collection.mutable.ArrayBuffer.foreach(ArrayBuffer.scala:49)
[2025-11-17T20:00:53.458+0000] {subprocess.py:93} INFO - 	at org.apache.spark.scheduler.DAGScheduler.abortStage(DAGScheduler.scala:2791)
[2025-11-17T20:00:53.458+0000] {subprocess.py:93} INFO - 	at org.apache.spark.scheduler.DAGScheduler.$anonfun$handleTaskSetFailed$1(DAGScheduler.scala:1247)
[2025-11-17T20:00:53.459+0000] {subprocess.py:93} INFO - 	at org.apache.spark.scheduler.DAGScheduler.$anonfun$handleTaskSetFailed$1$adapted(DAGScheduler.scala:1247)
[2025-11-17T20:00:53.459+0000] {subprocess.py:93} INFO - 	at scala.Option.foreach(Option.scala:407)
[2025-11-17T20:00:53.460+0000] {subprocess.py:93} INFO - 	at org.apache.spark.scheduler.DAGScheduler.handleTaskSetFailed(DAGScheduler.scala:1247)
[2025-11-17T20:00:53.460+0000] {subprocess.py:93} INFO - 	at org.apache.spark.scheduler.DAGSchedulerEventProcessLoop.doOnReceive(DAGScheduler.scala:3060)
[2025-11-17T20:00:53.460+0000] {subprocess.py:93} INFO - 	at org.apache.spark.scheduler.DAGSchedulerEventProcessLoop.onReceive(DAGScheduler.scala:2994)
[2025-11-17T20:00:53.460+0000] {subprocess.py:93} INFO - 	at org.apache.spark.scheduler.DAGSchedulerEventProcessLoop.onReceive(DAGScheduler.scala:2983)
[2025-11-17T20:00:53.460+0000] {subprocess.py:93} INFO - 	at org.apache.spark.util.EventLoop$$anon$1.run(EventLoop.scala:49)
[2025-11-17T20:00:53.461+0000] {subprocess.py:93} INFO - 	at org.apache.spark.scheduler.DAGScheduler.runJob(DAGScheduler.scala:989)
[2025-11-17T20:00:53.461+0000] {subprocess.py:93} INFO - 	at org.apache.spark.SparkContext.runJob(SparkContext.scala:2398)
[2025-11-17T20:00:53.461+0000] {subprocess.py:93} INFO - 	at org.apache.spark.SparkContext.runJob(SparkContext.scala:2419)
[2025-11-17T20:00:53.461+0000] {subprocess.py:93} INFO - 	at org.apache.spark.SparkContext.runJob(SparkContext.scala:2438)
[2025-11-17T20:00:53.461+0000] {subprocess.py:93} INFO - 	at org.apache.spark.SparkContext.runJob(SparkContext.scala:2463)
[2025-11-17T20:00:53.462+0000] {subprocess.py:93} INFO - 	at org.apache.spark.rdd.RDD.$anonfun$collect$1(RDD.scala:1049)
[2025-11-17T20:00:53.462+0000] {subprocess.py:93} INFO - 	at org.apache.spark.rdd.RDDOperationScope$.withScope(RDDOperationScope.scala:151)
[2025-11-17T20:00:53.462+0000] {subprocess.py:93} INFO - 	at org.apache.spark.rdd.RDDOperationScope$.withScope(RDDOperationScope.scala:112)
[2025-11-17T20:00:53.462+0000] {subprocess.py:93} INFO - 	at org.apache.spark.rdd.RDD.withScope(RDD.scala:410)
[2025-11-17T20:00:53.463+0000] {subprocess.py:93} INFO - 	at org.apache.spark.rdd.RDD.collect(RDD.scala:1048)
[2025-11-17T20:00:53.463+0000] {subprocess.py:93} INFO - 	at org.apache.spark.sql.execution.datasources.SchemaMergeUtils$.mergeSchemasInParallel(SchemaMergeUtils.scala:74)
[2025-11-17T20:00:53.464+0000] {subprocess.py:93} INFO - 	at org.apache.spark.sql.execution.datasources.parquet.ParquetFileFormat$.mergeSchemasInParallel(ParquetFileFormat.scala:497)
[2025-11-17T20:00:53.464+0000] {subprocess.py:93} INFO - 	at org.apache.spark.sql.execution.datasources.parquet.ParquetUtils$.inferSchema(ParquetUtils.scala:132)
[2025-11-17T20:00:53.464+0000] {subprocess.py:93} INFO - 	at org.apache.spark.sql.execution.datasources.parquet.ParquetFileFormat.inferSchema(ParquetFileFormat.scala:79)
[2025-11-17T20:00:53.465+0000] {subprocess.py:93} INFO - 	at org.apache.spark.sql.execution.datasources.DataSource.$anonfun$getOrInferFileFormatSchema$11(DataSource.scala:208)
[2025-11-17T20:00:53.465+0000] {subprocess.py:93} INFO - 	at scala.Option.orElse(Option.scala:447)
[2025-11-17T20:00:53.465+0000] {subprocess.py:93} INFO - 	at org.apache.spark.sql.execution.datasources.DataSource.getOrInferFileFormatSchema(DataSource.scala:205)
[2025-11-17T20:00:53.465+0000] {subprocess.py:93} INFO - 	at org.apache.spark.sql.execution.datasources.DataSource.resolveRelation(DataSource.scala:407)
[2025-11-17T20:00:53.465+0000] {subprocess.py:93} INFO - 	at org.apache.spark.sql.DataFrameReader.loadV1Source(DataFrameReader.scala:229)
[2025-11-17T20:00:53.466+0000] {subprocess.py:93} INFO - 	at org.apache.spark.sql.DataFrameReader.$anonfun$load$2(DataFrameReader.scala:211)
[2025-11-17T20:00:53.466+0000] {subprocess.py:93} INFO - 	at scala.Option.getOrElse(Option.scala:189)
[2025-11-17T20:00:53.466+0000] {subprocess.py:93} INFO - 	at org.apache.spark.sql.DataFrameReader.load(DataFrameReader.scala:211)
[2025-11-17T20:00:53.466+0000] {subprocess.py:93} INFO - 	at org.apache.spark.sql.DataFrameReader.parquet(DataFrameReader.scala:563)
[2025-11-17T20:00:53.466+0000] {subprocess.py:93} INFO - 	at java.base/jdk.internal.reflect.NativeMethodAccessorImpl.invoke0(Native Method)
[2025-11-17T20:00:53.466+0000] {subprocess.py:93} INFO - 	at java.base/jdk.internal.reflect.NativeMethodAccessorImpl.invoke(NativeMethodAccessorImpl.java:77)
[2025-11-17T20:00:53.467+0000] {subprocess.py:93} INFO - 	at java.base/jdk.internal.reflect.DelegatingMethodAccessorImpl.invoke(DelegatingMethodAccessorImpl.java:43)
[2025-11-17T20:00:53.467+0000] {subprocess.py:93} INFO - 	at java.base/java.lang.reflect.Method.invoke(Method.java:569)
[2025-11-17T20:00:53.468+0000] {subprocess.py:93} INFO - 	at py4j.reflection.MethodInvoker.invoke(MethodInvoker.java:244)
[2025-11-17T20:00:53.468+0000] {subprocess.py:93} INFO - 	at py4j.reflection.ReflectionEngine.invoke(ReflectionEngine.java:374)
[2025-11-17T20:00:53.468+0000] {subprocess.py:93} INFO - 	at py4j.Gateway.invoke(Gateway.java:282)
[2025-11-17T20:00:53.468+0000] {subprocess.py:93} INFO - 	at py4j.commands.AbstractCommand.invokeMethod(AbstractCommand.java:132)
[2025-11-17T20:00:53.468+0000] {subprocess.py:93} INFO - 	at py4j.commands.CallCommand.execute(CallCommand.java:79)
[2025-11-17T20:00:53.468+0000] {subprocess.py:93} INFO - 	at py4j.ClientServerConnection.waitForCommands(ClientServerConnection.java:182)
[2025-11-17T20:00:53.469+0000] {subprocess.py:93} INFO - 	at py4j.ClientServerConnection.run(ClientServerConnection.java:106)
[2025-11-17T20:00:53.469+0000] {subprocess.py:93} INFO - 	at java.base/java.lang.Thread.run(Thread.java:840)
[2025-11-17T20:00:53.469+0000] {subprocess.py:93} INFO - Caused by: org.apache.spark.sql.AnalysisException: Illegal Parquet type: INT64 (TIMESTAMP(NANOS,true)).
[2025-11-17T20:00:53.469+0000] {subprocess.py:93} INFO - 	at org.apache.spark.sql.errors.QueryCompilationErrors$.illegalParquetTypeError(QueryCompilationErrors.scala:1826)
[2025-11-17T20:00:53.470+0000] {subprocess.py:93} INFO - 	at org.apache.spark.sql.execution.datasources.parquet.ParquetToSparkSchemaConverter.illegalType$1(ParquetSchemaConverter.scala:206)
[2025-11-17T20:00:53.470+0000] {subprocess.py:93} INFO - 	at org.apache.spark.sql.execution.datasources.parquet.ParquetToSparkSchemaConverter.$anonfun$convertPrimitiveField$2(ParquetSchemaConverter.scala:283)
[2025-11-17T20:00:53.470+0000] {subprocess.py:93} INFO - 	at scala.Option.getOrElse(Option.scala:189)
[2025-11-17T20:00:53.471+0000] {subprocess.py:93} INFO - 	at org.apache.spark.sql.execution.datasources.parquet.ParquetToSparkSchemaConverter.convertPrimitiveField(ParquetSchemaConverter.scala:224)
[2025-11-17T20:00:53.471+0000] {subprocess.py:93} INFO - 	at org.apache.spark.sql.execution.datasources.parquet.ParquetToSparkSchemaConverter.convertField(ParquetSchemaConverter.scala:187)
[2025-11-17T20:00:53.471+0000] {subprocess.py:93} INFO - 	at org.apache.spark.sql.execution.datasources.parquet.ParquetToSparkSchemaConverter.$anonfun$convertInternal$3(ParquetSchemaConverter.scala:147)
[2025-11-17T20:00:53.471+0000] {subprocess.py:93} INFO - 	at org.apache.spark.sql.execution.datasources.parquet.ParquetToSparkSchemaConverter.$anonfun$convertInternal$3$adapted(ParquetSchemaConverter.scala:117)
[2025-11-17T20:00:53.472+0000] {subprocess.py:93} INFO - 	at scala.collection.TraversableLike.$anonfun$map$1(TraversableLike.scala:286)
[2025-11-17T20:00:53.472+0000] {subprocess.py:93} INFO - 	at scala.collection.immutable.Range.foreach(Range.scala:158)
[2025-11-17T20:00:53.473+0000] {subprocess.py:93} INFO - 	at scala.collection.TraversableLike.map(TraversableLike.scala:286)
[2025-11-17T20:00:53.473+0000] {subprocess.py:93} INFO - 	at scala.collection.TraversableLike.map$(TraversableLike.scala:279)
[2025-11-17T20:00:53.473+0000] {subprocess.py:93} INFO - 	at scala.collection.AbstractTraversable.map(Traversable.scala:108)
[2025-11-17T20:00:53.474+0000] {subprocess.py:93} INFO - 	at org.apache.spark.sql.execution.datasources.parquet.ParquetToSparkSchemaConverter.convertInternal(ParquetSchemaConverter.scala:117)
[2025-11-17T20:00:53.474+0000] {subprocess.py:93} INFO - 	at org.apache.spark.sql.execution.datasources.parquet.ParquetToSparkSchemaConverter.convert(ParquetSchemaConverter.scala:87)
[2025-11-17T20:00:53.475+0000] {subprocess.py:93} INFO - 	at org.apache.spark.sql.execution.datasources.parquet.ParquetFileFormat$.$anonfun$readSchemaFromFooter$2(ParquetFileFormat.scala:514)
[2025-11-17T20:00:53.475+0000] {subprocess.py:93} INFO - 	at scala.Option.getOrElse(Option.scala:189)
[2025-11-17T20:00:53.475+0000] {subprocess.py:93} INFO - 	at org.apache.spark.sql.execution.datasources.parquet.ParquetFileFormat$.readSchemaFromFooter(ParquetFileFormat.scala:514)
[2025-11-17T20:00:53.476+0000] {subprocess.py:93} INFO - 	at org.apache.spark.sql.execution.datasources.parquet.ParquetFileFormat$.$anonfun$mergeSchemasInParallel$2(ParquetFileFormat.scala:494)
[2025-11-17T20:00:53.476+0000] {subprocess.py:93} INFO - 	at scala.collection.immutable.Stream.map(Stream.scala:418)
[2025-11-17T20:00:53.476+0000] {subprocess.py:93} INFO - 	at org.apache.spark.sql.execution.datasources.parquet.ParquetFileFormat$.$anonfun$mergeSchemasInParallel$1(ParquetFileFormat.scala:494)
[2025-11-17T20:00:53.476+0000] {subprocess.py:93} INFO - 	at org.apache.spark.sql.execution.datasources.parquet.ParquetFileFormat$.$anonfun$mergeSchemasInParallel$1$adapted(ParquetFileFormat.scala:485)
[2025-11-17T20:00:53.477+0000] {subprocess.py:93} INFO - 	at org.apache.spark.sql.execution.datasources.SchemaMergeUtils$.$anonfun$mergeSchemasInParallel$2(SchemaMergeUtils.scala:80)
[2025-11-17T20:00:53.477+0000] {subprocess.py:93} INFO - 	at org.apache.spark.rdd.RDD.$anonfun$mapPartitions$2(RDD.scala:858)
[2025-11-17T20:00:53.477+0000] {subprocess.py:93} INFO - 	at org.apache.spark.rdd.RDD.$anonfun$mapPartitions$2$adapted(RDD.scala:858)
[2025-11-17T20:00:53.477+0000] {subprocess.py:93} INFO - 	at org.apache.spark.rdd.MapPartitionsRDD.compute(MapPartitionsRDD.scala:52)
[2025-11-17T20:00:53.478+0000] {subprocess.py:93} INFO - 	at org.apache.spark.rdd.RDD.computeOrReadCheckpoint(RDD.scala:367)
[2025-11-17T20:00:53.478+0000] {subprocess.py:93} INFO - 	at org.apache.spark.rdd.RDD.iterator(RDD.scala:331)
[2025-11-17T20:00:53.478+0000] {subprocess.py:93} INFO - 	at org.apache.spark.scheduler.ResultTask.runTask(ResultTask.scala:93)
[2025-11-17T20:00:53.479+0000] {subprocess.py:93} INFO - 	at org.apache.spark.TaskContext.runTaskWithListeners(TaskContext.scala:166)
[2025-11-17T20:00:53.479+0000] {subprocess.py:93} INFO - 	at org.apache.spark.scheduler.Task.run(Task.scala:141)
[2025-11-17T20:00:53.479+0000] {subprocess.py:93} INFO - 	at org.apache.spark.executor.Executor$TaskRunner.$anonfun$run$4(Executor.scala:620)
[2025-11-17T20:00:53.479+0000] {subprocess.py:93} INFO - 	at org.apache.spark.util.SparkErrorUtils.tryWithSafeFinally(SparkErrorUtils.scala:64)
[2025-11-17T20:00:53.480+0000] {subprocess.py:93} INFO - 	at org.apache.spark.util.SparkErrorUtils.tryWithSafeFinally$(SparkErrorUtils.scala:61)
[2025-11-17T20:00:53.480+0000] {subprocess.py:93} INFO - 	at org.apache.spark.util.Utils$.tryWithSafeFinally(Utils.scala:94)
[2025-11-17T20:00:53.480+0000] {subprocess.py:93} INFO - 	at org.apache.spark.executor.Executor$TaskRunner.run(Executor.scala:623)
[2025-11-17T20:00:53.480+0000] {subprocess.py:93} INFO - 	at java.base/java.util.concurrent.ThreadPoolExecutor.runWorker(ThreadPoolExecutor.java:1136)
[2025-11-17T20:00:53.480+0000] {subprocess.py:93} INFO - 	at java.base/java.util.concurrent.ThreadPoolExecutor$Worker.run(ThreadPoolExecutor.java:635)
[2025-11-17T20:00:53.480+0000] {subprocess.py:93} INFO - 	... 1 more
[2025-11-17T20:00:53.480+0000] {subprocess.py:93} INFO - 
[2025-11-17T20:00:54.017+0000] {subprocess.py:97} INFO - Command exited with return code 1
[2025-11-17T20:00:54.020+0000] {taskinstance.py:441} INFO - ::group::Post task execution logs
[2025-11-17T20:00:54.049+0000] {taskinstance.py:2905} ERROR - Task failed with exception
Traceback (most recent call last):
  File "/home/airflow/.local/lib/python3.12/site-packages/airflow/models/taskinstance.py", line 465, in _execute_task
    result = _execute_callable(context=context, **execute_callable_kwargs)
             ^^^^^^^^^^^^^^^^^^^^^^^^^^^^^^^^^^^^^^^^^^^^^^^^^^^^^^^^^^^^^
  File "/home/airflow/.local/lib/python3.12/site-packages/airflow/models/taskinstance.py", line 432, in _execute_callable
    return execute_callable(context=context, **execute_callable_kwargs)
           ^^^^^^^^^^^^^^^^^^^^^^^^^^^^^^^^^^^^^^^^^^^^^^^^^^^^^^^^^^^^
  File "/home/airflow/.local/lib/python3.12/site-packages/airflow/models/baseoperator.py", line 401, in wrapper
    return func(self, *args, **kwargs)
           ^^^^^^^^^^^^^^^^^^^^^^^^^^^
  File "/home/airflow/.local/lib/python3.12/site-packages/airflow/operators/bash.py", line 243, in execute
    raise AirflowException(
airflow.exceptions.AirflowException: Bash command failed. The command returned a non-zero exit code 1.
[2025-11-17T20:00:54.055+0000] {taskinstance.py:1206} INFO - Marking task as UP_FOR_RETRY. dag_id=etl_strava_activities, task_id=extract_gold_fact_activities, run_id=manual__2025-11-17T20:00:22.005648+00:00, execution_date=20251117T200022, start_date=20251117T200043, end_date=20251117T200054
[2025-11-17T20:00:54.087+0000] {standard_task_runner.py:110} ERROR - Failed to execute job 515 for task extract_gold_fact_activities (Bash command failed. The command returned a non-zero exit code 1.; 1151)
[2025-11-17T20:00:54.106+0000] {local_task_job_runner.py:243} INFO - Task exited with return code 1
[2025-11-17T20:00:54.135+0000] {taskinstance.py:3503} INFO - 0 downstream tasks scheduled from follow-on schedule check
[2025-11-17T20:00:54.136+0000] {local_task_job_runner.py:222} INFO - ::endgroup::
