[2025-11-15T10:47:54.726+0000] {local_task_job_runner.py:120} INFO - ::group::Pre task execution logs
[2025-11-15T10:47:54.771+0000] {taskinstance.py:2076} INFO - Dependencies all met for dep_context=non-requeueable deps ti=<TaskInstance: etl_strava.extract_bronze_activities manual__2025-11-15T10:42:50.546117+00:00 [queued]>
[2025-11-15T10:47:54.780+0000] {taskinstance.py:2076} INFO - Dependencies all met for dep_context=requeueable deps ti=<TaskInstance: etl_strava.extract_bronze_activities manual__2025-11-15T10:42:50.546117+00:00 [queued]>
[2025-11-15T10:47:54.781+0000] {taskinstance.py:2306} INFO - Starting attempt 2 of 2
[2025-11-15T10:47:54.803+0000] {taskinstance.py:2330} INFO - Executing <Task(BashOperator): extract_bronze_activities> on 2025-11-15 10:42:50.546117+00:00
[2025-11-15T10:47:54.814+0000] {standard_task_runner.py:90} INFO - Running: ['***', 'tasks', 'run', 'etl_strava', 'extract_bronze_activities', 'manual__2025-11-15T10:42:50.546117+00:00', '--job-id', '256', '--raw', '--subdir', 'DAGS_FOLDER/pipeline_strava.py', '--cfg-path', '/tmp/tmpx62p8yjv']
[2025-11-15T10:47:54.821+0000] {standard_task_runner.py:91} INFO - Job 256: Subtask extract_bronze_activities
[2025-11-15T10:47:54.822+0000] {logging_mixin.py:188} WARNING - /home/***/.local/lib/python3.12/site-packages/***/task/task_runner/standard_task_runner.py:62 DeprecationWarning: This process (pid=264) is multi-threaded, use of fork() may lead to deadlocks in the child.
[2025-11-15T10:47:54.823+0000] {standard_task_runner.py:64} INFO - Started process 265 to run task
[2025-11-15T10:47:54.891+0000] {task_command.py:426} INFO - Running <TaskInstance: etl_strava.extract_bronze_activities manual__2025-11-15T10:42:50.546117+00:00 [running]> on host 14b65adea4bf
[2025-11-15T10:47:54.962+0000] {taskinstance.py:2648} INFO - Exporting env vars: AIRFLOW_CTX_DAG_OWNER='rayane' AIRFLOW_CTX_DAG_ID='etl_strava' AIRFLOW_CTX_TASK_ID='extract_bronze_activities' AIRFLOW_CTX_EXECUTION_DATE='2025-11-15T10:42:50.546117+00:00' AIRFLOW_CTX_TRY_NUMBER='2' AIRFLOW_CTX_DAG_RUN_ID='manual__2025-11-15T10:42:50.546117+00:00'
[2025-11-15T10:47:54.962+0000] {taskinstance.py:430} INFO - ::endgroup::
[2025-11-15T10:47:54.996+0000] {subprocess.py:63} INFO - Tmp dir root location: /tmp
[2025-11-15T10:47:54.997+0000] {subprocess.py:75} INFO - Running command: ['/usr/bin/bash', '-c', 'python /opt/***/apps/extract_api_strava_user_activities.py']
[2025-11-15T10:47:55.002+0000] {subprocess.py:86} INFO - Output:
[2025-11-15T11:12:13.731+0000] {local_task_job_runner.py:313} WARNING - State of this instance has been externally set to failed. Terminating instance.
[2025-11-15T11:12:13.734+0000] {local_task_job_runner.py:222} INFO - ::endgroup::
[2025-11-15T11:12:13.735+0000] {process_utils.py:132} INFO - Sending 15 to group 265. PIDs of all processes in the group: [267, 265]
[2025-11-15T11:12:13.736+0000] {process_utils.py:87} INFO - Sending the signal 15 to group 265
[2025-11-15T11:12:13.737+0000] {taskinstance.py:2611} ERROR - Received SIGTERM. Terminating subprocesses.
[2025-11-15T11:12:13.739+0000] {subprocess.py:104} INFO - Sending SIGTERM signal to process group
[2025-11-15T11:12:13.741+0000] {taskinstance.py:441} INFO - ::group::Post task execution logs
[2025-11-15T11:12:13.792+0000] {process_utils.py:80} INFO - Process psutil.Process(pid=267, status='terminated', started='10:47:54') (267) terminated with exit code None
[2025-11-15T11:12:13.793+0000] {process_utils.py:80} INFO - Process psutil.Process(pid=265, status='terminated', exitcode=0, started='10:47:54') (265) terminated with exit code 0
