[2025-11-16T19:50:03.070+0000] {local_task_job_runner.py:120} INFO - ::group::Pre task execution logs
[2025-11-16T19:50:03.109+0000] {taskinstance.py:2076} INFO - Dependencies all met for dep_context=non-requeueable deps ti=<TaskInstance: etl_strava_user_profile.extract_bronze_user manual__2025-11-16T19:50:01.677445+00:00 [queued]>
[2025-11-16T19:50:03.117+0000] {taskinstance.py:2076} INFO - Dependencies all met for dep_context=requeueable deps ti=<TaskInstance: etl_strava_user_profile.extract_bronze_user manual__2025-11-16T19:50:01.677445+00:00 [queued]>
[2025-11-16T19:50:03.118+0000] {taskinstance.py:2306} INFO - Starting attempt 1 of 2
[2025-11-16T19:50:03.132+0000] {taskinstance.py:2330} INFO - Executing <Task(BashOperator): extract_bronze_user> on 2025-11-16 19:50:01.677445+00:00
[2025-11-16T19:50:03.149+0000] {logging_mixin.py:188} WARNING - /home/***/.local/lib/python3.12/site-packages/***/task/task_runner/standard_task_runner.py:62 DeprecationWarning: This process (pid=5544) is multi-threaded, use of fork() may lead to deadlocks in the child.
[2025-11-16T19:50:03.146+0000] {standard_task_runner.py:90} INFO - Running: ['***', 'tasks', 'run', 'etl_strava_user_profile', 'extract_bronze_user', 'manual__2025-11-16T19:50:01.677445+00:00', '--job-id', '383', '--raw', '--subdir', 'DAGS_FOLDER/pipeline_strava_user.py', '--cfg-path', '/tmp/tmp46v3nq79']
[2025-11-16T19:50:03.155+0000] {standard_task_runner.py:64} INFO - Started process 5545 to run task
[2025-11-16T19:50:03.155+0000] {standard_task_runner.py:91} INFO - Job 383: Subtask extract_bronze_user
[2025-11-16T19:50:03.233+0000] {task_command.py:426} INFO - Running <TaskInstance: etl_strava_user_profile.extract_bronze_user manual__2025-11-16T19:50:01.677445+00:00 [running]> on host 602d3770b2e4
[2025-11-16T19:50:03.431+0000] {taskinstance.py:2648} INFO - Exporting env vars: AIRFLOW_CTX_DAG_OWNER='rayane' AIRFLOW_CTX_DAG_ID='etl_strava_user_profile' AIRFLOW_CTX_TASK_ID='extract_bronze_user' AIRFLOW_CTX_EXECUTION_DATE='2025-11-16T19:50:01.677445+00:00' AIRFLOW_CTX_TRY_NUMBER='1' AIRFLOW_CTX_DAG_RUN_ID='manual__2025-11-16T19:50:01.677445+00:00'
[2025-11-16T19:50:03.432+0000] {taskinstance.py:430} INFO - ::endgroup::
[2025-11-16T19:50:03.460+0000] {subprocess.py:63} INFO - Tmp dir root location: /tmp
[2025-11-16T19:50:03.462+0000] {subprocess.py:75} INFO - Running command: ['/usr/bin/bash', '-c', 'python  /opt/***/apps/01-bronze/extract_api_strava_user.py']
[2025-11-16T19:50:03.472+0000] {subprocess.py:86} INFO - Output:
[2025-11-16T19:50:05.589+0000] {subprocess.py:93} INFO - Usando o arquivo de variaveis em: /opt/***/apps/.env
[2025-11-16T19:50:05.592+0000] {subprocess.py:93} INFO - 184573
[2025-11-16T19:50:05.593+0000] {subprocess.py:93} INFO -  ⚠️  O Token atual expira em: 2025-11-16 22:49:48
[2025-11-16T19:50:05.596+0000] {subprocess.py:93} INFO - Usando o arquivo de variaveis em: /opt/***/apps/.env
[2025-11-16T19:50:05.597+0000] {subprocess.py:93} INFO - ✅ Credenciais Autenticadas
[2025-11-16T19:50:05.597+0000] {subprocess.py:93} INFO - ✅ Sem dados alterados
[2025-11-16T19:50:05.735+0000] {subprocess.py:97} INFO - Command exited with return code 0
[2025-11-16T19:50:05.736+0000] {taskinstance.py:441} INFO - ::group::Post task execution logs
[2025-11-16T19:50:05.772+0000] {taskinstance.py:1206} INFO - Marking task as SUCCESS. dag_id=etl_strava_user_profile, task_id=extract_bronze_user, run_id=manual__2025-11-16T19:50:01.677445+00:00, execution_date=20251116T195001, start_date=20251116T195003, end_date=20251116T195005
[2025-11-16T19:50:05.809+0000] {local_task_job_runner.py:243} INFO - Task exited with return code 0
[2025-11-16T19:50:05.830+0000] {taskinstance.py:3503} INFO - 1 downstream tasks scheduled from follow-on schedule check
[2025-11-16T19:50:05.831+0000] {local_task_job_runner.py:222} INFO - ::endgroup::
