[2025-11-15T21:03:00.251+0000] {local_task_job_runner.py:120} INFO - ::group::Pre task execution logs
[2025-11-15T21:03:00.309+0000] {taskinstance.py:2076} INFO - Dependencies all met for dep_context=non-requeueable deps ti=<TaskInstance: etl_strava.extract_bronze_label_studio manual__2025-11-15T21:02:59.320519+00:00 [queued]>
[2025-11-15T21:03:00.317+0000] {taskinstance.py:2076} INFO - Dependencies all met for dep_context=requeueable deps ti=<TaskInstance: etl_strava.extract_bronze_label_studio manual__2025-11-15T21:02:59.320519+00:00 [queued]>
[2025-11-15T21:03:00.318+0000] {taskinstance.py:2306} INFO - Starting attempt 1 of 2
[2025-11-15T21:03:00.332+0000] {taskinstance.py:2330} INFO - Executing <Task(BashOperator): extract_bronze_label_studio> on 2025-11-15 21:02:59.320519+00:00
[2025-11-15T21:03:00.346+0000] {standard_task_runner.py:90} INFO - Running: ['***', 'tasks', 'run', 'etl_strava', 'extract_bronze_label_studio', 'manual__2025-11-15T21:02:59.320519+00:00', '--job-id', '278', '--raw', '--subdir', 'DAGS_FOLDER/pipeline_strava.py', '--cfg-path', '/tmp/tmprrq96cgg']
[2025-11-15T21:03:00.353+0000] {logging_mixin.py:188} WARNING - /home/***/.local/lib/python3.12/site-packages/***/task/task_runner/standard_task_runner.py:62 DeprecationWarning: This process (pid=573) is multi-threaded, use of fork() may lead to deadlocks in the child.
[2025-11-15T21:03:00.354+0000] {standard_task_runner.py:91} INFO - Job 278: Subtask extract_bronze_label_studio
[2025-11-15T21:03:00.355+0000] {standard_task_runner.py:64} INFO - Started process 576 to run task
[2025-11-15T21:03:00.474+0000] {task_command.py:426} INFO - Running <TaskInstance: etl_strava.extract_bronze_label_studio manual__2025-11-15T21:02:59.320519+00:00 [running]> on host fadf64fe711e
[2025-11-15T21:03:00.694+0000] {taskinstance.py:2648} INFO - Exporting env vars: AIRFLOW_CTX_DAG_OWNER='rayane' AIRFLOW_CTX_DAG_ID='etl_strava' AIRFLOW_CTX_TASK_ID='extract_bronze_label_studio' AIRFLOW_CTX_EXECUTION_DATE='2025-11-15T21:02:59.320519+00:00' AIRFLOW_CTX_TRY_NUMBER='1' AIRFLOW_CTX_DAG_RUN_ID='manual__2025-11-15T21:02:59.320519+00:00'
[2025-11-15T21:03:00.695+0000] {taskinstance.py:430} INFO - ::endgroup::
[2025-11-15T21:03:00.744+0000] {subprocess.py:63} INFO - Tmp dir root location: /tmp
[2025-11-15T21:03:00.745+0000] {subprocess.py:75} INFO - Running command: ['/usr/bin/bash', '-c', 'python  /opt/***/apps/extract_api_label_studio_strava.py']
[2025-11-15T21:03:00.768+0000] {subprocess.py:86} INFO - Output:
[2025-11-15T21:03:02.345+0000] {subprocess.py:93} INFO - Traceback (most recent call last):
[2025-11-15T21:03:02.348+0000] {subprocess.py:93} INFO -   File "/opt/***/apps/extract_api_label_studio_strava.py", line 5, in <module>
[2025-11-15T21:03:02.349+0000] {subprocess.py:93} INFO -     from label_studio_sdk import LabelStudio
[2025-11-15T21:03:02.349+0000] {subprocess.py:93} INFO - ModuleNotFoundError: No module named 'label_studio_sdk'
[2025-11-15T21:03:02.401+0000] {subprocess.py:97} INFO - Command exited with return code 1
[2025-11-15T21:03:02.403+0000] {taskinstance.py:441} INFO - ::group::Post task execution logs
[2025-11-15T21:03:02.447+0000] {taskinstance.py:2905} ERROR - Task failed with exception
Traceback (most recent call last):
  File "/home/airflow/.local/lib/python3.12/site-packages/airflow/models/taskinstance.py", line 465, in _execute_task
    result = _execute_callable(context=context, **execute_callable_kwargs)
             ^^^^^^^^^^^^^^^^^^^^^^^^^^^^^^^^^^^^^^^^^^^^^^^^^^^^^^^^^^^^^
  File "/home/airflow/.local/lib/python3.12/site-packages/airflow/models/taskinstance.py", line 432, in _execute_callable
    return execute_callable(context=context, **execute_callable_kwargs)
           ^^^^^^^^^^^^^^^^^^^^^^^^^^^^^^^^^^^^^^^^^^^^^^^^^^^^^^^^^^^^
  File "/home/airflow/.local/lib/python3.12/site-packages/airflow/models/baseoperator.py", line 401, in wrapper
    return func(self, *args, **kwargs)
           ^^^^^^^^^^^^^^^^^^^^^^^^^^^
  File "/home/airflow/.local/lib/python3.12/site-packages/airflow/operators/bash.py", line 243, in execute
    raise AirflowException(
airflow.exceptions.AirflowException: Bash command failed. The command returned a non-zero exit code 1.
[2025-11-15T21:03:02.458+0000] {taskinstance.py:1206} INFO - Marking task as UP_FOR_RETRY. dag_id=etl_strava, task_id=extract_bronze_label_studio, run_id=manual__2025-11-15T21:02:59.320519+00:00, execution_date=20251115T210259, start_date=20251115T210300, end_date=20251115T210302
[2025-11-15T21:03:02.503+0000] {standard_task_runner.py:110} ERROR - Failed to execute job 278 for task extract_bronze_label_studio (Bash command failed. The command returned a non-zero exit code 1.; 576)
[2025-11-15T21:03:02.544+0000] {local_task_job_runner.py:243} INFO - Task exited with return code 1
[2025-11-15T21:03:02.605+0000] {taskinstance.py:3503} INFO - 0 downstream tasks scheduled from follow-on schedule check
[2025-11-15T21:03:02.608+0000] {local_task_job_runner.py:222} INFO - ::endgroup::
