[2025-11-15T21:06:43.360+0000] {local_task_job_runner.py:120} INFO - ::group::Pre task execution logs
[2025-11-15T21:06:43.413+0000] {taskinstance.py:2076} INFO - Dependencies all met for dep_context=non-requeueable deps ti=<TaskInstance: etl_strava.extract_bronze_activities manual__2025-11-15T21:06:42.465737+00:00 [queued]>
[2025-11-15T21:06:43.420+0000] {taskinstance.py:2076} INFO - Dependencies all met for dep_context=requeueable deps ti=<TaskInstance: etl_strava.extract_bronze_activities manual__2025-11-15T21:06:42.465737+00:00 [queued]>
[2025-11-15T21:06:43.420+0000] {taskinstance.py:2306} INFO - Starting attempt 1 of 2
[2025-11-15T21:06:43.450+0000] {taskinstance.py:2330} INFO - Executing <Task(BashOperator): extract_bronze_activities> on 2025-11-15 21:06:42.465737+00:00
[2025-11-15T21:06:43.461+0000] {standard_task_runner.py:90} INFO - Running: ['***', 'tasks', 'run', 'etl_strava', 'extract_bronze_activities', 'manual__2025-11-15T21:06:42.465737+00:00', '--job-id', '283', '--raw', '--subdir', 'DAGS_FOLDER/pipeline_strava.py', '--cfg-path', '/tmp/tmpi1f0yqqw']
[2025-11-15T21:06:43.466+0000] {logging_mixin.py:188} WARNING - /home/***/.local/lib/python3.12/site-packages/***/task/task_runner/standard_task_runner.py:62 DeprecationWarning: This process (pid=178) is multi-threaded, use of fork() may lead to deadlocks in the child.
[2025-11-15T21:06:43.466+0000] {standard_task_runner.py:91} INFO - Job 283: Subtask extract_bronze_activities
[2025-11-15T21:06:43.466+0000] {standard_task_runner.py:64} INFO - Started process 181 to run task
[2025-11-15T21:06:43.526+0000] {task_command.py:426} INFO - Running <TaskInstance: etl_strava.extract_bronze_activities manual__2025-11-15T21:06:42.465737+00:00 [running]> on host fadf64fe711e
[2025-11-15T21:06:43.636+0000] {taskinstance.py:2648} INFO - Exporting env vars: AIRFLOW_CTX_DAG_OWNER='rayane' AIRFLOW_CTX_DAG_ID='etl_strava' AIRFLOW_CTX_TASK_ID='extract_bronze_activities' AIRFLOW_CTX_EXECUTION_DATE='2025-11-15T21:06:42.465737+00:00' AIRFLOW_CTX_TRY_NUMBER='1' AIRFLOW_CTX_DAG_RUN_ID='manual__2025-11-15T21:06:42.465737+00:00'
[2025-11-15T21:06:43.637+0000] {taskinstance.py:430} INFO - ::endgroup::
[2025-11-15T21:06:43.658+0000] {subprocess.py:63} INFO - Tmp dir root location: /tmp
[2025-11-15T21:06:43.659+0000] {subprocess.py:75} INFO - Running command: ['/usr/bin/bash', '-c', 'python /opt/***/apps/extract_api_strava_user_activities.py']
[2025-11-15T21:06:43.666+0000] {subprocess.py:86} INFO - Output:
[2025-11-15T21:06:46.344+0000] {subprocess.py:93} INFO - Usando o arquivo de variaveis em: /opt/***/apps/.env
[2025-11-15T21:06:46.346+0000] {subprocess.py:93} INFO - 184573
[2025-11-15T21:06:46.346+0000] {subprocess.py:93} INFO -  ⚠️  O Token atual expira em: 2025-11-16 00:35:34
[2025-11-15T21:06:46.346+0000] {subprocess.py:93} INFO - Usando o arquivo de variaveis em: /opt/***/apps/.env
[2025-11-15T21:06:46.347+0000] {subprocess.py:93} INFO - ✅ Credenciais Autenticadas
[2025-11-15T21:06:46.347+0000] {subprocess.py:93} INFO - PROCESSAMENTO INCREMENTAL A PARTIR DE 2025-10-15 18:54:14+00:00
[2025-11-15T21:06:46.347+0000] {subprocess.py:93} INFO - 2025-10-15 18:54:14+00:00
[2025-11-15T21:06:46.347+0000] {subprocess.py:93} INFO - Extraçao iniciada, aguarde... ⏳
[2025-11-15T21:06:46.348+0000] {subprocess.py:93} INFO - 2025-11-15 10:48:51+00:00 2025-11-15 10:48:50+00:00 2025-11-15 10:48:50+00:00
[2025-11-15T21:06:46.348+0000] {subprocess.py:93} INFO -  ⏩ Atualizando data para 2025-11-15 10:48:51+00:00 ⏩
[2025-11-15T21:06:46.348+0000] {subprocess.py:93} INFO - 2025-11-15 10:48:51+00:00
[2025-11-15T21:06:46.348+0000] {subprocess.py:93} INFO - Extraçao iniciada, aguarde... ⏳
[2025-11-15T21:06:46.349+0000] {subprocess.py:93} INFO -  Nenhuma nova atividade encontrada, finalizando extração ⏳
[2025-11-15T21:06:46.349+0000] {subprocess.py:93} INFO -  📋 0 Atividades registradas, 0 atividades alteradas
[2025-11-15T21:06:46.349+0000] {subprocess.py:93} INFO -  📋 2025-11-15 10:48:50+00:00 Ultima data registrada
[2025-11-15T21:06:46.349+0000] {subprocess.py:93} INFO - ✅ Processo de extração finalizado ✅
[2025-11-15T21:06:46.437+0000] {subprocess.py:97} INFO - Command exited with return code 0
[2025-11-15T21:06:46.439+0000] {taskinstance.py:441} INFO - ::group::Post task execution logs
[2025-11-15T21:06:46.465+0000] {taskinstance.py:1206} INFO - Marking task as SUCCESS. dag_id=etl_strava, task_id=extract_bronze_activities, run_id=manual__2025-11-15T21:06:42.465737+00:00, execution_date=20251115T210642, start_date=20251115T210643, end_date=20251115T210646
[2025-11-15T21:06:46.511+0000] {local_task_job_runner.py:243} INFO - Task exited with return code 0
[2025-11-15T21:06:46.527+0000] {taskinstance.py:3503} INFO - 0 downstream tasks scheduled from follow-on schedule check
[2025-11-15T21:06:46.528+0000] {local_task_job_runner.py:222} INFO - ::endgroup::
