[2025-11-18T22:17:49.041+0000] {local_task_job_runner.py:120} INFO - ::group::Pre task execution logs
[2025-11-18T22:17:49.056+0000] {taskinstance.py:2076} INFO - Dependencies all met for dep_context=non-requeueable deps ti=<TaskInstance: etl_strava_activities.extract_bronze_activities manual__2025-11-18T22:17:47.926244+00:00 [queued]>
[2025-11-18T22:17:49.059+0000] {taskinstance.py:2076} INFO - Dependencies all met for dep_context=requeueable deps ti=<TaskInstance: etl_strava_activities.extract_bronze_activities manual__2025-11-18T22:17:47.926244+00:00 [queued]>
[2025-11-18T22:17:49.059+0000] {taskinstance.py:2306} INFO - Starting attempt 1 of 2
[2025-11-18T22:17:49.064+0000] {taskinstance.py:2330} INFO - Executing <Task(BashOperator): extract_bronze_activities> on 2025-11-18 22:17:47.926244+00:00
[2025-11-18T22:17:49.071+0000] {logging_mixin.py:188} WARNING - /home/***/.local/lib/python3.12/site-packages/***/task/task_runner/standard_task_runner.py:62 DeprecationWarning: This process (pid=1051) is multi-threaded, use of fork() may lead to deadlocks in the child.
[2025-11-18T22:17:49.069+0000] {standard_task_runner.py:90} INFO - Running: ['***', 'tasks', 'run', 'etl_strava_activities', 'extract_bronze_activities', 'manual__2025-11-18T22:17:47.926244+00:00', '--job-id', '27', '--raw', '--subdir', 'DAGS_FOLDER/pipeline_strava_activities.py', '--cfg-path', '/tmp/tmpii3dqash']
[2025-11-18T22:17:49.073+0000] {standard_task_runner.py:64} INFO - Started process 1052 to run task
[2025-11-18T22:17:49.073+0000] {standard_task_runner.py:91} INFO - Job 27: Subtask extract_bronze_activities
[2025-11-18T22:17:49.098+0000] {task_command.py:426} INFO - Running <TaskInstance: etl_strava_activities.extract_bronze_activities manual__2025-11-18T22:17:47.926244+00:00 [running]> on host 1f6ebb9bd530
[2025-11-18T22:17:49.128+0000] {taskinstance.py:2648} INFO - Exporting env vars: AIRFLOW_CTX_DAG_OWNER='rayane' AIRFLOW_CTX_DAG_ID='etl_strava_activities' AIRFLOW_CTX_TASK_ID='extract_bronze_activities' AIRFLOW_CTX_EXECUTION_DATE='2025-11-18T22:17:47.926244+00:00' AIRFLOW_CTX_TRY_NUMBER='1' AIRFLOW_CTX_DAG_RUN_ID='manual__2025-11-18T22:17:47.926244+00:00'
[2025-11-18T22:17:49.128+0000] {taskinstance.py:430} INFO - ::endgroup::
[2025-11-18T22:17:49.134+0000] {subprocess.py:63} INFO - Tmp dir root location: /tmp
[2025-11-18T22:17:49.135+0000] {subprocess.py:75} INFO - Running command: ['/usr/bin/bash', '-c', 'python /opt/***/apps/01-bronze/extract_api_strava_user_activities.py']
[2025-11-18T22:17:49.137+0000] {subprocess.py:86} INFO - Output:
[2025-11-18T22:17:50.680+0000] {subprocess.py:93} INFO - Usando o arquivo de variaveis em: /opt/***/apps/.env
[2025-11-18T22:17:50.680+0000] {subprocess.py:93} INFO - 186060
[2025-11-18T22:17:50.681+0000] {subprocess.py:93} INFO -  ⚠️  O Token atual expira em: 2025-11-18 23:57:12
[2025-11-18T22:17:50.681+0000] {subprocess.py:93} INFO - Usando o arquivo de variaveis em: /opt/***/apps/.env
[2025-11-18T22:17:50.681+0000] {subprocess.py:93} INFO - ✅ Credenciais Autenticadas
[2025-11-18T22:17:50.681+0000] {subprocess.py:93} INFO - Traceback (most recent call last):
[2025-11-18T22:17:50.681+0000] {subprocess.py:93} INFO -   File "/opt/***/apps/01-bronze/extract_api_strava_user_activities.py", line 234, in <module>
[2025-11-18T22:17:50.682+0000] {subprocess.py:93} INFO -     data_init = datetime.fromisoformat(os.getenv("LAST_DATE_USER_ACTIVITIE")) - timedelta(days=30)
[2025-11-18T22:17:50.682+0000] {subprocess.py:93} INFO -                 ^^^^^^^^^^^^^^^^^^^^^^^^^^^^^^^^^^^^^^^^^^^^^^^^^^^^^^^^^^^^^
[2025-11-18T22:17:50.682+0000] {subprocess.py:93} INFO - ValueError: Invalid isoformat string: ''
[2025-11-18T22:17:50.744+0000] {subprocess.py:97} INFO - Command exited with return code 1
[2025-11-18T22:17:50.744+0000] {taskinstance.py:441} INFO - ::group::Post task execution logs
[2025-11-18T22:17:50.750+0000] {taskinstance.py:2905} ERROR - Task failed with exception
Traceback (most recent call last):
  File "/home/airflow/.local/lib/python3.12/site-packages/airflow/models/taskinstance.py", line 465, in _execute_task
    result = _execute_callable(context=context, **execute_callable_kwargs)
             ^^^^^^^^^^^^^^^^^^^^^^^^^^^^^^^^^^^^^^^^^^^^^^^^^^^^^^^^^^^^^
  File "/home/airflow/.local/lib/python3.12/site-packages/airflow/models/taskinstance.py", line 432, in _execute_callable
    return execute_callable(context=context, **execute_callable_kwargs)
           ^^^^^^^^^^^^^^^^^^^^^^^^^^^^^^^^^^^^^^^^^^^^^^^^^^^^^^^^^^^^
  File "/home/airflow/.local/lib/python3.12/site-packages/airflow/models/baseoperator.py", line 401, in wrapper
    return func(self, *args, **kwargs)
           ^^^^^^^^^^^^^^^^^^^^^^^^^^^
  File "/home/airflow/.local/lib/python3.12/site-packages/airflow/operators/bash.py", line 243, in execute
    raise AirflowException(
airflow.exceptions.AirflowException: Bash command failed. The command returned a non-zero exit code 1.
[2025-11-18T22:17:50.753+0000] {taskinstance.py:1206} INFO - Marking task as UP_FOR_RETRY. dag_id=etl_strava_activities, task_id=extract_bronze_activities, run_id=manual__2025-11-18T22:17:47.926244+00:00, execution_date=20251118T221747, start_date=20251118T221749, end_date=20251118T221750
[2025-11-18T22:17:50.759+0000] {standard_task_runner.py:110} ERROR - Failed to execute job 27 for task extract_bronze_activities (Bash command failed. The command returned a non-zero exit code 1.; 1052)
[2025-11-18T22:17:50.790+0000] {local_task_job_runner.py:243} INFO - Task exited with return code 1
[2025-11-18T22:17:50.800+0000] {taskinstance.py:3503} INFO - 0 downstream tasks scheduled from follow-on schedule check
[2025-11-18T22:17:50.801+0000] {local_task_job_runner.py:222} INFO - ::endgroup::
