[2025-11-16T18:29:51.105+0000] {local_task_job_runner.py:120} INFO - ::group::Pre task execution logs
[2025-11-16T18:29:51.152+0000] {taskinstance.py:2076} INFO - Dependencies all met for dep_context=non-requeueable deps ti=<TaskInstance: etl_strava_user_profile.extract_bronze_user manual__2025-11-16T18:29:50.468667+00:00 [queued]>
[2025-11-16T18:29:51.159+0000] {taskinstance.py:2076} INFO - Dependencies all met for dep_context=requeueable deps ti=<TaskInstance: etl_strava_user_profile.extract_bronze_user manual__2025-11-16T18:29:50.468667+00:00 [queued]>
[2025-11-16T18:29:51.160+0000] {taskinstance.py:2306} INFO - Starting attempt 1 of 2
[2025-11-16T18:29:51.172+0000] {taskinstance.py:2330} INFO - Executing <Task(BashOperator): extract_bronze_user> on 2025-11-16 18:29:50.468667+00:00
[2025-11-16T18:29:51.185+0000] {logging_mixin.py:188} WARNING - /home/***/.local/lib/python3.12/site-packages/***/task/task_runner/standard_task_runner.py:62 DeprecationWarning: This process (pid=2897) is multi-threaded, use of fork() may lead to deadlocks in the child.
[2025-11-16T18:29:51.182+0000] {standard_task_runner.py:90} INFO - Running: ['***', 'tasks', 'run', 'etl_strava_user_profile', 'extract_bronze_user', 'manual__2025-11-16T18:29:50.468667+00:00', '--job-id', '362', '--raw', '--subdir', 'DAGS_FOLDER/pipeline_strava_user.py', '--cfg-path', '/tmp/tmppm4gd59e']
[2025-11-16T18:29:51.187+0000] {standard_task_runner.py:64} INFO - Started process 2898 to run task
[2025-11-16T18:29:51.187+0000] {standard_task_runner.py:91} INFO - Job 362: Subtask extract_bronze_user
[2025-11-16T18:29:51.249+0000] {task_command.py:426} INFO - Running <TaskInstance: etl_strava_user_profile.extract_bronze_user manual__2025-11-16T18:29:50.468667+00:00 [running]> on host 602d3770b2e4
[2025-11-16T18:29:51.330+0000] {taskinstance.py:2648} INFO - Exporting env vars: AIRFLOW_CTX_DAG_OWNER='rayane' AIRFLOW_CTX_DAG_ID='etl_strava_user_profile' AIRFLOW_CTX_TASK_ID='extract_bronze_user' AIRFLOW_CTX_EXECUTION_DATE='2025-11-16T18:29:50.468667+00:00' AIRFLOW_CTX_TRY_NUMBER='1' AIRFLOW_CTX_DAG_RUN_ID='manual__2025-11-16T18:29:50.468667+00:00'
[2025-11-16T18:29:51.332+0000] {taskinstance.py:430} INFO - ::endgroup::
[2025-11-16T18:29:51.348+0000] {subprocess.py:63} INFO - Tmp dir root location: /tmp
[2025-11-16T18:29:51.350+0000] {subprocess.py:75} INFO - Running command: ['/usr/bin/bash', '-c', 'python  /opt/***/apps//01-bronze/extract_api_strava_user.py']
[2025-11-16T18:29:51.357+0000] {subprocess.py:86} INFO - Output:
[2025-11-16T18:29:53.757+0000] {subprocess.py:93} INFO -  ⚠️   O Token atual expira em: 2025-11-16 22:49:48
[2025-11-16T18:29:53.758+0000] {subprocess.py:93} INFO - ✅ Credenciaiss Autenticadas
[2025-11-16T18:29:53.758+0000] {subprocess.py:93} INFO - ✅ Fazendo inser;áo de novos dados
[2025-11-16T18:29:53.758+0000] {subprocess.py:93} INFO - Traceback (most recent call last):
[2025-11-16T18:29:53.758+0000] {subprocess.py:93} INFO -   File "/opt/***/apps//01-bronze/extract_api_strava_user.py", line 83, in <module>
[2025-11-16T18:29:53.759+0000] {subprocess.py:93} INFO -     put_json_minio(s3_client, os.getenv("BRONZE_BUCKET_USER") , name_file_output_json, athlete_dict)
[2025-11-16T18:29:53.760+0000] {subprocess.py:93} INFO -   File "/opt/***/apps//01-bronze/extract_api_strava_user.py", line 30, in put_json_minio
[2025-11-16T18:29:53.760+0000] {subprocess.py:93} INFO -     s3_client.put_object(Bucket=bucket, Key=key, Body=body, ContentType="application/json")
[2025-11-16T18:29:53.760+0000] {subprocess.py:93} INFO - TypeError: Minio.put_object() got an unexpected keyword argument 'Bucket'
[2025-11-16T18:29:53.997+0000] {subprocess.py:97} INFO - Command exited with return code 1
[2025-11-16T18:29:53.998+0000] {taskinstance.py:441} INFO - ::group::Post task execution logs
[2025-11-16T18:29:54.011+0000] {taskinstance.py:2905} ERROR - Task failed with exception
Traceback (most recent call last):
  File "/home/airflow/.local/lib/python3.12/site-packages/airflow/models/taskinstance.py", line 465, in _execute_task
    result = _execute_callable(context=context, **execute_callable_kwargs)
             ^^^^^^^^^^^^^^^^^^^^^^^^^^^^^^^^^^^^^^^^^^^^^^^^^^^^^^^^^^^^^
  File "/home/airflow/.local/lib/python3.12/site-packages/airflow/models/taskinstance.py", line 432, in _execute_callable
    return execute_callable(context=context, **execute_callable_kwargs)
           ^^^^^^^^^^^^^^^^^^^^^^^^^^^^^^^^^^^^^^^^^^^^^^^^^^^^^^^^^^^^
  File "/home/airflow/.local/lib/python3.12/site-packages/airflow/models/baseoperator.py", line 401, in wrapper
    return func(self, *args, **kwargs)
           ^^^^^^^^^^^^^^^^^^^^^^^^^^^
  File "/home/airflow/.local/lib/python3.12/site-packages/airflow/operators/bash.py", line 243, in execute
    raise AirflowException(
airflow.exceptions.AirflowException: Bash command failed. The command returned a non-zero exit code 1.
[2025-11-16T18:29:54.015+0000] {taskinstance.py:1206} INFO - Marking task as UP_FOR_RETRY. dag_id=etl_strava_user_profile, task_id=extract_bronze_user, run_id=manual__2025-11-16T18:29:50.468667+00:00, execution_date=20251116T182950, start_date=20251116T182951, end_date=20251116T182954
[2025-11-16T18:29:54.028+0000] {standard_task_runner.py:110} ERROR - Failed to execute job 362 for task extract_bronze_user (Bash command failed. The command returned a non-zero exit code 1.; 2898)
[2025-11-16T18:29:54.040+0000] {local_task_job_runner.py:243} INFO - Task exited with return code 1
[2025-11-16T18:29:54.057+0000] {taskinstance.py:3503} INFO - 0 downstream tasks scheduled from follow-on schedule check
[2025-11-16T18:29:54.059+0000] {local_task_job_runner.py:222} INFO - ::endgroup::
