[2025-11-16T16:44:37.853+0000] {local_task_job_runner.py:120} INFO - ::group::Pre task execution logs
[2025-11-16T16:44:37.943+0000] {taskinstance.py:2076} INFO - Dependencies all met for dep_context=non-requeueable deps ti=<TaskInstance: etl_label_studio.extract_bronze_label_studio manual__2025-11-16T16:44:37.132549+00:00 [queued]>
[2025-11-16T16:44:37.958+0000] {taskinstance.py:2076} INFO - Dependencies all met for dep_context=requeueable deps ti=<TaskInstance: etl_label_studio.extract_bronze_label_studio manual__2025-11-16T16:44:37.132549+00:00 [queued]>
[2025-11-16T16:44:37.958+0000] {taskinstance.py:2306} INFO - Starting attempt 1 of 2
[2025-11-16T16:44:37.993+0000] {taskinstance.py:2330} INFO - Executing <Task(BashOperator): extract_bronze_label_studio> on 2025-11-16 16:44:37.132549+00:00
[2025-11-16T16:44:38.038+0000] {logging_mixin.py:188} WARNING - /home/***/.local/lib/python3.12/site-packages/***/task/task_runner/standard_task_runner.py:62 DeprecationWarning: This process (pid=5891) is multi-threaded, use of fork() may lead to deadlocks in the child.
[2025-11-16T16:44:38.036+0000] {standard_task_runner.py:90} INFO - Running: ['***', 'tasks', 'run', 'etl_label_studio', 'extract_bronze_label_studio', 'manual__2025-11-16T16:44:37.132549+00:00', '--job-id', '341', '--raw', '--subdir', 'DAGS_FOLDER/pipeline_label_studio.py', '--cfg-path', '/tmp/tmpdgrd4u1p']
[2025-11-16T16:44:38.040+0000] {standard_task_runner.py:64} INFO - Started process 5892 to run task
[2025-11-16T16:44:38.041+0000] {standard_task_runner.py:91} INFO - Job 341: Subtask extract_bronze_label_studio
[2025-11-16T16:44:38.187+0000] {task_command.py:426} INFO - Running <TaskInstance: etl_label_studio.extract_bronze_label_studio manual__2025-11-16T16:44:37.132549+00:00 [running]> on host 5f5c6e0969f2
[2025-11-16T16:44:38.318+0000] {taskinstance.py:2648} INFO - Exporting env vars: AIRFLOW_CTX_DAG_OWNER='rayane' AIRFLOW_CTX_DAG_ID='etl_label_studio' AIRFLOW_CTX_TASK_ID='extract_bronze_label_studio' AIRFLOW_CTX_EXECUTION_DATE='2025-11-16T16:44:37.132549+00:00' AIRFLOW_CTX_TRY_NUMBER='1' AIRFLOW_CTX_DAG_RUN_ID='manual__2025-11-16T16:44:37.132549+00:00'
[2025-11-16T16:44:38.320+0000] {taskinstance.py:430} INFO - ::endgroup::
[2025-11-16T16:44:38.335+0000] {subprocess.py:63} INFO - Tmp dir root location: /tmp
[2025-11-16T16:44:38.336+0000] {subprocess.py:75} INFO - Running command: ['/usr/bin/bash', '-c', 'python /opt/***/apps//01-bronze/extract_api_label_studio_strava.py']
[2025-11-16T16:44:38.361+0000] {subprocess.py:86} INFO - Output:
[2025-11-16T16:44:39.236+0000] {subprocess.py:93} INFO - PAT (começo):  ...
[2025-11-16T16:44:39.237+0000] {subprocess.py:93} INFO - Traceback (most recent call last):
[2025-11-16T16:44:39.238+0000] {subprocess.py:93} INFO -   File "/opt/***/apps//01-bronze/extract_api_label_studio_strava.py", line 34, in <module>
[2025-11-16T16:44:39.240+0000] {subprocess.py:93} INFO -     resp.raise_for_status()
[2025-11-16T16:44:39.240+0000] {subprocess.py:93} INFO -   File "/home/***/.local/lib/python3.12/site-packages/requests/models.py", line 1024, in raise_for_status
[2025-11-16T16:44:39.241+0000] {subprocess.py:93} INFO -     raise HTTPError(http_error_msg, response=self)
[2025-11-16T16:44:39.241+0000] {subprocess.py:93} INFO - requests.exceptions.HTTPError: 400 Client Error: Bad Request for url: http://label-studio:8080/api/token/refresh
[2025-11-16T16:44:39.268+0000] {subprocess.py:97} INFO - Command exited with return code 1
[2025-11-16T16:44:39.269+0000] {taskinstance.py:441} INFO - ::group::Post task execution logs
[2025-11-16T16:44:39.282+0000] {taskinstance.py:2905} ERROR - Task failed with exception
Traceback (most recent call last):
  File "/home/airflow/.local/lib/python3.12/site-packages/airflow/models/taskinstance.py", line 465, in _execute_task
    result = _execute_callable(context=context, **execute_callable_kwargs)
             ^^^^^^^^^^^^^^^^^^^^^^^^^^^^^^^^^^^^^^^^^^^^^^^^^^^^^^^^^^^^^
  File "/home/airflow/.local/lib/python3.12/site-packages/airflow/models/taskinstance.py", line 432, in _execute_callable
    return execute_callable(context=context, **execute_callable_kwargs)
           ^^^^^^^^^^^^^^^^^^^^^^^^^^^^^^^^^^^^^^^^^^^^^^^^^^^^^^^^^^^^
  File "/home/airflow/.local/lib/python3.12/site-packages/airflow/models/baseoperator.py", line 401, in wrapper
    return func(self, *args, **kwargs)
           ^^^^^^^^^^^^^^^^^^^^^^^^^^^
  File "/home/airflow/.local/lib/python3.12/site-packages/airflow/operators/bash.py", line 243, in execute
    raise AirflowException(
airflow.exceptions.AirflowException: Bash command failed. The command returned a non-zero exit code 1.
[2025-11-16T16:44:39.285+0000] {taskinstance.py:1206} INFO - Marking task as UP_FOR_RETRY. dag_id=etl_label_studio, task_id=extract_bronze_label_studio, run_id=manual__2025-11-16T16:44:37.132549+00:00, execution_date=20251116T164437, start_date=20251116T164437, end_date=20251116T164439
[2025-11-16T16:44:39.296+0000] {standard_task_runner.py:110} ERROR - Failed to execute job 341 for task extract_bronze_label_studio (Bash command failed. The command returned a non-zero exit code 1.; 5892)
[2025-11-16T16:44:39.305+0000] {local_task_job_runner.py:243} INFO - Task exited with return code 1
[2025-11-16T16:44:39.320+0000] {taskinstance.py:3503} INFO - 0 downstream tasks scheduled from follow-on schedule check
[2025-11-16T16:44:39.321+0000] {local_task_job_runner.py:222} INFO - ::endgroup::
