[2025-11-19T03:07:38.219+0000] {local_task_job_runner.py:120} INFO - ::group::Pre task execution logs
[2025-11-19T03:07:38.434+0000] {taskinstance.py:2076} INFO - Dependencies all met for dep_context=non-requeueable deps ti=<TaskInstance: etl_strava_activities.extract_gold_fact_activities scheduled__2025-11-18T03:00:00+00:00 [queued]>
[2025-11-19T03:07:38.477+0000] {taskinstance.py:2076} INFO - Dependencies all met for dep_context=requeueable deps ti=<TaskInstance: etl_strava_activities.extract_gold_fact_activities scheduled__2025-11-18T03:00:00+00:00 [queued]>
[2025-11-19T03:07:38.478+0000] {taskinstance.py:2306} INFO - Starting attempt 1 of 2
[2025-11-19T03:07:38.519+0000] {taskinstance.py:2330} INFO - Executing <Task(BashOperator): extract_gold_fact_activities> on 2025-11-18 03:00:00+00:00
[2025-11-19T03:07:38.560+0000] {logging_mixin.py:188} WARNING - /home/***/.local/lib/python3.12/site-packages/***/task/task_runner/standard_task_runner.py:62 DeprecationWarning: This process (pid=488) is multi-threaded, use of fork() may lead to deadlocks in the child.
[2025-11-19T03:07:38.557+0000] {standard_task_runner.py:90} INFO - Running: ['***', 'tasks', 'run', 'etl_strava_activities', 'extract_gold_fact_activities', 'scheduled__2025-11-18T03:00:00+00:00', '--job-id', '131', '--raw', '--subdir', 'DAGS_FOLDER/pipeline_strava_activities.py', '--cfg-path', '/tmp/tmpxyzd4qxm']
[2025-11-19T03:07:38.562+0000] {standard_task_runner.py:64} INFO - Started process 489 to run task
[2025-11-19T03:07:38.562+0000] {standard_task_runner.py:91} INFO - Job 131: Subtask extract_gold_fact_activities
[2025-11-19T03:07:38.675+0000] {task_command.py:426} INFO - Running <TaskInstance: etl_strava_activities.extract_gold_fact_activities scheduled__2025-11-18T03:00:00+00:00 [running]> on host 2c2744cf683e
[2025-11-19T03:07:38.816+0000] {taskinstance.py:2648} INFO - Exporting env vars: AIRFLOW_CTX_DAG_OWNER='rayane' AIRFLOW_CTX_DAG_ID='etl_strava_activities' AIRFLOW_CTX_TASK_ID='extract_gold_fact_activities' AIRFLOW_CTX_EXECUTION_DATE='2025-11-18T03:00:00+00:00' AIRFLOW_CTX_TRY_NUMBER='1' AIRFLOW_CTX_DAG_RUN_ID='scheduled__2025-11-18T03:00:00+00:00'
[2025-11-19T03:07:38.819+0000] {taskinstance.py:430} INFO - ::endgroup::
[2025-11-19T03:07:38.839+0000] {subprocess.py:63} INFO - Tmp dir root location: /tmp
[2025-11-19T03:07:38.840+0000] {subprocess.py:75} INFO - Running command: ['/usr/bin/bash', '-c', 'python /opt/***/apps/03-gold/fact_user_activities_strava.py']
[2025-11-19T03:07:38.855+0000] {subprocess.py:86} INFO - Output:
[2025-11-19T03:23:10.691+0000] {subprocess.py:93} INFO - 25/11/19 03:23:10 WARN NativeCodeLoader: Unable to load native-hadoop library for your platform... using builtin-java classes where applicable
[2025-11-19T03:23:11.228+0000] {subprocess.py:93} INFO - Setting default log level to "WARN".
[2025-11-19T03:23:11.229+0000] {subprocess.py:93} INFO - To adjust logging level use sc.setLogLevel(newLevel). For SparkR, use setLogLevel(newLevel).
[2025-11-19T03:23:19.578+0000] {local_task_job_runner.py:313} WARNING - State of this instance has been externally set to up_for_retry. Terminating instance.
[2025-11-19T03:23:19.582+0000] {local_task_job_runner.py:222} INFO - ::endgroup::
[2025-11-19T03:23:19.585+0000] {process_utils.py:132} INFO - Sending 15 to group 489. PIDs of all processes in the group: [490, 500, 489]
[2025-11-19T03:23:19.586+0000] {process_utils.py:87} INFO - Sending the signal 15 to group 489
[2025-11-19T03:23:19.587+0000] {taskinstance.py:2611} ERROR - Received SIGTERM. Terminating subprocesses.
[2025-11-19T03:23:19.590+0000] {subprocess.py:104} INFO - Sending SIGTERM signal to process group
[2025-11-19T03:23:19.592+0000] {taskinstance.py:441} INFO - ::group::Post task execution logs
[2025-11-19T03:23:19.626+0000] {taskinstance.py:2905} ERROR - Task failed with exception
Traceback (most recent call last):
  File "/home/airflow/.local/lib/python3.12/site-packages/airflow/models/taskinstance.py", line 465, in _execute_task
    result = _execute_callable(context=context, **execute_callable_kwargs)
             ^^^^^^^^^^^^^^^^^^^^^^^^^^^^^^^^^^^^^^^^^^^^^^^^^^^^^^^^^^^^^
  File "/home/airflow/.local/lib/python3.12/site-packages/airflow/models/taskinstance.py", line 432, in _execute_callable
    return execute_callable(context=context, **execute_callable_kwargs)
           ^^^^^^^^^^^^^^^^^^^^^^^^^^^^^^^^^^^^^^^^^^^^^^^^^^^^^^^^^^^^
  File "/home/airflow/.local/lib/python3.12/site-packages/airflow/models/baseoperator.py", line 401, in wrapper
    return func(self, *args, **kwargs)
           ^^^^^^^^^^^^^^^^^^^^^^^^^^^
  File "/home/airflow/.local/lib/python3.12/site-packages/airflow/operators/bash.py", line 234, in execute
    result = self.subprocess_hook.run_command(
             ^^^^^^^^^^^^^^^^^^^^^^^^^^^^^^^^^
  File "/home/airflow/.local/lib/python3.12/site-packages/airflow/hooks/subprocess.py", line 91, in run_command
    for raw_line in iter(self.sub_process.stdout.readline, b""):
  File "/home/airflow/.local/lib/python3.12/site-packages/airflow/models/taskinstance.py", line 2613, in signal_handler
    raise AirflowTaskTerminated("Task received SIGTERM signal")
airflow.exceptions.AirflowTaskTerminated: Task received SIGTERM signal
[2025-11-19T03:23:19.641+0000] {taskinstance.py:1206} INFO - Marking task as FAILED. dag_id=etl_strava_activities, task_id=extract_gold_fact_activities, run_id=scheduled__2025-11-18T03:00:00+00:00, execution_date=20251118T030000, start_date=20251119T030738, end_date=20251119T032319
[2025-11-19T03:23:19.731+0000] {process_utils.py:80} INFO - Process psutil.Process(pid=489, status='terminated', exitcode=2, started='03:07:38') (489) terminated with exit code 2
[2025-11-19T03:23:20.066+0000] {process_utils.py:80} INFO - Process psutil.Process(pid=490, status='terminated', started='03:07:38') (490) terminated with exit code None
[2025-11-19T03:23:20.171+0000] {process_utils.py:80} INFO - Process psutil.Process(pid=500, status='terminated', started='03:07:39') (500) terminated with exit code None
