[2025-11-14T18:03:37.193+0000] {local_task_job_runner.py:120} INFO - ::group::Pre task execution logs
[2025-11-14T18:03:37.237+0000] {taskinstance.py:2076} INFO - Dependencies all met for dep_context=non-requeueable deps ti=<TaskInstance: etl_strava.extract_bronze_activities manual__2025-11-14T18:03:36.344798+00:00 [queued]>
[2025-11-14T18:03:37.243+0000] {taskinstance.py:2076} INFO - Dependencies all met for dep_context=requeueable deps ti=<TaskInstance: etl_strava.extract_bronze_activities manual__2025-11-14T18:03:36.344798+00:00 [queued]>
[2025-11-14T18:03:37.243+0000] {taskinstance.py:2306} INFO - Starting attempt 1 of 2
[2025-11-14T18:03:37.255+0000] {taskinstance.py:2330} INFO - Executing <Task(BashOperator): extract_bronze_activities> on 2025-11-14 18:03:36.344798+00:00
[2025-11-14T18:03:37.263+0000] {standard_task_runner.py:90} INFO - Running: ['***', 'tasks', 'run', 'etl_strava', 'extract_bronze_activities', 'manual__2025-11-14T18:03:36.344798+00:00', '--job-id', '100', '--raw', '--subdir', 'DAGS_FOLDER/pipeline_strava.py', '--cfg-path', '/tmp/tmplwc329q0']
[2025-11-14T18:03:37.266+0000] {logging_mixin.py:188} WARNING - /home/***/.local/lib/python3.12/site-packages/***/task/task_runner/standard_task_runner.py:62 DeprecationWarning: This process (pid=467) is multi-threaded, use of fork() may lead to deadlocks in the child.
[2025-11-14T18:03:37.267+0000] {standard_task_runner.py:91} INFO - Job 100: Subtask extract_bronze_activities
[2025-11-14T18:03:37.267+0000] {standard_task_runner.py:64} INFO - Started process 468 to run task
[2025-11-14T18:03:37.315+0000] {task_command.py:426} INFO - Running <TaskInstance: etl_strava.extract_bronze_activities manual__2025-11-14T18:03:36.344798+00:00 [running]> on host b269fe91ab72
[2025-11-14T18:03:37.390+0000] {taskinstance.py:2648} INFO - Exporting env vars: AIRFLOW_CTX_DAG_OWNER='rayane' AIRFLOW_CTX_DAG_ID='etl_strava' AIRFLOW_CTX_TASK_ID='extract_bronze_activities' AIRFLOW_CTX_EXECUTION_DATE='2025-11-14T18:03:36.344798+00:00' AIRFLOW_CTX_TRY_NUMBER='1' AIRFLOW_CTX_DAG_RUN_ID='manual__2025-11-14T18:03:36.344798+00:00'
[2025-11-14T18:03:37.391+0000] {taskinstance.py:430} INFO - ::endgroup::
[2025-11-14T18:03:37.406+0000] {subprocess.py:63} INFO - Tmp dir root location: /tmp
[2025-11-14T18:03:37.407+0000] {subprocess.py:75} INFO - Running command: ['/usr/bin/bash', '-c', 'python /opt/***/apps/extract_api_strava_user_activities.py']
[2025-11-14T18:03:37.413+0000] {subprocess.py:86} INFO - Output:
[2025-11-14T18:03:45.603+0000] {subprocess.py:93} INFO - Usando o arquivo de variaveis em: /opt/***/apps/.env
[2025-11-14T18:03:45.606+0000] {subprocess.py:93} INFO - 184573
[2025-11-14T18:03:45.607+0000] {subprocess.py:93} INFO -  ⚠️  O Token atual expira em: 2025-11-14 23:49:56
[2025-11-14T18:03:45.607+0000] {subprocess.py:93} INFO - ✅ Credenciais Autenticadas
[2025-11-14T18:03:45.607+0000] {subprocess.py:93} INFO - Traceback (most recent call last):
[2025-11-14T18:03:45.608+0000] {subprocess.py:93} INFO -   File "/home/***/.local/lib/python3.12/site-packages/urllib3/connection.py", line 203, in _new_conn
[2025-11-14T18:03:45.608+0000] {subprocess.py:93} INFO -     sock = connection.create_connection(
[2025-11-14T18:03:45.608+0000] {subprocess.py:93} INFO -            ^^^^^^^^^^^^^^^^^^^^^^^^^^^^^
[2025-11-14T18:03:45.608+0000] {subprocess.py:93} INFO -   File "/home/***/.local/lib/python3.12/site-packages/urllib3/util/connection.py", line 60, in create_connection
[2025-11-14T18:03:45.609+0000] {subprocess.py:93} INFO -     for res in socket.getaddrinfo(host, port, family, socket.SOCK_STREAM):
[2025-11-14T18:03:45.609+0000] {subprocess.py:93} INFO -                ^^^^^^^^^^^^^^^^^^^^^^^^^^^^^^^^^^^^^^^^^^^^^^^^^^^^^^^^^^
[2025-11-14T18:03:45.609+0000] {subprocess.py:93} INFO -   File "/usr/local/lib/python3.12/socket.py", line 964, in getaddrinfo
[2025-11-14T18:03:45.609+0000] {subprocess.py:93} INFO -     for res in _socket.getaddrinfo(host, port, family, type, proto, flags):
[2025-11-14T18:03:45.609+0000] {subprocess.py:93} INFO -                ^^^^^^^^^^^^^^^^^^^^^^^^^^^^^^^^^^^^^^^^^^^^^^^^^^^^^^^^^^^
[2025-11-14T18:03:45.610+0000] {subprocess.py:93} INFO - socket.gaierror: [Errno -2] Name or service not known
[2025-11-14T18:03:45.610+0000] {subprocess.py:93} INFO - 
[2025-11-14T18:03:45.610+0000] {subprocess.py:93} INFO - The above exception was the direct cause of the following exception:
[2025-11-14T18:03:45.611+0000] {subprocess.py:93} INFO - 
[2025-11-14T18:03:45.611+0000] {subprocess.py:93} INFO - Traceback (most recent call last):
[2025-11-14T18:03:45.611+0000] {subprocess.py:93} INFO -   File "/home/***/.local/lib/python3.12/site-packages/urllib3/connectionpool.py", line 791, in urlopen
[2025-11-14T18:03:45.611+0000] {subprocess.py:93} INFO -     response = self._make_request(
[2025-11-14T18:03:45.612+0000] {subprocess.py:93} INFO -                ^^^^^^^^^^^^^^^^^^^
[2025-11-14T18:03:45.612+0000] {subprocess.py:93} INFO -   File "/home/***/.local/lib/python3.12/site-packages/urllib3/connectionpool.py", line 497, in _make_request
[2025-11-14T18:03:45.613+0000] {subprocess.py:93} INFO -     conn.request(
[2025-11-14T18:03:45.613+0000] {subprocess.py:93} INFO -   File "/home/***/.local/lib/python3.12/site-packages/urllib3/connection.py", line 395, in request
[2025-11-14T18:03:45.614+0000] {subprocess.py:93} INFO -     self.endheaders()
[2025-11-14T18:03:45.614+0000] {subprocess.py:93} INFO -   File "/usr/local/lib/python3.12/http/client.py", line 1331, in endheaders
[2025-11-14T18:03:45.615+0000] {subprocess.py:93} INFO -     self._send_output(message_body, encode_chunked=encode_chunked)
[2025-11-14T18:03:45.615+0000] {subprocess.py:93} INFO -   File "/usr/local/lib/python3.12/http/client.py", line 1091, in _send_output
[2025-11-14T18:03:45.616+0000] {subprocess.py:93} INFO -     self.send(msg)
[2025-11-14T18:03:45.616+0000] {subprocess.py:93} INFO -   File "/usr/local/lib/python3.12/http/client.py", line 1035, in send
[2025-11-14T18:03:45.616+0000] {subprocess.py:93} INFO -     self.connect()
[2025-11-14T18:03:45.616+0000] {subprocess.py:93} INFO -   File "/home/***/.local/lib/python3.12/site-packages/urllib3/connection.py", line 243, in connect
[2025-11-14T18:03:45.617+0000] {subprocess.py:93} INFO -     self.sock = self._new_conn()
[2025-11-14T18:03:45.617+0000] {subprocess.py:93} INFO -                 ^^^^^^^^^^^^^^^^
[2025-11-14T18:03:45.617+0000] {subprocess.py:93} INFO -   File "/home/***/.local/lib/python3.12/site-packages/urllib3/connection.py", line 210, in _new_conn
[2025-11-14T18:03:45.618+0000] {subprocess.py:93} INFO -     raise NameResolutionError(self.host, self, e) from e
[2025-11-14T18:03:45.618+0000] {subprocess.py:93} INFO - urllib3.exceptions.NameResolutionError: <urllib3.connection.HTTPConnection object at 0xffff9bc0e990>: Failed to resolve 'minio' ([Errno -2] Name or service not known)
[2025-11-14T18:03:45.618+0000] {subprocess.py:93} INFO - 
[2025-11-14T18:03:45.619+0000] {subprocess.py:93} INFO - The above exception was the direct cause of the following exception:
[2025-11-14T18:03:45.619+0000] {subprocess.py:93} INFO - 
[2025-11-14T18:03:45.619+0000] {subprocess.py:93} INFO - Traceback (most recent call last):
[2025-11-14T18:03:45.619+0000] {subprocess.py:93} INFO -   File "/opt/***/apps/extract_api_strava_user_activities.py", line 219, in <module>
[2025-11-14T18:03:45.620+0000] {subprocess.py:93} INFO -     list_obj_buc = list(objects_bucket_count)
[2025-11-14T18:03:45.620+0000] {subprocess.py:93} INFO -                    ^^^^^^^^^^^^^^^^^^^^^^^^^^
[2025-11-14T18:03:45.620+0000] {subprocess.py:93} INFO -   File "/home/***/.local/lib/python3.12/site-packages/minio/api.py", line 3323, in _list_objects
[2025-11-14T18:03:45.621+0000] {subprocess.py:93} INFO -     response = self._execute(
[2025-11-14T18:03:45.621+0000] {subprocess.py:93} INFO -                ^^^^^^^^^^^^^^
[2025-11-14T18:03:45.621+0000] {subprocess.py:93} INFO -   File "/home/***/.local/lib/python3.12/site-packages/minio/api.py", line 441, in _execute
[2025-11-14T18:03:45.622+0000] {subprocess.py:93} INFO -     region = self._get_region(bucket_name)
[2025-11-14T18:03:45.622+0000] {subprocess.py:93} INFO -              ^^^^^^^^^^^^^^^^^^^^^^^^^^^^^
[2025-11-14T18:03:45.622+0000] {subprocess.py:93} INFO -   File "/home/***/.local/lib/python3.12/site-packages/minio/api.py", line 498, in _get_region
[2025-11-14T18:03:45.623+0000] {subprocess.py:93} INFO -     response = self._url_open(
[2025-11-14T18:03:45.623+0000] {subprocess.py:93} INFO -                ^^^^^^^^^^^^^^^
[2025-11-14T18:03:45.623+0000] {subprocess.py:93} INFO -   File "/home/***/.local/lib/python3.12/site-packages/minio/api.py", line 306, in _url_open
[2025-11-14T18:03:45.623+0000] {subprocess.py:93} INFO -     response = self._http.urlopen(
[2025-11-14T18:03:45.624+0000] {subprocess.py:93} INFO -                ^^^^^^^^^^^^^^^^^^^
[2025-11-14T18:03:45.624+0000] {subprocess.py:93} INFO -   File "/home/***/.local/lib/python3.12/site-packages/urllib3/poolmanager.py", line 443, in urlopen
[2025-11-14T18:03:45.624+0000] {subprocess.py:93} INFO -     response = conn.urlopen(method, u.request_uri, **kw)
[2025-11-14T18:03:45.624+0000] {subprocess.py:93} INFO -                ^^^^^^^^^^^^^^^^^^^^^^^^^^^^^^^^^^^^^^^^^
[2025-11-14T18:03:45.625+0000] {subprocess.py:93} INFO -   File "/home/***/.local/lib/python3.12/site-packages/urllib3/connectionpool.py", line 875, in urlopen
[2025-11-14T18:03:45.625+0000] {subprocess.py:93} INFO -     return self.urlopen(
[2025-11-14T18:03:45.625+0000] {subprocess.py:93} INFO -            ^^^^^^^^^^^^^
[2025-11-14T18:03:45.625+0000] {subprocess.py:93} INFO -   File "/home/***/.local/lib/python3.12/site-packages/urllib3/connectionpool.py", line 875, in urlopen
[2025-11-14T18:03:45.626+0000] {subprocess.py:93} INFO -     return self.urlopen(
[2025-11-14T18:03:45.626+0000] {subprocess.py:93} INFO -            ^^^^^^^^^^^^^
[2025-11-14T18:03:45.626+0000] {subprocess.py:93} INFO -   File "/home/***/.local/lib/python3.12/site-packages/urllib3/connectionpool.py", line 875, in urlopen
[2025-11-14T18:03:45.626+0000] {subprocess.py:93} INFO -     return self.urlopen(
[2025-11-14T18:03:45.627+0000] {subprocess.py:93} INFO -            ^^^^^^^^^^^^^
[2025-11-14T18:03:45.627+0000] {subprocess.py:93} INFO -   [Previous line repeated 2 more times]
[2025-11-14T18:03:45.627+0000] {subprocess.py:93} INFO -   File "/home/***/.local/lib/python3.12/site-packages/urllib3/connectionpool.py", line 845, in urlopen
[2025-11-14T18:03:45.628+0000] {subprocess.py:93} INFO -     retries = retries.increment(
[2025-11-14T18:03:45.628+0000] {subprocess.py:93} INFO -               ^^^^^^^^^^^^^^^^^^
[2025-11-14T18:03:45.628+0000] {subprocess.py:93} INFO -   File "/home/***/.local/lib/python3.12/site-packages/urllib3/util/retry.py", line 515, in increment
[2025-11-14T18:03:45.628+0000] {subprocess.py:93} INFO -     raise MaxRetryError(_pool, url, reason) from reason  # type: ignore[arg-type]
[2025-11-14T18:03:45.629+0000] {subprocess.py:93} INFO -     ^^^^^^^^^^^^^^^^^^^^^^^^^^^^^^^^^^^^^^^^^^^^^^^^^^^
[2025-11-14T18:03:45.629+0000] {subprocess.py:93} INFO - urllib3.exceptions.MaxRetryError: HTTPConnectionPool(host='minio', port=9000): Max retries exceeded with url: /bronze-api-strava-user-activities-json?location= (Caused by NameResolutionError("<urllib3.connection.HTTPConnection object at 0xffff9bc0e990>: Failed to resolve 'minio' ([Errno -2] Name or service not known)"))
[2025-11-14T18:03:45.755+0000] {subprocess.py:97} INFO - Command exited with return code 1
[2025-11-14T18:03:45.757+0000] {taskinstance.py:441} INFO - ::group::Post task execution logs
[2025-11-14T18:03:45.775+0000] {taskinstance.py:2905} ERROR - Task failed with exception
Traceback (most recent call last):
  File "/home/airflow/.local/lib/python3.12/site-packages/airflow/models/taskinstance.py", line 465, in _execute_task
    result = _execute_callable(context=context, **execute_callable_kwargs)
             ^^^^^^^^^^^^^^^^^^^^^^^^^^^^^^^^^^^^^^^^^^^^^^^^^^^^^^^^^^^^^
  File "/home/airflow/.local/lib/python3.12/site-packages/airflow/models/taskinstance.py", line 432, in _execute_callable
    return execute_callable(context=context, **execute_callable_kwargs)
           ^^^^^^^^^^^^^^^^^^^^^^^^^^^^^^^^^^^^^^^^^^^^^^^^^^^^^^^^^^^^
  File "/home/airflow/.local/lib/python3.12/site-packages/airflow/models/baseoperator.py", line 401, in wrapper
    return func(self, *args, **kwargs)
           ^^^^^^^^^^^^^^^^^^^^^^^^^^^
  File "/home/airflow/.local/lib/python3.12/site-packages/airflow/operators/bash.py", line 243, in execute
    raise AirflowException(
airflow.exceptions.AirflowException: Bash command failed. The command returned a non-zero exit code 1.
[2025-11-14T18:03:45.780+0000] {taskinstance.py:1206} INFO - Marking task as UP_FOR_RETRY. dag_id=etl_strava, task_id=extract_bronze_activities, run_id=manual__2025-11-14T18:03:36.344798+00:00, execution_date=20251114T180336, start_date=20251114T180337, end_date=20251114T180345
[2025-11-14T18:03:45.794+0000] {standard_task_runner.py:110} ERROR - Failed to execute job 100 for task extract_bronze_activities (Bash command failed. The command returned a non-zero exit code 1.; 468)
[2025-11-14T18:03:45.820+0000] {local_task_job_runner.py:243} INFO - Task exited with return code 1
[2025-11-14T18:03:45.840+0000] {taskinstance.py:3503} INFO - 0 downstream tasks scheduled from follow-on schedule check
[2025-11-14T18:03:45.841+0000] {local_task_job_runner.py:222} INFO - ::endgroup::
