[2025-11-18T04:22:44.835+0000] {local_task_job_runner.py:120} INFO - ::group::Pre task execution logs
[2025-11-18T04:22:44.878+0000] {taskinstance.py:2076} INFO - Dependencies all met for dep_context=non-requeueable deps ti=<TaskInstance: etl_strava_activities.extract_gold_fact_activities scheduled__2025-11-17T03:00:00+00:00 [queued]>
[2025-11-18T04:22:44.887+0000] {taskinstance.py:2076} INFO - Dependencies all met for dep_context=requeueable deps ti=<TaskInstance: etl_strava_activities.extract_gold_fact_activities scheduled__2025-11-17T03:00:00+00:00 [queued]>
[2025-11-18T04:22:44.888+0000] {taskinstance.py:2306} INFO - Starting attempt 1 of 2
[2025-11-18T04:22:44.914+0000] {taskinstance.py:2330} INFO - Executing <Task(BashOperator): extract_gold_fact_activities> on 2025-11-17 03:00:00+00:00
[2025-11-18T04:22:44.921+0000] {standard_task_runner.py:90} INFO - Running: ['***', 'tasks', 'run', 'etl_strava_activities', 'extract_gold_fact_activities', 'scheduled__2025-11-17T03:00:00+00:00', '--job-id', '541', '--raw', '--subdir', 'DAGS_FOLDER/pipeline_strava_activities.py', '--cfg-path', '/tmp/tmp54spn7ve']
[2025-11-18T04:22:44.923+0000] {standard_task_runner.py:91} INFO - Job 541: Subtask extract_gold_fact_activities
[2025-11-18T04:22:44.925+0000] {logging_mixin.py:188} WARNING - /home/***/.local/lib/python3.12/site-packages/***/task/task_runner/standard_task_runner.py:62 DeprecationWarning: This process (pid=1342) is multi-threaded, use of fork() may lead to deadlocks in the child.
[2025-11-18T04:22:44.926+0000] {standard_task_runner.py:64} INFO - Started process 1343 to run task
[2025-11-18T04:22:44.984+0000] {task_command.py:426} INFO - Running <TaskInstance: etl_strava_activities.extract_gold_fact_activities scheduled__2025-11-17T03:00:00+00:00 [running]> on host f2d31a793684
[2025-11-18T04:22:45.091+0000] {taskinstance.py:2648} INFO - Exporting env vars: AIRFLOW_CTX_DAG_OWNER='rayane' AIRFLOW_CTX_DAG_ID='etl_strava_activities' AIRFLOW_CTX_TASK_ID='extract_gold_fact_activities' AIRFLOW_CTX_EXECUTION_DATE='2025-11-17T03:00:00+00:00' AIRFLOW_CTX_TRY_NUMBER='1' AIRFLOW_CTX_DAG_RUN_ID='scheduled__2025-11-17T03:00:00+00:00'
[2025-11-18T04:22:45.092+0000] {taskinstance.py:430} INFO - ::endgroup::
[2025-11-18T04:22:45.109+0000] {subprocess.py:63} INFO - Tmp dir root location: /tmp
[2025-11-18T04:22:45.111+0000] {subprocess.py:75} INFO - Running command: ['/usr/bin/bash', '-c', 'python /opt/***/apps/03-gold/fact_user_activities_strava.py']
[2025-11-18T04:22:45.119+0000] {subprocess.py:86} INFO - Output:
[2025-11-18T04:22:48.403+0000] {subprocess.py:93} INFO - 25/11/18 04:22:48 WARN NativeCodeLoader: Unable to load native-hadoop library for your platform... using builtin-java classes where applicable
[2025-11-18T04:22:48.564+0000] {subprocess.py:93} INFO - Setting default log level to "WARN".
[2025-11-18T04:22:48.565+0000] {subprocess.py:93} INFO - To adjust logging level use sc.setLogLevel(newLevel). For SparkR, use setLogLevel(newLevel).
[2025-11-18T04:22:53.909+0000] {subprocess.py:93} INFO - 25/11/18 04:22:53 WARN MetricsConfig: Cannot locate configuration: tried hadoop-metrics2-s3a-file-system.properties,hadoop-metrics2.properties
[2025-11-18T04:22:56.594+0000] {subprocess.py:93} INFO - 25/11/18 04:22:56 WARN HadoopFSUtils: The directory s3a://silver-strava-user-activities-parquet/2023/07 2 was not found. Was it deleted very recently?
[2025-11-18T04:22:56.602+0000] {subprocess.py:93} INFO - 25/11/18 04:22:56 WARN HadoopFSUtils: The directory s3a://silver-strava-user-activities-parquet/2024/02 2 was not found. Was it deleted very recently?
[2025-11-18T04:23:00.235+0000] {subprocess.py:93} INFO - [Stage 0:==============================>                         (24 + 10) / 44]                                                                                [Stage 1:>                                                          (0 + 1) / 1]                                                                                25/11/18 04:23:00 WARN SparkStringUtils: Truncated the string representation of a plan since it was too large. This behavior can be adjusted by setting 'spark.sql.debug.maxToStringFields'.
[2025-11-18T04:38:36.815+0000] {subprocess.py:93} INFO - [Stage 3:>                                                          (0 + 9) / 9][Stage 3:==>                (1 + 8) / 9][Stage 4:===============>   (4 + 1) / 5]                                                                                [Stage 8:>                                                          (0 + 1) / 1]                                                                                25/11/18 04:38:36 ERROR FileFormatWriter: Aborting job 04ec12d3-0cf8-41ce-8ba6-09280fe134be.
[2025-11-18T04:38:36.819+0000] {subprocess.py:93} INFO - java.io.FileNotFoundException: No such file or directory: s3a://gold-strava-activities-labels-delta/activities_labels_delta/_temporary/0/task_202511172104102462401660563886209_0008_m_000000/year=2025
[2025-11-18T04:38:36.821+0000] {subprocess.py:93} INFO - 	at org.apache.hadoop.fs.s3a.S3AFileSystem.s3GetFileStatus(S3AFileSystem.java:3866)
[2025-11-18T04:38:36.821+0000] {subprocess.py:93} INFO - 	at org.apache.hadoop.fs.s3a.S3AFileSystem.innerGetFileStatus(S3AFileSystem.java:3688)
[2025-11-18T04:38:36.822+0000] {subprocess.py:93} INFO - 	at org.apache.hadoop.fs.s3a.S3AFileSystem.initiateRename(S3AFileSystem.java:1887)
[2025-11-18T04:38:36.823+0000] {subprocess.py:93} INFO - 	at org.apache.hadoop.fs.s3a.S3AFileSystem.innerRename(S3AFileSystem.java:1988)
[2025-11-18T04:38:36.824+0000] {subprocess.py:93} INFO - 	at org.apache.hadoop.fs.s3a.S3AFileSystem.lambda$rename$7(S3AFileSystem.java:1846)
[2025-11-18T04:38:36.824+0000] {subprocess.py:93} INFO - 	at org.apache.hadoop.fs.statistics.impl.IOStatisticsBinding.lambda$trackDurationOfOperation$5(IOStatisticsBinding.java:499)
[2025-11-18T04:38:36.825+0000] {subprocess.py:93} INFO - 	at org.apache.hadoop.fs.statistics.impl.IOStatisticsBinding.trackDuration(IOStatisticsBinding.java:444)
[2025-11-18T04:38:36.826+0000] {subprocess.py:93} INFO - 	at org.apache.hadoop.fs.s3a.S3AFileSystem.trackDurationAndSpan(S3AFileSystem.java:2337)
[2025-11-18T04:38:36.826+0000] {subprocess.py:93} INFO - 	at org.apache.hadoop.fs.s3a.S3AFileSystem.rename(S3AFileSystem.java:1844)
[2025-11-18T04:38:36.827+0000] {subprocess.py:93} INFO - 	at org.apache.hadoop.mapreduce.lib.output.FileOutputCommitter.renameOrMerge(FileOutputCommitter.java:509)
[2025-11-18T04:38:36.828+0000] {subprocess.py:93} INFO - 	at org.apache.hadoop.mapreduce.lib.output.FileOutputCommitter.mergePaths(FileOutputCommitter.java:494)
[2025-11-18T04:38:36.828+0000] {subprocess.py:93} INFO - 	at org.apache.hadoop.mapreduce.lib.output.FileOutputCommitter.mergePaths(FileOutputCommitter.java:490)
[2025-11-18T04:38:36.828+0000] {subprocess.py:93} INFO - 	at org.apache.hadoop.mapreduce.lib.output.FileOutputCommitter.commitJobInternal(FileOutputCommitter.java:405)
[2025-11-18T04:38:36.829+0000] {subprocess.py:93} INFO - 	at org.apache.hadoop.mapreduce.lib.output.FileOutputCommitter.commitJob(FileOutputCommitter.java:377)
[2025-11-18T04:38:36.829+0000] {subprocess.py:93} INFO - 	at org.apache.parquet.hadoop.ParquetOutputCommitter.commitJob(ParquetOutputCommitter.java:48)
[2025-11-18T04:38:36.830+0000] {subprocess.py:93} INFO - 	at org.apache.spark.internal.io.HadoopMapReduceCommitProtocol.commitJob(HadoopMapReduceCommitProtocol.scala:192)
[2025-11-18T04:38:36.831+0000] {subprocess.py:93} INFO - 	at org.apache.spark.sql.execution.datasources.FileFormatWriter$.$anonfun$writeAndCommit$3(FileFormatWriter.scala:275)
[2025-11-18T04:38:36.831+0000] {subprocess.py:93} INFO - 	at scala.runtime.java8.JFunction0$mcV$sp.apply(JFunction0$mcV$sp.java:23)
[2025-11-18T04:38:36.831+0000] {subprocess.py:93} INFO - 	at org.apache.spark.util.Utils$.timeTakenMs(Utils.scala:552)
[2025-11-18T04:38:36.832+0000] {subprocess.py:93} INFO - 	at org.apache.spark.sql.execution.datasources.FileFormatWriter$.writeAndCommit(FileFormatWriter.scala:275)
[2025-11-18T04:38:36.832+0000] {subprocess.py:93} INFO - 	at org.apache.spark.sql.execution.datasources.FileFormatWriter$.executeWrite(FileFormatWriter.scala:304)
[2025-11-18T04:38:36.833+0000] {subprocess.py:93} INFO - 	at org.apache.spark.sql.execution.datasources.FileFormatWriter$.write(FileFormatWriter.scala:190)
[2025-11-18T04:38:36.833+0000] {subprocess.py:93} INFO - 	at org.apache.spark.sql.execution.datasources.InsertIntoHadoopFsRelationCommand.run(InsertIntoHadoopFsRelationCommand.scala:190)
[2025-11-18T04:38:36.833+0000] {subprocess.py:93} INFO - 	at org.apache.spark.sql.execution.command.DataWritingCommandExec.sideEffectResult$lzycompute(commands.scala:113)
[2025-11-18T04:38:36.834+0000] {subprocess.py:93} INFO - 	at org.apache.spark.sql.execution.command.DataWritingCommandExec.sideEffectResult(commands.scala:111)
[2025-11-18T04:38:36.834+0000] {subprocess.py:93} INFO - 	at org.apache.spark.sql.execution.command.DataWritingCommandExec.executeCollect(commands.scala:125)
[2025-11-18T04:38:36.834+0000] {subprocess.py:93} INFO - 	at org.apache.spark.sql.execution.adaptive.AdaptiveSparkPlanExec.$anonfun$executeCollect$1(AdaptiveSparkPlanExec.scala:390)
[2025-11-18T04:38:36.835+0000] {subprocess.py:93} INFO - 	at org.apache.spark.sql.execution.adaptive.AdaptiveSparkPlanExec.withFinalPlanUpdate(AdaptiveSparkPlanExec.scala:418)
[2025-11-18T04:38:36.835+0000] {subprocess.py:93} INFO - 	at org.apache.spark.sql.execution.adaptive.AdaptiveSparkPlanExec.executeCollect(AdaptiveSparkPlanExec.scala:390)
[2025-11-18T04:38:36.835+0000] {subprocess.py:93} INFO - 	at org.apache.spark.sql.execution.QueryExecution$$anonfun$eagerlyExecuteCommands$1.$anonfun$applyOrElse$1(QueryExecution.scala:107)
[2025-11-18T04:38:36.836+0000] {subprocess.py:93} INFO - 	at org.apache.spark.sql.execution.SQLExecution$.$anonfun$withNewExecutionId$6(SQLExecution.scala:125)
[2025-11-18T04:38:36.836+0000] {subprocess.py:93} INFO - 	at org.apache.spark.sql.execution.SQLExecution$.withSQLConfPropagated(SQLExecution.scala:201)
[2025-11-18T04:38:36.836+0000] {subprocess.py:93} INFO - 	at org.apache.spark.sql.execution.SQLExecution$.$anonfun$withNewExecutionId$1(SQLExecution.scala:108)
[2025-11-18T04:38:36.837+0000] {subprocess.py:93} INFO - 	at org.apache.spark.sql.SparkSession.withActive(SparkSession.scala:900)
[2025-11-18T04:38:36.837+0000] {subprocess.py:93} INFO - 	at org.apache.spark.sql.execution.SQLExecution$.withNewExecutionId(SQLExecution.scala:66)
[2025-11-18T04:38:36.837+0000] {subprocess.py:93} INFO - 	at org.apache.spark.sql.execution.QueryExecution$$anonfun$eagerlyExecuteCommands$1.applyOrElse(QueryExecution.scala:107)
[2025-11-18T04:38:36.837+0000] {subprocess.py:93} INFO - 	at org.apache.spark.sql.execution.QueryExecution$$anonfun$eagerlyExecuteCommands$1.applyOrElse(QueryExecution.scala:98)
[2025-11-18T04:38:36.838+0000] {subprocess.py:93} INFO - 	at org.apache.spark.sql.catalyst.trees.TreeNode.$anonfun$transformDownWithPruning$1(TreeNode.scala:461)
[2025-11-18T04:38:36.838+0000] {subprocess.py:93} INFO - 	at org.apache.spark.sql.catalyst.trees.CurrentOrigin$.withOrigin(origin.scala:76)
[2025-11-18T04:38:36.838+0000] {subprocess.py:93} INFO - 	at org.apache.spark.sql.catalyst.trees.TreeNode.transformDownWithPruning(TreeNode.scala:461)
[2025-11-18T04:38:36.838+0000] {subprocess.py:93} INFO - 	at org.apache.spark.sql.catalyst.plans.logical.LogicalPlan.org$apache$spark$sql$catalyst$plans$logical$AnalysisHelper$$super$transformDownWithPruning(LogicalPlan.scala:32)
[2025-11-18T04:38:36.839+0000] {subprocess.py:93} INFO - 	at org.apache.spark.sql.catalyst.plans.logical.AnalysisHelper.transformDownWithPruning(AnalysisHelper.scala:267)
[2025-11-18T04:38:36.839+0000] {subprocess.py:93} INFO - 	at org.apache.spark.sql.catalyst.plans.logical.AnalysisHelper.transformDownWithPruning$(AnalysisHelper.scala:263)
[2025-11-18T04:38:36.840+0000] {subprocess.py:93} INFO - 	at org.apache.spark.sql.catalyst.plans.logical.LogicalPlan.transformDownWithPruning(LogicalPlan.scala:32)
[2025-11-18T04:38:36.840+0000] {subprocess.py:93} INFO - 	at org.apache.spark.sql.catalyst.plans.logical.LogicalPlan.transformDownWithPruning(LogicalPlan.scala:32)
[2025-11-18T04:38:36.840+0000] {subprocess.py:93} INFO - 	at org.apache.spark.sql.catalyst.trees.TreeNode.transformDown(TreeNode.scala:437)
[2025-11-18T04:38:36.841+0000] {subprocess.py:93} INFO - 	at org.apache.spark.sql.execution.QueryExecution.eagerlyExecuteCommands(QueryExecution.scala:98)
[2025-11-18T04:38:36.841+0000] {subprocess.py:93} INFO - 	at org.apache.spark.sql.execution.QueryExecution.commandExecuted$lzycompute(QueryExecution.scala:85)
[2025-11-18T04:38:36.841+0000] {subprocess.py:93} INFO - 	at org.apache.spark.sql.execution.QueryExecution.commandExecuted(QueryExecution.scala:83)
[2025-11-18T04:38:36.842+0000] {subprocess.py:93} INFO - 	at org.apache.spark.sql.execution.QueryExecution.assertCommandExecuted(QueryExecution.scala:142)
[2025-11-18T04:38:36.842+0000] {subprocess.py:93} INFO - 	at org.apache.spark.sql.DataFrameWriter.runCommand(DataFrameWriter.scala:859)
[2025-11-18T04:38:36.842+0000] {subprocess.py:93} INFO - 	at org.apache.spark.sql.DataFrameWriter.saveToV1Source(DataFrameWriter.scala:388)
[2025-11-18T04:38:36.843+0000] {subprocess.py:93} INFO - 	at org.apache.spark.sql.DataFrameWriter.saveInternal(DataFrameWriter.scala:361)
[2025-11-18T04:38:36.843+0000] {subprocess.py:93} INFO - 	at org.apache.spark.sql.DataFrameWriter.save(DataFrameWriter.scala:240)
[2025-11-18T04:38:36.843+0000] {subprocess.py:93} INFO - 	at java.base/jdk.internal.reflect.NativeMethodAccessorImpl.invoke0(Native Method)
[2025-11-18T04:38:36.843+0000] {subprocess.py:93} INFO - 	at java.base/jdk.internal.reflect.NativeMethodAccessorImpl.invoke(NativeMethodAccessorImpl.java:77)
[2025-11-18T04:38:36.844+0000] {subprocess.py:93} INFO - 	at java.base/jdk.internal.reflect.DelegatingMethodAccessorImpl.invoke(DelegatingMethodAccessorImpl.java:43)
[2025-11-18T04:38:36.844+0000] {subprocess.py:93} INFO - 	at java.base/java.lang.reflect.Method.invoke(Method.java:569)
[2025-11-18T04:38:36.844+0000] {subprocess.py:93} INFO - 	at py4j.reflection.MethodInvoker.invoke(MethodInvoker.java:244)
[2025-11-18T04:38:36.844+0000] {subprocess.py:93} INFO - 	at py4j.reflection.ReflectionEngine.invoke(ReflectionEngine.java:374)
[2025-11-18T04:38:36.845+0000] {subprocess.py:93} INFO - 	at py4j.Gateway.invoke(Gateway.java:282)
[2025-11-18T04:38:36.845+0000] {subprocess.py:93} INFO - 	at py4j.commands.AbstractCommand.invokeMethod(AbstractCommand.java:132)
[2025-11-18T04:38:36.845+0000] {subprocess.py:93} INFO - 	at py4j.commands.CallCommand.execute(CallCommand.java:79)
[2025-11-18T04:38:36.845+0000] {subprocess.py:93} INFO - 	at py4j.ClientServerConnection.waitForCommands(ClientServerConnection.java:182)
[2025-11-18T04:38:36.845+0000] {subprocess.py:93} INFO - 	at py4j.ClientServerConnection.run(ClientServerConnection.java:106)
[2025-11-18T04:38:36.846+0000] {subprocess.py:93} INFO - 	at java.base/java.lang.Thread.run(Thread.java:840)
[2025-11-18T04:38:37.268+0000] {subprocess.py:93} INFO - Usando o arquivo de variaveis em: /opt/***/apps/.env
[2025-11-18T04:38:37.273+0000] {subprocess.py:93} INFO - Schema da GOLD (antes de escrever em Delta):
[2025-11-18T04:38:37.277+0000] {subprocess.py:93} INFO - root
[2025-11-18T04:38:37.282+0000] {subprocess.py:93} INFO -  |-- activity_id: long (nullable = true)
[2025-11-18T04:38:37.283+0000] {subprocess.py:93} INFO -  |-- hash_id: string (nullable = true)
[2025-11-18T04:38:37.290+0000] {subprocess.py:93} INFO -  |-- timestamp: string (nullable = true)
[2025-11-18T04:38:37.292+0000] {subprocess.py:93} INFO -  |-- start_date: string (nullable = true)
[2025-11-18T04:38:37.295+0000] {subprocess.py:93} INFO -  |-- start_date_local: string (nullable = true)
[2025-11-18T04:38:37.303+0000] {subprocess.py:93} INFO -  |-- timezone: string (nullable = true)
[2025-11-18T04:38:37.304+0000] {subprocess.py:93} INFO -  |-- name: string (nullable = true)
[2025-11-18T04:38:37.305+0000] {subprocess.py:93} INFO -  |-- sport_type: string (nullable = true)
[2025-11-18T04:38:37.306+0000] {subprocess.py:93} INFO -  |-- type: string (nullable = true)
[2025-11-18T04:38:37.307+0000] {subprocess.py:93} INFO -  |-- workout_type: double (nullable = true)
[2025-11-18T04:38:37.308+0000] {subprocess.py:93} INFO -  |-- distance: double (nullable = true)
[2025-11-18T04:38:37.309+0000] {subprocess.py:93} INFO -  |-- elapsed_time: long (nullable = true)
[2025-11-18T04:38:37.310+0000] {subprocess.py:93} INFO -  |-- moving_time: long (nullable = true)
[2025-11-18T04:38:37.311+0000] {subprocess.py:93} INFO -  |-- average_speed: double (nullable = true)
[2025-11-18T04:38:37.312+0000] {subprocess.py:93} INFO -  |-- max_speed: double (nullable = true)
[2025-11-18T04:38:37.313+0000] {subprocess.py:93} INFO -  |-- total_elevation_gain: double (nullable = true)
[2025-11-18T04:38:37.313+0000] {subprocess.py:93} INFO -  |-- elev_high: double (nullable = true)
[2025-11-18T04:38:37.314+0000] {subprocess.py:93} INFO -  |-- elev_low: double (nullable = true)
[2025-11-18T04:38:37.314+0000] {subprocess.py:93} INFO -  |-- average_cadence: double (nullable = true)
[2025-11-18T04:38:37.316+0000] {subprocess.py:93} INFO -  |-- max_cadence: integer (nullable = true)
[2025-11-18T04:38:37.318+0000] {subprocess.py:93} INFO -  |-- average_watts: double (nullable = true)
[2025-11-18T04:38:37.323+0000] {subprocess.py:93} INFO -  |-- max_watts: double (nullable = true)
[2025-11-18T04:38:37.326+0000] {subprocess.py:93} INFO -  |-- weighted_average_watts: double (nullable = true)
[2025-11-18T04:38:37.326+0000] {subprocess.py:93} INFO -  |-- has_heartrate: boolean (nullable = true)
[2025-11-18T04:38:37.327+0000] {subprocess.py:93} INFO -  |-- average_heartrate: double (nullable = true)
[2025-11-18T04:38:37.328+0000] {subprocess.py:93} INFO -  |-- max_heartrate: double (nullable = true)
[2025-11-18T04:38:37.330+0000] {subprocess.py:93} INFO -  |-- suffer_score: double (nullable = true)
[2025-11-18T04:38:37.332+0000] {subprocess.py:93} INFO -  |-- trainer: boolean (nullable = true)
[2025-11-18T04:38:37.333+0000] {subprocess.py:93} INFO -  |-- commute: boolean (nullable = true)
[2025-11-18T04:38:37.334+0000] {subprocess.py:93} INFO -  |-- private: boolean (nullable = true)
[2025-11-18T04:38:37.335+0000] {subprocess.py:93} INFO -  |-- visibility: string (nullable = true)
[2025-11-18T04:38:37.336+0000] {subprocess.py:93} INFO -  |-- manual: boolean (nullable = true)
[2025-11-18T04:38:37.337+0000] {subprocess.py:93} INFO -  |-- kudos_count: long (nullable = true)
[2025-11-18T04:38:37.342+0000] {subprocess.py:93} INFO -  |-- athlete_id: long (nullable = true)
[2025-11-18T04:38:37.344+0000] {subprocess.py:93} INFO -  |-- map_id: string (nullable = true)
[2025-11-18T04:38:37.345+0000] {subprocess.py:93} INFO -  |-- start_date_local_dt: timestamp (nullable = true)
[2025-11-18T04:38:37.347+0000] {subprocess.py:93} INFO -  |-- ano: string (nullable = true)
[2025-11-18T04:38:37.350+0000] {subprocess.py:93} INFO -  |-- mes: string (nullable = true)
[2025-11-18T04:38:37.352+0000] {subprocess.py:93} INFO -  |-- hub_rank: integer (nullable = false)
[2025-11-18T04:38:37.353+0000] {subprocess.py:93} INFO -  |-- task_id: long (nullable = true)
[2025-11-18T04:38:37.355+0000] {subprocess.py:93} INFO -  |-- annotation_id: long (nullable = true)
[2025-11-18T04:38:37.357+0000] {subprocess.py:93} INFO -  |-- task_created_at: string (nullable = true)
[2025-11-18T04:38:37.368+0000] {subprocess.py:93} INFO -  |-- task_updated_at: string (nullable = true)
[2025-11-18T04:38:37.376+0000] {subprocess.py:93} INFO -  |-- annotation_created_at: string (nullable = true)
[2025-11-18T04:38:37.382+0000] {subprocess.py:93} INFO -  |-- annotation_updated_at: string (nullable = true)
[2025-11-18T04:38:37.384+0000] {subprocess.py:93} INFO -  |-- completed_by: long (nullable = true)
[2025-11-18T04:38:37.385+0000] {subprocess.py:93} INFO -  |-- was_cancelled: boolean (nullable = true)
[2025-11-18T04:38:37.385+0000] {subprocess.py:93} INFO -  |-- ground_truth: boolean (nullable = true)
[2025-11-18T04:38:37.386+0000] {subprocess.py:93} INFO -  |-- annotation_result: string (nullable = true)
[2025-11-18T04:38:37.389+0000] {subprocess.py:93} INFO -  |-- activity_date: date (nullable = true)
[2025-11-18T04:38:37.391+0000] {subprocess.py:93} INFO -  |-- year: integer (nullable = true)
[2025-11-18T04:38:37.391+0000] {subprocess.py:93} INFO -  |-- month: integer (nullable = true)
[2025-11-18T04:38:37.393+0000] {subprocess.py:93} INFO - 
[2025-11-18T04:38:37.395+0000] {subprocess.py:93} INFO - Traceback (most recent call last):
[2025-11-18T04:38:37.399+0000] {subprocess.py:93} INFO -   File "/opt/***/apps/03-gold/fact_user_activities_strava.py", line 121, in <module>
[2025-11-18T04:38:37.400+0000] {subprocess.py:93} INFO -     .save(GOLD_DELTA_PATH)
[2025-11-18T04:38:37.401+0000] {subprocess.py:93} INFO -      ^^^^^^^^^^^^^^^^^^^^^
[2025-11-18T04:38:37.402+0000] {subprocess.py:93} INFO -   File "/home/***/.local/lib/python3.12/site-packages/pyspark/sql/readwriter.py", line 1463, in save
[2025-11-18T04:38:37.403+0000] {subprocess.py:93} INFO -     self._jwrite.save(path)
[2025-11-18T04:38:37.404+0000] {subprocess.py:93} INFO -   File "/home/***/.local/lib/python3.12/site-packages/py4j/java_gateway.py", line 1322, in __call__
[2025-11-18T04:38:37.406+0000] {subprocess.py:93} INFO -     return_value = get_return_value(
[2025-11-18T04:38:37.418+0000] {subprocess.py:93} INFO -                    ^^^^^^^^^^^^^^^^^
[2025-11-18T04:38:37.419+0000] {subprocess.py:93} INFO -   File "/home/***/.local/lib/python3.12/site-packages/pyspark/errors/exceptions/captured.py", line 179, in deco
[2025-11-18T04:38:37.420+0000] {subprocess.py:93} INFO -     return f(*a, **kw)
[2025-11-18T04:38:37.425+0000] {subprocess.py:93} INFO -            ^^^^^^^^^^^
[2025-11-18T04:38:37.429+0000] {subprocess.py:93} INFO -   File "/home/***/.local/lib/python3.12/site-packages/py4j/protocol.py", line 326, in get_return_value
[2025-11-18T04:38:37.431+0000] {subprocess.py:93} INFO -     raise Py4JJavaError(
[2025-11-18T04:38:37.433+0000] {subprocess.py:93} INFO - py4j.protocol.Py4JJavaError: An error occurred while calling o57.save.
[2025-11-18T04:38:37.434+0000] {subprocess.py:93} INFO - : java.io.FileNotFoundException: No such file or directory: s3a://gold-strava-activities-labels-delta/activities_labels_delta/_temporary/0/task_202511172104102462401660563886209_0008_m_000000/year=2025
[2025-11-18T04:38:37.436+0000] {subprocess.py:93} INFO - 	at org.apache.hadoop.fs.s3a.S3AFileSystem.s3GetFileStatus(S3AFileSystem.java:3866)
[2025-11-18T04:38:37.438+0000] {subprocess.py:93} INFO - 	at org.apache.hadoop.fs.s3a.S3AFileSystem.innerGetFileStatus(S3AFileSystem.java:3688)
[2025-11-18T04:38:37.439+0000] {subprocess.py:93} INFO - 	at org.apache.hadoop.fs.s3a.S3AFileSystem.initiateRename(S3AFileSystem.java:1887)
[2025-11-18T04:38:37.440+0000] {subprocess.py:93} INFO - 	at org.apache.hadoop.fs.s3a.S3AFileSystem.innerRename(S3AFileSystem.java:1988)
[2025-11-18T04:38:37.441+0000] {subprocess.py:93} INFO - 	at org.apache.hadoop.fs.s3a.S3AFileSystem.lambda$rename$7(S3AFileSystem.java:1846)
[2025-11-18T04:38:37.442+0000] {subprocess.py:93} INFO - 	at org.apache.hadoop.fs.statistics.impl.IOStatisticsBinding.lambda$trackDurationOfOperation$5(IOStatisticsBinding.java:499)
[2025-11-18T04:38:37.445+0000] {subprocess.py:93} INFO - 	at org.apache.hadoop.fs.statistics.impl.IOStatisticsBinding.trackDuration(IOStatisticsBinding.java:444)
[2025-11-18T04:38:37.450+0000] {subprocess.py:93} INFO - 	at org.apache.hadoop.fs.s3a.S3AFileSystem.trackDurationAndSpan(S3AFileSystem.java:2337)
[2025-11-18T04:38:37.453+0000] {subprocess.py:93} INFO - 	at org.apache.hadoop.fs.s3a.S3AFileSystem.rename(S3AFileSystem.java:1844)
[2025-11-18T04:38:37.455+0000] {subprocess.py:93} INFO - 	at org.apache.hadoop.mapreduce.lib.output.FileOutputCommitter.renameOrMerge(FileOutputCommitter.java:509)
[2025-11-18T04:38:37.463+0000] {subprocess.py:93} INFO - 	at org.apache.hadoop.mapreduce.lib.output.FileOutputCommitter.mergePaths(FileOutputCommitter.java:494)
[2025-11-18T04:38:37.468+0000] {subprocess.py:93} INFO - 	at org.apache.hadoop.mapreduce.lib.output.FileOutputCommitter.mergePaths(FileOutputCommitter.java:490)
[2025-11-18T04:38:37.473+0000] {subprocess.py:93} INFO - 	at org.apache.hadoop.mapreduce.lib.output.FileOutputCommitter.commitJobInternal(FileOutputCommitter.java:405)
[2025-11-18T04:38:37.476+0000] {subprocess.py:93} INFO - 	at org.apache.hadoop.mapreduce.lib.output.FileOutputCommitter.commitJob(FileOutputCommitter.java:377)
[2025-11-18T04:38:37.478+0000] {subprocess.py:93} INFO - 	at org.apache.parquet.hadoop.ParquetOutputCommitter.commitJob(ParquetOutputCommitter.java:48)
[2025-11-18T04:38:37.479+0000] {subprocess.py:93} INFO - 	at org.apache.spark.internal.io.HadoopMapReduceCommitProtocol.commitJob(HadoopMapReduceCommitProtocol.scala:192)
[2025-11-18T04:38:37.481+0000] {subprocess.py:93} INFO - 	at org.apache.spark.sql.execution.datasources.FileFormatWriter$.$anonfun$writeAndCommit$3(FileFormatWriter.scala:275)
[2025-11-18T04:38:37.482+0000] {subprocess.py:93} INFO - 	at scala.runtime.java8.JFunction0$mcV$sp.apply(JFunction0$mcV$sp.java:23)
[2025-11-18T04:38:37.486+0000] {subprocess.py:93} INFO - 	at org.apache.spark.util.Utils$.timeTakenMs(Utils.scala:552)
[2025-11-18T04:38:37.490+0000] {subprocess.py:93} INFO - 	at org.apache.spark.sql.execution.datasources.FileFormatWriter$.writeAndCommit(FileFormatWriter.scala:275)
[2025-11-18T04:38:37.499+0000] {subprocess.py:93} INFO - 	at org.apache.spark.sql.execution.datasources.FileFormatWriter$.executeWrite(FileFormatWriter.scala:304)
[2025-11-18T04:38:37.507+0000] {subprocess.py:93} INFO - 	at org.apache.spark.sql.execution.datasources.FileFormatWriter$.write(FileFormatWriter.scala:190)
[2025-11-18T04:38:37.509+0000] {subprocess.py:93} INFO - 	at org.apache.spark.sql.execution.datasources.InsertIntoHadoopFsRelationCommand.run(InsertIntoHadoopFsRelationCommand.scala:190)
[2025-11-18T04:38:37.511+0000] {subprocess.py:93} INFO - 	at org.apache.spark.sql.execution.command.DataWritingCommandExec.sideEffectResult$lzycompute(commands.scala:113)
[2025-11-18T04:38:37.512+0000] {subprocess.py:93} INFO - 	at org.apache.spark.sql.execution.command.DataWritingCommandExec.sideEffectResult(commands.scala:111)
[2025-11-18T04:38:37.514+0000] {subprocess.py:93} INFO - 	at org.apache.spark.sql.execution.command.DataWritingCommandExec.executeCollect(commands.scala:125)
[2025-11-18T04:38:37.514+0000] {subprocess.py:93} INFO - 	at org.apache.spark.sql.execution.adaptive.AdaptiveSparkPlanExec.$anonfun$executeCollect$1(AdaptiveSparkPlanExec.scala:390)
[2025-11-18T04:38:37.516+0000] {subprocess.py:93} INFO - 	at org.apache.spark.sql.execution.adaptive.AdaptiveSparkPlanExec.withFinalPlanUpdate(AdaptiveSparkPlanExec.scala:418)
[2025-11-18T04:38:37.519+0000] {subprocess.py:93} INFO - 	at org.apache.spark.sql.execution.adaptive.AdaptiveSparkPlanExec.executeCollect(AdaptiveSparkPlanExec.scala:390)
[2025-11-18T04:38:37.520+0000] {subprocess.py:93} INFO - 	at org.apache.spark.sql.execution.QueryExecution$$anonfun$eagerlyExecuteCommands$1.$anonfun$applyOrElse$1(QueryExecution.scala:107)
[2025-11-18T04:38:37.522+0000] {subprocess.py:93} INFO - 	at org.apache.spark.sql.execution.SQLExecution$.$anonfun$withNewExecutionId$6(SQLExecution.scala:125)
[2025-11-18T04:38:37.525+0000] {subprocess.py:93} INFO - 	at org.apache.spark.sql.execution.SQLExecution$.withSQLConfPropagated(SQLExecution.scala:201)
[2025-11-18T04:38:37.527+0000] {subprocess.py:93} INFO - 	at org.apache.spark.sql.execution.SQLExecution$.$anonfun$withNewExecutionId$1(SQLExecution.scala:108)
[2025-11-18T04:38:37.528+0000] {subprocess.py:93} INFO - 	at org.apache.spark.sql.SparkSession.withActive(SparkSession.scala:900)
[2025-11-18T04:38:37.529+0000] {subprocess.py:93} INFO - 	at org.apache.spark.sql.execution.SQLExecution$.withNewExecutionId(SQLExecution.scala:66)
[2025-11-18T04:38:37.530+0000] {subprocess.py:93} INFO - 	at org.apache.spark.sql.execution.QueryExecution$$anonfun$eagerlyExecuteCommands$1.applyOrElse(QueryExecution.scala:107)
[2025-11-18T04:38:37.532+0000] {subprocess.py:93} INFO - 	at org.apache.spark.sql.execution.QueryExecution$$anonfun$eagerlyExecuteCommands$1.applyOrElse(QueryExecution.scala:98)
[2025-11-18T04:38:37.536+0000] {subprocess.py:93} INFO - 	at org.apache.spark.sql.catalyst.trees.TreeNode.$anonfun$transformDownWithPruning$1(TreeNode.scala:461)
[2025-11-18T04:38:37.540+0000] {subprocess.py:93} INFO - 	at org.apache.spark.sql.catalyst.trees.CurrentOrigin$.withOrigin(origin.scala:76)
[2025-11-18T04:38:37.543+0000] {subprocess.py:93} INFO - 	at org.apache.spark.sql.catalyst.trees.TreeNode.transformDownWithPruning(TreeNode.scala:461)
[2025-11-18T04:38:37.544+0000] {subprocess.py:93} INFO - 	at org.apache.spark.sql.catalyst.plans.logical.LogicalPlan.org$apache$spark$sql$catalyst$plans$logical$AnalysisHelper$$super$transformDownWithPruning(LogicalPlan.scala:32)
[2025-11-18T04:38:37.550+0000] {subprocess.py:93} INFO - 	at org.apache.spark.sql.catalyst.plans.logical.AnalysisHelper.transformDownWithPruning(AnalysisHelper.scala:267)
[2025-11-18T04:38:37.551+0000] {subprocess.py:93} INFO - 	at org.apache.spark.sql.catalyst.plans.logical.AnalysisHelper.transformDownWithPruning$(AnalysisHelper.scala:263)
[2025-11-18T04:38:37.551+0000] {subprocess.py:93} INFO - 	at org.apache.spark.sql.catalyst.plans.logical.LogicalPlan.transformDownWithPruning(LogicalPlan.scala:32)
[2025-11-18T04:38:37.551+0000] {subprocess.py:93} INFO - 	at org.apache.spark.sql.catalyst.plans.logical.LogicalPlan.transformDownWithPruning(LogicalPlan.scala:32)
[2025-11-18T04:38:37.552+0000] {subprocess.py:93} INFO - 	at org.apache.spark.sql.catalyst.trees.TreeNode.transformDown(TreeNode.scala:437)
[2025-11-18T04:38:37.552+0000] {subprocess.py:93} INFO - 	at org.apache.spark.sql.execution.QueryExecution.eagerlyExecuteCommands(QueryExecution.scala:98)
[2025-11-18T04:38:37.553+0000] {subprocess.py:93} INFO - 	at org.apache.spark.sql.execution.QueryExecution.commandExecuted$lzycompute(QueryExecution.scala:85)
[2025-11-18T04:38:37.553+0000] {subprocess.py:93} INFO - 	at org.apache.spark.sql.execution.QueryExecution.commandExecuted(QueryExecution.scala:83)
[2025-11-18T04:38:37.554+0000] {subprocess.py:93} INFO - 	at org.apache.spark.sql.execution.QueryExecution.assertCommandExecuted(QueryExecution.scala:142)
[2025-11-18T04:38:37.555+0000] {subprocess.py:93} INFO - 	at org.apache.spark.sql.DataFrameWriter.runCommand(DataFrameWriter.scala:859)
[2025-11-18T04:38:37.557+0000] {subprocess.py:93} INFO - 	at org.apache.spark.sql.DataFrameWriter.saveToV1Source(DataFrameWriter.scala:388)
[2025-11-18T04:38:37.557+0000] {subprocess.py:93} INFO - 	at org.apache.spark.sql.DataFrameWriter.saveInternal(DataFrameWriter.scala:361)
[2025-11-18T04:38:37.559+0000] {subprocess.py:93} INFO - 	at org.apache.spark.sql.DataFrameWriter.save(DataFrameWriter.scala:240)
[2025-11-18T04:38:37.561+0000] {subprocess.py:93} INFO - 	at java.base/jdk.internal.reflect.NativeMethodAccessorImpl.invoke0(Native Method)
[2025-11-18T04:38:37.563+0000] {subprocess.py:93} INFO - 	at java.base/jdk.internal.reflect.NativeMethodAccessorImpl.invoke(NativeMethodAccessorImpl.java:77)
[2025-11-18T04:38:37.564+0000] {subprocess.py:93} INFO - 	at java.base/jdk.internal.reflect.DelegatingMethodAccessorImpl.invoke(DelegatingMethodAccessorImpl.java:43)
[2025-11-18T04:38:37.565+0000] {subprocess.py:93} INFO - 	at java.base/java.lang.reflect.Method.invoke(Method.java:569)
[2025-11-18T04:38:37.566+0000] {subprocess.py:93} INFO - 	at py4j.reflection.MethodInvoker.invoke(MethodInvoker.java:244)
[2025-11-18T04:38:37.566+0000] {subprocess.py:93} INFO - 	at py4j.reflection.ReflectionEngine.invoke(ReflectionEngine.java:374)
[2025-11-18T04:38:37.567+0000] {subprocess.py:93} INFO - 	at py4j.Gateway.invoke(Gateway.java:282)
[2025-11-18T04:38:37.568+0000] {subprocess.py:93} INFO - 	at py4j.commands.AbstractCommand.invokeMethod(AbstractCommand.java:132)
[2025-11-18T04:38:37.568+0000] {subprocess.py:93} INFO - 	at py4j.commands.CallCommand.execute(CallCommand.java:79)
[2025-11-18T04:38:37.569+0000] {subprocess.py:93} INFO - 	at py4j.ClientServerConnection.waitForCommands(ClientServerConnection.java:182)
[2025-11-18T04:38:37.571+0000] {subprocess.py:93} INFO - 	at py4j.ClientServerConnection.run(ClientServerConnection.java:106)
[2025-11-18T04:38:37.572+0000] {subprocess.py:93} INFO - 	at java.base/java.lang.Thread.run(Thread.java:840)
[2025-11-18T04:38:37.574+0000] {subprocess.py:93} INFO - 
[2025-11-18T04:38:38.828+0000] {subprocess.py:97} INFO - Command exited with return code 1
[2025-11-18T04:38:38.834+0000] {taskinstance.py:441} INFO - ::group::Post task execution logs
[2025-11-18T04:38:38.913+0000] {taskinstance.py:2905} ERROR - Task failed with exception
Traceback (most recent call last):
  File "/home/airflow/.local/lib/python3.12/site-packages/airflow/models/taskinstance.py", line 465, in _execute_task
    result = _execute_callable(context=context, **execute_callable_kwargs)
             ^^^^^^^^^^^^^^^^^^^^^^^^^^^^^^^^^^^^^^^^^^^^^^^^^^^^^^^^^^^^^
  File "/home/airflow/.local/lib/python3.12/site-packages/airflow/models/taskinstance.py", line 432, in _execute_callable
    return execute_callable(context=context, **execute_callable_kwargs)
           ^^^^^^^^^^^^^^^^^^^^^^^^^^^^^^^^^^^^^^^^^^^^^^^^^^^^^^^^^^^^
  File "/home/airflow/.local/lib/python3.12/site-packages/airflow/models/baseoperator.py", line 401, in wrapper
    return func(self, *args, **kwargs)
           ^^^^^^^^^^^^^^^^^^^^^^^^^^^
  File "/home/airflow/.local/lib/python3.12/site-packages/airflow/operators/bash.py", line 243, in execute
    raise AirflowException(
airflow.exceptions.AirflowException: Bash command failed. The command returned a non-zero exit code 1.
[2025-11-18T04:38:38.932+0000] {taskinstance.py:1206} INFO - Marking task as UP_FOR_RETRY. dag_id=etl_strava_activities, task_id=extract_gold_fact_activities, run_id=scheduled__2025-11-17T03:00:00+00:00, execution_date=20251117T030000, start_date=20251118T042244, end_date=20251118T043838
[2025-11-18T04:38:38.997+0000] {standard_task_runner.py:110} ERROR - Failed to execute job 541 for task extract_gold_fact_activities (Bash command failed. The command returned a non-zero exit code 1.; 1343)
[2025-11-18T04:38:39.049+0000] {local_task_job_runner.py:243} INFO - Task exited with return code 1
[2025-11-18T04:38:39.101+0000] {taskinstance.py:3503} INFO - 0 downstream tasks scheduled from follow-on schedule check
[2025-11-18T04:38:39.103+0000] {local_task_job_runner.py:222} INFO - ::endgroup::
