[2025-11-17T19:46:15.247+0000] {local_task_job_runner.py:120} INFO - ::group::Pre task execution logs
[2025-11-17T19:46:15.280+0000] {taskinstance.py:2076} INFO - Dependencies all met for dep_context=non-requeueable deps ti=<TaskInstance: etl_strava_activities.extract_silver_activities manual__2025-11-17T19:45:58.113037+00:00 [queued]>
[2025-11-17T19:46:15.285+0000] {taskinstance.py:2076} INFO - Dependencies all met for dep_context=requeueable deps ti=<TaskInstance: etl_strava_activities.extract_silver_activities manual__2025-11-17T19:45:58.113037+00:00 [queued]>
[2025-11-17T19:46:15.286+0000] {taskinstance.py:2306} INFO - Starting attempt 1 of 2
[2025-11-17T19:46:15.295+0000] {taskinstance.py:2330} INFO - Executing <Task(BashOperator): extract_silver_activities> on 2025-11-17 19:45:58.113037+00:00
[2025-11-17T19:46:15.304+0000] {logging_mixin.py:188} WARNING - /home/***/.local/lib/python3.12/site-packages/***/task/task_runner/standard_task_runner.py:62 DeprecationWarning: This process (pid=8406) is multi-threaded, use of fork() may lead to deadlocks in the child.
[2025-11-17T19:46:15.301+0000] {standard_task_runner.py:90} INFO - Running: ['***', 'tasks', 'run', 'etl_strava_activities', 'extract_silver_activities', 'manual__2025-11-17T19:45:58.113037+00:00', '--job-id', '499', '--raw', '--subdir', 'DAGS_FOLDER/pipeline_strava_activities.py', '--cfg-path', '/tmp/tmp41e05oew']
[2025-11-17T19:46:15.305+0000] {standard_task_runner.py:64} INFO - Started process 8407 to run task
[2025-11-17T19:46:15.305+0000] {standard_task_runner.py:91} INFO - Job 499: Subtask extract_silver_activities
[2025-11-17T19:46:15.359+0000] {task_command.py:426} INFO - Running <TaskInstance: etl_strava_activities.extract_silver_activities manual__2025-11-17T19:45:58.113037+00:00 [running]> on host 5c1ce3099579
[2025-11-17T19:46:15.432+0000] {taskinstance.py:2648} INFO - Exporting env vars: AIRFLOW_CTX_DAG_OWNER='rayane' AIRFLOW_CTX_DAG_ID='etl_strava_activities' AIRFLOW_CTX_TASK_ID='extract_silver_activities' AIRFLOW_CTX_EXECUTION_DATE='2025-11-17T19:45:58.113037+00:00' AIRFLOW_CTX_TRY_NUMBER='1' AIRFLOW_CTX_DAG_RUN_ID='manual__2025-11-17T19:45:58.113037+00:00'
[2025-11-17T19:46:15.433+0000] {taskinstance.py:430} INFO - ::endgroup::
[2025-11-17T19:46:15.447+0000] {subprocess.py:63} INFO - Tmp dir root location: /tmp
[2025-11-17T19:46:15.448+0000] {subprocess.py:75} INFO - Running command: ['/usr/bin/bash', '-c', 'python /opt/***/apps/02-silver/extract-bronze-to-silver-strava-activities.py']
[2025-11-17T19:46:15.454+0000] {subprocess.py:86} INFO - Output:
[2025-11-17T19:46:18.516+0000] {subprocess.py:93} INFO - Usando o arquivo de variaveis em: /opt/***/apps/.env
[2025-11-17T19:46:18.518+0000] {subprocess.py:93} INFO - silver-strava-user-activities-parquet
[2025-11-17T19:46:18.519+0000] {subprocess.py:93} INFO - Esvaziando bucket sulver para full load
[2025-11-17T19:46:18.519+0000] {subprocess.py:93} INFO - 🗑️ Removido: 2021/07/atividades_2021-07.parquet
[2025-11-17T19:46:18.520+0000] {subprocess.py:93} INFO - 🗑️ Removido: 2021/10/atividades_2021-10.parquet
[2025-11-17T19:46:18.520+0000] {subprocess.py:93} INFO - 🗑️ Removido: 2021/11/atividades_2021-11.parquet
[2025-11-17T19:46:18.521+0000] {subprocess.py:93} INFO - 🗑️ Removido: 2022/04/atividades_2022-04.parquet
[2025-11-17T19:46:18.521+0000] {subprocess.py:93} INFO - 🗑️ Removido: 2022/05/atividades_2022-05.parquet
[2025-11-17T19:46:18.521+0000] {subprocess.py:93} INFO - 🗑️ Removido: 2022/06/atividades_2022-06.parquet
[2025-11-17T19:46:18.522+0000] {subprocess.py:93} INFO - 🗑️ Removido: 2022/07/atividades_2022-07.parquet
[2025-11-17T19:46:18.522+0000] {subprocess.py:93} INFO - 🗑️ Removido: 2022/08/atividades_2022-08.parquet
[2025-11-17T19:46:18.522+0000] {subprocess.py:93} INFO - 🗑️ Removido: 2022/10/atividades_2022-10.parquet
[2025-11-17T19:46:18.522+0000] {subprocess.py:93} INFO - 🗑️ Removido: 2022/11/atividades_2022-11.parquet
[2025-11-17T19:46:18.523+0000] {subprocess.py:93} INFO - 🗑️ Removido: 2023/01/atividades_2023-01.parquet
[2025-11-17T19:46:18.523+0000] {subprocess.py:93} INFO - 🗑️ Removido: 2023/02/atividades_2023-02.parquet
[2025-11-17T19:46:18.523+0000] {subprocess.py:93} INFO - 🗑️ Removido: 2023/03/atividades_2023-03.parquet
[2025-11-17T19:46:18.523+0000] {subprocess.py:93} INFO - 🗑️ Removido: 2023/04/atividades_2023-04.parquet
[2025-11-17T19:46:18.524+0000] {subprocess.py:93} INFO - 🗑️ Removido: 2023/05/atividades_2023-05.parquet
[2025-11-17T19:46:18.524+0000] {subprocess.py:93} INFO - 🗑️ Removido: 2023/06/atividades_2023-06.parquet
[2025-11-17T19:46:18.524+0000] {subprocess.py:93} INFO - 🗑️ Removido: 2023/07/atividades_2023-07.parquet
[2025-11-17T19:46:18.524+0000] {subprocess.py:93} INFO - 🗑️ Removido: 2023/08/atividades_2023-08.parquet
[2025-11-17T19:46:18.524+0000] {subprocess.py:93} INFO - 🗑️ Removido: 2023/09/atividades_2023-09.parquet
[2025-11-17T19:46:18.525+0000] {subprocess.py:93} INFO - 🗑️ Removido: 2023/10/atividades_2023-10.parquet
[2025-11-17T19:46:18.525+0000] {subprocess.py:93} INFO - 🗑️ Removido: 2024/02/atividades_2024-02.parquet
[2025-11-17T19:46:18.525+0000] {subprocess.py:93} INFO - 🗑️ Removido: 2024/03/atividades_2024-03.parquet
[2025-11-17T19:46:18.525+0000] {subprocess.py:93} INFO - 🗑️ Removido: 2024/04/atividades_2024-04.parquet
[2025-11-17T19:46:18.526+0000] {subprocess.py:93} INFO - 🗑️ Removido: 2024/05/atividades_2024-05.parquet
[2025-11-17T19:46:18.527+0000] {subprocess.py:93} INFO - 🗑️ Removido: 2024/06/atividades_2024-06.parquet
[2025-11-17T19:46:18.527+0000] {subprocess.py:93} INFO - 🗑️ Removido: 2024/07/atividades_2024-07.parquet
[2025-11-17T19:46:18.528+0000] {subprocess.py:93} INFO - 🗑️ Removido: 2024/08/atividades_2024-08.parquet
[2025-11-17T19:46:18.529+0000] {subprocess.py:93} INFO - 🗑️ Removido: 2024/09/atividades_2024-09.parquet
[2025-11-17T19:46:18.529+0000] {subprocess.py:93} INFO - 🗑️ Removido: 2024/10/atividades_2024-10.parquet
[2025-11-17T19:46:18.530+0000] {subprocess.py:93} INFO - 🗑️ Removido: 2024/11/atividades_2024-11.parquet
[2025-11-17T19:46:18.530+0000] {subprocess.py:93} INFO - 🗑️ Removido: 2024/12/atividades_2024-12.parquet
[2025-11-17T19:46:18.530+0000] {subprocess.py:93} INFO - 🗑️ Removido: 2025/01/atividades_2025-01.parquet
[2025-11-17T19:46:18.530+0000] {subprocess.py:93} INFO - 🗑️ Removido: 2025/02/atividades_2025-02.parquet
[2025-11-17T19:46:18.531+0000] {subprocess.py:93} INFO - 🗑️ Removido: 2025/03/atividades_2025-03.parquet
[2025-11-17T19:46:18.531+0000] {subprocess.py:93} INFO - 🗑️ Removido: 2025/04/atividades_2025-04.parquet
[2025-11-17T19:46:18.531+0000] {subprocess.py:93} INFO - 🗑️ Removido: 2025/05/atividades_2025-05.parquet
[2025-11-17T19:46:18.532+0000] {subprocess.py:93} INFO - 🗑️ Removido: 2025/06/atividades_2025-06.parquet
[2025-11-17T19:46:18.532+0000] {subprocess.py:93} INFO - 🗑️ Removido: 2025/07/atividades_2025-07.parquet
[2025-11-17T19:46:18.533+0000] {subprocess.py:93} INFO - 🗑️ Removido: 2025/08/atividades_2025-08.parquet
[2025-11-17T19:46:18.533+0000] {subprocess.py:93} INFO - 🗑️ Removido: 2025/09/atividades_2025-09.parquet
[2025-11-17T19:46:18.533+0000] {subprocess.py:93} INFO - 🗑️ Removido: 2025/10/atividades_2025-10.parquet
[2025-11-17T19:46:18.533+0000] {subprocess.py:93} INFO - 🗑️ Removido: 2025/11/atividades_2025-11.parquet
[2025-11-17T19:46:18.534+0000] {subprocess.py:93} INFO - ✅ Bucket esvaziado: silver-strava-user-activities-parquet
[2025-11-17T19:46:18.534+0000] {subprocess.py:93} INFO - 🔁 Deduplicados: 4 removidos
[2025-11-17T19:46:18.534+0000] {subprocess.py:93} INFO - 📦 Salvo na silver: silver-strava-user-activities-parquet/2021/07/atividades_2021-07.parquet
[2025-11-17T19:46:18.534+0000] {subprocess.py:93} INFO - 📦 Salvo na silver: silver-strava-user-activities-parquet/2021/10/atividades_2021-10.parquet
[2025-11-17T19:46:18.534+0000] {subprocess.py:93} INFO - 📦 Salvo na silver: silver-strava-user-activities-parquet/2021/11/atividades_2021-11.parquet
[2025-11-17T19:46:18.535+0000] {subprocess.py:93} INFO - 📦 Salvo na silver: silver-strava-user-activities-parquet/2022/04/atividades_2022-04.parquet
[2025-11-17T19:46:18.535+0000] {subprocess.py:93} INFO - 📦 Salvo na silver: silver-strava-user-activities-parquet/2022/05/atividades_2022-05.parquet
[2025-11-17T19:46:18.535+0000] {subprocess.py:93} INFO - 📦 Salvo na silver: silver-strava-user-activities-parquet/2022/06/atividades_2022-06.parquet
[2025-11-17T19:46:18.535+0000] {subprocess.py:93} INFO - 📦 Salvo na silver: silver-strava-user-activities-parquet/2022/07/atividades_2022-07.parquet
[2025-11-17T19:46:18.535+0000] {subprocess.py:93} INFO - 📦 Salvo na silver: silver-strava-user-activities-parquet/2022/08/atividades_2022-08.parquet
[2025-11-17T19:46:18.536+0000] {subprocess.py:93} INFO - 📦 Salvo na silver: silver-strava-user-activities-parquet/2022/10/atividades_2022-10.parquet
[2025-11-17T19:46:18.536+0000] {subprocess.py:93} INFO - 📦 Salvo na silver: silver-strava-user-activities-parquet/2022/11/atividades_2022-11.parquet
[2025-11-17T19:46:18.536+0000] {subprocess.py:93} INFO - 📦 Salvo na silver: silver-strava-user-activities-parquet/2023/01/atividades_2023-01.parquet
[2025-11-17T19:46:18.536+0000] {subprocess.py:93} INFO - 📦 Salvo na silver: silver-strava-user-activities-parquet/2023/02/atividades_2023-02.parquet
[2025-11-17T19:46:18.536+0000] {subprocess.py:93} INFO - 📦 Salvo na silver: silver-strava-user-activities-parquet/2023/03/atividades_2023-03.parquet
[2025-11-17T19:46:18.536+0000] {subprocess.py:93} INFO - 📦 Salvo na silver: silver-strava-user-activities-parquet/2023/04/atividades_2023-04.parquet
[2025-11-17T19:46:18.536+0000] {subprocess.py:93} INFO - 📦 Salvo na silver: silver-strava-user-activities-parquet/2023/05/atividades_2023-05.parquet
[2025-11-17T19:46:18.537+0000] {subprocess.py:93} INFO - 📦 Salvo na silver: silver-strava-user-activities-parquet/2023/06/atividades_2023-06.parquet
[2025-11-17T19:46:18.537+0000] {subprocess.py:93} INFO - 📦 Salvo na silver: silver-strava-user-activities-parquet/2023/07/atividades_2023-07.parquet
[2025-11-17T19:46:18.537+0000] {subprocess.py:93} INFO - 📦 Salvo na silver: silver-strava-user-activities-parquet/2023/08/atividades_2023-08.parquet
[2025-11-17T19:46:18.537+0000] {subprocess.py:93} INFO - 📦 Salvo na silver: silver-strava-user-activities-parquet/2023/09/atividades_2023-09.parquet
[2025-11-17T19:46:18.537+0000] {subprocess.py:93} INFO - 📦 Salvo na silver: silver-strava-user-activities-parquet/2023/10/atividades_2023-10.parquet
[2025-11-17T19:46:18.537+0000] {subprocess.py:93} INFO - 📦 Salvo na silver: silver-strava-user-activities-parquet/2024/02/atividades_2024-02.parquet
[2025-11-17T19:46:18.537+0000] {subprocess.py:93} INFO - 📦 Salvo na silver: silver-strava-user-activities-parquet/2024/03/atividades_2024-03.parquet
[2025-11-17T19:46:18.538+0000] {subprocess.py:93} INFO - 📦 Salvo na silver: silver-strava-user-activities-parquet/2024/04/atividades_2024-04.parquet
[2025-11-17T19:46:18.538+0000] {subprocess.py:93} INFO - 📦 Salvo na silver: silver-strava-user-activities-parquet/2024/05/atividades_2024-05.parquet
[2025-11-17T19:46:18.538+0000] {subprocess.py:93} INFO - 📦 Salvo na silver: silver-strava-user-activities-parquet/2024/06/atividades_2024-06.parquet
[2025-11-17T19:46:18.538+0000] {subprocess.py:93} INFO - 📦 Salvo na silver: silver-strava-user-activities-parquet/2024/07/atividades_2024-07.parquet
[2025-11-17T19:46:18.538+0000] {subprocess.py:93} INFO - 📦 Salvo na silver: silver-strava-user-activities-parquet/2024/08/atividades_2024-08.parquet
[2025-11-17T19:46:18.538+0000] {subprocess.py:93} INFO - 📦 Salvo na silver: silver-strava-user-activities-parquet/2024/09/atividades_2024-09.parquet
[2025-11-17T19:46:18.538+0000] {subprocess.py:93} INFO - 📦 Salvo na silver: silver-strava-user-activities-parquet/2024/10/atividades_2024-10.parquet
[2025-11-17T19:46:18.538+0000] {subprocess.py:93} INFO - 📦 Salvo na silver: silver-strava-user-activities-parquet/2024/11/atividades_2024-11.parquet
[2025-11-17T19:46:18.539+0000] {subprocess.py:93} INFO - 📦 Salvo na silver: silver-strava-user-activities-parquet/2024/12/atividades_2024-12.parquet
[2025-11-17T19:46:18.539+0000] {subprocess.py:93} INFO - 📦 Salvo na silver: silver-strava-user-activities-parquet/2025/01/atividades_2025-01.parquet
[2025-11-17T19:46:18.539+0000] {subprocess.py:93} INFO - 📦 Salvo na silver: silver-strava-user-activities-parquet/2025/02/atividades_2025-02.parquet
[2025-11-17T19:46:18.539+0000] {subprocess.py:93} INFO - 📦 Salvo na silver: silver-strava-user-activities-parquet/2025/03/atividades_2025-03.parquet
[2025-11-17T19:46:18.539+0000] {subprocess.py:93} INFO - 📦 Salvo na silver: silver-strava-user-activities-parquet/2025/04/atividades_2025-04.parquet
[2025-11-17T19:46:18.539+0000] {subprocess.py:93} INFO - 📦 Salvo na silver: silver-strava-user-activities-parquet/2025/05/atividades_2025-05.parquet
[2025-11-17T19:46:18.539+0000] {subprocess.py:93} INFO - 📦 Salvo na silver: silver-strava-user-activities-parquet/2025/06/atividades_2025-06.parquet
[2025-11-17T19:46:18.539+0000] {subprocess.py:93} INFO - 📦 Salvo na silver: silver-strava-user-activities-parquet/2025/07/atividades_2025-07.parquet
[2025-11-17T19:46:18.540+0000] {subprocess.py:93} INFO - 📦 Salvo na silver: silver-strava-user-activities-parquet/2025/08/atividades_2025-08.parquet
[2025-11-17T19:46:18.540+0000] {subprocess.py:93} INFO - 📦 Salvo na silver: silver-strava-user-activities-parquet/2025/09/atividades_2025-09.parquet
[2025-11-17T19:46:18.540+0000] {subprocess.py:93} INFO - 📦 Salvo na silver: silver-strava-user-activities-parquet/2025/10/atividades_2025-10.parquet
[2025-11-17T19:46:18.540+0000] {subprocess.py:93} INFO - 📦 Salvo na silver: silver-strava-user-activities-parquet/2025/11/atividades_2025-11.parquet
[2025-11-17T19:46:18.540+0000] {subprocess.py:93} INFO - ✅ Processo finalizado com sucesso ✅
[2025-11-17T19:46:18.608+0000] {subprocess.py:97} INFO - Command exited with return code 0
[2025-11-17T19:46:18.609+0000] {taskinstance.py:441} INFO - ::group::Post task execution logs
[2025-11-17T19:46:18.650+0000] {taskinstance.py:1206} INFO - Marking task as SUCCESS. dag_id=etl_strava_activities, task_id=extract_silver_activities, run_id=manual__2025-11-17T19:45:58.113037+00:00, execution_date=20251117T194558, start_date=20251117T194615, end_date=20251117T194618
[2025-11-17T19:46:18.706+0000] {local_task_job_runner.py:243} INFO - Task exited with return code 0
[2025-11-17T19:46:18.753+0000] {taskinstance.py:3503} INFO - 1 downstream tasks scheduled from follow-on schedule check
[2025-11-17T19:46:18.756+0000] {local_task_job_runner.py:222} INFO - ::endgroup::
