[2025-11-17T19:36:03.205+0000] {local_task_job_runner.py:120} INFO - ::group::Pre task execution logs
[2025-11-17T19:36:03.238+0000] {taskinstance.py:2076} INFO - Dependencies all met for dep_context=non-requeueable deps ti=<TaskInstance: etl_strava_activities.extract_silver_activities manual__2025-11-17T19:35:44.687909+00:00 [queued]>
[2025-11-17T19:36:03.244+0000] {taskinstance.py:2076} INFO - Dependencies all met for dep_context=requeueable deps ti=<TaskInstance: etl_strava_activities.extract_silver_activities manual__2025-11-17T19:35:44.687909+00:00 [queued]>
[2025-11-17T19:36:03.245+0000] {taskinstance.py:2306} INFO - Starting attempt 1 of 2
[2025-11-17T19:36:03.255+0000] {taskinstance.py:2330} INFO - Executing <Task(BashOperator): extract_silver_activities> on 2025-11-17 19:35:44.687909+00:00
[2025-11-17T19:36:03.261+0000] {logging_mixin.py:188} WARNING - /home/***/.local/lib/python3.12/site-packages/***/task/task_runner/standard_task_runner.py:62 DeprecationWarning: This process (pid=7264) is multi-threaded, use of fork() may lead to deadlocks in the child.
[2025-11-17T19:36:03.262+0000] {standard_task_runner.py:64} INFO - Started process 7267 to run task
[2025-11-17T19:36:03.261+0000] {standard_task_runner.py:90} INFO - Running: ['***', 'tasks', 'run', 'etl_strava_activities', 'extract_silver_activities', 'manual__2025-11-17T19:35:44.687909+00:00', '--job-id', '480', '--raw', '--subdir', 'DAGS_FOLDER/pipeline_strava_activities.py', '--cfg-path', '/tmp/tmpabgoei21']
[2025-11-17T19:36:03.263+0000] {standard_task_runner.py:91} INFO - Job 480: Subtask extract_silver_activities
[2025-11-17T19:36:03.309+0000] {task_command.py:426} INFO - Running <TaskInstance: etl_strava_activities.extract_silver_activities manual__2025-11-17T19:35:44.687909+00:00 [running]> on host 5c1ce3099579
[2025-11-17T19:36:03.384+0000] {taskinstance.py:2648} INFO - Exporting env vars: AIRFLOW_CTX_DAG_OWNER='rayane' AIRFLOW_CTX_DAG_ID='etl_strava_activities' AIRFLOW_CTX_TASK_ID='extract_silver_activities' AIRFLOW_CTX_EXECUTION_DATE='2025-11-17T19:35:44.687909+00:00' AIRFLOW_CTX_TRY_NUMBER='1' AIRFLOW_CTX_DAG_RUN_ID='manual__2025-11-17T19:35:44.687909+00:00'
[2025-11-17T19:36:03.384+0000] {taskinstance.py:430} INFO - ::endgroup::
[2025-11-17T19:36:03.399+0000] {subprocess.py:63} INFO - Tmp dir root location: /tmp
[2025-11-17T19:36:03.400+0000] {subprocess.py:75} INFO - Running command: ['/usr/bin/bash', '-c', 'python /opt/***/apps/02-silver/extract-bronze-to-silver-strava-activities.py']
[2025-11-17T19:36:03.405+0000] {subprocess.py:86} INFO - Output:
[2025-11-17T19:36:04.239+0000] {subprocess.py:93} INFO - Usando o arquivo de variaveis em: /opt/***/apps/.env
[2025-11-17T19:36:04.240+0000] {subprocess.py:93} INFO - None
[2025-11-17T19:36:04.240+0000] {subprocess.py:93} INFO - Esvaziando bucket sulver para full load
[2025-11-17T19:36:04.240+0000] {subprocess.py:93} INFO - Traceback (most recent call last):
[2025-11-17T19:36:04.240+0000] {subprocess.py:93} INFO -   File "/opt/***/apps/02-silver/extract-bronze-to-silver-strava-activities.py", line 91, in <module>
[2025-11-17T19:36:04.241+0000] {subprocess.py:93} INFO -     for obj in client_minio.list_objects(BUCKET_SILVER, recursive=True):
[2025-11-17T19:36:04.241+0000] {subprocess.py:93} INFO -   File "/home/***/.local/lib/python3.12/site-packages/minio/api.py", line 3288, in _list_objects
[2025-11-17T19:36:04.243+0000] {subprocess.py:93} INFO -     check_bucket_name(bucket_name, s3_check=self._base_url.is_aws_host)
[2025-11-17T19:36:04.243+0000] {subprocess.py:93} INFO -   File "/home/***/.local/lib/python3.12/site-packages/minio/helpers.py", line 239, in check_bucket_name
[2025-11-17T19:36:04.244+0000] {subprocess.py:93} INFO -     if not _OLD_BUCKET_NAME_REGEX.match(bucket_name):
[2025-11-17T19:36:04.244+0000] {subprocess.py:93} INFO -            ^^^^^^^^^^^^^^^^^^^^^^^^^^^^^^^^^^^^^^^^^
[2025-11-17T19:36:04.244+0000] {subprocess.py:93} INFO - TypeError: expected string or bytes-like object, got 'NoneType'
[2025-11-17T19:36:04.304+0000] {subprocess.py:97} INFO - Command exited with return code 1
[2025-11-17T19:36:04.305+0000] {taskinstance.py:441} INFO - ::group::Post task execution logs
[2025-11-17T19:36:04.315+0000] {taskinstance.py:2905} ERROR - Task failed with exception
Traceback (most recent call last):
  File "/home/airflow/.local/lib/python3.12/site-packages/airflow/models/taskinstance.py", line 465, in _execute_task
    result = _execute_callable(context=context, **execute_callable_kwargs)
             ^^^^^^^^^^^^^^^^^^^^^^^^^^^^^^^^^^^^^^^^^^^^^^^^^^^^^^^^^^^^^
  File "/home/airflow/.local/lib/python3.12/site-packages/airflow/models/taskinstance.py", line 432, in _execute_callable
    return execute_callable(context=context, **execute_callable_kwargs)
           ^^^^^^^^^^^^^^^^^^^^^^^^^^^^^^^^^^^^^^^^^^^^^^^^^^^^^^^^^^^^
  File "/home/airflow/.local/lib/python3.12/site-packages/airflow/models/baseoperator.py", line 401, in wrapper
    return func(self, *args, **kwargs)
           ^^^^^^^^^^^^^^^^^^^^^^^^^^^
  File "/home/airflow/.local/lib/python3.12/site-packages/airflow/operators/bash.py", line 243, in execute
    raise AirflowException(
airflow.exceptions.AirflowException: Bash command failed. The command returned a non-zero exit code 1.
[2025-11-17T19:36:04.320+0000] {taskinstance.py:1206} INFO - Marking task as UP_FOR_RETRY. dag_id=etl_strava_activities, task_id=extract_silver_activities, run_id=manual__2025-11-17T19:35:44.687909+00:00, execution_date=20251117T193544, start_date=20251117T193603, end_date=20251117T193604
[2025-11-17T19:36:04.330+0000] {standard_task_runner.py:110} ERROR - Failed to execute job 480 for task extract_silver_activities (Bash command failed. The command returned a non-zero exit code 1.; 7267)
[2025-11-17T19:36:04.358+0000] {local_task_job_runner.py:243} INFO - Task exited with return code 1
[2025-11-17T19:36:04.376+0000] {taskinstance.py:3503} INFO - 0 downstream tasks scheduled from follow-on schedule check
[2025-11-17T19:36:04.377+0000] {local_task_job_runner.py:222} INFO - ::endgroup::
