[2025-11-13T17:28:21.314+0000] {local_task_job_runner.py:120} INFO - ::group::Pre task execution logs
[2025-11-13T17:28:21.347+0000] {taskinstance.py:2076} INFO - Dependencies all met for dep_context=non-requeueable deps ti=<TaskInstance: etl_strava.extract_bronze_user scheduled__2025-11-12T03:00:00+00:00 [queued]>
[2025-11-13T17:28:21.352+0000] {taskinstance.py:2076} INFO - Dependencies all met for dep_context=requeueable deps ti=<TaskInstance: etl_strava.extract_bronze_user scheduled__2025-11-12T03:00:00+00:00 [queued]>
[2025-11-13T17:28:21.352+0000] {taskinstance.py:2306} INFO - Starting attempt 1 of 2
[2025-11-13T17:28:21.360+0000] {taskinstance.py:2330} INFO - Executing <Task(BashOperator): extract_bronze_user> on 2025-11-12 03:00:00+00:00
[2025-11-13T17:28:21.367+0000] {logging_mixin.py:188} WARNING - /home/***/.local/lib/python3.12/site-packages/***/task/task_runner/standard_task_runner.py:62 DeprecationWarning: This process (pid=310) is multi-threaded, use of fork() may lead to deadlocks in the child.
[2025-11-13T17:28:21.368+0000] {standard_task_runner.py:64} INFO - Started process 313 to run task
[2025-11-13T17:28:21.366+0000] {standard_task_runner.py:90} INFO - Running: ['***', 'tasks', 'run', 'etl_strava', 'extract_bronze_user', 'scheduled__2025-11-12T03:00:00+00:00', '--job-id', '13', '--raw', '--subdir', 'DAGS_FOLDER/pipeline_strava.py', '--cfg-path', '/tmp/tmp9734xl57']
[2025-11-13T17:28:21.369+0000] {standard_task_runner.py:91} INFO - Job 13: Subtask extract_bronze_user
[2025-11-13T17:28:21.426+0000] {task_command.py:426} INFO - Running <TaskInstance: etl_strava.extract_bronze_user scheduled__2025-11-12T03:00:00+00:00 [running]> on host 3839853d7672
[2025-11-13T17:28:21.560+0000] {taskinstance.py:2648} INFO - Exporting env vars: AIRFLOW_CTX_DAG_OWNER='rayane' AIRFLOW_CTX_DAG_ID='etl_strava' AIRFLOW_CTX_TASK_ID='extract_bronze_user' AIRFLOW_CTX_EXECUTION_DATE='2025-11-12T03:00:00+00:00' AIRFLOW_CTX_TRY_NUMBER='1' AIRFLOW_CTX_DAG_RUN_ID='scheduled__2025-11-12T03:00:00+00:00'
[2025-11-13T17:28:21.561+0000] {taskinstance.py:430} INFO - ::endgroup::
[2025-11-13T17:28:21.575+0000] {subprocess.py:63} INFO - Tmp dir root location: /tmp
[2025-11-13T17:28:21.575+0000] {subprocess.py:75} INFO - Running command: ['/usr/bin/bash', '-c', 'python /opt/***/apps/.py']
[2025-11-13T17:28:21.582+0000] {subprocess.py:86} INFO - Output:
[2025-11-13T17:28:21.648+0000] {subprocess.py:93} INFO - python: can't open file '/opt/***/apps/.py': [Errno 2] No such file or directory
[2025-11-13T17:28:21.653+0000] {subprocess.py:97} INFO - Command exited with return code 2
[2025-11-13T17:28:21.653+0000] {taskinstance.py:441} INFO - ::group::Post task execution logs
[2025-11-13T17:28:21.666+0000] {taskinstance.py:2905} ERROR - Task failed with exception
Traceback (most recent call last):
  File "/home/airflow/.local/lib/python3.12/site-packages/airflow/models/taskinstance.py", line 465, in _execute_task
    result = _execute_callable(context=context, **execute_callable_kwargs)
             ^^^^^^^^^^^^^^^^^^^^^^^^^^^^^^^^^^^^^^^^^^^^^^^^^^^^^^^^^^^^^
  File "/home/airflow/.local/lib/python3.12/site-packages/airflow/models/taskinstance.py", line 432, in _execute_callable
    return execute_callable(context=context, **execute_callable_kwargs)
           ^^^^^^^^^^^^^^^^^^^^^^^^^^^^^^^^^^^^^^^^^^^^^^^^^^^^^^^^^^^^
  File "/home/airflow/.local/lib/python3.12/site-packages/airflow/models/baseoperator.py", line 401, in wrapper
    return func(self, *args, **kwargs)
           ^^^^^^^^^^^^^^^^^^^^^^^^^^^
  File "/home/airflow/.local/lib/python3.12/site-packages/airflow/operators/bash.py", line 243, in execute
    raise AirflowException(
airflow.exceptions.AirflowException: Bash command failed. The command returned a non-zero exit code 2.
[2025-11-13T17:28:21.670+0000] {taskinstance.py:1206} INFO - Marking task as UP_FOR_RETRY. dag_id=etl_strava, task_id=extract_bronze_user, run_id=scheduled__2025-11-12T03:00:00+00:00, execution_date=20251112T030000, start_date=20251113T172821, end_date=20251113T172821
[2025-11-13T17:28:21.682+0000] {standard_task_runner.py:110} ERROR - Failed to execute job 13 for task extract_bronze_user (Bash command failed. The command returned a non-zero exit code 2.; 313)
[2025-11-13T17:28:21.727+0000] {local_task_job_runner.py:243} INFO - Task exited with return code 1
[2025-11-13T17:28:21.745+0000] {taskinstance.py:3503} INFO - 0 downstream tasks scheduled from follow-on schedule check
[2025-11-13T17:28:21.746+0000] {local_task_job_runner.py:222} INFO - ::endgroup::
[2025-11-13T17:33:07.563+0000] {local_task_job_runner.py:120} INFO - ::group::Pre task execution logs
[2025-11-13T17:33:07.596+0000] {taskinstance.py:2076} INFO - Dependencies all met for dep_context=non-requeueable deps ti=<TaskInstance: etl_strava.extract_bronze_user scheduled__2025-11-12T03:00:00+00:00 [queued]>
[2025-11-13T17:33:07.601+0000] {taskinstance.py:2076} INFO - Dependencies all met for dep_context=requeueable deps ti=<TaskInstance: etl_strava.extract_bronze_user scheduled__2025-11-12T03:00:00+00:00 [queued]>
[2025-11-13T17:33:07.602+0000] {taskinstance.py:2306} INFO - Starting attempt 1 of 2
[2025-11-13T17:33:07.610+0000] {taskinstance.py:2330} INFO - Executing <Task(BashOperator): extract_bronze_user> on 2025-11-12 03:00:00+00:00
[2025-11-13T17:33:07.617+0000] {logging_mixin.py:188} WARNING - /home/***/.local/lib/python3.12/site-packages/***/task/task_runner/standard_task_runner.py:62 DeprecationWarning: This process (pid=373) is multi-threaded, use of fork() may lead to deadlocks in the child.
[2025-11-13T17:33:07.615+0000] {standard_task_runner.py:90} INFO - Running: ['***', 'tasks', 'run', 'etl_strava', 'extract_bronze_user', 'scheduled__2025-11-12T03:00:00+00:00', '--job-id', '15', '--raw', '--subdir', 'DAGS_FOLDER/pipeline_strava.py', '--cfg-path', '/tmp/tmpuo_yzn04']
[2025-11-13T17:33:07.619+0000] {standard_task_runner.py:91} INFO - Job 15: Subtask extract_bronze_user
[2025-11-13T17:33:07.618+0000] {standard_task_runner.py:64} INFO - Started process 375 to run task
[2025-11-13T17:33:07.694+0000] {task_command.py:426} INFO - Running <TaskInstance: etl_strava.extract_bronze_user scheduled__2025-11-12T03:00:00+00:00 [running]> on host 3839853d7672
[2025-11-13T17:33:07.785+0000] {taskinstance.py:2648} INFO - Exporting env vars: AIRFLOW_CTX_DAG_OWNER='rayane' AIRFLOW_CTX_DAG_ID='etl_strava' AIRFLOW_CTX_TASK_ID='extract_bronze_user' AIRFLOW_CTX_EXECUTION_DATE='2025-11-12T03:00:00+00:00' AIRFLOW_CTX_TRY_NUMBER='1' AIRFLOW_CTX_DAG_RUN_ID='scheduled__2025-11-12T03:00:00+00:00'
[2025-11-13T17:33:07.786+0000] {taskinstance.py:430} INFO - ::endgroup::
[2025-11-13T17:33:07.799+0000] {subprocess.py:63} INFO - Tmp dir root location: /tmp
[2025-11-13T17:33:07.800+0000] {subprocess.py:75} INFO - Running command: ['/usr/bin/bash', '-c', 'python apps/extract_api_strava_user.py']
[2025-11-13T17:33:07.807+0000] {subprocess.py:86} INFO - Output:
[2025-11-13T17:33:07.886+0000] {subprocess.py:93} INFO - python: can't open file '/tmp/***tmprqtlzixu/apps/extract_api_strava_user.py': [Errno 2] No such file or directory
[2025-11-13T17:33:07.890+0000] {subprocess.py:97} INFO - Command exited with return code 2
[2025-11-13T17:33:07.891+0000] {taskinstance.py:441} INFO - ::group::Post task execution logs
[2025-11-13T17:33:07.903+0000] {taskinstance.py:2905} ERROR - Task failed with exception
Traceback (most recent call last):
  File "/home/airflow/.local/lib/python3.12/site-packages/airflow/models/taskinstance.py", line 465, in _execute_task
    result = _execute_callable(context=context, **execute_callable_kwargs)
             ^^^^^^^^^^^^^^^^^^^^^^^^^^^^^^^^^^^^^^^^^^^^^^^^^^^^^^^^^^^^^
  File "/home/airflow/.local/lib/python3.12/site-packages/airflow/models/taskinstance.py", line 432, in _execute_callable
    return execute_callable(context=context, **execute_callable_kwargs)
           ^^^^^^^^^^^^^^^^^^^^^^^^^^^^^^^^^^^^^^^^^^^^^^^^^^^^^^^^^^^^
  File "/home/airflow/.local/lib/python3.12/site-packages/airflow/models/baseoperator.py", line 401, in wrapper
    return func(self, *args, **kwargs)
           ^^^^^^^^^^^^^^^^^^^^^^^^^^^
  File "/home/airflow/.local/lib/python3.12/site-packages/airflow/operators/bash.py", line 243, in execute
    raise AirflowException(
airflow.exceptions.AirflowException: Bash command failed. The command returned a non-zero exit code 2.
[2025-11-13T17:33:07.907+0000] {taskinstance.py:1206} INFO - Marking task as UP_FOR_RETRY. dag_id=etl_strava, task_id=extract_bronze_user, run_id=scheduled__2025-11-12T03:00:00+00:00, execution_date=20251112T030000, start_date=20251113T173307, end_date=20251113T173307
[2025-11-13T17:33:07.918+0000] {standard_task_runner.py:110} ERROR - Failed to execute job 15 for task extract_bronze_user (Bash command failed. The command returned a non-zero exit code 2.; 375)
[2025-11-13T17:33:07.927+0000] {local_task_job_runner.py:243} INFO - Task exited with return code 1
[2025-11-13T17:33:07.949+0000] {taskinstance.py:3503} INFO - 0 downstream tasks scheduled from follow-on schedule check
[2025-11-13T17:33:07.950+0000] {local_task_job_runner.py:222} INFO - ::endgroup::
