[2025-11-14T19:04:14.886+0000] {local_task_job_runner.py:120} INFO - ::group::Pre task execution logs
[2025-11-14T19:04:15.044+0000] {taskinstance.py:2076} INFO - Dependencies all met for dep_context=non-requeueable deps ti=<TaskInstance: etl_strava.extract_bronze_activities manual__2025-11-13T22:25:39.461870+00:00 [queued]>
[2025-11-14T19:04:15.070+0000] {taskinstance.py:2076} INFO - Dependencies all met for dep_context=requeueable deps ti=<TaskInstance: etl_strava.extract_bronze_activities manual__2025-11-13T22:25:39.461870+00:00 [queued]>
[2025-11-14T19:04:15.072+0000] {taskinstance.py:2306} INFO - Starting attempt 4 of 4
[2025-11-14T19:04:15.127+0000] {taskinstance.py:2330} INFO - Executing <Task(BashOperator): extract_bronze_activities> on 2025-11-13 22:25:39.461870+00:00
[2025-11-14T19:04:15.200+0000] {standard_task_runner.py:90} INFO - Running: ['***', 'tasks', 'run', 'etl_strava', 'extract_bronze_activities', 'manual__2025-11-13T22:25:39.461870+00:00', '--job-id', '180', '--raw', '--subdir', 'DAGS_FOLDER/pipeline_strava.py', '--cfg-path', '/tmp/tmp4cr194jw']
[2025-11-14T19:04:15.214+0000] {standard_task_runner.py:91} INFO - Job 180: Subtask extract_bronze_activities
[2025-11-14T19:04:15.222+0000] {logging_mixin.py:188} WARNING - /home/***/.local/lib/python3.12/site-packages/***/task/task_runner/standard_task_runner.py:62 DeprecationWarning: This process (pid=181) is multi-threaded, use of fork() may lead to deadlocks in the child.
[2025-11-14T19:04:15.226+0000] {standard_task_runner.py:64} INFO - Started process 193 to run task
[2025-11-14T19:04:15.467+0000] {task_command.py:426} INFO - Running <TaskInstance: etl_strava.extract_bronze_activities manual__2025-11-13T22:25:39.461870+00:00 [running]> on host 1192556566e9
[2025-11-14T19:04:16.103+0000] {taskinstance.py:2648} INFO - Exporting env vars: AIRFLOW_CTX_DAG_OWNER='rayane' AIRFLOW_CTX_DAG_ID='etl_strava' AIRFLOW_CTX_TASK_ID='extract_bronze_activities' AIRFLOW_CTX_EXECUTION_DATE='2025-11-13T22:25:39.461870+00:00' AIRFLOW_CTX_TRY_NUMBER='4' AIRFLOW_CTX_DAG_RUN_ID='manual__2025-11-13T22:25:39.461870+00:00'
[2025-11-14T19:04:16.108+0000] {taskinstance.py:430} INFO - ::endgroup::
[2025-11-14T19:04:16.154+0000] {subprocess.py:63} INFO - Tmp dir root location: /tmp
[2025-11-14T19:04:16.161+0000] {subprocess.py:75} INFO - Running command: ['/usr/bin/bash', '-c', 'python /opt/***/apps/extract_api_strava_user_activities.py']
[2025-11-14T19:04:16.191+0000] {subprocess.py:86} INFO - Output:
[2025-11-14T19:37:00.636+0000] {local_task_job_runner.py:313} WARNING - State of this instance has been externally set to failed. Terminating instance.
[2025-11-14T19:37:00.638+0000] {local_task_job_runner.py:222} INFO - ::endgroup::
[2025-11-14T19:37:00.643+0000] {process_utils.py:132} INFO - Sending 15 to group 193. PIDs of all processes in the group: [209, 193]
[2025-11-14T19:37:00.644+0000] {process_utils.py:87} INFO - Sending the signal 15 to group 193
[2025-11-14T19:37:00.645+0000] {taskinstance.py:2611} ERROR - Received SIGTERM. Terminating subprocesses.
[2025-11-14T19:37:00.647+0000] {subprocess.py:104} INFO - Sending SIGTERM signal to process group
[2025-11-14T19:37:00.649+0000] {taskinstance.py:441} INFO - ::group::Post task execution logs
[2025-11-14T19:37:00.700+0000] {process_utils.py:80} INFO - Process psutil.Process(pid=193, status='terminated', exitcode=0, started='19:04:14') (193) terminated with exit code 0
[2025-11-14T19:37:00.701+0000] {process_utils.py:80} INFO - Process psutil.Process(pid=209, status='terminated', started='19:04:15') (209) terminated with exit code None
