[2025-11-17T03:55:22.069+0000] {local_task_job_runner.py:120} INFO - ::group::Pre task execution logs
[2025-11-17T03:55:22.128+0000] {taskinstance.py:2076} INFO - Dependencies all met for dep_context=non-requeueable deps ti=<TaskInstance: etl_strava_activities.extract_silver_activities manual__2025-11-17T03:55:03.893459+00:00 [queued]>
[2025-11-17T03:55:22.137+0000] {taskinstance.py:2076} INFO - Dependencies all met for dep_context=requeueable deps ti=<TaskInstance: etl_strava_activities.extract_silver_activities manual__2025-11-17T03:55:03.893459+00:00 [queued]>
[2025-11-17T03:55:22.138+0000] {taskinstance.py:2306} INFO - Starting attempt 1 of 2
[2025-11-17T03:55:22.151+0000] {taskinstance.py:2330} INFO - Executing <Task(BashOperator): extract_silver_activities> on 2025-11-17 03:55:03.893459+00:00
[2025-11-17T03:55:22.164+0000] {logging_mixin.py:188} WARNING - /home/***/.local/lib/python3.12/site-packages/***/task/task_runner/standard_task_runner.py:62 DeprecationWarning: This process (pid=19151) is multi-threaded, use of fork() may lead to deadlocks in the child.
[2025-11-17T03:55:22.165+0000] {standard_task_runner.py:64} INFO - Started process 19152 to run task
[2025-11-17T03:55:22.162+0000] {standard_task_runner.py:90} INFO - Running: ['***', 'tasks', 'run', 'etl_strava_activities', 'extract_silver_activities', 'manual__2025-11-17T03:55:03.893459+00:00', '--job-id', '400', '--raw', '--subdir', 'DAGS_FOLDER/pipeline_strava_activities.py', '--cfg-path', '/tmp/tmpikmf7s6z']
[2025-11-17T03:55:22.167+0000] {standard_task_runner.py:91} INFO - Job 400: Subtask extract_silver_activities
[2025-11-17T03:55:22.227+0000] {task_command.py:426} INFO - Running <TaskInstance: etl_strava_activities.extract_silver_activities manual__2025-11-17T03:55:03.893459+00:00 [running]> on host 602d3770b2e4
[2025-11-17T03:55:22.323+0000] {taskinstance.py:2648} INFO - Exporting env vars: AIRFLOW_CTX_DAG_OWNER='rayane' AIRFLOW_CTX_DAG_ID='etl_strava_activities' AIRFLOW_CTX_TASK_ID='extract_silver_activities' AIRFLOW_CTX_EXECUTION_DATE='2025-11-17T03:55:03.893459+00:00' AIRFLOW_CTX_TRY_NUMBER='1' AIRFLOW_CTX_DAG_RUN_ID='manual__2025-11-17T03:55:03.893459+00:00'
[2025-11-17T03:55:22.325+0000] {taskinstance.py:430} INFO - ::endgroup::
[2025-11-17T03:55:22.350+0000] {subprocess.py:63} INFO - Tmp dir root location: /tmp
[2025-11-17T03:55:22.351+0000] {subprocess.py:75} INFO - Running command: ['/usr/bin/bash', '-c', 'python /opt/***/apps/02-silver/extract-bronze-to-silver-strava-activities.py']
[2025-11-17T03:55:22.360+0000] {subprocess.py:86} INFO - Output:
[2025-11-17T03:55:22.451+0000] {subprocess.py:93} INFO -   File "/opt/***/apps/02-silver/extract-bronze-to-silver-strava-activities.py", line 10
[2025-11-17T03:55:22.452+0000] {subprocess.py:93} INFO -     from pandas
[2025-11-17T03:55:22.452+0000] {subprocess.py:93} INFO -                 ^
[2025-11-17T03:55:22.452+0000] {subprocess.py:93} INFO - SyntaxError: invalid syntax
[2025-11-17T03:55:22.455+0000] {subprocess.py:97} INFO - Command exited with return code 1
[2025-11-17T03:55:22.456+0000] {taskinstance.py:441} INFO - ::group::Post task execution logs
[2025-11-17T03:55:22.466+0000] {taskinstance.py:2905} ERROR - Task failed with exception
Traceback (most recent call last):
  File "/home/airflow/.local/lib/python3.12/site-packages/airflow/models/taskinstance.py", line 465, in _execute_task
    result = _execute_callable(context=context, **execute_callable_kwargs)
             ^^^^^^^^^^^^^^^^^^^^^^^^^^^^^^^^^^^^^^^^^^^^^^^^^^^^^^^^^^^^^
  File "/home/airflow/.local/lib/python3.12/site-packages/airflow/models/taskinstance.py", line 432, in _execute_callable
    return execute_callable(context=context, **execute_callable_kwargs)
           ^^^^^^^^^^^^^^^^^^^^^^^^^^^^^^^^^^^^^^^^^^^^^^^^^^^^^^^^^^^^
  File "/home/airflow/.local/lib/python3.12/site-packages/airflow/models/baseoperator.py", line 401, in wrapper
    return func(self, *args, **kwargs)
           ^^^^^^^^^^^^^^^^^^^^^^^^^^^
  File "/home/airflow/.local/lib/python3.12/site-packages/airflow/operators/bash.py", line 243, in execute
    raise AirflowException(
airflow.exceptions.AirflowException: Bash command failed. The command returned a non-zero exit code 1.
[2025-11-17T03:55:22.470+0000] {taskinstance.py:1206} INFO - Marking task as UP_FOR_RETRY. dag_id=etl_strava_activities, task_id=extract_silver_activities, run_id=manual__2025-11-17T03:55:03.893459+00:00, execution_date=20251117T035503, start_date=20251117T035522, end_date=20251117T035522
[2025-11-17T03:55:22.481+0000] {standard_task_runner.py:110} ERROR - Failed to execute job 400 for task extract_silver_activities (Bash command failed. The command returned a non-zero exit code 1.; 19152)
[2025-11-17T03:55:22.512+0000] {local_task_job_runner.py:243} INFO - Task exited with return code 1
[2025-11-17T03:55:22.528+0000] {taskinstance.py:3503} INFO - 0 downstream tasks scheduled from follow-on schedule check
[2025-11-17T03:55:22.529+0000] {local_task_job_runner.py:222} INFO - ::endgroup::
