[2025-11-17T04:13:11.889+0000] {local_task_job_runner.py:120} INFO - ::group::Pre task execution logs
[2025-11-17T04:13:11.936+0000] {taskinstance.py:2076} INFO - Dependencies all met for dep_context=non-requeueable deps ti=<TaskInstance: etl_strava_activities.extract_silver_activities manual__2025-11-17T04:12:54.634829+00:00 [queued]>
[2025-11-17T04:13:11.943+0000] {taskinstance.py:2076} INFO - Dependencies all met for dep_context=requeueable deps ti=<TaskInstance: etl_strava_activities.extract_silver_activities manual__2025-11-17T04:12:54.634829+00:00 [queued]>
[2025-11-17T04:13:11.943+0000] {taskinstance.py:2306} INFO - Starting attempt 1 of 2
[2025-11-17T04:13:11.955+0000] {taskinstance.py:2330} INFO - Executing <Task(BashOperator): extract_silver_activities> on 2025-11-17 04:12:54.634829+00:00
[2025-11-17T04:13:11.962+0000] {logging_mixin.py:188} WARNING - /home/***/.local/lib/python3.12/site-packages/***/task/task_runner/standard_task_runner.py:62 DeprecationWarning: This process (pid=19805) is multi-threaded, use of fork() may lead to deadlocks in the child.
[2025-11-17T04:13:11.963+0000] {standard_task_runner.py:64} INFO - Started process 19806 to run task
[2025-11-17T04:13:11.961+0000] {standard_task_runner.py:90} INFO - Running: ['***', 'tasks', 'run', 'etl_strava_activities', 'extract_silver_activities', 'manual__2025-11-17T04:12:54.634829+00:00', '--job-id', '411', '--raw', '--subdir', 'DAGS_FOLDER/pipeline_strava_activities.py', '--cfg-path', '/tmp/tmpzgnzh3ra']
[2025-11-17T04:13:11.964+0000] {standard_task_runner.py:91} INFO - Job 411: Subtask extract_silver_activities
[2025-11-17T04:13:12.018+0000] {task_command.py:426} INFO - Running <TaskInstance: etl_strava_activities.extract_silver_activities manual__2025-11-17T04:12:54.634829+00:00 [running]> on host 602d3770b2e4
[2025-11-17T04:13:12.105+0000] {taskinstance.py:2648} INFO - Exporting env vars: AIRFLOW_CTX_DAG_OWNER='rayane' AIRFLOW_CTX_DAG_ID='etl_strava_activities' AIRFLOW_CTX_TASK_ID='extract_silver_activities' AIRFLOW_CTX_EXECUTION_DATE='2025-11-17T04:12:54.634829+00:00' AIRFLOW_CTX_TRY_NUMBER='1' AIRFLOW_CTX_DAG_RUN_ID='manual__2025-11-17T04:12:54.634829+00:00'
[2025-11-17T04:13:12.106+0000] {taskinstance.py:430} INFO - ::endgroup::
[2025-11-17T04:13:12.125+0000] {subprocess.py:63} INFO - Tmp dir root location: /tmp
[2025-11-17T04:13:12.126+0000] {subprocess.py:75} INFO - Running command: ['/usr/bin/bash', '-c', 'python /opt/***/apps/02-silver/extract-bronze-to-silver-strava-activities.py']
[2025-11-17T04:13:12.133+0000] {subprocess.py:86} INFO - Output:
[2025-11-17T04:13:14.221+0000] {subprocess.py:93} INFO - Usando o arquivo de variaveis em: /opt/***/apps/.env
[2025-11-17T04:13:14.221+0000] {subprocess.py:93} INFO - silver-strava-user-activities-parquet
[2025-11-17T04:13:14.222+0000] {subprocess.py:93} INFO - Esvaziando bucket sulver para full load
[2025-11-17T04:13:14.222+0000] {subprocess.py:93} INFO - 🗑️ Removido: 2021/07/atividades_2021-07.parquet
[2025-11-17T04:13:14.222+0000] {subprocess.py:93} INFO - 🗑️ Removido: 2021/10/atividades_2021-10.parquet
[2025-11-17T04:13:14.222+0000] {subprocess.py:93} INFO - 🗑️ Removido: 2021/11/atividades_2021-11.parquet
[2025-11-17T04:13:14.222+0000] {subprocess.py:93} INFO - 🗑️ Removido: 2022/04/atividades_2022-04.parquet
[2025-11-17T04:13:14.222+0000] {subprocess.py:93} INFO - 🗑️ Removido: 2022/05/atividades_2022-05.parquet
[2025-11-17T04:13:14.222+0000] {subprocess.py:93} INFO - 🗑️ Removido: 2022/06/atividades_2022-06.parquet
[2025-11-17T04:13:14.223+0000] {subprocess.py:93} INFO - 🗑️ Removido: 2022/07/atividades_2022-07.parquet
[2025-11-17T04:13:14.223+0000] {subprocess.py:93} INFO - 🗑️ Removido: 2022/08/atividades_2022-08.parquet
[2025-11-17T04:13:14.223+0000] {subprocess.py:93} INFO - 🗑️ Removido: 2022/10/atividades_2022-10.parquet
[2025-11-17T04:13:14.223+0000] {subprocess.py:93} INFO - 🗑️ Removido: 2022/11/atividades_2022-11.parquet
[2025-11-17T04:13:14.223+0000] {subprocess.py:93} INFO - 🗑️ Removido: 2023/01/atividades_2023-01.parquet
[2025-11-17T04:13:14.224+0000] {subprocess.py:93} INFO - 🗑️ Removido: 2023/02/atividades_2023-02.parquet
[2025-11-17T04:13:14.224+0000] {subprocess.py:93} INFO - 🗑️ Removido: 2023/03/atividades_2023-03.parquet
[2025-11-17T04:13:14.224+0000] {subprocess.py:93} INFO - 🗑️ Removido: 2023/04/atividades_2023-04.parquet
[2025-11-17T04:13:14.224+0000] {subprocess.py:93} INFO - 🗑️ Removido: 2023/05/atividades_2023-05.parquet
[2025-11-17T04:13:14.225+0000] {subprocess.py:93} INFO - 🗑️ Removido: 2023/06/atividades_2023-06.parquet
[2025-11-17T04:13:14.225+0000] {subprocess.py:93} INFO - 🗑️ Removido: 2023/07/atividades_2023-07.parquet
[2025-11-17T04:13:14.225+0000] {subprocess.py:93} INFO - 🗑️ Removido: 2023/08/atividades_2023-08.parquet
[2025-11-17T04:13:14.225+0000] {subprocess.py:93} INFO - 🗑️ Removido: 2023/09/atividades_2023-09.parquet
[2025-11-17T04:13:14.225+0000] {subprocess.py:93} INFO - 🗑️ Removido: 2023/10/atividades_2023-10.parquet
[2025-11-17T04:13:14.225+0000] {subprocess.py:93} INFO - 🗑️ Removido: 2024/02/atividades_2024-02.parquet
[2025-11-17T04:13:14.226+0000] {subprocess.py:93} INFO - 🗑️ Removido: 2024/03/atividades_2024-03.parquet
[2025-11-17T04:13:14.226+0000] {subprocess.py:93} INFO - 🗑️ Removido: 2024/04/atividades_2024-04.parquet
[2025-11-17T04:13:14.226+0000] {subprocess.py:93} INFO - 🗑️ Removido: 2024/05/atividades_2024-05.parquet
[2025-11-17T04:13:14.227+0000] {subprocess.py:93} INFO - 🗑️ Removido: 2024/06/atividades_2024-06.parquet
[2025-11-17T04:13:14.227+0000] {subprocess.py:93} INFO - 🗑️ Removido: 2024/07/atividades_2024-07.parquet
[2025-11-17T04:13:14.227+0000] {subprocess.py:93} INFO - 🗑️ Removido: 2024/08/atividades_2024-08.parquet
[2025-11-17T04:13:14.227+0000] {subprocess.py:93} INFO - 🗑️ Removido: 2024/09/atividades_2024-09.parquet
[2025-11-17T04:13:14.227+0000] {subprocess.py:93} INFO - 🗑️ Removido: 2024/10/atividades_2024-10.parquet
[2025-11-17T04:13:14.228+0000] {subprocess.py:93} INFO - 🗑️ Removido: 2024/11/atividades_2024-11.parquet
[2025-11-17T04:13:14.228+0000] {subprocess.py:93} INFO - 🗑️ Removido: 2024/12/atividades_2024-12.parquet
[2025-11-17T04:13:14.228+0000] {subprocess.py:93} INFO - 🗑️ Removido: 2025/01/atividades_2025-01.parquet
[2025-11-17T04:13:14.228+0000] {subprocess.py:93} INFO - 🗑️ Removido: 2025/02/atividades_2025-02.parquet
[2025-11-17T04:13:14.228+0000] {subprocess.py:93} INFO - 🗑️ Removido: 2025/03/atividades_2025-03.parquet
[2025-11-17T04:13:14.229+0000] {subprocess.py:93} INFO - 🗑️ Removido: 2025/04/atividades_2025-04.parquet
[2025-11-17T04:13:14.229+0000] {subprocess.py:93} INFO - 🗑️ Removido: 2025/05/atividades_2025-05.parquet
[2025-11-17T04:13:14.229+0000] {subprocess.py:93} INFO - 🗑️ Removido: 2025/06/atividades_2025-06.parquet
[2025-11-17T04:13:14.229+0000] {subprocess.py:93} INFO - 🗑️ Removido: 2025/07/atividades_2025-07.parquet
[2025-11-17T04:13:14.229+0000] {subprocess.py:93} INFO - 🗑️ Removido: 2025/08/atividades_2025-08.parquet
[2025-11-17T04:13:14.229+0000] {subprocess.py:93} INFO - 🗑️ Removido: 2025/09/atividades_2025-09.parquet
[2025-11-17T04:13:14.229+0000] {subprocess.py:93} INFO - 🗑️ Removido: 2025/10/atividades_2025-10.parquet
[2025-11-17T04:13:14.229+0000] {subprocess.py:93} INFO - 🗑️ Removido: 2025/11/atividades_2025-11.parquet
[2025-11-17T04:13:14.230+0000] {subprocess.py:93} INFO - ✅ Bucket esvaziado: silver-strava-user-activities-parquet
[2025-11-17T04:13:14.230+0000] {subprocess.py:93} INFO - 🔁 Deduplicados: 4 removidos
[2025-11-17T04:13:14.230+0000] {subprocess.py:93} INFO - 📦 Salvo na silver: silver-strava-user-activities-parquet/2021/07/atividades_2021-07.parquet
[2025-11-17T04:13:14.230+0000] {subprocess.py:93} INFO - 📦 Salvo na silver: silver-strava-user-activities-parquet/2021/10/atividades_2021-10.parquet
[2025-11-17T04:13:14.230+0000] {subprocess.py:93} INFO - 📦 Salvo na silver: silver-strava-user-activities-parquet/2021/11/atividades_2021-11.parquet
[2025-11-17T04:13:14.230+0000] {subprocess.py:93} INFO - 📦 Salvo na silver: silver-strava-user-activities-parquet/2022/04/atividades_2022-04.parquet
[2025-11-17T04:13:14.230+0000] {subprocess.py:93} INFO - 📦 Salvo na silver: silver-strava-user-activities-parquet/2022/05/atividades_2022-05.parquet
[2025-11-17T04:13:14.230+0000] {subprocess.py:93} INFO - 📦 Salvo na silver: silver-strava-user-activities-parquet/2022/06/atividades_2022-06.parquet
[2025-11-17T04:13:14.230+0000] {subprocess.py:93} INFO - 📦 Salvo na silver: silver-strava-user-activities-parquet/2022/07/atividades_2022-07.parquet
[2025-11-17T04:13:14.230+0000] {subprocess.py:93} INFO - 📦 Salvo na silver: silver-strava-user-activities-parquet/2022/08/atividades_2022-08.parquet
[2025-11-17T04:13:14.231+0000] {subprocess.py:93} INFO - 📦 Salvo na silver: silver-strava-user-activities-parquet/2022/10/atividades_2022-10.parquet
[2025-11-17T04:13:14.231+0000] {subprocess.py:93} INFO - 📦 Salvo na silver: silver-strava-user-activities-parquet/2022/11/atividades_2022-11.parquet
[2025-11-17T04:13:14.231+0000] {subprocess.py:93} INFO - 📦 Salvo na silver: silver-strava-user-activities-parquet/2023/01/atividades_2023-01.parquet
[2025-11-17T04:13:14.231+0000] {subprocess.py:93} INFO - 📦 Salvo na silver: silver-strava-user-activities-parquet/2023/02/atividades_2023-02.parquet
[2025-11-17T04:13:14.231+0000] {subprocess.py:93} INFO - 📦 Salvo na silver: silver-strava-user-activities-parquet/2023/03/atividades_2023-03.parquet
[2025-11-17T04:13:14.231+0000] {subprocess.py:93} INFO - 📦 Salvo na silver: silver-strava-user-activities-parquet/2023/04/atividades_2023-04.parquet
[2025-11-17T04:13:14.231+0000] {subprocess.py:93} INFO - 📦 Salvo na silver: silver-strava-user-activities-parquet/2023/05/atividades_2023-05.parquet
[2025-11-17T04:13:14.231+0000] {subprocess.py:93} INFO - 📦 Salvo na silver: silver-strava-user-activities-parquet/2023/06/atividades_2023-06.parquet
[2025-11-17T04:13:14.231+0000] {subprocess.py:93} INFO - 📦 Salvo na silver: silver-strava-user-activities-parquet/2023/07/atividades_2023-07.parquet
[2025-11-17T04:13:14.231+0000] {subprocess.py:93} INFO - 📦 Salvo na silver: silver-strava-user-activities-parquet/2023/08/atividades_2023-08.parquet
[2025-11-17T04:13:14.232+0000] {subprocess.py:93} INFO - 📦 Salvo na silver: silver-strava-user-activities-parquet/2023/09/atividades_2023-09.parquet
[2025-11-17T04:13:14.232+0000] {subprocess.py:93} INFO - 📦 Salvo na silver: silver-strava-user-activities-parquet/2023/10/atividades_2023-10.parquet
[2025-11-17T04:13:14.232+0000] {subprocess.py:93} INFO - 📦 Salvo na silver: silver-strava-user-activities-parquet/2024/02/atividades_2024-02.parquet
[2025-11-17T04:13:14.232+0000] {subprocess.py:93} INFO - 📦 Salvo na silver: silver-strava-user-activities-parquet/2024/03/atividades_2024-03.parquet
[2025-11-17T04:13:14.232+0000] {subprocess.py:93} INFO - 📦 Salvo na silver: silver-strava-user-activities-parquet/2024/04/atividades_2024-04.parquet
[2025-11-17T04:13:14.232+0000] {subprocess.py:93} INFO - 📦 Salvo na silver: silver-strava-user-activities-parquet/2024/05/atividades_2024-05.parquet
[2025-11-17T04:13:14.232+0000] {subprocess.py:93} INFO - 📦 Salvo na silver: silver-strava-user-activities-parquet/2024/06/atividades_2024-06.parquet
[2025-11-17T04:13:14.232+0000] {subprocess.py:93} INFO - 📦 Salvo na silver: silver-strava-user-activities-parquet/2024/07/atividades_2024-07.parquet
[2025-11-17T04:13:14.232+0000] {subprocess.py:93} INFO - 📦 Salvo na silver: silver-strava-user-activities-parquet/2024/08/atividades_2024-08.parquet
[2025-11-17T04:13:14.232+0000] {subprocess.py:93} INFO - 📦 Salvo na silver: silver-strava-user-activities-parquet/2024/09/atividades_2024-09.parquet
[2025-11-17T04:13:14.232+0000] {subprocess.py:93} INFO - 📦 Salvo na silver: silver-strava-user-activities-parquet/2024/10/atividades_2024-10.parquet
[2025-11-17T04:13:14.233+0000] {subprocess.py:93} INFO - 📦 Salvo na silver: silver-strava-user-activities-parquet/2024/11/atividades_2024-11.parquet
[2025-11-17T04:13:14.233+0000] {subprocess.py:93} INFO - 📦 Salvo na silver: silver-strava-user-activities-parquet/2024/12/atividades_2024-12.parquet
[2025-11-17T04:13:14.233+0000] {subprocess.py:93} INFO - 📦 Salvo na silver: silver-strava-user-activities-parquet/2025/01/atividades_2025-01.parquet
[2025-11-17T04:13:14.233+0000] {subprocess.py:93} INFO - 📦 Salvo na silver: silver-strava-user-activities-parquet/2025/02/atividades_2025-02.parquet
[2025-11-17T04:13:14.233+0000] {subprocess.py:93} INFO - 📦 Salvo na silver: silver-strava-user-activities-parquet/2025/03/atividades_2025-03.parquet
[2025-11-17T04:13:14.233+0000] {subprocess.py:93} INFO - 📦 Salvo na silver: silver-strava-user-activities-parquet/2025/04/atividades_2025-04.parquet
[2025-11-17T04:13:14.233+0000] {subprocess.py:93} INFO - 📦 Salvo na silver: silver-strava-user-activities-parquet/2025/05/atividades_2025-05.parquet
[2025-11-17T04:13:14.233+0000] {subprocess.py:93} INFO - 📦 Salvo na silver: silver-strava-user-activities-parquet/2025/06/atividades_2025-06.parquet
[2025-11-17T04:13:14.233+0000] {subprocess.py:93} INFO - 📦 Salvo na silver: silver-strava-user-activities-parquet/2025/07/atividades_2025-07.parquet
[2025-11-17T04:13:14.233+0000] {subprocess.py:93} INFO - 📦 Salvo na silver: silver-strava-user-activities-parquet/2025/08/atividades_2025-08.parquet
[2025-11-17T04:13:14.234+0000] {subprocess.py:93} INFO - 📦 Salvo na silver: silver-strava-user-activities-parquet/2025/09/atividades_2025-09.parquet
[2025-11-17T04:13:14.234+0000] {subprocess.py:93} INFO - 📦 Salvo na silver: silver-strava-user-activities-parquet/2025/10/atividades_2025-10.parquet
[2025-11-17T04:13:14.234+0000] {subprocess.py:93} INFO - 📦 Salvo na silver: silver-strava-user-activities-parquet/2025/11/atividades_2025-11.parquet
[2025-11-17T04:13:14.234+0000] {subprocess.py:93} INFO - ✅ Processo finalizado com sucesso ✅
[2025-11-17T04:13:14.287+0000] {subprocess.py:97} INFO - Command exited with return code 0
[2025-11-17T04:13:14.288+0000] {taskinstance.py:441} INFO - ::group::Post task execution logs
[2025-11-17T04:13:14.310+0000] {taskinstance.py:1206} INFO - Marking task as SUCCESS. dag_id=etl_strava_activities, task_id=extract_silver_activities, run_id=manual__2025-11-17T04:12:54.634829+00:00, execution_date=20251117T041254, start_date=20251117T041311, end_date=20251117T041314
[2025-11-17T04:13:14.326+0000] {local_task_job_runner.py:243} INFO - Task exited with return code 0
[2025-11-17T04:13:14.340+0000] {taskinstance.py:3503} INFO - 0 downstream tasks scheduled from follow-on schedule check
[2025-11-17T04:13:14.341+0000] {local_task_job_runner.py:222} INFO - ::endgroup::
