[2025-11-17T20:21:37.244+0000] {local_task_job_runner.py:120} INFO - ::group::Pre task execution logs
[2025-11-17T20:21:37.313+0000] {taskinstance.py:2076} INFO - Dependencies all met for dep_context=non-requeueable deps ti=<TaskInstance: etl_strava_activities.extract_gold_fact_activities manual__2025-11-17T20:16:08.625477+00:00 [queued]>
[2025-11-17T20:21:37.323+0000] {taskinstance.py:2076} INFO - Dependencies all met for dep_context=requeueable deps ti=<TaskInstance: etl_strava_activities.extract_gold_fact_activities manual__2025-11-17T20:16:08.625477+00:00 [queued]>
[2025-11-17T20:21:37.324+0000] {taskinstance.py:2306} INFO - Starting attempt 2 of 2
[2025-11-17T20:21:37.352+0000] {taskinstance.py:2330} INFO - Executing <Task(BashOperator): extract_gold_fact_activities> on 2025-11-17 20:16:08.625477+00:00
[2025-11-17T20:21:37.388+0000] {standard_task_runner.py:90} INFO - Running: ['***', 'tasks', 'run', 'etl_strava_activities', 'extract_gold_fact_activities', 'manual__2025-11-17T20:16:08.625477+00:00', '--job-id', '529', '--raw', '--subdir', 'DAGS_FOLDER/pipeline_strava_activities.py', '--cfg-path', '/tmp/tmp0_grh50u']
[2025-11-17T20:21:37.398+0000] {logging_mixin.py:188} WARNING - /home/***/.local/lib/python3.12/site-packages/***/task/task_runner/standard_task_runner.py:62 DeprecationWarning: This process (pid=3867) is multi-threaded, use of fork() may lead to deadlocks in the child.
[2025-11-17T20:21:37.399+0000] {standard_task_runner.py:91} INFO - Job 529: Subtask extract_gold_fact_activities
[2025-11-17T20:21:37.399+0000] {standard_task_runner.py:64} INFO - Started process 3868 to run task
[2025-11-17T20:21:37.463+0000] {task_command.py:426} INFO - Running <TaskInstance: etl_strava_activities.extract_gold_fact_activities manual__2025-11-17T20:16:08.625477+00:00 [running]> on host 958eca229fdb
[2025-11-17T20:21:37.560+0000] {taskinstance.py:2648} INFO - Exporting env vars: AIRFLOW_CTX_DAG_OWNER='rayane' AIRFLOW_CTX_DAG_ID='etl_strava_activities' AIRFLOW_CTX_TASK_ID='extract_gold_fact_activities' AIRFLOW_CTX_EXECUTION_DATE='2025-11-17T20:16:08.625477+00:00' AIRFLOW_CTX_TRY_NUMBER='2' AIRFLOW_CTX_DAG_RUN_ID='manual__2025-11-17T20:16:08.625477+00:00'
[2025-11-17T20:21:37.561+0000] {taskinstance.py:430} INFO - ::endgroup::
[2025-11-17T20:21:37.606+0000] {subprocess.py:63} INFO - Tmp dir root location: /tmp
[2025-11-17T20:21:37.608+0000] {subprocess.py:75} INFO - Running command: ['/usr/bin/bash', '-c', 'python /opt/***/apps/03-gold/fact_user_activities_strava.py']
[2025-11-17T20:21:37.621+0000] {subprocess.py:86} INFO - Output:
[2025-11-17T20:21:39.559+0000] {subprocess.py:93} INFO - 25/11/17 20:21:39 WARN NativeCodeLoader: Unable to load native-hadoop library for your platform... using builtin-java classes where applicable
[2025-11-17T20:21:40.027+0000] {subprocess.py:93} INFO - Setting default log level to "WARN".
[2025-11-17T20:21:40.029+0000] {subprocess.py:93} INFO - To adjust logging level use sc.setLogLevel(newLevel). For SparkR, use setLogLevel(newLevel).
[2025-11-17T20:21:41.968+0000] {subprocess.py:93} INFO - 25/11/17 20:21:41 WARN SparkSession: Cannot use io.delta.sql.DeltaSparkSessionExtension to configure session extensions.
[2025-11-17T20:21:41.969+0000] {subprocess.py:93} INFO - java.lang.ClassNotFoundException: io.delta.sql.DeltaSparkSessionExtension
[2025-11-17T20:21:41.971+0000] {subprocess.py:93} INFO - 	at java.base/java.net.URLClassLoader.findClass(URLClassLoader.java:445)
[2025-11-17T20:21:41.971+0000] {subprocess.py:93} INFO - 	at java.base/java.lang.ClassLoader.loadClass(ClassLoader.java:592)
[2025-11-17T20:21:41.971+0000] {subprocess.py:93} INFO - 	at java.base/java.lang.ClassLoader.loadClass(ClassLoader.java:525)
[2025-11-17T20:21:41.973+0000] {subprocess.py:93} INFO - 	at java.base/java.lang.Class.forName0(Native Method)
[2025-11-17T20:21:41.974+0000] {subprocess.py:93} INFO - 	at java.base/java.lang.Class.forName(Class.java:469)
[2025-11-17T20:21:41.975+0000] {subprocess.py:93} INFO - 	at org.apache.spark.util.SparkClassUtils.classForName(SparkClassUtils.scala:41)
[2025-11-17T20:21:41.975+0000] {subprocess.py:93} INFO - 	at org.apache.spark.util.SparkClassUtils.classForName$(SparkClassUtils.scala:36)
[2025-11-17T20:21:41.979+0000] {subprocess.py:93} INFO - 	at org.apache.spark.util.Utils$.classForName(Utils.scala:94)
[2025-11-17T20:21:41.979+0000] {subprocess.py:93} INFO - 	at org.apache.spark.sql.SparkSession$.$anonfun$applyExtensions$2(SparkSession.scala:1367)
[2025-11-17T20:21:41.980+0000] {subprocess.py:93} INFO - 	at org.apache.spark.sql.SparkSession$.$anonfun$applyExtensions$2$adapted(SparkSession.scala:1365)
[2025-11-17T20:21:41.980+0000] {subprocess.py:93} INFO - 	at scala.collection.mutable.ResizableArray.foreach(ResizableArray.scala:62)
[2025-11-17T20:21:41.980+0000] {subprocess.py:93} INFO - 	at scala.collection.mutable.ResizableArray.foreach$(ResizableArray.scala:55)
[2025-11-17T20:21:41.980+0000] {subprocess.py:93} INFO - 	at scala.collection.mutable.ArrayBuffer.foreach(ArrayBuffer.scala:49)
[2025-11-17T20:21:41.981+0000] {subprocess.py:93} INFO - 	at org.apache.spark.sql.SparkSession$.org$apache$spark$sql$SparkSession$$applyExtensions(SparkSession.scala:1365)
[2025-11-17T20:21:41.981+0000] {subprocess.py:93} INFO - 	at org.apache.spark.sql.SparkSession.<init>(SparkSession.scala:105)
[2025-11-17T20:21:41.981+0000] {subprocess.py:93} INFO - 	at java.base/jdk.internal.reflect.NativeConstructorAccessorImpl.newInstance0(Native Method)
[2025-11-17T20:21:41.982+0000] {subprocess.py:93} INFO - 	at java.base/jdk.internal.reflect.NativeConstructorAccessorImpl.newInstance(NativeConstructorAccessorImpl.java:77)
[2025-11-17T20:21:41.982+0000] {subprocess.py:93} INFO - 	at java.base/jdk.internal.reflect.DelegatingConstructorAccessorImpl.newInstance(DelegatingConstructorAccessorImpl.java:45)
[2025-11-17T20:21:41.982+0000] {subprocess.py:93} INFO - 	at java.base/java.lang.reflect.Constructor.newInstanceWithCaller(Constructor.java:500)
[2025-11-17T20:21:41.982+0000] {subprocess.py:93} INFO - 	at java.base/java.lang.reflect.Constructor.newInstance(Constructor.java:481)
[2025-11-17T20:21:41.982+0000] {subprocess.py:93} INFO - 	at py4j.reflection.MethodInvoker.invoke(MethodInvoker.java:247)
[2025-11-17T20:21:41.983+0000] {subprocess.py:93} INFO - 	at py4j.reflection.ReflectionEngine.invoke(ReflectionEngine.java:374)
[2025-11-17T20:21:41.983+0000] {subprocess.py:93} INFO - 	at py4j.Gateway.invoke(Gateway.java:238)
[2025-11-17T20:21:41.983+0000] {subprocess.py:93} INFO - 	at py4j.commands.ConstructorCommand.invokeConstructor(ConstructorCommand.java:80)
[2025-11-17T20:21:41.983+0000] {subprocess.py:93} INFO - 	at py4j.commands.ConstructorCommand.execute(ConstructorCommand.java:69)
[2025-11-17T20:21:41.983+0000] {subprocess.py:93} INFO - 	at py4j.ClientServerConnection.waitForCommands(ClientServerConnection.java:182)
[2025-11-17T20:21:41.984+0000] {subprocess.py:93} INFO - 	at py4j.ClientServerConnection.run(ClientServerConnection.java:106)
[2025-11-17T20:21:41.984+0000] {subprocess.py:93} INFO - 	at java.base/java.lang.Thread.run(Thread.java:840)
[2025-11-17T20:21:42.743+0000] {subprocess.py:93} INFO - 25/11/17 20:21:42 WARN MetricsConfig: Cannot locate configuration: tried hadoop-metrics2-s3a-file-system.properties,hadoop-metrics2.properties
[2025-11-17T20:21:44.737+0000] {subprocess.py:93} INFO - [Stage 0:>                                                        (0 + 14) / 44][Stage 0:=============================>                          (23 + 10) / 44]25/11/17 20:21:44 WARN HadoopFSUtils: The directory s3a://silver-strava-user-activities-parquet/2024/02 2 was not found. Was it deleted very recently?
[2025-11-17T20:21:44.741+0000] {subprocess.py:93} INFO - 25/11/17 20:21:44 WARN HadoopFSUtils: The directory s3a://silver-strava-user-activities-parquet/2023/07 2 was not found. Was it deleted very recently?
[2025-11-17T20:21:46.681+0000] {subprocess.py:93} INFO -                                                                                 Usando o arquivo de variaveis em: /opt/***/apps/.env
[2025-11-17T20:21:46.686+0000] {subprocess.py:93} INFO - Traceback (most recent call last):
[2025-11-17T20:21:46.687+0000] {subprocess.py:93} INFO -   File "/opt/***/apps/03-gold/fact_user_activities_strava.py", line 49, in <module>
[2025-11-17T20:21:46.688+0000] {subprocess.py:93} INFO -     df_labels = spark.read.parquet(f"{BUCKET_SILVER_LABELS}/*/*")
[2025-11-17T20:21:46.689+0000] {subprocess.py:93} INFO -                 ^^^^^^^^^^^^^^^^^^^^^^^^^^^^^^^^^^^^^^^^^^^^^^^^^
[2025-11-17T20:21:46.689+0000] {subprocess.py:93} INFO -   File "/home/***/.local/lib/python3.12/site-packages/pyspark/sql/readwriter.py", line 544, in parquet
[2025-11-17T20:21:46.689+0000] {subprocess.py:93} INFO -     return self._df(self._jreader.parquet(_to_seq(self._spark._sc, paths)))
[2025-11-17T20:21:46.690+0000] {subprocess.py:93} INFO -                     ^^^^^^^^^^^^^^^^^^^^^^^^^^^^^^^^^^^^^^^^^^^^^^^^^^^^^^
[2025-11-17T20:21:46.690+0000] {subprocess.py:93} INFO -   File "/home/***/.local/lib/python3.12/site-packages/py4j/java_gateway.py", line 1322, in __call__
[2025-11-17T20:21:46.690+0000] {subprocess.py:93} INFO -     return_value = get_return_value(
[2025-11-17T20:21:46.691+0000] {subprocess.py:93} INFO -                    ^^^^^^^^^^^^^^^^^
[2025-11-17T20:21:46.691+0000] {subprocess.py:93} INFO -   File "/home/***/.local/lib/python3.12/site-packages/pyspark/errors/exceptions/captured.py", line 185, in deco
[2025-11-17T20:21:46.691+0000] {subprocess.py:93} INFO -     raise converted from None
[2025-11-17T20:21:46.692+0000] {subprocess.py:93} INFO - pyspark.errors.exceptions.captured.AnalysisException: [PATH_NOT_FOUND] Path does not exist: file:/tmp/***tmp00famgs3/silver-label-studio-parquet/*/*.
[2025-11-17T20:21:47.454+0000] {subprocess.py:97} INFO - Command exited with return code 1
[2025-11-17T20:21:47.457+0000] {taskinstance.py:441} INFO - ::group::Post task execution logs
[2025-11-17T20:21:47.512+0000] {taskinstance.py:2905} ERROR - Task failed with exception
Traceback (most recent call last):
  File "/home/airflow/.local/lib/python3.12/site-packages/airflow/models/taskinstance.py", line 465, in _execute_task
    result = _execute_callable(context=context, **execute_callable_kwargs)
             ^^^^^^^^^^^^^^^^^^^^^^^^^^^^^^^^^^^^^^^^^^^^^^^^^^^^^^^^^^^^^
  File "/home/airflow/.local/lib/python3.12/site-packages/airflow/models/taskinstance.py", line 432, in _execute_callable
    return execute_callable(context=context, **execute_callable_kwargs)
           ^^^^^^^^^^^^^^^^^^^^^^^^^^^^^^^^^^^^^^^^^^^^^^^^^^^^^^^^^^^^
  File "/home/airflow/.local/lib/python3.12/site-packages/airflow/models/baseoperator.py", line 401, in wrapper
    return func(self, *args, **kwargs)
           ^^^^^^^^^^^^^^^^^^^^^^^^^^^
  File "/home/airflow/.local/lib/python3.12/site-packages/airflow/operators/bash.py", line 243, in execute
    raise AirflowException(
airflow.exceptions.AirflowException: Bash command failed. The command returned a non-zero exit code 1.
[2025-11-17T20:21:47.523+0000] {taskinstance.py:1206} INFO - Marking task as FAILED. dag_id=etl_strava_activities, task_id=extract_gold_fact_activities, run_id=manual__2025-11-17T20:16:08.625477+00:00, execution_date=20251117T201608, start_date=20251117T202137, end_date=20251117T202147
[2025-11-17T20:21:47.564+0000] {standard_task_runner.py:110} ERROR - Failed to execute job 529 for task extract_gold_fact_activities (Bash command failed. The command returned a non-zero exit code 1.; 3868)
[2025-11-17T20:21:47.621+0000] {local_task_job_runner.py:243} INFO - Task exited with return code 1
[2025-11-17T20:21:47.692+0000] {taskinstance.py:3503} INFO - 0 downstream tasks scheduled from follow-on schedule check
[2025-11-17T20:21:47.699+0000] {local_task_job_runner.py:222} INFO - ::endgroup::
