[2025-11-16T17:02:26.281+0000] {local_task_job_runner.py:120} INFO - ::group::Pre task execution logs
[2025-11-16T17:02:26.312+0000] {taskinstance.py:2076} INFO - Dependencies all met for dep_context=non-requeueable deps ti=<TaskInstance: etl_strava_activities.extract_silver_activities manual__2025-11-16T16:57:06.498282+00:00 [queued]>
[2025-11-16T17:02:26.319+0000] {taskinstance.py:2076} INFO - Dependencies all met for dep_context=requeueable deps ti=<TaskInstance: etl_strava_activities.extract_silver_activities manual__2025-11-16T16:57:06.498282+00:00 [queued]>
[2025-11-16T17:02:26.319+0000] {taskinstance.py:2306} INFO - Starting attempt 2 of 2
[2025-11-16T17:02:26.335+0000] {taskinstance.py:2330} INFO - Executing <Task(BashOperator): extract_silver_activities> on 2025-11-16 16:57:06.498282+00:00
[2025-11-16T17:02:26.345+0000] {standard_task_runner.py:90} INFO - Running: ['***', 'tasks', 'run', 'etl_strava_activities', 'extract_silver_activities', 'manual__2025-11-16T16:57:06.498282+00:00', '--job-id', '356', '--raw', '--subdir', 'DAGS_FOLDER/pipeline_strava_activities.py', '--cfg-path', '/tmp/tmp0nyybjpr']
[2025-11-16T17:02:26.348+0000] {standard_task_runner.py:91} INFO - Job 356: Subtask extract_silver_activities
[2025-11-16T17:02:26.349+0000] {logging_mixin.py:188} WARNING - /home/***/.local/lib/python3.12/site-packages/***/task/task_runner/standard_task_runner.py:62 DeprecationWarning: This process (pid=241) is multi-threaded, use of fork() may lead to deadlocks in the child.
[2025-11-16T17:02:26.349+0000] {standard_task_runner.py:64} INFO - Started process 242 to run task
[2025-11-16T17:02:26.397+0000] {task_command.py:426} INFO - Running <TaskInstance: etl_strava_activities.extract_silver_activities manual__2025-11-16T16:57:06.498282+00:00 [running]> on host 602d3770b2e4
[2025-11-16T17:02:26.481+0000] {taskinstance.py:2648} INFO - Exporting env vars: AIRFLOW_CTX_DAG_OWNER='rayane' AIRFLOW_CTX_DAG_ID='etl_strava_activities' AIRFLOW_CTX_TASK_ID='extract_silver_activities' AIRFLOW_CTX_EXECUTION_DATE='2025-11-16T16:57:06.498282+00:00' AIRFLOW_CTX_TRY_NUMBER='2' AIRFLOW_CTX_DAG_RUN_ID='manual__2025-11-16T16:57:06.498282+00:00'
[2025-11-16T17:02:26.482+0000] {taskinstance.py:430} INFO - ::endgroup::
[2025-11-16T17:02:26.515+0000] {subprocess.py:63} INFO - Tmp dir root location: /tmp
[2025-11-16T17:02:26.516+0000] {subprocess.py:75} INFO - Running command: ['/usr/bin/bash', '-c', 'python /opt/***/apps/02-silver/extract-bronze-to-silver-strava-activities.py']
[2025-11-16T17:02:26.524+0000] {subprocess.py:86} INFO - Output:
[2025-11-16T17:02:28.463+0000] {subprocess.py:93} INFO - Traceback (most recent call last):
[2025-11-16T17:02:28.463+0000] {subprocess.py:93} INFO -   File "/opt/***/apps/02-silver/extract-bronze-to-silver-strava-activities.py", line 36, in <module>
[2025-11-16T17:02:28.464+0000] {subprocess.py:93} INFO -     list_obj_buc = list(objects_bucket_count)
[2025-11-16T17:02:28.464+0000] {subprocess.py:93} INFO -                    ^^^^^^^^^^^^^^^^^^^^^^^^^^
[2025-11-16T17:02:28.464+0000] {subprocess.py:93} INFO -   File "/home/***/.local/lib/python3.12/site-packages/minio/api.py", line 3288, in _list_objects
[2025-11-16T17:02:28.464+0000] {subprocess.py:93} INFO -     check_bucket_name(bucket_name, s3_check=self._base_url.is_aws_host)
[2025-11-16T17:02:28.464+0000] {subprocess.py:93} INFO -   File "/home/***/.local/lib/python3.12/site-packages/minio/helpers.py", line 239, in check_bucket_name
[2025-11-16T17:02:28.465+0000] {subprocess.py:93} INFO -     if not _OLD_BUCKET_NAME_REGEX.match(bucket_name):
[2025-11-16T17:02:28.465+0000] {subprocess.py:93} INFO -            ^^^^^^^^^^^^^^^^^^^^^^^^^^^^^^^^^^^^^^^^^
[2025-11-16T17:02:28.465+0000] {subprocess.py:93} INFO - TypeError: expected string or bytes-like object, got 'NoneType'
[2025-11-16T17:02:28.538+0000] {subprocess.py:97} INFO - Command exited with return code 1
[2025-11-16T17:02:28.538+0000] {taskinstance.py:441} INFO - ::group::Post task execution logs
[2025-11-16T17:02:28.548+0000] {taskinstance.py:2905} ERROR - Task failed with exception
Traceback (most recent call last):
  File "/home/airflow/.local/lib/python3.12/site-packages/airflow/models/taskinstance.py", line 465, in _execute_task
    result = _execute_callable(context=context, **execute_callable_kwargs)
             ^^^^^^^^^^^^^^^^^^^^^^^^^^^^^^^^^^^^^^^^^^^^^^^^^^^^^^^^^^^^^
  File "/home/airflow/.local/lib/python3.12/site-packages/airflow/models/taskinstance.py", line 432, in _execute_callable
    return execute_callable(context=context, **execute_callable_kwargs)
           ^^^^^^^^^^^^^^^^^^^^^^^^^^^^^^^^^^^^^^^^^^^^^^^^^^^^^^^^^^^^
  File "/home/airflow/.local/lib/python3.12/site-packages/airflow/models/baseoperator.py", line 401, in wrapper
    return func(self, *args, **kwargs)
           ^^^^^^^^^^^^^^^^^^^^^^^^^^^
  File "/home/airflow/.local/lib/python3.12/site-packages/airflow/operators/bash.py", line 243, in execute
    raise AirflowException(
airflow.exceptions.AirflowException: Bash command failed. The command returned a non-zero exit code 1.
[2025-11-16T17:02:28.552+0000] {taskinstance.py:1206} INFO - Marking task as FAILED. dag_id=etl_strava_activities, task_id=extract_silver_activities, run_id=manual__2025-11-16T16:57:06.498282+00:00, execution_date=20251116T165706, start_date=20251116T170226, end_date=20251116T170228
[2025-11-16T17:02:28.566+0000] {standard_task_runner.py:110} ERROR - Failed to execute job 356 for task extract_silver_activities (Bash command failed. The command returned a non-zero exit code 1.; 242)
[2025-11-16T17:02:28.576+0000] {local_task_job_runner.py:243} INFO - Task exited with return code 1
[2025-11-16T17:02:28.592+0000] {taskinstance.py:3503} INFO - 0 downstream tasks scheduled from follow-on schedule check
[2025-11-16T17:02:28.593+0000] {local_task_job_runner.py:222} INFO - ::endgroup::
