[2025-11-16T18:34:04.183+0000] {local_task_job_runner.py:120} INFO - ::group::Pre task execution logs
[2025-11-16T18:34:04.220+0000] {taskinstance.py:2076} INFO - Dependencies all met for dep_context=non-requeueable deps ti=<TaskInstance: etl_strava_user_profile.extract_bronze_user manual__2025-11-16T18:34:02.844750+00:00 [queued]>
[2025-11-16T18:34:04.226+0000] {taskinstance.py:2076} INFO - Dependencies all met for dep_context=requeueable deps ti=<TaskInstance: etl_strava_user_profile.extract_bronze_user manual__2025-11-16T18:34:02.844750+00:00 [queued]>
[2025-11-16T18:34:04.227+0000] {taskinstance.py:2306} INFO - Starting attempt 1 of 2
[2025-11-16T18:34:04.238+0000] {taskinstance.py:2330} INFO - Executing <Task(BashOperator): extract_bronze_user> on 2025-11-16 18:34:02.844750+00:00
[2025-11-16T18:34:04.245+0000] {standard_task_runner.py:90} INFO - Running: ['***', 'tasks', 'run', 'etl_strava_user_profile', 'extract_bronze_user', 'manual__2025-11-16T18:34:02.844750+00:00', '--job-id', '366', '--raw', '--subdir', 'DAGS_FOLDER/pipeline_strava_user.py', '--cfg-path', '/tmp/tmpgkh45ttr']
[2025-11-16T18:34:04.248+0000] {logging_mixin.py:188} WARNING - /home/***/.local/lib/python3.12/site-packages/***/task/task_runner/standard_task_runner.py:62 DeprecationWarning: This process (pid=3081) is multi-threaded, use of fork() may lead to deadlocks in the child.
[2025-11-16T18:34:04.249+0000] {standard_task_runner.py:91} INFO - Job 366: Subtask extract_bronze_user
[2025-11-16T18:34:04.249+0000] {standard_task_runner.py:64} INFO - Started process 3082 to run task
[2025-11-16T18:34:04.305+0000] {task_command.py:426} INFO - Running <TaskInstance: etl_strava_user_profile.extract_bronze_user manual__2025-11-16T18:34:02.844750+00:00 [running]> on host 602d3770b2e4
[2025-11-16T18:34:04.404+0000] {taskinstance.py:2648} INFO - Exporting env vars: AIRFLOW_CTX_DAG_OWNER='rayane' AIRFLOW_CTX_DAG_ID='etl_strava_user_profile' AIRFLOW_CTX_TASK_ID='extract_bronze_user' AIRFLOW_CTX_EXECUTION_DATE='2025-11-16T18:34:02.844750+00:00' AIRFLOW_CTX_TRY_NUMBER='1' AIRFLOW_CTX_DAG_RUN_ID='manual__2025-11-16T18:34:02.844750+00:00'
[2025-11-16T18:34:04.405+0000] {taskinstance.py:430} INFO - ::endgroup::
[2025-11-16T18:34:04.420+0000] {subprocess.py:63} INFO - Tmp dir root location: /tmp
[2025-11-16T18:34:04.421+0000] {subprocess.py:75} INFO - Running command: ['/usr/bin/bash', '-c', 'python  /opt/***/apps//01-bronze/extract_api_strava_user.py']
[2025-11-16T18:34:04.429+0000] {subprocess.py:86} INFO - Output:
[2025-11-16T18:34:06.512+0000] {subprocess.py:93} INFO -  ⚠️   O Token atual expira em: 2025-11-16 22:49:48
[2025-11-16T18:34:06.513+0000] {subprocess.py:93} INFO - ✅ Credenciaiss Autenticadas
[2025-11-16T18:34:06.513+0000] {subprocess.py:93} INFO - ✅ Sem dados alterados
[2025-11-16T18:34:06.694+0000] {subprocess.py:97} INFO - Command exited with return code 0
[2025-11-16T18:34:06.695+0000] {taskinstance.py:441} INFO - ::group::Post task execution logs
[2025-11-16T18:34:06.726+0000] {taskinstance.py:1206} INFO - Marking task as SUCCESS. dag_id=etl_strava_user_profile, task_id=extract_bronze_user, run_id=manual__2025-11-16T18:34:02.844750+00:00, execution_date=20251116T183402, start_date=20251116T183404, end_date=20251116T183406
[2025-11-16T18:34:06.774+0000] {local_task_job_runner.py:243} INFO - Task exited with return code 0
[2025-11-16T18:34:06.790+0000] {taskinstance.py:3503} INFO - 0 downstream tasks scheduled from follow-on schedule check
[2025-11-16T18:34:06.791+0000] {local_task_job_runner.py:222} INFO - ::endgroup::
