[2025-11-17T19:43:58.414+0000] {local_task_job_runner.py:120} INFO - ::group::Pre task execution logs
[2025-11-17T19:43:58.459+0000] {taskinstance.py:2076} INFO - Dependencies all met for dep_context=non-requeueable deps ti=<TaskInstance: etl_strava_activities.extract_bronze_activities manual__2025-11-17T19:43:56.979259+00:00 [queued]>
[2025-11-17T19:43:58.465+0000] {taskinstance.py:2076} INFO - Dependencies all met for dep_context=requeueable deps ti=<TaskInstance: etl_strava_activities.extract_bronze_activities manual__2025-11-17T19:43:56.979259+00:00 [queued]>
[2025-11-17T19:43:58.465+0000] {taskinstance.py:2306} INFO - Starting attempt 1 of 2
[2025-11-17T19:43:58.477+0000] {taskinstance.py:2330} INFO - Executing <Task(BashOperator): extract_bronze_activities> on 2025-11-17 19:43:56.979259+00:00
[2025-11-17T19:43:58.489+0000] {logging_mixin.py:188} WARNING - /home/***/.local/lib/python3.12/site-packages/***/task/task_runner/standard_task_runner.py:62 DeprecationWarning: This process (pid=7802) is multi-threaded, use of fork() may lead to deadlocks in the child.
[2025-11-17T19:43:58.484+0000] {standard_task_runner.py:90} INFO - Running: ['***', 'tasks', 'run', 'etl_strava_activities', 'extract_bronze_activities', 'manual__2025-11-17T19:43:56.979259+00:00', '--job-id', '492', '--raw', '--subdir', 'DAGS_FOLDER/pipeline_strava_activities.py', '--cfg-path', '/tmp/tmpx1g0ng8k']
[2025-11-17T19:43:58.491+0000] {standard_task_runner.py:64} INFO - Started process 7803 to run task
[2025-11-17T19:43:58.491+0000] {standard_task_runner.py:91} INFO - Job 492: Subtask extract_bronze_activities
[2025-11-17T19:43:58.533+0000] {task_command.py:426} INFO - Running <TaskInstance: etl_strava_activities.extract_bronze_activities manual__2025-11-17T19:43:56.979259+00:00 [running]> on host 5c1ce3099579
[2025-11-17T19:43:58.639+0000] {taskinstance.py:2648} INFO - Exporting env vars: AIRFLOW_CTX_DAG_OWNER='rayane' AIRFLOW_CTX_DAG_ID='etl_strava_activities' AIRFLOW_CTX_TASK_ID='extract_bronze_activities' AIRFLOW_CTX_EXECUTION_DATE='2025-11-17T19:43:56.979259+00:00' AIRFLOW_CTX_TRY_NUMBER='1' AIRFLOW_CTX_DAG_RUN_ID='manual__2025-11-17T19:43:56.979259+00:00'
[2025-11-17T19:43:58.640+0000] {taskinstance.py:430} INFO - ::endgroup::
[2025-11-17T19:43:58.661+0000] {subprocess.py:63} INFO - Tmp dir root location: /tmp
[2025-11-17T19:43:58.665+0000] {subprocess.py:75} INFO - Running command: ['/usr/bin/bash', '-c', 'python /opt/***/apps/01-bronze/extract_api_strava_user_activities.py']
[2025-11-17T19:43:58.678+0000] {subprocess.py:86} INFO - Output:
[2025-11-17T19:44:14.399+0000] {subprocess.py:93} INFO - Usando o arquivo de variaveis em: /opt/***/apps/.env
[2025-11-17T19:44:14.403+0000] {subprocess.py:93} INFO - 184573
[2025-11-17T19:44:14.403+0000] {subprocess.py:93} INFO -  ⚠️  O Token atual expira em: 2025-11-18 00:24:08
[2025-11-17T19:44:14.404+0000] {subprocess.py:93} INFO - Usando o arquivo de variaveis em: /opt/***/apps/.env
[2025-11-17T19:44:14.405+0000] {subprocess.py:93} INFO - ✅ Credenciais Autenticadas
[2025-11-17T19:44:14.405+0000] {subprocess.py:93} INFO - PROCESSAMENTO INCREMENTAL A PARTIR DE 2025-10-11 17:01:34+00:00
[2025-11-17T19:44:14.405+0000] {subprocess.py:93} INFO - 2025-10-11 17:01:34+00:00
[2025-11-17T19:44:14.406+0000] {subprocess.py:93} INFO - Extraçao iniciada, aguarde... ⏳
[2025-11-17T19:44:14.407+0000] {subprocess.py:93} INFO - Última data atualizada para: 2025-10-12 07:47:25+00:00
[2025-11-17T19:44:14.408+0000] {subprocess.py:93} INFO - Última data atualizada para: 2025-10-12 09:10:26+00:00
[2025-11-17T19:44:14.409+0000] {subprocess.py:93} INFO - Última data atualizada para: 2025-10-12 17:05:19+00:00
[2025-11-17T19:44:14.409+0000] {subprocess.py:93} INFO - Última data atualizada para: 2025-10-24 08:42:03+00:00
[2025-11-17T19:44:14.410+0000] {subprocess.py:93} INFO - Última data atualizada para: 2025-10-24 18:11:01+00:00
[2025-11-17T19:44:14.411+0000] {subprocess.py:93} INFO - Última data atualizada para: 2025-10-25 17:34:52+00:00
[2025-11-17T19:44:14.412+0000] {subprocess.py:93} INFO - Última data atualizada para: 2025-10-25 18:57:56+00:00
[2025-11-17T19:44:14.413+0000] {subprocess.py:93} INFO - Última data atualizada para: 2025-10-26 08:34:25+00:00
[2025-11-17T19:44:14.414+0000] {subprocess.py:93} INFO - Última data atualizada para: 2025-10-28 08:10:29+00:00
[2025-11-17T19:44:14.414+0000] {subprocess.py:93} INFO - Última data atualizada para: 2025-10-28 18:12:46+00:00
[2025-11-17T19:44:14.415+0000] {subprocess.py:93} INFO - Última data atualizada para: 2025-10-29 13:05:57+00:00
[2025-11-17T19:44:14.416+0000] {subprocess.py:93} INFO - Última data atualizada para: 2025-11-01 14:37:44+00:00
[2025-11-17T19:44:14.416+0000] {subprocess.py:93} INFO - Última data atualizada para: 2025-11-01 15:03:36+00:00
[2025-11-17T19:44:14.417+0000] {subprocess.py:93} INFO - Última data atualizada para: 2025-11-02 16:55:04+00:00
[2025-11-17T19:44:14.418+0000] {subprocess.py:93} INFO - Última data atualizada para: 2025-11-03 12:29:57+00:00
[2025-11-17T19:44:14.419+0000] {subprocess.py:93} INFO - Última data atualizada para: 2025-11-03 18:24:22+00:00
[2025-11-17T19:44:14.419+0000] {subprocess.py:93} INFO - Última data atualizada para: 2025-11-04 19:14:15+00:00
[2025-11-17T19:44:14.420+0000] {subprocess.py:93} INFO - Última data atualizada para: 2025-11-04 19:26:56+00:00
[2025-11-17T19:44:14.421+0000] {subprocess.py:93} INFO - Última data atualizada para: 2025-11-04 20:27:10+00:00
[2025-11-17T19:44:14.421+0000] {subprocess.py:93} INFO - Última data atualizada para: 2025-11-05 20:26:51+00:00
[2025-11-17T19:44:14.422+0000] {subprocess.py:93} INFO - Última data atualizada para: 2025-11-07 17:01:32+00:00
[2025-11-17T19:44:14.422+0000] {subprocess.py:93} INFO - Última data atualizada para: 2025-11-09 07:09:50+00:00
[2025-11-17T19:44:14.425+0000] {subprocess.py:93} INFO - Última data atualizada para: 2025-11-09 07:52:12+00:00
[2025-11-17T19:44:14.425+0000] {subprocess.py:93} INFO - Última data atualizada para: 2025-11-10 17:01:34+00:00
[2025-11-17T19:44:14.426+0000] {subprocess.py:93} INFO - ⚠️ Novo evento de arquivo existente ⚠️
[2025-11-17T19:44:14.427+0000] {subprocess.py:93} INFO - Arquivo 2025/11/2025-11-12-16431525613-2025-11-17.json, inserido
[2025-11-17T19:44:14.427+0000] {subprocess.py:93} INFO - Última data atualizada para: 2025-11-12 00:17:19+00:00
[2025-11-17T19:44:14.427+0000] {subprocess.py:93} INFO - ⚠️ Novo evento de arquivo existente ⚠️
[2025-11-17T19:44:14.428+0000] {subprocess.py:93} INFO - Arquivo 2025/11/2025-11-14-16459317120-2025-11-17.json, inserido
[2025-11-17T19:44:14.428+0000] {subprocess.py:93} INFO - Última data atualizada para: 2025-11-14 18:54:14+00:00
[2025-11-17T19:44:14.429+0000] {subprocess.py:93} INFO - Última data atualizada para: 2025-11-15 10:48:50+00:00
[2025-11-17T19:44:14.429+0000] {subprocess.py:93} INFO - Última data atualizada para: 2025-11-16 17:24:22+00:00
[2025-11-17T19:44:14.430+0000] {subprocess.py:93} INFO - 2025-11-16 17:24:23+00:00 2025-11-16 17:24:22+00:00 2025-11-16 17:24:22+00:00
[2025-11-17T19:44:14.430+0000] {subprocess.py:93} INFO -  ⏩ Atualizando data para 2025-11-16 17:24:23+00:00 ⏩
[2025-11-17T19:44:14.431+0000] {subprocess.py:93} INFO - 2025-11-16 17:24:23+00:00
[2025-11-17T19:44:14.431+0000] {subprocess.py:93} INFO - Extraçao iniciada, aguarde... ⏳
[2025-11-17T19:44:14.432+0000] {subprocess.py:93} INFO - Última data atualizada para: 2025-11-16 17:24:22+00:00
[2025-11-17T19:44:14.432+0000] {subprocess.py:93} INFO -  Nenhuma nova atividade encontrada, finalizando extração ⏳
[2025-11-17T19:44:14.433+0000] {subprocess.py:93} INFO -  📋 0 Atividades registradas, 0 atividades alteradas
[2025-11-17T19:44:14.433+0000] {subprocess.py:93} INFO -  📋 2025-11-16 17:24:22+00:00 Ultima data registrada
[2025-11-17T19:44:14.433+0000] {subprocess.py:93} INFO - ✅ Processo de extração finalizado ✅
[2025-11-17T19:44:14.619+0000] {subprocess.py:97} INFO - Command exited with return code 0
[2025-11-17T19:44:14.621+0000] {taskinstance.py:441} INFO - ::group::Post task execution logs
[2025-11-17T19:44:14.681+0000] {taskinstance.py:1206} INFO - Marking task as SUCCESS. dag_id=etl_strava_activities, task_id=extract_bronze_activities, run_id=manual__2025-11-17T19:43:56.979259+00:00, execution_date=20251117T194356, start_date=20251117T194358, end_date=20251117T194414
[2025-11-17T19:44:14.722+0000] {local_task_job_runner.py:243} INFO - Task exited with return code 0
[2025-11-17T19:44:14.762+0000] {taskinstance.py:3503} INFO - 1 downstream tasks scheduled from follow-on schedule check
[2025-11-17T19:44:14.763+0000] {local_task_job_runner.py:222} INFO - ::endgroup::
