[2025-11-18T23:04:42.055+0000] {local_task_job_runner.py:120} INFO - ::group::Pre task execution logs
[2025-11-18T23:04:42.082+0000] {taskinstance.py:2076} INFO - Dependencies all met for dep_context=non-requeueable deps ti=<TaskInstance: etl_strava_user_profile.extract_bronze_user manual__2025-11-18T23:04:41.459359+00:00 [queued]>
[2025-11-18T23:04:42.085+0000] {taskinstance.py:2076} INFO - Dependencies all met for dep_context=requeueable deps ti=<TaskInstance: etl_strava_user_profile.extract_bronze_user manual__2025-11-18T23:04:41.459359+00:00 [queued]>
[2025-11-18T23:04:42.086+0000] {taskinstance.py:2306} INFO - Starting attempt 1 of 2
[2025-11-18T23:04:42.092+0000] {taskinstance.py:2330} INFO - Executing <Task(BashOperator): extract_bronze_user> on 2025-11-18 23:04:41.459359+00:00
[2025-11-18T23:04:42.097+0000] {logging_mixin.py:188} WARNING - /home/***/.local/lib/python3.12/site-packages/***/task/task_runner/standard_task_runner.py:62 DeprecationWarning: This process (pid=9285) is multi-threaded, use of fork() may lead to deadlocks in the child.
[2025-11-18T23:04:42.096+0000] {standard_task_runner.py:90} INFO - Running: ['***', 'tasks', 'run', 'etl_strava_user_profile', 'extract_bronze_user', 'manual__2025-11-18T23:04:41.459359+00:00', '--job-id', '71', '--raw', '--subdir', 'DAGS_FOLDER/pipeline_strava_user.py', '--cfg-path', '/tmp/tmp83xuomcn']
[2025-11-18T23:04:42.098+0000] {standard_task_runner.py:64} INFO - Started process 9286 to run task
[2025-11-18T23:04:42.098+0000] {standard_task_runner.py:91} INFO - Job 71: Subtask extract_bronze_user
[2025-11-18T23:04:42.133+0000] {task_command.py:426} INFO - Running <TaskInstance: etl_strava_user_profile.extract_bronze_user manual__2025-11-18T23:04:41.459359+00:00 [running]> on host 1f6ebb9bd530
[2025-11-18T23:04:42.185+0000] {taskinstance.py:2648} INFO - Exporting env vars: AIRFLOW_CTX_DAG_OWNER='rayane' AIRFLOW_CTX_DAG_ID='etl_strava_user_profile' AIRFLOW_CTX_TASK_ID='extract_bronze_user' AIRFLOW_CTX_EXECUTION_DATE='2025-11-18T23:04:41.459359+00:00' AIRFLOW_CTX_TRY_NUMBER='1' AIRFLOW_CTX_DAG_RUN_ID='manual__2025-11-18T23:04:41.459359+00:00'
[2025-11-18T23:04:42.186+0000] {taskinstance.py:430} INFO - ::endgroup::
[2025-11-18T23:04:42.192+0000] {subprocess.py:63} INFO - Tmp dir root location: /tmp
[2025-11-18T23:04:42.193+0000] {subprocess.py:75} INFO - Running command: ['/usr/bin/bash', '-c', 'python  /opt/***/apps/01-bronze/extract_api_strava_user.py']
[2025-11-18T23:04:42.197+0000] {subprocess.py:86} INFO - Output:
[2025-11-18T23:04:43.647+0000] {subprocess.py:93} INFO - Usando o arquivo de variaveis em: /opt/***/apps/.env
[2025-11-18T23:04:43.649+0000] {subprocess.py:93} INFO - 186060
[2025-11-18T23:04:43.649+0000] {subprocess.py:93} INFO -  ⚠️  O Token atual expira em: 2025-11-18 23:57:12
[2025-11-18T23:04:43.649+0000] {subprocess.py:93} INFO - Usando o arquivo de variaveis em: /opt/***/apps/.env
[2025-11-18T23:04:43.650+0000] {subprocess.py:93} INFO - ✅ Credenciais Autenticadas
[2025-11-18T23:04:43.650+0000] {subprocess.py:93} INFO - ✅ Sem dados alterados
[2025-11-18T23:04:43.737+0000] {subprocess.py:97} INFO - Command exited with return code 0
[2025-11-18T23:04:43.738+0000] {taskinstance.py:441} INFO - ::group::Post task execution logs
[2025-11-18T23:04:43.754+0000] {taskinstance.py:1206} INFO - Marking task as SUCCESS. dag_id=etl_strava_user_profile, task_id=extract_bronze_user, run_id=manual__2025-11-18T23:04:41.459359+00:00, execution_date=20251118T230441, start_date=20251118T230442, end_date=20251118T230443
[2025-11-18T23:04:43.763+0000] {local_task_job_runner.py:243} INFO - Task exited with return code 0
[2025-11-18T23:04:43.773+0000] {taskinstance.py:3503} INFO - 1 downstream tasks scheduled from follow-on schedule check
[2025-11-18T23:04:43.774+0000] {local_task_job_runner.py:222} INFO - ::endgroup::
