[2025-11-15T23:23:07.262+0000] {local_task_job_runner.py:120} INFO - ::group::Pre task execution logs
[2025-11-15T23:23:07.295+0000] {taskinstance.py:2076} INFO - Dependencies all met for dep_context=non-requeueable deps ti=<TaskInstance: etl_label_studio.extract_bronze_label_studio manual__2025-11-15T23:18:04.780069+00:00 [queued]>
[2025-11-15T23:23:07.303+0000] {taskinstance.py:2076} INFO - Dependencies all met for dep_context=requeueable deps ti=<TaskInstance: etl_label_studio.extract_bronze_label_studio manual__2025-11-15T23:18:04.780069+00:00 [queued]>
[2025-11-15T23:23:07.304+0000] {taskinstance.py:2306} INFO - Starting attempt 2 of 2
[2025-11-15T23:23:07.321+0000] {taskinstance.py:2330} INFO - Executing <Task(BashOperator): extract_bronze_label_studio> on 2025-11-15 23:18:04.780069+00:00
[2025-11-15T23:23:07.330+0000] {logging_mixin.py:188} WARNING - /home/***/.local/lib/python3.12/site-packages/***/task/task_runner/standard_task_runner.py:62 DeprecationWarning: This process (pid=1061) is multi-threaded, use of fork() may lead to deadlocks in the child.
[2025-11-15T23:23:07.328+0000] {standard_task_runner.py:90} INFO - Running: ['***', 'tasks', 'run', 'etl_label_studio', 'extract_bronze_label_studio', 'manual__2025-11-15T23:18:04.780069+00:00', '--job-id', '320', '--raw', '--subdir', 'DAGS_FOLDER/pipeline_label_studio.py', '--cfg-path', '/tmp/tmp_a9rmqp9']
[2025-11-15T23:23:07.331+0000] {standard_task_runner.py:64} INFO - Started process 1062 to run task
[2025-11-15T23:23:07.331+0000] {standard_task_runner.py:91} INFO - Job 320: Subtask extract_bronze_label_studio
[2025-11-15T23:23:07.400+0000] {task_command.py:426} INFO - Running <TaskInstance: etl_label_studio.extract_bronze_label_studio manual__2025-11-15T23:18:04.780069+00:00 [running]> on host 070b9a911922
[2025-11-15T23:23:07.499+0000] {taskinstance.py:2648} INFO - Exporting env vars: AIRFLOW_CTX_DAG_OWNER='rayane' AIRFLOW_CTX_DAG_ID='etl_label_studio' AIRFLOW_CTX_TASK_ID='extract_bronze_label_studio' AIRFLOW_CTX_EXECUTION_DATE='2025-11-15T23:18:04.780069+00:00' AIRFLOW_CTX_TRY_NUMBER='2' AIRFLOW_CTX_DAG_RUN_ID='manual__2025-11-15T23:18:04.780069+00:00'
[2025-11-15T23:23:07.502+0000] {taskinstance.py:430} INFO - ::endgroup::
[2025-11-15T23:23:07.518+0000] {subprocess.py:63} INFO - Tmp dir root location: /tmp
[2025-11-15T23:23:07.519+0000] {subprocess.py:75} INFO - Running command: ['/usr/bin/bash', '-c', 'python /opt/***/apps/extract_api_label_studio_strava.py']
[2025-11-15T23:23:07.525+0000] {subprocess.py:86} INFO - Output:
[2025-11-15T23:23:08.201+0000] {subprocess.py:93} INFO - Usando o arquivo de variáveis em: /opt/***/apps/.env
[2025-11-15T23:23:08.203+0000] {subprocess.py:93} INFO - eyJhbGciOiJIUzI1NiIsInR5cCI6IkpXVCJ9.eyJ0b2tlbl90eXBlIjoicmVmcmVzaCIsImV4cCI6ODA3MDQzMjY4MiwiaWF0IjoxNzYzMjMyNjgyLCJqdGkiOiI3NzllOWM3OTE4MTY0ODBhYWVhODk5YjcyZjM1NTBjZiIsInVzZXJfaWQiOjJ9.b_SLTDhFoXrTvewsAHqz4LcPXgz7rKsIdcXZWuZ0trE
[2025-11-15T23:23:08.204+0000] {subprocess.py:93} INFO - Traceback (most recent call last):
[2025-11-15T23:23:08.205+0000] {subprocess.py:93} INFO -   File "/opt/***/apps/extract_api_label_studio_strava.py", line 35, in <module>
[2025-11-15T23:23:08.205+0000] {subprocess.py:93} INFO -     resp.raise_for_status()
[2025-11-15T23:23:08.205+0000] {subprocess.py:93} INFO -   File "/home/***/.local/lib/python3.12/site-packages/requests/models.py", line 1024, in raise_for_status
[2025-11-15T23:23:08.205+0000] {subprocess.py:93} INFO -     raise HTTPError(http_error_msg, response=self)
[2025-11-15T23:23:08.206+0000] {subprocess.py:93} INFO - requests.exceptions.HTTPError: 500 Server Error: Internal Server Error for url: http://label-studio:8080/api/token/refresh
[2025-11-15T23:23:08.235+0000] {subprocess.py:97} INFO - Command exited with return code 1
[2025-11-15T23:23:08.236+0000] {taskinstance.py:441} INFO - ::group::Post task execution logs
[2025-11-15T23:23:08.248+0000] {taskinstance.py:2905} ERROR - Task failed with exception
Traceback (most recent call last):
  File "/home/airflow/.local/lib/python3.12/site-packages/airflow/models/taskinstance.py", line 465, in _execute_task
    result = _execute_callable(context=context, **execute_callable_kwargs)
             ^^^^^^^^^^^^^^^^^^^^^^^^^^^^^^^^^^^^^^^^^^^^^^^^^^^^^^^^^^^^^
  File "/home/airflow/.local/lib/python3.12/site-packages/airflow/models/taskinstance.py", line 432, in _execute_callable
    return execute_callable(context=context, **execute_callable_kwargs)
           ^^^^^^^^^^^^^^^^^^^^^^^^^^^^^^^^^^^^^^^^^^^^^^^^^^^^^^^^^^^^
  File "/home/airflow/.local/lib/python3.12/site-packages/airflow/models/baseoperator.py", line 401, in wrapper
    return func(self, *args, **kwargs)
           ^^^^^^^^^^^^^^^^^^^^^^^^^^^
  File "/home/airflow/.local/lib/python3.12/site-packages/airflow/operators/bash.py", line 243, in execute
    raise AirflowException(
airflow.exceptions.AirflowException: Bash command failed. The command returned a non-zero exit code 1.
[2025-11-15T23:23:08.251+0000] {taskinstance.py:1206} INFO - Marking task as FAILED. dag_id=etl_label_studio, task_id=extract_bronze_label_studio, run_id=manual__2025-11-15T23:18:04.780069+00:00, execution_date=20251115T231804, start_date=20251115T232307, end_date=20251115T232308
[2025-11-15T23:23:08.263+0000] {standard_task_runner.py:110} ERROR - Failed to execute job 320 for task extract_bronze_label_studio (Bash command failed. The command returned a non-zero exit code 1.; 1062)
[2025-11-15T23:23:08.286+0000] {local_task_job_runner.py:243} INFO - Task exited with return code 1
[2025-11-15T23:23:08.301+0000] {taskinstance.py:3503} INFO - 0 downstream tasks scheduled from follow-on schedule check
[2025-11-15T23:23:08.302+0000] {local_task_job_runner.py:222} INFO - ::endgroup::
