[2025-11-18T23:43:48.719+0000] {local_task_job_runner.py:120} INFO - ::group::Pre task execution logs
[2025-11-18T23:43:48.753+0000] {taskinstance.py:2076} INFO - Dependencies all met for dep_context=non-requeueable deps ti=<TaskInstance: etl_strava_activities.extract_bronze_activities manual__2025-11-18T23:35:30.433937+00:00 [queued]>
[2025-11-18T23:43:48.758+0000] {taskinstance.py:2076} INFO - Dependencies all met for dep_context=requeueable deps ti=<TaskInstance: etl_strava_activities.extract_bronze_activities manual__2025-11-18T23:35:30.433937+00:00 [queued]>
[2025-11-18T23:43:48.758+0000] {taskinstance.py:2306} INFO - Starting attempt 2 of 2
[2025-11-18T23:43:48.772+0000] {taskinstance.py:2330} INFO - Executing <Task(BashOperator): extract_bronze_activities> on 2025-11-18 23:35:30.433937+00:00
[2025-11-18T23:43:48.780+0000] {standard_task_runner.py:90} INFO - Running: ['***', 'tasks', 'run', 'etl_strava_activities', 'extract_bronze_activities', 'manual__2025-11-18T23:35:30.433937+00:00', '--job-id', '102', '--raw', '--subdir', 'DAGS_FOLDER/pipeline_strava_activities.py', '--cfg-path', '/tmp/tmpoeaj74p_']
[2025-11-18T23:43:48.784+0000] {logging_mixin.py:188} WARNING - /home/***/.local/lib/python3.12/site-packages/***/task/task_runner/standard_task_runner.py:62 DeprecationWarning: This process (pid=10655) is multi-threaded, use of fork() may lead to deadlocks in the child.
[2025-11-18T23:43:48.784+0000] {standard_task_runner.py:91} INFO - Job 102: Subtask extract_bronze_activities
[2025-11-18T23:43:48.784+0000] {standard_task_runner.py:64} INFO - Started process 10656 to run task
[2025-11-18T23:43:48.833+0000] {task_command.py:426} INFO - Running <TaskInstance: etl_strava_activities.extract_bronze_activities manual__2025-11-18T23:35:30.433937+00:00 [running]> on host 1f6ebb9bd530
[2025-11-18T23:43:48.916+0000] {taskinstance.py:2648} INFO - Exporting env vars: AIRFLOW_CTX_DAG_OWNER='rayane' AIRFLOW_CTX_DAG_ID='etl_strava_activities' AIRFLOW_CTX_TASK_ID='extract_bronze_activities' AIRFLOW_CTX_EXECUTION_DATE='2025-11-18T23:35:30.433937+00:00' AIRFLOW_CTX_TRY_NUMBER='2' AIRFLOW_CTX_DAG_RUN_ID='manual__2025-11-18T23:35:30.433937+00:00'
[2025-11-18T23:43:48.917+0000] {taskinstance.py:430} INFO - ::endgroup::
[2025-11-18T23:43:48.927+0000] {subprocess.py:63} INFO - Tmp dir root location: /tmp
[2025-11-18T23:43:48.928+0000] {subprocess.py:75} INFO - Running command: ['/usr/bin/bash', '-c', 'python /opt/***/apps/01-bronze/extract_api_strava_user_activities.py']
[2025-11-18T23:43:48.934+0000] {subprocess.py:86} INFO - Output:
[2025-11-18T23:43:52.312+0000] {subprocess.py:93} INFO - Usando o arquivo de variaveis em: /opt/***/apps/.env
[2025-11-18T23:43:52.316+0000] {subprocess.py:93} INFO - 186060
[2025-11-18T23:43:52.317+0000] {subprocess.py:93} INFO -  ⚠️  O Token atual expira em: 2025-11-18 23:57:12
[2025-11-18T23:43:52.318+0000] {subprocess.py:93} INFO - Usando o arquivo de variaveis em: /opt/***/apps/.env
[2025-11-18T23:43:52.319+0000] {subprocess.py:93} INFO - Traceback (most recent call last):
[2025-11-18T23:43:52.319+0000] {subprocess.py:93} INFO -   File "/home/***/.local/lib/python3.12/site-packages/urllib3/connection.py", line 203, in _new_conn
[2025-11-18T23:43:52.320+0000] {subprocess.py:93} INFO -     sock = connection.create_connection(
[2025-11-18T23:43:52.320+0000] {subprocess.py:93} INFO -            ^^^^^^^^^^^^^^^^^^^^^^^^^^^^^
[2025-11-18T23:43:52.320+0000] {subprocess.py:93} INFO -   File "/home/***/.local/lib/python3.12/site-packages/urllib3/util/connection.py", line 60, in create_connection
[2025-11-18T23:43:52.321+0000] {subprocess.py:93} INFO -     for res in socket.getaddrinfo(host, port, family, socket.SOCK_STREAM):
[2025-11-18T23:43:52.321+0000] {subprocess.py:93} INFO -                ^^^^^^^^^^^^^^^^^^^^^^^^^^^^^^^^^^^^^^^^^^^^^^^^^^^^^^^^^^
[2025-11-18T23:43:52.321+0000] {subprocess.py:93} INFO -   File "/usr/local/lib/python3.12/socket.py", line 964, in getaddrinfo
[2025-11-18T23:43:52.322+0000] {subprocess.py:93} INFO -     for res in _socket.getaddrinfo(host, port, family, type, proto, flags):
[2025-11-18T23:43:52.322+0000] {subprocess.py:93} INFO -                ^^^^^^^^^^^^^^^^^^^^^^^^^^^^^^^^^^^^^^^^^^^^^^^^^^^^^^^^^^^
[2025-11-18T23:43:52.323+0000] {subprocess.py:93} INFO - socket.gaierror: [Errno -5] No address associated with hostname
[2025-11-18T23:43:52.323+0000] {subprocess.py:93} INFO - 
[2025-11-18T23:43:52.324+0000] {subprocess.py:93} INFO - The above exception was the direct cause of the following exception:
[2025-11-18T23:43:52.324+0000] {subprocess.py:93} INFO - 
[2025-11-18T23:43:52.324+0000] {subprocess.py:93} INFO - Traceback (most recent call last):
[2025-11-18T23:43:52.326+0000] {subprocess.py:93} INFO -   File "/home/***/.local/lib/python3.12/site-packages/urllib3/connectionpool.py", line 791, in urlopen
[2025-11-18T23:43:52.326+0000] {subprocess.py:93} INFO -     response = self._make_request(
[2025-11-18T23:43:52.327+0000] {subprocess.py:93} INFO -                ^^^^^^^^^^^^^^^^^^^
[2025-11-18T23:43:52.327+0000] {subprocess.py:93} INFO -   File "/home/***/.local/lib/python3.12/site-packages/urllib3/connectionpool.py", line 492, in _make_request
[2025-11-18T23:43:52.327+0000] {subprocess.py:93} INFO -     raise new_e
[2025-11-18T23:43:52.327+0000] {subprocess.py:93} INFO -   File "/home/***/.local/lib/python3.12/site-packages/urllib3/connectionpool.py", line 468, in _make_request
[2025-11-18T23:43:52.328+0000] {subprocess.py:93} INFO -     self._validate_conn(conn)
[2025-11-18T23:43:52.328+0000] {subprocess.py:93} INFO -   File "/home/***/.local/lib/python3.12/site-packages/urllib3/connectionpool.py", line 1097, in _validate_conn
[2025-11-18T23:43:52.328+0000] {subprocess.py:93} INFO -     conn.connect()
[2025-11-18T23:43:52.329+0000] {subprocess.py:93} INFO -   File "/home/***/.local/lib/python3.12/site-packages/urllib3/connection.py", line 611, in connect
[2025-11-18T23:43:52.329+0000] {subprocess.py:93} INFO -     self.sock = sock = self._new_conn()
[2025-11-18T23:43:52.329+0000] {subprocess.py:93} INFO -                        ^^^^^^^^^^^^^^^^
[2025-11-18T23:43:52.330+0000] {subprocess.py:93} INFO -   File "/home/***/.local/lib/python3.12/site-packages/urllib3/connection.py", line 210, in _new_conn
[2025-11-18T23:43:52.330+0000] {subprocess.py:93} INFO -     raise NameResolutionError(self.host, self, e) from e
[2025-11-18T23:43:52.330+0000] {subprocess.py:93} INFO - urllib3.exceptions.NameResolutionError: <urllib3.connection.HTTPSConnection object at 0xffff6e178680>: Failed to resolve 'www.strava.com' ([Errno -5] No address associated with hostname)
[2025-11-18T23:43:52.331+0000] {subprocess.py:93} INFO - 
[2025-11-18T23:43:52.333+0000] {subprocess.py:93} INFO - The above exception was the direct cause of the following exception:
[2025-11-18T23:43:52.334+0000] {subprocess.py:93} INFO - 
[2025-11-18T23:43:52.334+0000] {subprocess.py:93} INFO - Traceback (most recent call last):
[2025-11-18T23:43:52.335+0000] {subprocess.py:93} INFO -   File "/home/***/.local/lib/python3.12/site-packages/requests/adapters.py", line 667, in send
[2025-11-18T23:43:52.336+0000] {subprocess.py:93} INFO -     resp = conn.urlopen(
[2025-11-18T23:43:52.336+0000] {subprocess.py:93} INFO -            ^^^^^^^^^^^^^
[2025-11-18T23:43:52.336+0000] {subprocess.py:93} INFO -   File "/home/***/.local/lib/python3.12/site-packages/urllib3/connectionpool.py", line 845, in urlopen
[2025-11-18T23:43:52.337+0000] {subprocess.py:93} INFO -     retries = retries.increment(
[2025-11-18T23:43:52.337+0000] {subprocess.py:93} INFO -               ^^^^^^^^^^^^^^^^^^
[2025-11-18T23:43:52.337+0000] {subprocess.py:93} INFO -   File "/home/***/.local/lib/python3.12/site-packages/urllib3/util/retry.py", line 515, in increment
[2025-11-18T23:43:52.338+0000] {subprocess.py:93} INFO -     raise MaxRetryError(_pool, url, reason) from reason  # type: ignore[arg-type]
[2025-11-18T23:43:52.338+0000] {subprocess.py:93} INFO -     ^^^^^^^^^^^^^^^^^^^^^^^^^^^^^^^^^^^^^^^^^^^^^^^^^^^
[2025-11-18T23:43:52.338+0000] {subprocess.py:93} INFO - urllib3.exceptions.MaxRetryError: HTTPSConnectionPool(host='www.strava.com', port=443): Max retries exceeded with url: /oauth/token?client_id=186060&client_secret=4b8729402d317114c9f735163e1f1ab305a23da2&refresh_token=8f7af5a94f40311da70dd64ba385cab89fce9e39&grant_type=refresh_token (Caused by NameResolutionError("<urllib3.connection.HTTPSConnection object at 0xffff6e178680>: Failed to resolve 'www.strava.com' ([Errno -5] No address associated with hostname)"))
[2025-11-18T23:43:52.339+0000] {subprocess.py:93} INFO - 
[2025-11-18T23:43:52.339+0000] {subprocess.py:93} INFO - During handling of the above exception, another exception occurred:
[2025-11-18T23:43:52.339+0000] {subprocess.py:93} INFO - 
[2025-11-18T23:43:52.339+0000] {subprocess.py:93} INFO - Traceback (most recent call last):
[2025-11-18T23:43:52.340+0000] {subprocess.py:93} INFO -   File "/opt/***/apps/01-bronze/extract_api_strava_user_activities.py", line 80, in <module>
[2025-11-18T23:43:52.340+0000] {subprocess.py:93} INFO -     token = client.refresh_access_token(
[2025-11-18T23:43:52.340+0000] {subprocess.py:93} INFO -             ^^^^^^^^^^^^^^^^^^^^^^^^^^^^
[2025-11-18T23:43:52.340+0000] {subprocess.py:93} INFO -   File "/home/***/.local/lib/python3.12/site-packages/stravalib/client.py", line 310, in refresh_access_token
[2025-11-18T23:43:52.340+0000] {subprocess.py:93} INFO -     return self.protocol.refresh_access_token(
[2025-11-18T23:43:52.341+0000] {subprocess.py:93} INFO -            ^^^^^^^^^^^^^^^^^^^^^^^^^^^^^^^^^^^
[2025-11-18T23:43:52.341+0000] {subprocess.py:93} INFO -   File "/home/***/.local/lib/python3.12/site-packages/stravalib/protocol.py", line 449, in refresh_access_token
[2025-11-18T23:43:52.341+0000] {subprocess.py:93} INFO -     response = self._request(
[2025-11-18T23:43:52.342+0000] {subprocess.py:93} INFO -                ^^^^^^^^^^^^^^
[2025-11-18T23:43:52.342+0000] {subprocess.py:93} INFO -   File "/home/***/.local/lib/python3.12/site-packages/stravalib/protocol.py", line 219, in _request
[2025-11-18T23:43:52.342+0000] {subprocess.py:93} INFO -     raw = requester(url, params=params)  # type: ignore[operator]
[2025-11-18T23:43:52.342+0000] {subprocess.py:93} INFO -           ^^^^^^^^^^^^^^^^^^^^^^^^^^^^^
[2025-11-18T23:43:52.343+0000] {subprocess.py:93} INFO -   File "/home/***/.local/lib/python3.12/site-packages/requests/sessions.py", line 637, in post
[2025-11-18T23:43:52.343+0000] {subprocess.py:93} INFO -     return self.request("POST", url, data=data, json=json, **kwargs)
[2025-11-18T23:43:52.343+0000] {subprocess.py:93} INFO -            ^^^^^^^^^^^^^^^^^^^^^^^^^^^^^^^^^^^^^^^^^^^^^^^^^^^^^^^^^
[2025-11-18T23:43:52.344+0000] {subprocess.py:93} INFO -   File "/home/***/.local/lib/python3.12/site-packages/requests/sessions.py", line 589, in request
[2025-11-18T23:43:52.344+0000] {subprocess.py:93} INFO -     resp = self.send(prep, **send_kwargs)
[2025-11-18T23:43:52.344+0000] {subprocess.py:93} INFO -            ^^^^^^^^^^^^^^^^^^^^^^^^^^^^^^
[2025-11-18T23:43:52.344+0000] {subprocess.py:93} INFO -   File "/home/***/.local/lib/python3.12/site-packages/requests/sessions.py", line 703, in send
[2025-11-18T23:43:52.344+0000] {subprocess.py:93} INFO -     r = adapter.send(request, **kwargs)
[2025-11-18T23:43:52.345+0000] {subprocess.py:93} INFO -         ^^^^^^^^^^^^^^^^^^^^^^^^^^^^^^^
[2025-11-18T23:43:52.345+0000] {subprocess.py:93} INFO -   File "/home/***/.local/lib/python3.12/site-packages/requests/adapters.py", line 700, in send
[2025-11-18T23:43:52.345+0000] {subprocess.py:93} INFO -     raise ConnectionError(e, request=request)
[2025-11-18T23:43:52.346+0000] {subprocess.py:93} INFO - requests.exceptions.ConnectionError: HTTPSConnectionPool(host='www.strava.com', port=443): Max retries exceeded with url: /oauth/token?client_id=186060&client_secret=4b8729402d317114c9f735163e1f1ab305a23da2&refresh_token=8f7af5a94f40311da70dd64ba385cab89fce9e39&grant_type=refresh_token (Caused by NameResolutionError("<urllib3.connection.HTTPSConnection object at 0xffff6e178680>: Failed to resolve 'www.strava.com' ([Errno -5] No address associated with hostname)"))
[2025-11-18T23:43:52.838+0000] {subprocess.py:97} INFO - Command exited with return code 1
[2025-11-18T23:43:52.841+0000] {taskinstance.py:441} INFO - ::group::Post task execution logs
[2025-11-18T23:43:52.878+0000] {taskinstance.py:2905} ERROR - Task failed with exception
Traceback (most recent call last):
  File "/home/airflow/.local/lib/python3.12/site-packages/airflow/models/taskinstance.py", line 465, in _execute_task
    result = _execute_callable(context=context, **execute_callable_kwargs)
             ^^^^^^^^^^^^^^^^^^^^^^^^^^^^^^^^^^^^^^^^^^^^^^^^^^^^^^^^^^^^^
  File "/home/airflow/.local/lib/python3.12/site-packages/airflow/models/taskinstance.py", line 432, in _execute_callable
    return execute_callable(context=context, **execute_callable_kwargs)
           ^^^^^^^^^^^^^^^^^^^^^^^^^^^^^^^^^^^^^^^^^^^^^^^^^^^^^^^^^^^^
  File "/home/airflow/.local/lib/python3.12/site-packages/airflow/models/baseoperator.py", line 401, in wrapper
    return func(self, *args, **kwargs)
           ^^^^^^^^^^^^^^^^^^^^^^^^^^^
  File "/home/airflow/.local/lib/python3.12/site-packages/airflow/operators/bash.py", line 243, in execute
    raise AirflowException(
airflow.exceptions.AirflowException: Bash command failed. The command returned a non-zero exit code 1.
[2025-11-18T23:43:52.894+0000] {taskinstance.py:1206} INFO - Marking task as FAILED. dag_id=etl_strava_activities, task_id=extract_bronze_activities, run_id=manual__2025-11-18T23:35:30.433937+00:00, execution_date=20251118T233530, start_date=20251118T234348, end_date=20251118T234352
[2025-11-18T23:43:52.927+0000] {standard_task_runner.py:110} ERROR - Failed to execute job 102 for task extract_bronze_activities (Bash command failed. The command returned a non-zero exit code 1.; 10656)
[2025-11-18T23:43:52.970+0000] {local_task_job_runner.py:243} INFO - Task exited with return code 1
[2025-11-18T23:43:53.045+0000] {taskinstance.py:3503} INFO - 0 downstream tasks scheduled from follow-on schedule check
[2025-11-18T23:43:53.054+0000] {local_task_job_runner.py:222} INFO - ::endgroup::
