[2025-11-18T23:14:34.660+0000] {local_task_job_runner.py:120} INFO - ::group::Pre task execution logs
[2025-11-18T23:14:34.673+0000] {taskinstance.py:2076} INFO - Dependencies all met for dep_context=non-requeueable deps ti=<TaskInstance: etl_strava_user_profile.extract_silver_user manual__2025-11-18T23:14:31.885246+00:00 [queued]>
[2025-11-18T23:14:34.676+0000] {taskinstance.py:2076} INFO - Dependencies all met for dep_context=requeueable deps ti=<TaskInstance: etl_strava_user_profile.extract_silver_user manual__2025-11-18T23:14:31.885246+00:00 [queued]>
[2025-11-18T23:14:34.676+0000] {taskinstance.py:2306} INFO - Starting attempt 1 of 2
[2025-11-18T23:14:34.680+0000] {taskinstance.py:2330} INFO - Executing <Task(BashOperator): extract_silver_user> on 2025-11-18 23:14:31.885246+00:00
[2025-11-18T23:14:34.683+0000] {logging_mixin.py:188} WARNING - /home/***/.local/lib/python3.12/site-packages/***/task/task_runner/standard_task_runner.py:62 DeprecationWarning: This process (pid=9717) is multi-threaded, use of fork() may lead to deadlocks in the child.
[2025-11-18T23:14:34.684+0000] {standard_task_runner.py:64} INFO - Started process 9718 to run task
[2025-11-18T23:14:34.683+0000] {standard_task_runner.py:90} INFO - Running: ['***', 'tasks', 'run', 'etl_strava_user_profile', 'extract_silver_user', 'manual__2025-11-18T23:14:31.885246+00:00', '--job-id', '83', '--raw', '--subdir', 'DAGS_FOLDER/pipeline_strava_user.py', '--cfg-path', '/tmp/tmpibloo0i9']
[2025-11-18T23:14:34.684+0000] {standard_task_runner.py:91} INFO - Job 83: Subtask extract_silver_user
[2025-11-18T23:14:34.702+0000] {task_command.py:426} INFO - Running <TaskInstance: etl_strava_user_profile.extract_silver_user manual__2025-11-18T23:14:31.885246+00:00 [running]> on host 1f6ebb9bd530
[2025-11-18T23:14:34.733+0000] {taskinstance.py:2648} INFO - Exporting env vars: AIRFLOW_CTX_DAG_OWNER='rayane' AIRFLOW_CTX_DAG_ID='etl_strava_user_profile' AIRFLOW_CTX_TASK_ID='extract_silver_user' AIRFLOW_CTX_EXECUTION_DATE='2025-11-18T23:14:31.885246+00:00' AIRFLOW_CTX_TRY_NUMBER='1' AIRFLOW_CTX_DAG_RUN_ID='manual__2025-11-18T23:14:31.885246+00:00'
[2025-11-18T23:14:34.734+0000] {taskinstance.py:430} INFO - ::endgroup::
[2025-11-18T23:14:34.739+0000] {subprocess.py:63} INFO - Tmp dir root location: /tmp
[2025-11-18T23:14:34.739+0000] {subprocess.py:75} INFO - Running command: ['/usr/bin/bash', '-c', 'python  /opt/***/apps/02-silver/extract-bronze-to-silver-strava-user.py']
[2025-11-18T23:14:34.742+0000] {subprocess.py:86} INFO - Output:
[2025-11-18T23:14:35.246+0000] {subprocess.py:93} INFO - Usando o arquivo de variaveis em: /opt/***/apps/.env
[2025-11-18T23:14:35.247+0000] {subprocess.py:93} INFO - BUCKET SILVER USER: silver-strava-user-parquet
[2025-11-18T23:14:35.247+0000] {subprocess.py:93} INFO - Esvaziando bucket sulver para full load
[2025-11-18T23:14:35.247+0000] {subprocess.py:93} INFO - 🗑️ Removido: 2025/10/users_2025-10.parquet
[2025-11-18T23:14:35.247+0000] {subprocess.py:93} INFO - ✅ Bucket esvaziado: silver-strava-user-parquet
[2025-11-18T23:14:35.247+0000] {subprocess.py:93} INFO - 🔁 Deduplicados USER: 0 removidos
[2025-11-18T23:14:35.247+0000] {subprocess.py:93} INFO - 📦 USER salvo na silver: silver-strava-user-parquet/2025/10/users_2025-10.parquet
[2025-11-18T23:14:35.247+0000] {subprocess.py:93} INFO - ✅ Processo de USER finalizado com sucesso ✅
[2025-11-18T23:14:35.281+0000] {subprocess.py:97} INFO - Command exited with return code 0
[2025-11-18T23:14:35.282+0000] {taskinstance.py:441} INFO - ::group::Post task execution logs
[2025-11-18T23:14:35.294+0000] {taskinstance.py:1206} INFO - Marking task as SUCCESS. dag_id=etl_strava_user_profile, task_id=extract_silver_user, run_id=manual__2025-11-18T23:14:31.885246+00:00, execution_date=20251118T231431, start_date=20251118T231434, end_date=20251118T231435
[2025-11-18T23:14:35.320+0000] {local_task_job_runner.py:243} INFO - Task exited with return code 0
[2025-11-18T23:14:35.328+0000] {taskinstance.py:3503} INFO - 0 downstream tasks scheduled from follow-on schedule check
[2025-11-18T23:14:35.328+0000] {local_task_job_runner.py:222} INFO - ::endgroup::
