[2025-11-14T19:11:24.085+0000] {local_task_job_runner.py:120} INFO - ::group::Pre task execution logs
[2025-11-14T19:11:24.118+0000] {taskinstance.py:2076} INFO - Dependencies all met for dep_context=non-requeueable deps ti=<TaskInstance: etl_strava.extract_bronze_activities manual__2025-11-14T19:11:22.967028+00:00 [queued]>
[2025-11-14T19:11:24.123+0000] {taskinstance.py:2076} INFO - Dependencies all met for dep_context=requeueable deps ti=<TaskInstance: etl_strava.extract_bronze_activities manual__2025-11-14T19:11:22.967028+00:00 [queued]>
[2025-11-14T19:11:24.124+0000] {taskinstance.py:2306} INFO - Starting attempt 1 of 2
[2025-11-14T19:11:24.132+0000] {taskinstance.py:2330} INFO - Executing <Task(BashOperator): extract_bronze_activities> on 2025-11-14 19:11:22.967028+00:00
[2025-11-14T19:11:24.140+0000] {logging_mixin.py:188} WARNING - /home/***/.local/lib/python3.12/site-packages/***/task/task_runner/standard_task_runner.py:62 DeprecationWarning: This process (pid=496) is multi-threaded, use of fork() may lead to deadlocks in the child.
[2025-11-14T19:11:24.139+0000] {standard_task_runner.py:90} INFO - Running: ['***', 'tasks', 'run', 'etl_strava', 'extract_bronze_activities', 'manual__2025-11-14T19:11:22.967028+00:00', '--job-id', '191', '--raw', '--subdir', 'DAGS_FOLDER/pipeline_strava.py', '--cfg-path', '/tmp/tmp2caxur98']
[2025-11-14T19:11:24.141+0000] {standard_task_runner.py:64} INFO - Started process 497 to run task
[2025-11-14T19:11:24.141+0000] {standard_task_runner.py:91} INFO - Job 191: Subtask extract_bronze_activities
[2025-11-14T19:11:24.183+0000] {task_command.py:426} INFO - Running <TaskInstance: etl_strava.extract_bronze_activities manual__2025-11-14T19:11:22.967028+00:00 [running]> on host 1192556566e9
[2025-11-14T19:11:24.268+0000] {taskinstance.py:2648} INFO - Exporting env vars: AIRFLOW_CTX_DAG_OWNER='rayane' AIRFLOW_CTX_DAG_ID='etl_strava' AIRFLOW_CTX_TASK_ID='extract_bronze_activities' AIRFLOW_CTX_EXECUTION_DATE='2025-11-14T19:11:22.967028+00:00' AIRFLOW_CTX_TRY_NUMBER='1' AIRFLOW_CTX_DAG_RUN_ID='manual__2025-11-14T19:11:22.967028+00:00'
[2025-11-14T19:11:24.269+0000] {taskinstance.py:430} INFO - ::endgroup::
[2025-11-14T19:11:24.283+0000] {subprocess.py:63} INFO - Tmp dir root location: /tmp
[2025-11-14T19:11:24.285+0000] {subprocess.py:75} INFO - Running command: ['/usr/bin/bash', '-c', 'python /opt/***/apps/extract_api_strava_user_activities.py']
[2025-11-14T19:11:24.293+0000] {subprocess.py:86} INFO - Output:
[2025-11-14T19:35:08.504+0000] {local_task_job_runner.py:313} WARNING - State of this instance has been externally set to restarting. Terminating instance.
[2025-11-14T19:35:08.506+0000] {local_task_job_runner.py:222} INFO - ::endgroup::
[2025-11-14T19:35:08.509+0000] {process_utils.py:132} INFO - Sending 15 to group 497. PIDs of all processes in the group: [500, 497]
[2025-11-14T19:35:08.509+0000] {process_utils.py:87} INFO - Sending the signal 15 to group 497
[2025-11-14T19:35:08.511+0000] {taskinstance.py:2611} ERROR - Received SIGTERM. Terminating subprocesses.
[2025-11-14T19:35:08.512+0000] {subprocess.py:104} INFO - Sending SIGTERM signal to process group
[2025-11-14T19:35:08.514+0000] {taskinstance.py:441} INFO - ::group::Post task execution logs
[2025-11-14T19:35:08.530+0000] {taskinstance.py:2905} ERROR - Task failed with exception
Traceback (most recent call last):
  File "/home/airflow/.local/lib/python3.12/site-packages/airflow/models/taskinstance.py", line 465, in _execute_task
    result = _execute_callable(context=context, **execute_callable_kwargs)
             ^^^^^^^^^^^^^^^^^^^^^^^^^^^^^^^^^^^^^^^^^^^^^^^^^^^^^^^^^^^^^
  File "/home/airflow/.local/lib/python3.12/site-packages/airflow/models/taskinstance.py", line 432, in _execute_callable
    return execute_callable(context=context, **execute_callable_kwargs)
           ^^^^^^^^^^^^^^^^^^^^^^^^^^^^^^^^^^^^^^^^^^^^^^^^^^^^^^^^^^^^
  File "/home/airflow/.local/lib/python3.12/site-packages/airflow/models/baseoperator.py", line 401, in wrapper
    return func(self, *args, **kwargs)
           ^^^^^^^^^^^^^^^^^^^^^^^^^^^
  File "/home/airflow/.local/lib/python3.12/site-packages/airflow/operators/bash.py", line 234, in execute
    result = self.subprocess_hook.run_command(
             ^^^^^^^^^^^^^^^^^^^^^^^^^^^^^^^^^
  File "/home/airflow/.local/lib/python3.12/site-packages/airflow/hooks/subprocess.py", line 91, in run_command
    for raw_line in iter(self.sub_process.stdout.readline, b""):
  File "/home/airflow/.local/lib/python3.12/site-packages/airflow/models/taskinstance.py", line 2613, in signal_handler
    raise AirflowTaskTerminated("Task received SIGTERM signal")
airflow.exceptions.AirflowTaskTerminated: Task received SIGTERM signal
[2025-11-14T19:35:08.534+0000] {taskinstance.py:1206} INFO - Marking task as UP_FOR_RETRY. dag_id=etl_strava, task_id=extract_bronze_activities, run_id=manual__2025-11-14T19:11:22.967028+00:00, execution_date=20251114T191122, start_date=20251114T191124, end_date=20251114T193508
[2025-11-14T19:35:08.567+0000] {process_utils.py:80} INFO - Process psutil.Process(pid=500, status='terminated', started='19:11:24') (500) terminated with exit code None
[2025-11-14T19:35:08.568+0000] {process_utils.py:80} INFO - Process psutil.Process(pid=497, status='terminated', exitcode=2, started='19:11:23') (497) terminated with exit code 2
