[2025-11-18T21:31:51.627+0000] {local_task_job_runner.py:120} INFO - ::group::Pre task execution logs
[2025-11-18T21:31:51.649+0000] {taskinstance.py:2076} INFO - Dependencies all met for dep_context=non-requeueable deps ti=<TaskInstance: etl_label_studio.extract_bronze_label_studio scheduled__2025-11-17T03:00:00+00:00 [queued]>
[2025-11-18T21:31:51.653+0000] {taskinstance.py:2076} INFO - Dependencies all met for dep_context=requeueable deps ti=<TaskInstance: etl_label_studio.extract_bronze_label_studio scheduled__2025-11-17T03:00:00+00:00 [queued]>
[2025-11-18T21:31:51.654+0000] {taskinstance.py:2306} INFO - Starting attempt 2 of 2
[2025-11-18T21:31:51.659+0000] {taskinstance.py:2330} INFO - Executing <Task(BashOperator): extract_bronze_label_studio> on 2025-11-17 03:00:00+00:00
[2025-11-18T21:31:51.663+0000] {standard_task_runner.py:90} INFO - Running: ['***', 'tasks', 'run', 'etl_label_studio', 'extract_bronze_label_studio', 'scheduled__2025-11-17T03:00:00+00:00', '--job-id', '14', '--raw', '--subdir', 'DAGS_FOLDER/pipeline_label_studio.py', '--cfg-path', '/tmp/tmpg81814dl']
[2025-11-18T21:31:51.664+0000] {standard_task_runner.py:91} INFO - Job 14: Subtask extract_bronze_label_studio
[2025-11-18T21:31:51.664+0000] {logging_mixin.py:188} WARNING - /home/***/.local/lib/python3.12/site-packages/***/task/task_runner/standard_task_runner.py:62 DeprecationWarning: This process (pid=811) is multi-threaded, use of fork() may lead to deadlocks in the child.
[2025-11-18T21:31:51.665+0000] {standard_task_runner.py:64} INFO - Started process 812 to run task
[2025-11-18T21:31:51.697+0000] {task_command.py:426} INFO - Running <TaskInstance: etl_label_studio.extract_bronze_label_studio scheduled__2025-11-17T03:00:00+00:00 [running]> on host 1f6ebb9bd530
[2025-11-18T21:31:51.739+0000] {taskinstance.py:2648} INFO - Exporting env vars: AIRFLOW_CTX_DAG_OWNER='rayane' AIRFLOW_CTX_DAG_ID='etl_label_studio' AIRFLOW_CTX_TASK_ID='extract_bronze_label_studio' AIRFLOW_CTX_EXECUTION_DATE='2025-11-17T03:00:00+00:00' AIRFLOW_CTX_TRY_NUMBER='2' AIRFLOW_CTX_DAG_RUN_ID='scheduled__2025-11-17T03:00:00+00:00'
[2025-11-18T21:31:51.741+0000] {taskinstance.py:430} INFO - ::endgroup::
[2025-11-18T21:31:51.752+0000] {subprocess.py:63} INFO - Tmp dir root location: /tmp
[2025-11-18T21:31:51.754+0000] {subprocess.py:75} INFO - Running command: ['/usr/bin/bash', '-c', 'python /opt/***/apps/01-bronze/extract_api_label_studio_strava.py']
[2025-11-18T21:31:51.757+0000] {subprocess.py:86} INFO - Output:
[2025-11-18T21:31:52.251+0000] {subprocess.py:93} INFO - Usando o arquivo de variaveis em: /opt/***/apps/.env
[2025-11-18T21:31:52.251+0000] {subprocess.py:93} INFO - PAT (começo): eyJhbGciOi ...
[2025-11-18T21:31:52.251+0000] {subprocess.py:93} INFO - ACCESS TOKEN (começo): eyJhbGciOiJIUzI1NiIs ...
[2025-11-18T21:31:52.251+0000] {subprocess.py:93} INFO - Traceback (most recent call last):
[2025-11-18T21:31:52.251+0000] {subprocess.py:93} INFO -   File "/opt/***/apps/01-bronze/extract_api_label_studio_strava.py", line 52, in <module>
[2025-11-18T21:31:52.252+0000] {subprocess.py:93} INFO -     resp_export.raise_for_status()
[2025-11-18T21:31:52.252+0000] {subprocess.py:93} INFO -   File "/home/***/.local/lib/python3.12/site-packages/requests/models.py", line 1024, in raise_for_status
[2025-11-18T21:31:52.253+0000] {subprocess.py:93} INFO -     raise HTTPError(http_error_msg, response=self)
[2025-11-18T21:31:52.253+0000] {subprocess.py:93} INFO - requests.exceptions.HTTPError: 404 Client Error: Not Found for url: http://label-studio:8080/api/projects/1/export?exportType=JSON&download_all_tasks=true
[2025-11-18T21:31:52.267+0000] {subprocess.py:97} INFO - Command exited with return code 1
[2025-11-18T21:31:52.267+0000] {taskinstance.py:441} INFO - ::group::Post task execution logs
[2025-11-18T21:31:52.272+0000] {taskinstance.py:2905} ERROR - Task failed with exception
Traceback (most recent call last):
  File "/home/airflow/.local/lib/python3.12/site-packages/airflow/models/taskinstance.py", line 465, in _execute_task
    result = _execute_callable(context=context, **execute_callable_kwargs)
             ^^^^^^^^^^^^^^^^^^^^^^^^^^^^^^^^^^^^^^^^^^^^^^^^^^^^^^^^^^^^^
  File "/home/airflow/.local/lib/python3.12/site-packages/airflow/models/taskinstance.py", line 432, in _execute_callable
    return execute_callable(context=context, **execute_callable_kwargs)
           ^^^^^^^^^^^^^^^^^^^^^^^^^^^^^^^^^^^^^^^^^^^^^^^^^^^^^^^^^^^^
  File "/home/airflow/.local/lib/python3.12/site-packages/airflow/models/baseoperator.py", line 401, in wrapper
    return func(self, *args, **kwargs)
           ^^^^^^^^^^^^^^^^^^^^^^^^^^^
  File "/home/airflow/.local/lib/python3.12/site-packages/airflow/operators/bash.py", line 243, in execute
    raise AirflowException(
airflow.exceptions.AirflowException: Bash command failed. The command returned a non-zero exit code 1.
[2025-11-18T21:31:52.275+0000] {taskinstance.py:1206} INFO - Marking task as FAILED. dag_id=etl_label_studio, task_id=extract_bronze_label_studio, run_id=scheduled__2025-11-17T03:00:00+00:00, execution_date=20251117T030000, start_date=20251118T213151, end_date=20251118T213152
[2025-11-18T21:31:52.279+0000] {standard_task_runner.py:110} ERROR - Failed to execute job 14 for task extract_bronze_label_studio (Bash command failed. The command returned a non-zero exit code 1.; 812)
[2025-11-18T21:31:52.316+0000] {local_task_job_runner.py:243} INFO - Task exited with return code 1
[2025-11-18T21:31:52.325+0000] {taskinstance.py:3503} INFO - 0 downstream tasks scheduled from follow-on schedule check
[2025-11-18T21:31:52.328+0000] {local_task_job_runner.py:222} INFO - ::endgroup::
