[2025-11-13T22:25:40.668+0000] {local_task_job_runner.py:120} INFO - ::group::Pre task execution logs
[2025-11-13T22:25:40.726+0000] {taskinstance.py:2076} INFO - Dependencies all met for dep_context=non-requeueable deps ti=<TaskInstance: etl_strava.extract_bronze_user manual__2025-11-13T22:25:39.461870+00:00 [queued]>
[2025-11-13T22:25:40.736+0000] {taskinstance.py:2076} INFO - Dependencies all met for dep_context=requeueable deps ti=<TaskInstance: etl_strava.extract_bronze_user manual__2025-11-13T22:25:39.461870+00:00 [queued]>
[2025-11-13T22:25:40.736+0000] {taskinstance.py:2306} INFO - Starting attempt 1 of 2
[2025-11-13T22:25:40.754+0000] {taskinstance.py:2330} INFO - Executing <Task(BashOperator): extract_bronze_user> on 2025-11-13 22:25:39.461870+00:00
[2025-11-13T22:25:40.783+0000] {logging_mixin.py:188} WARNING - /home/***/.local/lib/python3.12/site-packages/***/task/task_runner/standard_task_runner.py:62 DeprecationWarning: This process (pid=2402) is multi-threaded, use of fork() may lead to deadlocks in the child.
[2025-11-13T22:25:40.779+0000] {standard_task_runner.py:90} INFO - Running: ['***', 'tasks', 'run', 'etl_strava', 'extract_bronze_user', 'manual__2025-11-13T22:25:39.461870+00:00', '--job-id', '67', '--raw', '--subdir', 'DAGS_FOLDER/pipeline_strava.py', '--cfg-path', '/tmp/tmpx1pm_q4u']
[2025-11-13T22:25:40.784+0000] {standard_task_runner.py:64} INFO - Started process 2403 to run task
[2025-11-13T22:25:40.785+0000] {standard_task_runner.py:91} INFO - Job 67: Subtask extract_bronze_user
[2025-11-13T22:25:40.963+0000] {task_command.py:426} INFO - Running <TaskInstance: etl_strava.extract_bronze_user manual__2025-11-13T22:25:39.461870+00:00 [running]> on host 06b4938bbf8e
[2025-11-13T22:25:41.106+0000] {taskinstance.py:2648} INFO - Exporting env vars: AIRFLOW_CTX_DAG_OWNER='rayane' AIRFLOW_CTX_DAG_ID='etl_strava' AIRFLOW_CTX_TASK_ID='extract_bronze_user' AIRFLOW_CTX_EXECUTION_DATE='2025-11-13T22:25:39.461870+00:00' AIRFLOW_CTX_TRY_NUMBER='1' AIRFLOW_CTX_DAG_RUN_ID='manual__2025-11-13T22:25:39.461870+00:00'
[2025-11-13T22:25:41.107+0000] {taskinstance.py:430} INFO - ::endgroup::
[2025-11-13T22:25:41.144+0000] {subprocess.py:63} INFO - Tmp dir root location: /tmp
[2025-11-13T22:25:41.144+0000] {subprocess.py:75} INFO - Running command: ['/usr/bin/bash', '-c', 'python  /opt/***/apps/extract_api_strava_user.py']
[2025-11-13T22:25:41.156+0000] {subprocess.py:86} INFO - Output:
[2025-11-13T22:25:41.635+0000] {subprocess.py:93} INFO - Traceback (most recent call last):
[2025-11-13T22:25:41.636+0000] {subprocess.py:93} INFO -   File "/opt/***/apps/extract_api_strava_user.py", line 4, in <module>
[2025-11-13T22:25:41.636+0000] {subprocess.py:93} INFO -     from stravalib import model, Client
[2025-11-13T22:25:41.637+0000] {subprocess.py:93} INFO - ModuleNotFoundError: No module named 'stravalib'
[2025-11-13T22:25:41.649+0000] {subprocess.py:97} INFO - Command exited with return code 1
[2025-11-13T22:25:41.650+0000] {taskinstance.py:441} INFO - ::group::Post task execution logs
[2025-11-13T22:25:41.665+0000] {taskinstance.py:2905} ERROR - Task failed with exception
Traceback (most recent call last):
  File "/home/airflow/.local/lib/python3.12/site-packages/airflow/models/taskinstance.py", line 465, in _execute_task
    result = _execute_callable(context=context, **execute_callable_kwargs)
             ^^^^^^^^^^^^^^^^^^^^^^^^^^^^^^^^^^^^^^^^^^^^^^^^^^^^^^^^^^^^^
  File "/home/airflow/.local/lib/python3.12/site-packages/airflow/models/taskinstance.py", line 432, in _execute_callable
    return execute_callable(context=context, **execute_callable_kwargs)
           ^^^^^^^^^^^^^^^^^^^^^^^^^^^^^^^^^^^^^^^^^^^^^^^^^^^^^^^^^^^^
  File "/home/airflow/.local/lib/python3.12/site-packages/airflow/models/baseoperator.py", line 401, in wrapper
    return func(self, *args, **kwargs)
           ^^^^^^^^^^^^^^^^^^^^^^^^^^^
  File "/home/airflow/.local/lib/python3.12/site-packages/airflow/operators/bash.py", line 243, in execute
    raise AirflowException(
airflow.exceptions.AirflowException: Bash command failed. The command returned a non-zero exit code 1.
[2025-11-13T22:25:41.680+0000] {taskinstance.py:1206} INFO - Marking task as UP_FOR_RETRY. dag_id=etl_strava, task_id=extract_bronze_user, run_id=manual__2025-11-13T22:25:39.461870+00:00, execution_date=20251113T222539, start_date=20251113T222540, end_date=20251113T222541
[2025-11-13T22:25:41.711+0000] {standard_task_runner.py:110} ERROR - Failed to execute job 67 for task extract_bronze_user (Bash command failed. The command returned a non-zero exit code 1.; 2403)
[2025-11-13T22:25:41.759+0000] {local_task_job_runner.py:243} INFO - Task exited with return code 1
[2025-11-13T22:25:41.790+0000] {taskinstance.py:3503} INFO - 0 downstream tasks scheduled from follow-on schedule check
[2025-11-13T22:25:41.792+0000] {local_task_job_runner.py:222} INFO - ::endgroup::
