[2025-11-14T19:35:01.736+0000] {local_task_job_runner.py:120} INFO - ::group::Pre task execution logs
[2025-11-14T19:35:01.769+0000] {taskinstance.py:2076} INFO - Dependencies all met for dep_context=non-requeueable deps ti=<TaskInstance: etl_strava.extract_bronze_user manual__2025-11-14T19:11:22.967028+00:00 [queued]>
[2025-11-14T19:35:01.775+0000] {taskinstance.py:2076} INFO - Dependencies all met for dep_context=requeueable deps ti=<TaskInstance: etl_strava.extract_bronze_user manual__2025-11-14T19:11:22.967028+00:00 [queued]>
[2025-11-14T19:35:01.776+0000] {taskinstance.py:2306} INFO - Starting attempt 3 of 4
[2025-11-14T19:35:01.785+0000] {taskinstance.py:2330} INFO - Executing <Task(BashOperator): extract_bronze_user> on 2025-11-14 19:11:22.967028+00:00
[2025-11-14T19:35:01.791+0000] {standard_task_runner.py:90} INFO - Running: ['***', 'tasks', 'run', 'etl_strava', 'extract_bronze_user', 'manual__2025-11-14T19:11:22.967028+00:00', '--job-id', '196', '--raw', '--subdir', 'DAGS_FOLDER/pipeline_strava.py', '--cfg-path', '/tmp/tmp09sf596s']
[2025-11-14T19:35:01.793+0000] {standard_task_runner.py:91} INFO - Job 196: Subtask extract_bronze_user
[2025-11-14T19:35:01.793+0000] {logging_mixin.py:188} WARNING - /home/***/.local/lib/python3.12/site-packages/***/task/task_runner/standard_task_runner.py:62 DeprecationWarning: This process (pid=754) is multi-threaded, use of fork() may lead to deadlocks in the child.
[2025-11-14T19:35:01.793+0000] {standard_task_runner.py:64} INFO - Started process 755 to run task
[2025-11-14T19:35:01.832+0000] {task_command.py:426} INFO - Running <TaskInstance: etl_strava.extract_bronze_user manual__2025-11-14T19:11:22.967028+00:00 [running]> on host 1192556566e9
[2025-11-14T19:35:01.903+0000] {taskinstance.py:2648} INFO - Exporting env vars: AIRFLOW_CTX_DAG_OWNER='rayane' AIRFLOW_CTX_DAG_ID='etl_strava' AIRFLOW_CTX_TASK_ID='extract_bronze_user' AIRFLOW_CTX_EXECUTION_DATE='2025-11-14T19:11:22.967028+00:00' AIRFLOW_CTX_TRY_NUMBER='3' AIRFLOW_CTX_DAG_RUN_ID='manual__2025-11-14T19:11:22.967028+00:00'
[2025-11-14T19:35:01.904+0000] {taskinstance.py:430} INFO - ::endgroup::
[2025-11-14T19:35:01.916+0000] {subprocess.py:63} INFO - Tmp dir root location: /tmp
[2025-11-14T19:35:01.917+0000] {subprocess.py:75} INFO - Running command: ['/usr/bin/bash', '-c', 'python  /opt/***/apps/extract_api_strava_user.py']
[2025-11-14T19:35:01.923+0000] {subprocess.py:86} INFO - Output:
[2025-11-14T19:35:03.270+0000] {subprocess.py:93} INFO - Traceback (most recent call last):
[2025-11-14T19:35:03.271+0000] {subprocess.py:93} INFO -   File "/opt/***/apps/extract_api_strava_user.py", line 40, in <module>
[2025-11-14T19:35:03.271+0000] {subprocess.py:93} INFO -     if time.localtime(time.time()) >= time.localtime(int(os.getenv("EXPIRES_AT"))):
[2025-11-14T19:35:03.271+0000] {subprocess.py:93} INFO -                                                      ^^^^^^^^^^^^^^^^^^^^^^^^^^^^
[2025-11-14T19:35:03.272+0000] {subprocess.py:93} INFO - TypeError: int() argument must be a string, a bytes-like object or a real number, not 'NoneType'
[2025-11-14T19:35:03.380+0000] {subprocess.py:97} INFO - Command exited with return code 1
[2025-11-14T19:35:03.381+0000] {taskinstance.py:441} INFO - ::group::Post task execution logs
[2025-11-14T19:35:03.399+0000] {taskinstance.py:2905} ERROR - Task failed with exception
Traceback (most recent call last):
  File "/home/airflow/.local/lib/python3.12/site-packages/airflow/models/taskinstance.py", line 465, in _execute_task
    result = _execute_callable(context=context, **execute_callable_kwargs)
             ^^^^^^^^^^^^^^^^^^^^^^^^^^^^^^^^^^^^^^^^^^^^^^^^^^^^^^^^^^^^^
  File "/home/airflow/.local/lib/python3.12/site-packages/airflow/models/taskinstance.py", line 432, in _execute_callable
    return execute_callable(context=context, **execute_callable_kwargs)
           ^^^^^^^^^^^^^^^^^^^^^^^^^^^^^^^^^^^^^^^^^^^^^^^^^^^^^^^^^^^^
  File "/home/airflow/.local/lib/python3.12/site-packages/airflow/models/baseoperator.py", line 401, in wrapper
    return func(self, *args, **kwargs)
           ^^^^^^^^^^^^^^^^^^^^^^^^^^^
  File "/home/airflow/.local/lib/python3.12/site-packages/airflow/operators/bash.py", line 243, in execute
    raise AirflowException(
airflow.exceptions.AirflowException: Bash command failed. The command returned a non-zero exit code 1.
[2025-11-14T19:35:03.405+0000] {taskinstance.py:1206} INFO - Marking task as UP_FOR_RETRY. dag_id=etl_strava, task_id=extract_bronze_user, run_id=manual__2025-11-14T19:11:22.967028+00:00, execution_date=20251114T191122, start_date=20251114T193501, end_date=20251114T193503
[2025-11-14T19:35:03.420+0000] {standard_task_runner.py:110} ERROR - Failed to execute job 196 for task extract_bronze_user (Bash command failed. The command returned a non-zero exit code 1.; 755)
[2025-11-14T19:35:03.433+0000] {local_task_job_runner.py:243} INFO - Task exited with return code 1
[2025-11-14T19:35:03.451+0000] {taskinstance.py:3503} INFO - 0 downstream tasks scheduled from follow-on schedule check
[2025-11-14T19:35:03.452+0000] {local_task_job_runner.py:222} INFO - ::endgroup::
