[2025-11-15T10:48:16.351+0000] {local_task_job_runner.py:120} INFO - ::group::Pre task execution logs
[2025-11-15T10:48:16.382+0000] {taskinstance.py:2076} INFO - Dependencies all met for dep_context=non-requeueable deps ti=<TaskInstance: etl_strava.extract_bronze_activities manual__2025-11-15T10:43:13.231316+00:00 [queued]>
[2025-11-15T10:48:16.388+0000] {taskinstance.py:2076} INFO - Dependencies all met for dep_context=requeueable deps ti=<TaskInstance: etl_strava.extract_bronze_activities manual__2025-11-15T10:43:13.231316+00:00 [queued]>
[2025-11-15T10:48:16.388+0000] {taskinstance.py:2306} INFO - Starting attempt 2 of 2
[2025-11-15T10:48:16.401+0000] {taskinstance.py:2330} INFO - Executing <Task(BashOperator): extract_bronze_activities> on 2025-11-15 10:43:13.231316+00:00
[2025-11-15T10:48:16.409+0000] {standard_task_runner.py:90} INFO - Running: ['***', 'tasks', 'run', 'etl_strava', 'extract_bronze_activities', 'manual__2025-11-15T10:43:13.231316+00:00', '--job-id', '258', '--raw', '--subdir', 'DAGS_FOLDER/pipeline_strava.py', '--cfg-path', '/tmp/tmpz0oetsc2']
[2025-11-15T10:48:16.419+0000] {standard_task_runner.py:91} INFO - Job 258: Subtask extract_bronze_activities
[2025-11-15T10:48:16.411+0000] {logging_mixin.py:188} WARNING - /home/***/.local/lib/python3.12/site-packages/***/task/task_runner/standard_task_runner.py:62 DeprecationWarning: This process (pid=327) is multi-threaded, use of fork() may lead to deadlocks in the child.
[2025-11-15T10:48:16.429+0000] {standard_task_runner.py:64} INFO - Started process 329 to run task
[2025-11-15T10:48:16.487+0000] {task_command.py:426} INFO - Running <TaskInstance: etl_strava.extract_bronze_activities manual__2025-11-15T10:43:13.231316+00:00 [running]> on host 2d2323d1fc61
[2025-11-15T10:48:16.602+0000] {taskinstance.py:2648} INFO - Exporting env vars: AIRFLOW_CTX_DAG_OWNER='rayane' AIRFLOW_CTX_DAG_ID='etl_strava' AIRFLOW_CTX_TASK_ID='extract_bronze_activities' AIRFLOW_CTX_EXECUTION_DATE='2025-11-15T10:43:13.231316+00:00' AIRFLOW_CTX_TRY_NUMBER='2' AIRFLOW_CTX_DAG_RUN_ID='manual__2025-11-15T10:43:13.231316+00:00'
[2025-11-15T10:48:16.603+0000] {taskinstance.py:430} INFO - ::endgroup::
[2025-11-15T10:48:16.622+0000] {subprocess.py:63} INFO - Tmp dir root location: /tmp
[2025-11-15T10:48:16.623+0000] {subprocess.py:75} INFO - Running command: ['/usr/bin/bash', '-c', 'python /opt/***/apps/extract_api_strava_user_activities.py']
[2025-11-15T10:48:16.634+0000] {subprocess.py:86} INFO - Output:
[2025-11-15T11:12:20.536+0000] {local_task_job_runner.py:313} WARNING - State of this instance has been externally set to failed. Terminating instance.
[2025-11-15T11:12:20.538+0000] {local_task_job_runner.py:222} INFO - ::endgroup::
[2025-11-15T11:12:20.540+0000] {process_utils.py:132} INFO - Sending 15 to group 329. PIDs of all processes in the group: [332, 329]
[2025-11-15T11:12:20.541+0000] {process_utils.py:87} INFO - Sending the signal 15 to group 329
[2025-11-15T11:12:20.542+0000] {taskinstance.py:2611} ERROR - Received SIGTERM. Terminating subprocesses.
[2025-11-15T11:12:20.544+0000] {subprocess.py:104} INFO - Sending SIGTERM signal to process group
[2025-11-15T11:12:20.546+0000] {taskinstance.py:441} INFO - ::group::Post task execution logs
[2025-11-15T11:12:20.599+0000] {process_utils.py:80} INFO - Process psutil.Process(pid=332, status='terminated', started='10:48:16') (332) terminated with exit code None
[2025-11-15T11:12:20.600+0000] {process_utils.py:80} INFO - Process psutil.Process(pid=329, status='terminated', exitcode=0, started='10:48:16') (329) terminated with exit code 0
