[2025-11-17T03:05:11.580+0000] {local_task_job_runner.py:120} INFO - ::group::Pre task execution logs
[2025-11-17T03:05:11.614+0000] {taskinstance.py:2076} INFO - Dependencies all met for dep_context=non-requeueable deps ti=<TaskInstance: etl_label_studio.extract_silver_label_studio scheduled__2025-11-16T03:00:00+00:00 [queued]>
[2025-11-17T03:05:11.620+0000] {taskinstance.py:2076} INFO - Dependencies all met for dep_context=requeueable deps ti=<TaskInstance: etl_label_studio.extract_silver_label_studio scheduled__2025-11-16T03:00:00+00:00 [queued]>
[2025-11-17T03:05:11.620+0000] {taskinstance.py:2306} INFO - Starting attempt 2 of 2
[2025-11-17T03:05:11.632+0000] {taskinstance.py:2330} INFO - Executing <Task(BashOperator): extract_silver_label_studio> on 2025-11-16 03:00:00+00:00
[2025-11-17T03:05:11.643+0000] {logging_mixin.py:188} WARNING - /home/***/.local/lib/python3.12/site-packages/***/task/task_runner/standard_task_runner.py:62 DeprecationWarning: This process (pid=18530) is multi-threaded, use of fork() may lead to deadlocks in the child.
[2025-11-17T03:05:11.645+0000] {standard_task_runner.py:64} INFO - Started process 18531 to run task
[2025-11-17T03:05:11.642+0000] {standard_task_runner.py:90} INFO - Running: ['***', 'tasks', 'run', 'etl_label_studio', 'extract_silver_label_studio', 'scheduled__2025-11-16T03:00:00+00:00', '--job-id', '396', '--raw', '--subdir', 'DAGS_FOLDER/pipeline_label_studio.py', '--cfg-path', '/tmp/tmpev_rzbpo']
[2025-11-17T03:05:11.647+0000] {standard_task_runner.py:91} INFO - Job 396: Subtask extract_silver_label_studio
[2025-11-17T03:05:11.694+0000] {task_command.py:426} INFO - Running <TaskInstance: etl_label_studio.extract_silver_label_studio scheduled__2025-11-16T03:00:00+00:00 [running]> on host 602d3770b2e4
[2025-11-17T03:05:11.765+0000] {taskinstance.py:2648} INFO - Exporting env vars: AIRFLOW_CTX_DAG_OWNER='rayane' AIRFLOW_CTX_DAG_ID='etl_label_studio' AIRFLOW_CTX_TASK_ID='extract_silver_label_studio' AIRFLOW_CTX_EXECUTION_DATE='2025-11-16T03:00:00+00:00' AIRFLOW_CTX_TRY_NUMBER='2' AIRFLOW_CTX_DAG_RUN_ID='scheduled__2025-11-16T03:00:00+00:00'
[2025-11-17T03:05:11.766+0000] {taskinstance.py:430} INFO - ::endgroup::
[2025-11-17T03:05:11.781+0000] {subprocess.py:63} INFO - Tmp dir root location: /tmp
[2025-11-17T03:05:11.782+0000] {subprocess.py:75} INFO - Running command: ['/usr/bin/bash', '-c', 'python /opt/***/apps/02-silver/extract-bronze-to-silver-strava-label_studio.py']
[2025-11-17T03:05:11.790+0000] {subprocess.py:86} INFO - Output:
[2025-11-17T03:05:18.821+0000] {subprocess.py:93} INFO - Usando o arquivo de variaveis em: /opt/***/apps/.env
[2025-11-17T03:05:18.822+0000] {subprocess.py:93} INFO - Bucket Silver Label Studio: silver-label-studio-parquet
[2025-11-17T03:05:18.822+0000] {subprocess.py:93} INFO - ⚠️ Conteúdo ainda string após json.loads em project_id=1/dt_process=2025/11/15/project_1_export_20251115T202608.json
[2025-11-17T03:05:18.822+0000] {subprocess.py:93} INFO - ⚠️ Conteúdo ainda string após json.loads em project_id=1/dt_process=2025/11/15/project_1_export_20251115T205531.json
[2025-11-17T03:05:18.823+0000] {subprocess.py:93} INFO - 🔁 Deduplicados: 54 registros de anotação removidos
[2025-11-17T03:05:18.823+0000] {subprocess.py:93} INFO - urllib3.exceptions.ResponseError: too many 500 error responses
[2025-11-17T03:05:18.823+0000] {subprocess.py:93} INFO - 
[2025-11-17T03:05:18.823+0000] {subprocess.py:93} INFO - The above exception was the direct cause of the following exception:
[2025-11-17T03:05:18.823+0000] {subprocess.py:93} INFO - 
[2025-11-17T03:05:18.823+0000] {subprocess.py:93} INFO - Traceback (most recent call last):
[2025-11-17T03:05:18.823+0000] {subprocess.py:93} INFO -   File "/opt/***/apps/02-silver/extract-bronze-to-silver-strava-label_studio.py", line 141, in <module>
[2025-11-17T03:05:18.823+0000] {subprocess.py:93} INFO -     client_minio.put_object(
[2025-11-17T03:05:18.824+0000] {subprocess.py:93} INFO -   File "/home/***/.local/lib/python3.12/site-packages/minio/api.py", line 2009, in put_object
[2025-11-17T03:05:18.824+0000] {subprocess.py:93} INFO -     raise exc
[2025-11-17T03:05:18.824+0000] {subprocess.py:93} INFO -   File "/home/***/.local/lib/python3.12/site-packages/minio/api.py", line 1955, in put_object
[2025-11-17T03:05:18.824+0000] {subprocess.py:93} INFO -     return self._put_object(
[2025-11-17T03:05:18.824+0000] {subprocess.py:93} INFO -            ^^^^^^^^^^^^^^^^^
[2025-11-17T03:05:18.824+0000] {subprocess.py:93} INFO -   File "/home/***/.local/lib/python3.12/site-packages/minio/api.py", line 1784, in _put_object
[2025-11-17T03:05:18.824+0000] {subprocess.py:93} INFO -     response = self._execute(
[2025-11-17T03:05:18.824+0000] {subprocess.py:93} INFO -                ^^^^^^^^^^^^^^
[2025-11-17T03:05:18.825+0000] {subprocess.py:93} INFO -   File "/home/***/.local/lib/python3.12/site-packages/minio/api.py", line 444, in _execute
[2025-11-17T03:05:18.825+0000] {subprocess.py:93} INFO -     return self._url_open(
[2025-11-17T03:05:18.825+0000] {subprocess.py:93} INFO -            ^^^^^^^^^^^^^^^
[2025-11-17T03:05:18.825+0000] {subprocess.py:93} INFO -   File "/home/***/.local/lib/python3.12/site-packages/minio/api.py", line 306, in _url_open
[2025-11-17T03:05:18.825+0000] {subprocess.py:93} INFO -     response = self._http.urlopen(
[2025-11-17T03:05:18.825+0000] {subprocess.py:93} INFO -                ^^^^^^^^^^^^^^^^^^^
[2025-11-17T03:05:18.826+0000] {subprocess.py:93} INFO -   File "/home/***/.local/lib/python3.12/site-packages/urllib3/poolmanager.py", line 443, in urlopen
[2025-11-17T03:05:18.826+0000] {subprocess.py:93} INFO -     response = conn.urlopen(method, u.request_uri, **kw)
[2025-11-17T03:05:18.826+0000] {subprocess.py:93} INFO -                ^^^^^^^^^^^^^^^^^^^^^^^^^^^^^^^^^^^^^^^^^
[2025-11-17T03:05:18.826+0000] {subprocess.py:93} INFO -   File "/home/***/.local/lib/python3.12/site-packages/urllib3/connectionpool.py", line 946, in urlopen
[2025-11-17T03:05:18.826+0000] {subprocess.py:93} INFO -     return self.urlopen(
[2025-11-17T03:05:18.826+0000] {subprocess.py:93} INFO -            ^^^^^^^^^^^^^
[2025-11-17T03:05:18.826+0000] {subprocess.py:93} INFO -   File "/home/***/.local/lib/python3.12/site-packages/urllib3/connectionpool.py", line 946, in urlopen
[2025-11-17T03:05:18.827+0000] {subprocess.py:93} INFO -     return self.urlopen(
[2025-11-17T03:05:18.827+0000] {subprocess.py:93} INFO -            ^^^^^^^^^^^^^
[2025-11-17T03:05:18.827+0000] {subprocess.py:93} INFO -   File "/home/***/.local/lib/python3.12/site-packages/urllib3/connectionpool.py", line 946, in urlopen
[2025-11-17T03:05:18.827+0000] {subprocess.py:93} INFO -     return self.urlopen(
[2025-11-17T03:05:18.827+0000] {subprocess.py:93} INFO -            ^^^^^^^^^^^^^
[2025-11-17T03:05:18.827+0000] {subprocess.py:93} INFO -   [Previous line repeated 2 more times]
[2025-11-17T03:05:18.827+0000] {subprocess.py:93} INFO -   File "/home/***/.local/lib/python3.12/site-packages/urllib3/connectionpool.py", line 936, in urlopen
[2025-11-17T03:05:18.828+0000] {subprocess.py:93} INFO -     retries = retries.increment(method, url, response=response, _pool=self)
[2025-11-17T03:05:18.828+0000] {subprocess.py:93} INFO -               ^^^^^^^^^^^^^^^^^^^^^^^^^^^^^^^^^^^^^^^^^^^^^^^^^^^^^^^^^^^^^
[2025-11-17T03:05:18.828+0000] {subprocess.py:93} INFO -   File "/home/***/.local/lib/python3.12/site-packages/urllib3/util/retry.py", line 515, in increment
[2025-11-17T03:05:18.828+0000] {subprocess.py:93} INFO -     raise MaxRetryError(_pool, url, reason) from reason  # type: ignore[arg-type]
[2025-11-17T03:05:18.828+0000] {subprocess.py:93} INFO -     ^^^^^^^^^^^^^^^^^^^^^^^^^^^^^^^^^^^^^^^^^^^^^^^^^^^
[2025-11-17T03:05:18.828+0000] {subprocess.py:93} INFO - urllib3.exceptions.MaxRetryError: HTTPConnectionPool(host='minio', port=9000): Max retries exceeded with url: /silver-label-studio-parquet/2024/07/labelstudio_anotacoes_2024-07.parquet (Caused by ResponseError('too many 500 error responses'))
[2025-11-17T03:05:18.880+0000] {subprocess.py:97} INFO - Command exited with return code 1
[2025-11-17T03:05:18.880+0000] {taskinstance.py:441} INFO - ::group::Post task execution logs
[2025-11-17T03:05:18.891+0000] {taskinstance.py:2905} ERROR - Task failed with exception
Traceback (most recent call last):
  File "/home/airflow/.local/lib/python3.12/site-packages/airflow/models/taskinstance.py", line 465, in _execute_task
    result = _execute_callable(context=context, **execute_callable_kwargs)
             ^^^^^^^^^^^^^^^^^^^^^^^^^^^^^^^^^^^^^^^^^^^^^^^^^^^^^^^^^^^^^
  File "/home/airflow/.local/lib/python3.12/site-packages/airflow/models/taskinstance.py", line 432, in _execute_callable
    return execute_callable(context=context, **execute_callable_kwargs)
           ^^^^^^^^^^^^^^^^^^^^^^^^^^^^^^^^^^^^^^^^^^^^^^^^^^^^^^^^^^^^
  File "/home/airflow/.local/lib/python3.12/site-packages/airflow/models/baseoperator.py", line 401, in wrapper
    return func(self, *args, **kwargs)
           ^^^^^^^^^^^^^^^^^^^^^^^^^^^
  File "/home/airflow/.local/lib/python3.12/site-packages/airflow/operators/bash.py", line 243, in execute
    raise AirflowException(
airflow.exceptions.AirflowException: Bash command failed. The command returned a non-zero exit code 1.
[2025-11-17T03:05:18.895+0000] {taskinstance.py:1206} INFO - Marking task as FAILED. dag_id=etl_label_studio, task_id=extract_silver_label_studio, run_id=scheduled__2025-11-16T03:00:00+00:00, execution_date=20251116T030000, start_date=20251117T030511, end_date=20251117T030518
[2025-11-17T03:05:18.906+0000] {standard_task_runner.py:110} ERROR - Failed to execute job 396 for task extract_silver_label_studio (Bash command failed. The command returned a non-zero exit code 1.; 18531)
[2025-11-17T03:05:18.924+0000] {local_task_job_runner.py:243} INFO - Task exited with return code 1
[2025-11-17T03:05:18.938+0000] {taskinstance.py:3503} INFO - 0 downstream tasks scheduled from follow-on schedule check
[2025-11-17T03:05:18.939+0000] {local_task_job_runner.py:222} INFO - ::endgroup::
