[2025-11-14T17:41:57.705+0000] {local_task_job_runner.py:120} INFO - ::group::Pre task execution logs
[2025-11-14T17:41:57.752+0000] {taskinstance.py:2076} INFO - Dependencies all met for dep_context=non-requeueable deps ti=<TaskInstance: etl_strava.extract_bronze_user manual__2025-11-14T17:22:45.732761+00:00 [queued]>
[2025-11-14T17:41:57.764+0000] {taskinstance.py:2076} INFO - Dependencies all met for dep_context=requeueable deps ti=<TaskInstance: etl_strava.extract_bronze_user manual__2025-11-14T17:22:45.732761+00:00 [queued]>
[2025-11-14T17:41:57.765+0000] {taskinstance.py:2306} INFO - Starting attempt 2 of 2
[2025-11-14T17:41:57.785+0000] {taskinstance.py:2330} INFO - Executing <Task(BashOperator): extract_bronze_user> on 2025-11-14 17:22:45.732761+00:00
[2025-11-14T17:41:57.794+0000] {standard_task_runner.py:90} INFO - Running: ['***', 'tasks', 'run', 'etl_strava', 'extract_bronze_user', 'manual__2025-11-14T17:22:45.732761+00:00', '--job-id', '86', '--raw', '--subdir', 'DAGS_FOLDER/pipeline_strava.py', '--cfg-path', '/tmp/tmp7xj3jkv3']
[2025-11-14T17:41:57.797+0000] {logging_mixin.py:188} WARNING - /home/***/.local/lib/python3.12/site-packages/***/task/task_runner/standard_task_runner.py:62 DeprecationWarning: This process (pid=171) is multi-threaded, use of fork() may lead to deadlocks in the child.
[2025-11-14T17:41:57.801+0000] {standard_task_runner.py:64} INFO - Started process 176 to run task
[2025-11-14T17:41:57.798+0000] {standard_task_runner.py:91} INFO - Job 86: Subtask extract_bronze_user
[2025-11-14T17:41:57.900+0000] {task_command.py:426} INFO - Running <TaskInstance: etl_strava.extract_bronze_user manual__2025-11-14T17:22:45.732761+00:00 [running]> on host 4e4381d8eec4
[2025-11-14T17:41:58.059+0000] {taskinstance.py:2648} INFO - Exporting env vars: AIRFLOW_CTX_DAG_OWNER='rayane' AIRFLOW_CTX_DAG_ID='etl_strava' AIRFLOW_CTX_TASK_ID='extract_bronze_user' AIRFLOW_CTX_EXECUTION_DATE='2025-11-14T17:22:45.732761+00:00' AIRFLOW_CTX_TRY_NUMBER='2' AIRFLOW_CTX_DAG_RUN_ID='manual__2025-11-14T17:22:45.732761+00:00'
[2025-11-14T17:41:58.060+0000] {taskinstance.py:430} INFO - ::endgroup::
[2025-11-14T17:41:58.111+0000] {subprocess.py:63} INFO - Tmp dir root location: /tmp
[2025-11-14T17:41:58.112+0000] {subprocess.py:75} INFO - Running command: ['/usr/bin/bash', '-c', 'python  /opt/***/apps/extract_api_strava_user.py']
[2025-11-14T17:41:58.128+0000] {subprocess.py:86} INFO - Output:
[2025-11-14T17:42:03.096+0000] {subprocess.py:93} INFO - Traceback (most recent call last):
[2025-11-14T17:42:03.096+0000] {subprocess.py:93} INFO -   File "/opt/***/apps/extract_api_strava_user.py", line 39, in <module>
[2025-11-14T17:42:03.097+0000] {subprocess.py:93} INFO -     if time.localtime(time.time()) >= time.localtime(int(os.getenv("EXPIRES_AT"))):
[2025-11-14T17:42:03.097+0000] {subprocess.py:93} INFO -                                                      ^^^^^^^^^^^^^^^^^^^^^^^^^^^^
[2025-11-14T17:42:03.097+0000] {subprocess.py:93} INFO - TypeError: int() argument must be a string, a bytes-like object or a real number, not 'NoneType'
[2025-11-14T17:42:03.254+0000] {subprocess.py:97} INFO - Command exited with return code 1
[2025-11-14T17:42:03.255+0000] {taskinstance.py:441} INFO - ::group::Post task execution logs
[2025-11-14T17:42:03.269+0000] {taskinstance.py:2905} ERROR - Task failed with exception
Traceback (most recent call last):
  File "/home/airflow/.local/lib/python3.12/site-packages/airflow/models/taskinstance.py", line 465, in _execute_task
    result = _execute_callable(context=context, **execute_callable_kwargs)
             ^^^^^^^^^^^^^^^^^^^^^^^^^^^^^^^^^^^^^^^^^^^^^^^^^^^^^^^^^^^^^
  File "/home/airflow/.local/lib/python3.12/site-packages/airflow/models/taskinstance.py", line 432, in _execute_callable
    return execute_callable(context=context, **execute_callable_kwargs)
           ^^^^^^^^^^^^^^^^^^^^^^^^^^^^^^^^^^^^^^^^^^^^^^^^^^^^^^^^^^^^
  File "/home/airflow/.local/lib/python3.12/site-packages/airflow/models/baseoperator.py", line 401, in wrapper
    return func(self, *args, **kwargs)
           ^^^^^^^^^^^^^^^^^^^^^^^^^^^
  File "/home/airflow/.local/lib/python3.12/site-packages/airflow/operators/bash.py", line 243, in execute
    raise AirflowException(
airflow.exceptions.AirflowException: Bash command failed. The command returned a non-zero exit code 1.
[2025-11-14T17:42:03.273+0000] {taskinstance.py:1206} INFO - Marking task as FAILED. dag_id=etl_strava, task_id=extract_bronze_user, run_id=manual__2025-11-14T17:22:45.732761+00:00, execution_date=20251114T172245, start_date=20251114T174157, end_date=20251114T174203
[2025-11-14T17:42:03.285+0000] {standard_task_runner.py:110} ERROR - Failed to execute job 86 for task extract_bronze_user (Bash command failed. The command returned a non-zero exit code 1.; 176)
[2025-11-14T17:42:03.293+0000] {local_task_job_runner.py:243} INFO - Task exited with return code 1
[2025-11-14T17:42:03.311+0000] {taskinstance.py:3503} INFO - 0 downstream tasks scheduled from follow-on schedule check
[2025-11-14T17:42:03.312+0000] {local_task_job_runner.py:222} INFO - ::endgroup::
