[2025-11-16T16:08:13.813+0000] {local_task_job_runner.py:120} INFO - ::group::Pre task execution logs
[2025-11-16T16:08:13.869+0000] {taskinstance.py:2076} INFO - Dependencies all met for dep_context=non-requeueable deps ti=<TaskInstance: etl_label_studio.extract_bronze_label_studio manual__2025-11-16T16:08:12.884291+00:00 [queued]>
[2025-11-16T16:08:13.876+0000] {taskinstance.py:2076} INFO - Dependencies all met for dep_context=requeueable deps ti=<TaskInstance: etl_label_studio.extract_bronze_label_studio manual__2025-11-16T16:08:12.884291+00:00 [queued]>
[2025-11-16T16:08:13.876+0000] {taskinstance.py:2306} INFO - Starting attempt 1 of 2
[2025-11-16T16:08:13.894+0000] {taskinstance.py:2330} INFO - Executing <Task(BashOperator): extract_bronze_label_studio> on 2025-11-16 16:08:12.884291+00:00
[2025-11-16T16:08:13.913+0000] {standard_task_runner.py:90} INFO - Running: ['***', 'tasks', 'run', 'etl_label_studio', 'extract_bronze_label_studio', 'manual__2025-11-16T16:08:12.884291+00:00', '--job-id', '336', '--raw', '--subdir', 'DAGS_FOLDER/pipeline_label_studio.py', '--cfg-path', '/tmp/tmp7i2_oky4']
[2025-11-16T16:08:13.917+0000] {logging_mixin.py:188} WARNING - /home/***/.local/lib/python3.12/site-packages/***/task/task_runner/standard_task_runner.py:62 DeprecationWarning: This process (pid=4774) is multi-threaded, use of fork() may lead to deadlocks in the child.
[2025-11-16T16:08:13.919+0000] {standard_task_runner.py:91} INFO - Job 336: Subtask extract_bronze_label_studio
[2025-11-16T16:08:13.919+0000] {standard_task_runner.py:64} INFO - Started process 4775 to run task
[2025-11-16T16:08:14.033+0000] {task_command.py:426} INFO - Running <TaskInstance: etl_label_studio.extract_bronze_label_studio manual__2025-11-16T16:08:12.884291+00:00 [running]> on host 5f5c6e0969f2
[2025-11-16T16:08:14.129+0000] {taskinstance.py:2648} INFO - Exporting env vars: AIRFLOW_CTX_DAG_OWNER='rayane' AIRFLOW_CTX_DAG_ID='etl_label_studio' AIRFLOW_CTX_TASK_ID='extract_bronze_label_studio' AIRFLOW_CTX_EXECUTION_DATE='2025-11-16T16:08:12.884291+00:00' AIRFLOW_CTX_TRY_NUMBER='1' AIRFLOW_CTX_DAG_RUN_ID='manual__2025-11-16T16:08:12.884291+00:00'
[2025-11-16T16:08:14.131+0000] {taskinstance.py:430} INFO - ::endgroup::
[2025-11-16T16:08:14.145+0000] {subprocess.py:63} INFO - Tmp dir root location: /tmp
[2025-11-16T16:08:14.146+0000] {subprocess.py:75} INFO - Running command: ['/usr/bin/bash', '-c', 'python /opt/***/apps//01-bronze/extract_api_label_studio_strava.py']
[2025-11-16T16:08:14.157+0000] {subprocess.py:86} INFO - Output:
[2025-11-16T16:08:15.302+0000] {subprocess.py:93} INFO - [ERRO Geral] LABEL_STUDIO_API_TOKEN não definido nas variáveis de ambiente.
[2025-11-16T16:08:15.331+0000] {subprocess.py:97} INFO - Command exited with return code 0
[2025-11-16T16:08:15.332+0000] {taskinstance.py:441} INFO - ::group::Post task execution logs
[2025-11-16T16:08:15.359+0000] {taskinstance.py:1206} INFO - Marking task as SUCCESS. dag_id=etl_label_studio, task_id=extract_bronze_label_studio, run_id=manual__2025-11-16T16:08:12.884291+00:00, execution_date=20251116T160812, start_date=20251116T160813, end_date=20251116T160815
[2025-11-16T16:08:15.412+0000] {local_task_job_runner.py:243} INFO - Task exited with return code 0
[2025-11-16T16:08:15.427+0000] {taskinstance.py:3503} INFO - 0 downstream tasks scheduled from follow-on schedule check
[2025-11-16T16:08:15.429+0000] {local_task_job_runner.py:222} INFO - ::endgroup::
