[2025-11-14T19:05:32.662+0000] {local_task_job_runner.py:120} INFO - ::group::Pre task execution logs
[2025-11-14T19:05:32.701+0000] {taskinstance.py:2076} INFO - Dependencies all met for dep_context=non-requeueable deps ti=<TaskInstance: etl_strava.extract_bronze_activities manual__2025-11-14T18:24:29.087055+00:00 [queued]>
[2025-11-14T19:05:32.707+0000] {taskinstance.py:2076} INFO - Dependencies all met for dep_context=requeueable deps ti=<TaskInstance: etl_strava.extract_bronze_activities manual__2025-11-14T18:24:29.087055+00:00 [queued]>
[2025-11-14T19:05:32.708+0000] {taskinstance.py:2306} INFO - Starting attempt 5 of 6
[2025-11-14T19:05:32.725+0000] {taskinstance.py:2330} INFO - Executing <Task(BashOperator): extract_bronze_activities> on 2025-11-14 18:24:29.087055+00:00
[2025-11-14T19:05:32.733+0000] {standard_task_runner.py:90} INFO - Running: ['***', 'tasks', 'run', 'etl_strava', 'extract_bronze_activities', 'manual__2025-11-14T18:24:29.087055+00:00', '--job-id', '188', '--raw', '--subdir', 'DAGS_FOLDER/pipeline_strava.py', '--cfg-path', '/tmp/tmp0m589lz5']
[2025-11-14T19:05:32.736+0000] {standard_task_runner.py:91} INFO - Job 188: Subtask extract_bronze_activities
[2025-11-14T19:05:32.737+0000] {logging_mixin.py:188} WARNING - /home/***/.local/lib/python3.12/site-packages/***/task/task_runner/standard_task_runner.py:62 DeprecationWarning: This process (pid=399) is multi-threaded, use of fork() may lead to deadlocks in the child.
[2025-11-14T19:05:32.737+0000] {standard_task_runner.py:64} INFO - Started process 400 to run task
[2025-11-14T19:05:32.782+0000] {task_command.py:426} INFO - Running <TaskInstance: etl_strava.extract_bronze_activities manual__2025-11-14T18:24:29.087055+00:00 [running]> on host 1192556566e9
[2025-11-14T19:05:32.867+0000] {taskinstance.py:2648} INFO - Exporting env vars: AIRFLOW_CTX_DAG_OWNER='rayane' AIRFLOW_CTX_DAG_ID='etl_strava' AIRFLOW_CTX_TASK_ID='extract_bronze_activities' AIRFLOW_CTX_EXECUTION_DATE='2025-11-14T18:24:29.087055+00:00' AIRFLOW_CTX_TRY_NUMBER='5' AIRFLOW_CTX_DAG_RUN_ID='manual__2025-11-14T18:24:29.087055+00:00'
[2025-11-14T19:05:32.868+0000] {taskinstance.py:430} INFO - ::endgroup::
[2025-11-14T19:05:32.881+0000] {subprocess.py:63} INFO - Tmp dir root location: /tmp
[2025-11-14T19:05:32.882+0000] {subprocess.py:75} INFO - Running command: ['/usr/bin/bash', '-c', 'python /opt/***/apps/extract_api_strava_user_activities.py']
[2025-11-14T19:05:32.887+0000] {subprocess.py:86} INFO - Output:
[2025-11-14T19:07:28.840+0000] {local_task_job_runner.py:313} WARNING - State of this instance has been externally set to failed. Terminating instance.
[2025-11-14T19:07:28.842+0000] {local_task_job_runner.py:222} INFO - ::endgroup::
[2025-11-14T19:07:28.846+0000] {process_utils.py:132} INFO - Sending 15 to group 400. PIDs of all processes in the group: [401, 400]
[2025-11-14T19:07:28.846+0000] {process_utils.py:87} INFO - Sending the signal 15 to group 400
[2025-11-14T19:07:28.848+0000] {taskinstance.py:2611} ERROR - Received SIGTERM. Terminating subprocesses.
[2025-11-14T19:07:28.850+0000] {subprocess.py:104} INFO - Sending SIGTERM signal to process group
[2025-11-14T19:07:28.853+0000] {taskinstance.py:441} INFO - ::group::Post task execution logs
[2025-11-14T19:07:28.905+0000] {process_utils.py:80} INFO - Process psutil.Process(pid=401, status='terminated', started='19:05:32') (401) terminated with exit code None
[2025-11-14T19:07:28.906+0000] {process_utils.py:80} INFO - Process psutil.Process(pid=400, status='terminated', exitcode=0, started='19:05:32') (400) terminated with exit code 0
