[2025-11-14T19:04:14.915+0000] {local_task_job_runner.py:120} INFO - ::group::Pre task execution logs
[2025-11-14T19:04:15.108+0000] {taskinstance.py:2076} INFO - Dependencies all met for dep_context=non-requeueable deps ti=<TaskInstance: etl_strava.extract_bronze_activities manual__2025-11-14T18:24:29.087055+00:00 [queued]>
[2025-11-14T19:04:15.155+0000] {taskinstance.py:2076} INFO - Dependencies all met for dep_context=requeueable deps ti=<TaskInstance: etl_strava.extract_bronze_activities manual__2025-11-14T18:24:29.087055+00:00 [queued]>
[2025-11-14T19:04:15.160+0000] {taskinstance.py:2306} INFO - Starting attempt 4 of 4
[2025-11-14T19:04:15.476+0000] {taskinstance.py:2330} INFO - Executing <Task(BashOperator): extract_bronze_activities> on 2025-11-14 18:24:29.087055+00:00
[2025-11-14T19:04:15.549+0000] {logging_mixin.py:188} WARNING - /home/***/.local/lib/python3.12/site-packages/***/task/task_runner/standard_task_runner.py:62 DeprecationWarning: This process (pid=182) is multi-threaded, use of fork() may lead to deadlocks in the child.
[2025-11-14T19:04:15.545+0000] {standard_task_runner.py:90} INFO - Running: ['***', 'tasks', 'run', 'etl_strava', 'extract_bronze_activities', 'manual__2025-11-14T18:24:29.087055+00:00', '--job-id', '182', '--raw', '--subdir', 'DAGS_FOLDER/pipeline_strava.py', '--cfg-path', '/tmp/tmpp_p7nvpx']
[2025-11-14T19:04:15.562+0000] {standard_task_runner.py:91} INFO - Job 182: Subtask extract_bronze_activities
[2025-11-14T19:04:15.555+0000] {standard_task_runner.py:64} INFO - Started process 199 to run task
[2025-11-14T19:04:15.788+0000] {task_command.py:426} INFO - Running <TaskInstance: etl_strava.extract_bronze_activities manual__2025-11-14T18:24:29.087055+00:00 [running]> on host 1192556566e9
[2025-11-14T19:04:16.363+0000] {taskinstance.py:2648} INFO - Exporting env vars: AIRFLOW_CTX_DAG_OWNER='rayane' AIRFLOW_CTX_DAG_ID='etl_strava' AIRFLOW_CTX_TASK_ID='extract_bronze_activities' AIRFLOW_CTX_EXECUTION_DATE='2025-11-14T18:24:29.087055+00:00' AIRFLOW_CTX_TRY_NUMBER='4' AIRFLOW_CTX_DAG_RUN_ID='manual__2025-11-14T18:24:29.087055+00:00'
[2025-11-14T19:04:16.364+0000] {taskinstance.py:430} INFO - ::endgroup::
[2025-11-14T19:04:16.398+0000] {subprocess.py:63} INFO - Tmp dir root location: /tmp
[2025-11-14T19:04:16.403+0000] {subprocess.py:75} INFO - Running command: ['/usr/bin/bash', '-c', 'python /opt/***/apps/extract_api_strava_user_activities.py']
[2025-11-14T19:04:16.455+0000] {subprocess.py:86} INFO - Output:
[2025-11-14T19:05:21.875+0000] {local_task_job_runner.py:313} WARNING - State of this instance has been externally set to restarting. Terminating instance.
[2025-11-14T19:05:21.876+0000] {local_task_job_runner.py:222} INFO - ::endgroup::
[2025-11-14T19:05:21.878+0000] {process_utils.py:132} INFO - Sending 15 to group 199. PIDs of all processes in the group: [213, 199]
[2025-11-14T19:05:21.878+0000] {process_utils.py:87} INFO - Sending the signal 15 to group 199
[2025-11-14T19:05:21.879+0000] {taskinstance.py:2611} ERROR - Received SIGTERM. Terminating subprocesses.
[2025-11-14T19:05:21.881+0000] {subprocess.py:104} INFO - Sending SIGTERM signal to process group
[2025-11-14T19:05:21.884+0000] {taskinstance.py:441} INFO - ::group::Post task execution logs
[2025-11-14T19:05:21.899+0000] {taskinstance.py:2905} ERROR - Task failed with exception
Traceback (most recent call last):
  File "/home/airflow/.local/lib/python3.12/site-packages/airflow/models/taskinstance.py", line 465, in _execute_task
    result = _execute_callable(context=context, **execute_callable_kwargs)
             ^^^^^^^^^^^^^^^^^^^^^^^^^^^^^^^^^^^^^^^^^^^^^^^^^^^^^^^^^^^^^
  File "/home/airflow/.local/lib/python3.12/site-packages/airflow/models/taskinstance.py", line 432, in _execute_callable
    return execute_callable(context=context, **execute_callable_kwargs)
           ^^^^^^^^^^^^^^^^^^^^^^^^^^^^^^^^^^^^^^^^^^^^^^^^^^^^^^^^^^^^
  File "/home/airflow/.local/lib/python3.12/site-packages/airflow/models/baseoperator.py", line 401, in wrapper
    return func(self, *args, **kwargs)
           ^^^^^^^^^^^^^^^^^^^^^^^^^^^
  File "/home/airflow/.local/lib/python3.12/site-packages/airflow/operators/bash.py", line 234, in execute
    result = self.subprocess_hook.run_command(
             ^^^^^^^^^^^^^^^^^^^^^^^^^^^^^^^^^
  File "/home/airflow/.local/lib/python3.12/site-packages/airflow/hooks/subprocess.py", line 91, in run_command
    for raw_line in iter(self.sub_process.stdout.readline, b""):
  File "/home/airflow/.local/lib/python3.12/site-packages/airflow/models/taskinstance.py", line 2613, in signal_handler
    raise AirflowTaskTerminated("Task received SIGTERM signal")
airflow.exceptions.AirflowTaskTerminated: Task received SIGTERM signal
[2025-11-14T19:05:21.904+0000] {taskinstance.py:1206} INFO - Marking task as UP_FOR_RETRY. dag_id=etl_strava, task_id=extract_bronze_activities, run_id=manual__2025-11-14T18:24:29.087055+00:00, execution_date=20251114T182429, start_date=20251114T190415, end_date=20251114T190521
[2025-11-14T19:05:21.937+0000] {process_utils.py:80} INFO - Process psutil.Process(pid=199, status='terminated', exitcode=2, started='19:04:15') (199) terminated with exit code 2
[2025-11-14T19:05:21.937+0000] {process_utils.py:80} INFO - Process psutil.Process(pid=213, status='terminated', started='19:04:16') (213) terminated with exit code None
