[2025-11-15T22:49:27.779+0000] {local_task_job_runner.py:120} INFO - ::group::Pre task execution logs
[2025-11-15T22:49:27.810+0000] {taskinstance.py:2076} INFO - Dependencies all met for dep_context=non-requeueable deps ti=<TaskInstance: etl_label_studio.extract_bronze_label_studio scheduled__2025-11-14T03:00:00+00:00 [queued]>
[2025-11-15T22:49:27.821+0000] {taskinstance.py:2076} INFO - Dependencies all met for dep_context=requeueable deps ti=<TaskInstance: etl_label_studio.extract_bronze_label_studio scheduled__2025-11-14T03:00:00+00:00 [queued]>
[2025-11-15T22:49:27.821+0000] {taskinstance.py:2306} INFO - Starting attempt 2 of 2
[2025-11-15T22:49:27.831+0000] {taskinstance.py:2330} INFO - Executing <Task(BashOperator): extract_bronze_label_studio> on 2025-11-14 03:00:00+00:00
[2025-11-15T22:49:27.836+0000] {standard_task_runner.py:90} INFO - Running: ['***', 'tasks', 'run', 'etl_label_studio', 'extract_bronze_label_studio', 'scheduled__2025-11-14T03:00:00+00:00', '--job-id', '300', '--raw', '--subdir', 'DAGS_FOLDER/pipeline_label_studio.py', '--cfg-path', '/tmp/tmpo1nt3jr3']
[2025-11-15T22:49:27.838+0000] {standard_task_runner.py:91} INFO - Job 300: Subtask extract_bronze_label_studio
[2025-11-15T22:49:27.838+0000] {logging_mixin.py:188} WARNING - /home/***/.local/lib/python3.12/site-packages/***/task/task_runner/standard_task_runner.py:62 DeprecationWarning: This process (pid=322) is multi-threaded, use of fork() may lead to deadlocks in the child.
[2025-11-15T22:49:27.839+0000] {standard_task_runner.py:64} INFO - Started process 323 to run task
[2025-11-15T22:49:27.880+0000] {task_command.py:426} INFO - Running <TaskInstance: etl_label_studio.extract_bronze_label_studio scheduled__2025-11-14T03:00:00+00:00 [running]> on host 070b9a911922
[2025-11-15T22:49:27.940+0000] {taskinstance.py:2648} INFO - Exporting env vars: AIRFLOW_CTX_DAG_OWNER='rayane' AIRFLOW_CTX_DAG_ID='etl_label_studio' AIRFLOW_CTX_TASK_ID='extract_bronze_label_studio' AIRFLOW_CTX_EXECUTION_DATE='2025-11-14T03:00:00+00:00' AIRFLOW_CTX_TRY_NUMBER='2' AIRFLOW_CTX_DAG_RUN_ID='scheduled__2025-11-14T03:00:00+00:00'
[2025-11-15T22:49:27.941+0000] {taskinstance.py:430} INFO - ::endgroup::
[2025-11-15T22:49:27.954+0000] {subprocess.py:63} INFO - Tmp dir root location: /tmp
[2025-11-15T22:49:27.954+0000] {subprocess.py:75} INFO - Running command: ['/usr/bin/bash', '-c', 'python /opt/***/apps/extract_api_label_studio_strava.py']
[2025-11-15T22:49:27.960+0000] {subprocess.py:86} INFO - Output:
[2025-11-15T22:49:28.548+0000] {subprocess.py:93} INFO - Usando o arquivo de variaveis em: /opt/***/apps/.env
[2025-11-15T22:49:28.549+0000] {subprocess.py:93} INFO - Traceback (most recent call last):
[2025-11-15T22:49:28.549+0000] {subprocess.py:93} INFO -   File "/opt/***/apps/extract_api_label_studio_strava.py", line 33, in <module>
[2025-11-15T22:49:28.550+0000] {subprocess.py:93} INFO -     PAT = get_labelstudio_token()  # Personal Access Token
[2025-11-15T22:49:28.550+0000] {subprocess.py:93} INFO -           ^^^^^^^^^^^^^^^^^^^^^^^
[2025-11-15T22:49:28.550+0000] {subprocess.py:93} INFO -   File "/opt/***/apps/extract_api_label_studio_strava.py", line 29, in get_labelstudio_token
[2025-11-15T22:49:28.551+0000] {subprocess.py:93} INFO -     r.raise_for_status()
[2025-11-15T22:49:28.551+0000] {subprocess.py:93} INFO -   File "/home/***/.local/lib/python3.12/site-packages/requests/models.py", line 1024, in raise_for_status
[2025-11-15T22:49:28.551+0000] {subprocess.py:93} INFO -     raise HTTPError(http_error_msg, response=self)
[2025-11-15T22:49:28.551+0000] {subprocess.py:93} INFO - requests.exceptions.HTTPError: 404 Client Error: Not Found for url: http://label-studio:8080/api/user/login
[2025-11-15T22:49:28.572+0000] {subprocess.py:97} INFO - Command exited with return code 1
[2025-11-15T22:49:28.573+0000] {taskinstance.py:441} INFO - ::group::Post task execution logs
[2025-11-15T22:49:28.582+0000] {taskinstance.py:2905} ERROR - Task failed with exception
Traceback (most recent call last):
  File "/home/airflow/.local/lib/python3.12/site-packages/airflow/models/taskinstance.py", line 465, in _execute_task
    result = _execute_callable(context=context, **execute_callable_kwargs)
             ^^^^^^^^^^^^^^^^^^^^^^^^^^^^^^^^^^^^^^^^^^^^^^^^^^^^^^^^^^^^^
  File "/home/airflow/.local/lib/python3.12/site-packages/airflow/models/taskinstance.py", line 432, in _execute_callable
    return execute_callable(context=context, **execute_callable_kwargs)
           ^^^^^^^^^^^^^^^^^^^^^^^^^^^^^^^^^^^^^^^^^^^^^^^^^^^^^^^^^^^^
  File "/home/airflow/.local/lib/python3.12/site-packages/airflow/models/baseoperator.py", line 401, in wrapper
    return func(self, *args, **kwargs)
           ^^^^^^^^^^^^^^^^^^^^^^^^^^^
  File "/home/airflow/.local/lib/python3.12/site-packages/airflow/operators/bash.py", line 243, in execute
    raise AirflowException(
airflow.exceptions.AirflowException: Bash command failed. The command returned a non-zero exit code 1.
[2025-11-15T22:49:28.585+0000] {taskinstance.py:1206} INFO - Marking task as FAILED. dag_id=etl_label_studio, task_id=extract_bronze_label_studio, run_id=scheduled__2025-11-14T03:00:00+00:00, execution_date=20251114T030000, start_date=20251115T224927, end_date=20251115T224928
[2025-11-15T22:49:28.593+0000] {standard_task_runner.py:110} ERROR - Failed to execute job 300 for task extract_bronze_label_studio (Bash command failed. The command returned a non-zero exit code 1.; 323)
[2025-11-15T22:49:28.607+0000] {local_task_job_runner.py:243} INFO - Task exited with return code 1
[2025-11-15T22:49:28.620+0000] {taskinstance.py:3503} INFO - 0 downstream tasks scheduled from follow-on schedule check
[2025-11-15T22:49:28.620+0000] {local_task_job_runner.py:222} INFO - ::endgroup::
