[2025-11-15T22:44:25.829+0000] {local_task_job_runner.py:120} INFO - ::group::Pre task execution logs
[2025-11-15T22:44:25.870+0000] {taskinstance.py:2076} INFO - Dependencies all met for dep_context=non-requeueable deps ti=<TaskInstance: etl_label_studio.extract_bronze_label_studio scheduled__2025-11-14T03:00:00+00:00 [queued]>
[2025-11-15T22:44:25.875+0000] {taskinstance.py:2076} INFO - Dependencies all met for dep_context=requeueable deps ti=<TaskInstance: etl_label_studio.extract_bronze_label_studio scheduled__2025-11-14T03:00:00+00:00 [queued]>
[2025-11-15T22:44:25.876+0000] {taskinstance.py:2306} INFO - Starting attempt 1 of 2
[2025-11-15T22:44:25.886+0000] {taskinstance.py:2330} INFO - Executing <Task(BashOperator): extract_bronze_label_studio> on 2025-11-14 03:00:00+00:00
[2025-11-15T22:44:25.892+0000] {standard_task_runner.py:90} INFO - Running: ['***', 'tasks', 'run', 'etl_label_studio', 'extract_bronze_label_studio', 'scheduled__2025-11-14T03:00:00+00:00', '--job-id', '297', '--raw', '--subdir', 'DAGS_FOLDER/pipeline_label_studio.py', '--cfg-path', '/tmp/tmpxqpmvzhy']
[2025-11-15T22:44:25.894+0000] {standard_task_runner.py:91} INFO - Job 297: Subtask extract_bronze_label_studio
[2025-11-15T22:44:25.895+0000] {logging_mixin.py:188} WARNING - /home/***/.local/lib/python3.12/site-packages/***/task/task_runner/standard_task_runner.py:62 DeprecationWarning: This process (pid=209) is multi-threaded, use of fork() may lead to deadlocks in the child.
[2025-11-15T22:44:25.896+0000] {standard_task_runner.py:64} INFO - Started process 210 to run task
[2025-11-15T22:44:25.946+0000] {task_command.py:426} INFO - Running <TaskInstance: etl_label_studio.extract_bronze_label_studio scheduled__2025-11-14T03:00:00+00:00 [running]> on host 070b9a911922
[2025-11-15T22:44:26.014+0000] {taskinstance.py:2648} INFO - Exporting env vars: AIRFLOW_CTX_DAG_OWNER='rayane' AIRFLOW_CTX_DAG_ID='etl_label_studio' AIRFLOW_CTX_TASK_ID='extract_bronze_label_studio' AIRFLOW_CTX_EXECUTION_DATE='2025-11-14T03:00:00+00:00' AIRFLOW_CTX_TRY_NUMBER='1' AIRFLOW_CTX_DAG_RUN_ID='scheduled__2025-11-14T03:00:00+00:00'
[2025-11-15T22:44:26.014+0000] {taskinstance.py:430} INFO - ::endgroup::
[2025-11-15T22:44:26.045+0000] {subprocess.py:63} INFO - Tmp dir root location: /tmp
[2025-11-15T22:44:26.046+0000] {subprocess.py:75} INFO - Running command: ['/usr/bin/bash', '-c', 'python /opt/***/apps/extract_api_label_studio_strava.py']
[2025-11-15T22:44:26.054+0000] {subprocess.py:86} INFO - Output:
[2025-11-15T22:44:26.952+0000] {subprocess.py:93} INFO - Usando o arquivo de variaveis em: /opt/***/apps/.env
[2025-11-15T22:44:26.954+0000] {subprocess.py:93} INFO - Traceback (most recent call last):
[2025-11-15T22:44:26.955+0000] {subprocess.py:93} INFO -   File "/opt/***/apps/extract_api_label_studio_strava.py", line 29, in <module>
[2025-11-15T22:44:26.956+0000] {subprocess.py:93} INFO -     resp.raise_for_status()
[2025-11-15T22:44:26.956+0000] {subprocess.py:93} INFO -   File "/home/***/.local/lib/python3.12/site-packages/requests/models.py", line 1024, in raise_for_status
[2025-11-15T22:44:26.957+0000] {subprocess.py:93} INFO -     raise HTTPError(http_error_msg, response=self)
[2025-11-15T22:44:26.957+0000] {subprocess.py:93} INFO - requests.exceptions.HTTPError: 500 Server Error: Internal Server Error for url: http://label-studio:8080/api/token/refresh
[2025-11-15T22:44:26.984+0000] {subprocess.py:97} INFO - Command exited with return code 1
[2025-11-15T22:44:26.985+0000] {taskinstance.py:441} INFO - ::group::Post task execution logs
[2025-11-15T22:44:26.997+0000] {taskinstance.py:2905} ERROR - Task failed with exception
Traceback (most recent call last):
  File "/home/airflow/.local/lib/python3.12/site-packages/airflow/models/taskinstance.py", line 465, in _execute_task
    result = _execute_callable(context=context, **execute_callable_kwargs)
             ^^^^^^^^^^^^^^^^^^^^^^^^^^^^^^^^^^^^^^^^^^^^^^^^^^^^^^^^^^^^^
  File "/home/airflow/.local/lib/python3.12/site-packages/airflow/models/taskinstance.py", line 432, in _execute_callable
    return execute_callable(context=context, **execute_callable_kwargs)
           ^^^^^^^^^^^^^^^^^^^^^^^^^^^^^^^^^^^^^^^^^^^^^^^^^^^^^^^^^^^^
  File "/home/airflow/.local/lib/python3.12/site-packages/airflow/models/baseoperator.py", line 401, in wrapper
    return func(self, *args, **kwargs)
           ^^^^^^^^^^^^^^^^^^^^^^^^^^^
  File "/home/airflow/.local/lib/python3.12/site-packages/airflow/operators/bash.py", line 243, in execute
    raise AirflowException(
airflow.exceptions.AirflowException: Bash command failed. The command returned a non-zero exit code 1.
[2025-11-15T22:44:27.000+0000] {taskinstance.py:1206} INFO - Marking task as UP_FOR_RETRY. dag_id=etl_label_studio, task_id=extract_bronze_label_studio, run_id=scheduled__2025-11-14T03:00:00+00:00, execution_date=20251114T030000, start_date=20251115T224425, end_date=20251115T224426
[2025-11-15T22:44:27.009+0000] {standard_task_runner.py:110} ERROR - Failed to execute job 297 for task extract_bronze_label_studio (Bash command failed. The command returned a non-zero exit code 1.; 210)
[2025-11-15T22:44:27.039+0000] {local_task_job_runner.py:243} INFO - Task exited with return code 1
[2025-11-15T22:44:27.053+0000] {taskinstance.py:3503} INFO - 0 downstream tasks scheduled from follow-on schedule check
[2025-11-15T22:44:27.054+0000] {local_task_job_runner.py:222} INFO - ::endgroup::
