[2025-11-16T16:11:42.662+0000] {local_task_job_runner.py:120} INFO - ::group::Pre task execution logs
[2025-11-16T16:11:42.703+0000] {taskinstance.py:2076} INFO - Dependencies all met for dep_context=non-requeueable deps ti=<TaskInstance: etl_label_studio.extract_bronze_label_studio manual__2025-11-16T16:11:42.075734+00:00 [queued]>
[2025-11-16T16:11:42.710+0000] {taskinstance.py:2076} INFO - Dependencies all met for dep_context=requeueable deps ti=<TaskInstance: etl_label_studio.extract_bronze_label_studio manual__2025-11-16T16:11:42.075734+00:00 [queued]>
[2025-11-16T16:11:42.710+0000] {taskinstance.py:2306} INFO - Starting attempt 1 of 2
[2025-11-16T16:11:42.722+0000] {taskinstance.py:2330} INFO - Executing <Task(BashOperator): extract_bronze_label_studio> on 2025-11-16 16:11:42.075734+00:00
[2025-11-16T16:11:42.734+0000] {standard_task_runner.py:90} INFO - Running: ['***', 'tasks', 'run', 'etl_label_studio', 'extract_bronze_label_studio', 'manual__2025-11-16T16:11:42.075734+00:00', '--job-id', '339', '--raw', '--subdir', 'DAGS_FOLDER/pipeline_label_studio.py', '--cfg-path', '/tmp/tmpqyc4mfnd']
[2025-11-16T16:11:42.737+0000] {standard_task_runner.py:91} INFO - Job 339: Subtask extract_bronze_label_studio
[2025-11-16T16:11:42.737+0000] {logging_mixin.py:188} WARNING - /home/***/.local/lib/python3.12/site-packages/***/task/task_runner/standard_task_runner.py:62 DeprecationWarning: This process (pid=4892) is multi-threaded, use of fork() may lead to deadlocks in the child.
[2025-11-16T16:11:42.738+0000] {standard_task_runner.py:64} INFO - Started process 4893 to run task
[2025-11-16T16:11:42.789+0000] {task_command.py:426} INFO - Running <TaskInstance: etl_label_studio.extract_bronze_label_studio manual__2025-11-16T16:11:42.075734+00:00 [running]> on host 5f5c6e0969f2
[2025-11-16T16:11:42.882+0000] {taskinstance.py:2648} INFO - Exporting env vars: AIRFLOW_CTX_DAG_OWNER='rayane' AIRFLOW_CTX_DAG_ID='etl_label_studio' AIRFLOW_CTX_TASK_ID='extract_bronze_label_studio' AIRFLOW_CTX_EXECUTION_DATE='2025-11-16T16:11:42.075734+00:00' AIRFLOW_CTX_TRY_NUMBER='1' AIRFLOW_CTX_DAG_RUN_ID='manual__2025-11-16T16:11:42.075734+00:00'
[2025-11-16T16:11:42.883+0000] {taskinstance.py:430} INFO - ::endgroup::
[2025-11-16T16:11:42.902+0000] {subprocess.py:63} INFO - Tmp dir root location: /tmp
[2025-11-16T16:11:42.903+0000] {subprocess.py:75} INFO - Running command: ['/usr/bin/bash', '-c', 'python /opt/***/apps//01-bronze/extract_api_label_studio_strava.py']
[2025-11-16T16:11:42.910+0000] {subprocess.py:86} INFO - Output:
[2025-11-16T16:11:44.130+0000] {subprocess.py:93} INFO - Usando o arquivo de variaveis em: /opt/***/apps/.env
[2025-11-16T16:11:44.135+0000] {subprocess.py:93} INFO - [ERRO Geral] path in endpoint is not allowed
[2025-11-16T16:11:44.211+0000] {subprocess.py:97} INFO - Command exited with return code 0
[2025-11-16T16:11:44.212+0000] {taskinstance.py:441} INFO - ::group::Post task execution logs
[2025-11-16T16:11:44.245+0000] {taskinstance.py:1206} INFO - Marking task as SUCCESS. dag_id=etl_label_studio, task_id=extract_bronze_label_studio, run_id=manual__2025-11-16T16:11:42.075734+00:00, execution_date=20251116T161142, start_date=20251116T161142, end_date=20251116T161144
[2025-11-16T16:11:44.260+0000] {local_task_job_runner.py:243} INFO - Task exited with return code 0
[2025-11-16T16:11:44.278+0000] {taskinstance.py:3503} INFO - 0 downstream tasks scheduled from follow-on schedule check
[2025-11-16T16:11:44.279+0000] {local_task_job_runner.py:222} INFO - ::endgroup::
