[2025-11-15T10:47:54.726+0000] {local_task_job_runner.py:120} INFO - ::group::Pre task execution logs
[2025-11-15T10:47:54.771+0000] {taskinstance.py:2076} INFO - Dependencies all met for dep_context=non-requeueable deps ti=<TaskInstance: etl_strava.extract_bronze_user manual__2025-11-15T10:42:50.546117+00:00 [queued]>
[2025-11-15T10:47:54.781+0000] {taskinstance.py:2076} INFO - Dependencies all met for dep_context=requeueable deps ti=<TaskInstance: etl_strava.extract_bronze_user manual__2025-11-15T10:42:50.546117+00:00 [queued]>
[2025-11-15T10:47:54.781+0000] {taskinstance.py:2306} INFO - Starting attempt 2 of 2
[2025-11-15T10:47:54.806+0000] {taskinstance.py:2330} INFO - Executing <Task(BashOperator): extract_bronze_user> on 2025-11-15 10:42:50.546117+00:00
[2025-11-15T10:47:54.822+0000] {logging_mixin.py:188} WARNING - /home/***/.local/lib/python3.12/site-packages/***/task/task_runner/standard_task_runner.py:62 DeprecationWarning: This process (pid=263) is multi-threaded, use of fork() may lead to deadlocks in the child.
[2025-11-15T10:47:54.823+0000] {standard_task_runner.py:64} INFO - Started process 266 to run task
[2025-11-15T10:47:54.823+0000] {standard_task_runner.py:90} INFO - Running: ['***', 'tasks', 'run', 'etl_strava', 'extract_bronze_user', 'manual__2025-11-15T10:42:50.546117+00:00', '--job-id', '255', '--raw', '--subdir', 'DAGS_FOLDER/pipeline_strava.py', '--cfg-path', '/tmp/tmpjdww0nv3']
[2025-11-15T10:47:54.826+0000] {standard_task_runner.py:91} INFO - Job 255: Subtask extract_bronze_user
[2025-11-15T10:47:54.886+0000] {task_command.py:426} INFO - Running <TaskInstance: etl_strava.extract_bronze_user manual__2025-11-15T10:42:50.546117+00:00 [running]> on host 14b65adea4bf
[2025-11-15T10:47:54.962+0000] {taskinstance.py:2648} INFO - Exporting env vars: AIRFLOW_CTX_DAG_OWNER='rayane' AIRFLOW_CTX_DAG_ID='etl_strava' AIRFLOW_CTX_TASK_ID='extract_bronze_user' AIRFLOW_CTX_EXECUTION_DATE='2025-11-15T10:42:50.546117+00:00' AIRFLOW_CTX_TRY_NUMBER='2' AIRFLOW_CTX_DAG_RUN_ID='manual__2025-11-15T10:42:50.546117+00:00'
[2025-11-15T10:47:54.962+0000] {taskinstance.py:430} INFO - ::endgroup::
[2025-11-15T10:47:54.996+0000] {subprocess.py:63} INFO - Tmp dir root location: /tmp
[2025-11-15T10:47:54.997+0000] {subprocess.py:75} INFO - Running command: ['/usr/bin/bash', '-c', 'python  /opt/***/apps/extract_api_strava_user.py']
[2025-11-15T10:47:55.002+0000] {subprocess.py:86} INFO - Output:
[2025-11-15T10:59:59.169+0000] {subprocess.py:93} INFO -  ⚠️   O Token atual expira em: 2025-11-15 16:44:19
[2025-11-15T10:59:59.176+0000] {subprocess.py:93} INFO - ✅ Credenciaiss Autenticadas
[2025-11-15T10:59:59.177+0000] {subprocess.py:93} INFO - Traceback (most recent call last):
[2025-11-15T10:59:59.177+0000] {subprocess.py:93} INFO -   File "/opt/***/apps/extract_api_strava_user.py", line 74, in <module>
[2025-11-15T10:59:59.178+0000] {subprocess.py:93} INFO -     athlete = client.get_athlete()
[2025-11-15T10:59:59.178+0000] {subprocess.py:93} INFO -               ^^^^^^^^^^^^^^^^^^^^
[2025-11-15T10:59:59.178+0000] {subprocess.py:93} INFO -   File "/home/***/.local/lib/python3.12/site-packages/stravalib/client.py", line 414, in get_athlete
[2025-11-15T10:59:59.178+0000] {subprocess.py:93} INFO -     raw = self.protocol.get("/athlete")
[2025-11-15T10:59:59.179+0000] {subprocess.py:93} INFO -           ^^^^^^^^^^^^^^^^^^^^^^^^^^^^^
[2025-11-15T10:59:59.179+0000] {subprocess.py:93} INFO -   File "/home/***/.local/lib/python3.12/site-packages/stravalib/protocol.py", line 588, in get
[2025-11-15T10:59:59.179+0000] {subprocess.py:93} INFO -     return self._request(
[2025-11-15T10:59:59.180+0000] {subprocess.py:93} INFO -            ^^^^^^^^^^^^^^
[2025-11-15T10:59:59.180+0000] {subprocess.py:93} INFO -   File "/home/***/.local/lib/python3.12/site-packages/stravalib/protocol.py", line 225, in _request
[2025-11-15T10:59:59.180+0000] {subprocess.py:93} INFO -     self._handle_protocol_error(raw)
[2025-11-15T10:59:59.180+0000] {subprocess.py:93} INFO -   File "/home/***/.local/lib/python3.12/site-packages/stravalib/protocol.py", line 528, in _handle_protocol_error
[2025-11-15T10:59:59.181+0000] {subprocess.py:93} INFO -     raise exc.Fault(msg, response=response)
[2025-11-15T10:59:59.181+0000] {subprocess.py:93} INFO - stravalib.exc.Fault: 429 Client Error: Too Many Requests [Rate Limit Exceeded: [{'resource': 'Application', 'field': 'read rate limit', 'code': 'exceeded'}]]
[2025-11-15T10:59:59.350+0000] {subprocess.py:97} INFO - Command exited with return code 1
[2025-11-15T10:59:59.352+0000] {taskinstance.py:441} INFO - ::group::Post task execution logs
[2025-11-15T10:59:59.378+0000] {taskinstance.py:2905} ERROR - Task failed with exception
Traceback (most recent call last):
  File "/home/airflow/.local/lib/python3.12/site-packages/airflow/models/taskinstance.py", line 465, in _execute_task
    result = _execute_callable(context=context, **execute_callable_kwargs)
             ^^^^^^^^^^^^^^^^^^^^^^^^^^^^^^^^^^^^^^^^^^^^^^^^^^^^^^^^^^^^^
  File "/home/airflow/.local/lib/python3.12/site-packages/airflow/models/taskinstance.py", line 432, in _execute_callable
    return execute_callable(context=context, **execute_callable_kwargs)
           ^^^^^^^^^^^^^^^^^^^^^^^^^^^^^^^^^^^^^^^^^^^^^^^^^^^^^^^^^^^^
  File "/home/airflow/.local/lib/python3.12/site-packages/airflow/models/baseoperator.py", line 401, in wrapper
    return func(self, *args, **kwargs)
           ^^^^^^^^^^^^^^^^^^^^^^^^^^^
  File "/home/airflow/.local/lib/python3.12/site-packages/airflow/operators/bash.py", line 243, in execute
    raise AirflowException(
airflow.exceptions.AirflowException: Bash command failed. The command returned a non-zero exit code 1.
[2025-11-15T10:59:59.385+0000] {taskinstance.py:1206} INFO - Marking task as FAILED. dag_id=etl_strava, task_id=extract_bronze_user, run_id=manual__2025-11-15T10:42:50.546117+00:00, execution_date=20251115T104250, start_date=20251115T104754, end_date=20251115T105959
[2025-11-15T10:59:59.404+0000] {standard_task_runner.py:110} ERROR - Failed to execute job 255 for task extract_bronze_user (Bash command failed. The command returned a non-zero exit code 1.; 266)
[2025-11-15T10:59:59.432+0000] {local_task_job_runner.py:243} INFO - Task exited with return code 1
[2025-11-15T10:59:59.454+0000] {taskinstance.py:3503} INFO - 0 downstream tasks scheduled from follow-on schedule check
[2025-11-15T10:59:59.456+0000] {local_task_job_runner.py:222} INFO - ::endgroup::
