[2025-11-18T22:27:29.950+0000] {local_task_job_runner.py:120} INFO - ::group::Pre task execution logs
[2025-11-18T22:27:29.966+0000] {taskinstance.py:2076} INFO - Dependencies all met for dep_context=non-requeueable deps ti=<TaskInstance: etl_strava_activities.extract_bronze_activities manual__2025-11-18T22:22:27.206210+00:00 [queued]>
[2025-11-18T22:27:29.969+0000] {taskinstance.py:2076} INFO - Dependencies all met for dep_context=requeueable deps ti=<TaskInstance: etl_strava_activities.extract_bronze_activities manual__2025-11-18T22:22:27.206210+00:00 [queued]>
[2025-11-18T22:27:29.969+0000] {taskinstance.py:2306} INFO - Starting attempt 2 of 2
[2025-11-18T22:27:29.973+0000] {taskinstance.py:2330} INFO - Executing <Task(BashOperator): extract_bronze_activities> on 2025-11-18 22:22:27.206210+00:00
[2025-11-18T22:27:29.977+0000] {standard_task_runner.py:90} INFO - Running: ['***', 'tasks', 'run', 'etl_strava_activities', 'extract_bronze_activities', 'manual__2025-11-18T22:22:27.206210+00:00', '--job-id', '33', '--raw', '--subdir', 'DAGS_FOLDER/pipeline_strava_activities.py', '--cfg-path', '/tmp/tmpppf_hpqw']
[2025-11-18T22:27:29.978+0000] {logging_mixin.py:188} WARNING - /home/***/.local/lib/python3.12/site-packages/***/task/task_runner/standard_task_runner.py:62 DeprecationWarning: This process (pid=1424) is multi-threaded, use of fork() may lead to deadlocks in the child.
[2025-11-18T22:27:29.978+0000] {standard_task_runner.py:91} INFO - Job 33: Subtask extract_bronze_activities
[2025-11-18T22:27:29.978+0000] {standard_task_runner.py:64} INFO - Started process 1425 to run task
[2025-11-18T22:27:30.010+0000] {task_command.py:426} INFO - Running <TaskInstance: etl_strava_activities.extract_bronze_activities manual__2025-11-18T22:22:27.206210+00:00 [running]> on host 1f6ebb9bd530
[2025-11-18T22:27:30.052+0000] {taskinstance.py:2648} INFO - Exporting env vars: AIRFLOW_CTX_DAG_OWNER='rayane' AIRFLOW_CTX_DAG_ID='etl_strava_activities' AIRFLOW_CTX_TASK_ID='extract_bronze_activities' AIRFLOW_CTX_EXECUTION_DATE='2025-11-18T22:22:27.206210+00:00' AIRFLOW_CTX_TRY_NUMBER='2' AIRFLOW_CTX_DAG_RUN_ID='manual__2025-11-18T22:22:27.206210+00:00'
[2025-11-18T22:27:30.053+0000] {taskinstance.py:430} INFO - ::endgroup::
[2025-11-18T22:27:30.058+0000] {subprocess.py:63} INFO - Tmp dir root location: /tmp
[2025-11-18T22:27:30.059+0000] {subprocess.py:75} INFO - Running command: ['/usr/bin/bash', '-c', 'python /opt/***/apps/01-bronze/extract_api_strava_user_activities.py']
[2025-11-18T22:27:30.064+0000] {subprocess.py:86} INFO - Output:
[2025-11-18T22:27:31.243+0000] {subprocess.py:93} INFO - Usando o arquivo de variaveis em: /opt/***/apps/.env
[2025-11-18T22:27:31.250+0000] {subprocess.py:93} INFO - 186060
[2025-11-18T22:27:31.250+0000] {subprocess.py:93} INFO -  ⚠️  O Token atual expira em: 2025-11-18 23:57:12
[2025-11-18T22:27:31.251+0000] {subprocess.py:93} INFO - Usando o arquivo de variaveis em: /opt/***/apps/.env
[2025-11-18T22:27:31.251+0000] {subprocess.py:93} INFO - ✅ Credenciais Autenticadas
[2025-11-18T22:27:31.251+0000] {subprocess.py:93} INFO - BUCKET VAZIO OU REPROCESSAMENTO FULL
[2025-11-18T22:27:31.251+0000] {subprocess.py:93} INFO - 2021-04-27 22:25:44+00:00
[2025-11-18T22:27:31.251+0000] {subprocess.py:93} INFO -  Nenhuma nova atividade encontrada, finalizando extração ⏳
[2025-11-18T22:27:31.251+0000] {subprocess.py:93} INFO -  📋 0 Atividades registradas, 0 atividades alteradas
[2025-11-18T22:27:31.252+0000] {subprocess.py:93} INFO -  📋 2021-04-27 22:25:44+00:00 Ultima data registrada
[2025-11-18T22:27:31.252+0000] {subprocess.py:93} INFO - 
[2025-11-18T22:27:31.252+0000] {subprocess.py:93} INFO - ✅ Processo de extração finalizado ✅
[2025-11-18T22:27:31.321+0000] {subprocess.py:97} INFO - Command exited with return code 0
[2025-11-18T22:27:31.322+0000] {taskinstance.py:441} INFO - ::group::Post task execution logs
[2025-11-18T22:27:31.334+0000] {taskinstance.py:1206} INFO - Marking task as SUCCESS. dag_id=etl_strava_activities, task_id=extract_bronze_activities, run_id=manual__2025-11-18T22:22:27.206210+00:00, execution_date=20251118T222227, start_date=20251118T222729, end_date=20251118T222731
[2025-11-18T22:27:31.379+0000] {local_task_job_runner.py:243} INFO - Task exited with return code 0
[2025-11-18T22:27:31.390+0000] {taskinstance.py:3503} INFO - 1 downstream tasks scheduled from follow-on schedule check
[2025-11-18T22:27:31.391+0000] {local_task_job_runner.py:222} INFO - ::endgroup::
