[2025-11-17T20:08:29.954+0000] {local_task_job_runner.py:120} INFO - ::group::Pre task execution logs
[2025-11-17T20:08:29.985+0000] {taskinstance.py:2076} INFO - Dependencies all met for dep_context=non-requeueable deps ti=<TaskInstance: etl_strava_activities.extract_bronze_activities manual__2025-11-17T20:08:29.081761+00:00 [queued]>
[2025-11-17T20:08:29.991+0000] {taskinstance.py:2076} INFO - Dependencies all met for dep_context=requeueable deps ti=<TaskInstance: etl_strava_activities.extract_bronze_activities manual__2025-11-17T20:08:29.081761+00:00 [queued]>
[2025-11-17T20:08:29.991+0000] {taskinstance.py:2306} INFO - Starting attempt 1 of 2
[2025-11-17T20:08:30.005+0000] {taskinstance.py:2330} INFO - Executing <Task(BashOperator): extract_bronze_activities> on 2025-11-17 20:08:29.081761+00:00
[2025-11-17T20:08:30.014+0000] {logging_mixin.py:188} WARNING - /home/***/.local/lib/python3.12/site-packages/***/task/task_runner/standard_task_runner.py:62 DeprecationWarning: This process (pid=2416) is multi-threaded, use of fork() may lead to deadlocks in the child.
[2025-11-17T20:08:30.012+0000] {standard_task_runner.py:90} INFO - Running: ['***', 'tasks', 'run', 'etl_strava_activities', 'extract_bronze_activities', 'manual__2025-11-17T20:08:29.081761+00:00', '--job-id', '521', '--raw', '--subdir', 'DAGS_FOLDER/pipeline_strava_activities.py', '--cfg-path', '/tmp/tmpj_en487j']
[2025-11-17T20:08:30.014+0000] {standard_task_runner.py:64} INFO - Started process 2417 to run task
[2025-11-17T20:08:30.014+0000] {standard_task_runner.py:91} INFO - Job 521: Subtask extract_bronze_activities
[2025-11-17T20:08:30.066+0000] {task_command.py:426} INFO - Running <TaskInstance: etl_strava_activities.extract_bronze_activities manual__2025-11-17T20:08:29.081761+00:00 [running]> on host 958eca229fdb
[2025-11-17T20:08:30.162+0000] {taskinstance.py:2648} INFO - Exporting env vars: AIRFLOW_CTX_DAG_OWNER='rayane' AIRFLOW_CTX_DAG_ID='etl_strava_activities' AIRFLOW_CTX_TASK_ID='extract_bronze_activities' AIRFLOW_CTX_EXECUTION_DATE='2025-11-17T20:08:29.081761+00:00' AIRFLOW_CTX_TRY_NUMBER='1' AIRFLOW_CTX_DAG_RUN_ID='manual__2025-11-17T20:08:29.081761+00:00'
[2025-11-17T20:08:30.164+0000] {taskinstance.py:430} INFO - ::endgroup::
[2025-11-17T20:08:30.182+0000] {subprocess.py:63} INFO - Tmp dir root location: /tmp
[2025-11-17T20:08:30.183+0000] {subprocess.py:75} INFO - Running command: ['/usr/bin/bash', '-c', 'python /opt/***/apps/01-bronze/extract_api_strava_user_activities.py']
[2025-11-17T20:08:30.189+0000] {subprocess.py:86} INFO - Output:
[2025-11-17T20:08:45.528+0000] {subprocess.py:93} INFO - Usando o arquivo de variaveis em: /opt/***/apps/.env
[2025-11-17T20:08:45.533+0000] {subprocess.py:93} INFO - 184573
[2025-11-17T20:08:45.533+0000] {subprocess.py:93} INFO -  ⚠️  O Token atual expira em: 2025-11-18 00:24:08
[2025-11-17T20:08:45.534+0000] {subprocess.py:93} INFO - Usando o arquivo de variaveis em: /opt/***/apps/.env
[2025-11-17T20:08:45.535+0000] {subprocess.py:93} INFO - ✅ Credenciais Autenticadas
[2025-11-17T20:08:45.535+0000] {subprocess.py:93} INFO - PROCESSAMENTO INCREMENTAL A PARTIR DE 2025-10-17 17:24:22+00:00
[2025-11-17T20:08:45.536+0000] {subprocess.py:93} INFO - 2025-10-17 17:24:22+00:00
[2025-11-17T20:08:45.536+0000] {subprocess.py:93} INFO - Extraçao iniciada, aguarde... ⏳
[2025-11-17T20:08:45.536+0000] {subprocess.py:93} INFO - Última data atualizada para: 2025-10-24 08:42:03+00:00
[2025-11-17T20:08:45.537+0000] {subprocess.py:93} INFO - Última data atualizada para: 2025-10-24 18:11:01+00:00
[2025-11-17T20:08:45.537+0000] {subprocess.py:93} INFO - Última data atualizada para: 2025-10-25 17:34:52+00:00
[2025-11-17T20:08:45.538+0000] {subprocess.py:93} INFO - Última data atualizada para: 2025-10-25 18:57:56+00:00
[2025-11-17T20:08:45.538+0000] {subprocess.py:93} INFO - Última data atualizada para: 2025-10-26 08:34:25+00:00
[2025-11-17T20:08:45.539+0000] {subprocess.py:93} INFO - Última data atualizada para: 2025-10-28 08:10:29+00:00
[2025-11-17T20:08:45.539+0000] {subprocess.py:93} INFO - Última data atualizada para: 2025-10-28 18:12:46+00:00
[2025-11-17T20:08:45.539+0000] {subprocess.py:93} INFO - Última data atualizada para: 2025-10-29 13:05:57+00:00
[2025-11-17T20:08:45.540+0000] {subprocess.py:93} INFO - Última data atualizada para: 2025-11-01 14:37:44+00:00
[2025-11-17T20:08:45.540+0000] {subprocess.py:93} INFO - Última data atualizada para: 2025-11-01 15:03:36+00:00
[2025-11-17T20:08:45.540+0000] {subprocess.py:93} INFO - Última data atualizada para: 2025-11-02 16:55:04+00:00
[2025-11-17T20:08:45.540+0000] {subprocess.py:93} INFO - Última data atualizada para: 2025-11-03 12:29:57+00:00
[2025-11-17T20:08:45.541+0000] {subprocess.py:93} INFO - Última data atualizada para: 2025-11-03 18:24:22+00:00
[2025-11-17T20:08:45.541+0000] {subprocess.py:93} INFO - Última data atualizada para: 2025-11-04 19:14:15+00:00
[2025-11-17T20:08:45.541+0000] {subprocess.py:93} INFO - Última data atualizada para: 2025-11-04 19:26:56+00:00
[2025-11-17T20:08:45.541+0000] {subprocess.py:93} INFO - Última data atualizada para: 2025-11-04 20:27:10+00:00
[2025-11-17T20:08:45.542+0000] {subprocess.py:93} INFO - Última data atualizada para: 2025-11-05 20:26:51+00:00
[2025-11-17T20:08:45.542+0000] {subprocess.py:93} INFO - Última data atualizada para: 2025-11-07 17:01:32+00:00
[2025-11-17T20:08:45.542+0000] {subprocess.py:93} INFO - Última data atualizada para: 2025-11-09 07:09:50+00:00
[2025-11-17T20:08:45.542+0000] {subprocess.py:93} INFO - Última data atualizada para: 2025-11-09 07:52:12+00:00
[2025-11-17T20:08:45.543+0000] {subprocess.py:93} INFO - Última data atualizada para: 2025-11-10 17:01:34+00:00
[2025-11-17T20:08:45.543+0000] {subprocess.py:93} INFO - ⚠️ Novo evento de arquivo existente ⚠️
[2025-11-17T20:08:45.543+0000] {subprocess.py:93} INFO - Arquivo 2025/11/2025-11-12-16431525613-2025-11-17.json, inserido
[2025-11-17T20:08:45.543+0000] {subprocess.py:93} INFO - Última data atualizada para: 2025-11-12 00:17:19+00:00
[2025-11-17T20:08:45.544+0000] {subprocess.py:93} INFO - ⚠️ Novo evento de arquivo existente ⚠️
[2025-11-17T20:08:45.544+0000] {subprocess.py:93} INFO - Arquivo 2025/11/2025-11-14-16459317120-2025-11-17.json, inserido
[2025-11-17T20:08:45.544+0000] {subprocess.py:93} INFO - Última data atualizada para: 2025-11-14 18:54:14+00:00
[2025-11-17T20:08:45.544+0000] {subprocess.py:93} INFO - Última data atualizada para: 2025-11-15 10:48:50+00:00
[2025-11-17T20:08:45.544+0000] {subprocess.py:93} INFO - Última data atualizada para: 2025-11-16 17:24:22+00:00
[2025-11-17T20:08:45.545+0000] {subprocess.py:93} INFO - 2025-11-16 17:24:23+00:00 2025-11-16 17:24:22+00:00 2025-11-16 17:24:22+00:00
[2025-11-17T20:08:45.545+0000] {subprocess.py:93} INFO -  ⏩ Atualizando data para 2025-11-16 17:24:23+00:00 ⏩
[2025-11-17T20:08:45.545+0000] {subprocess.py:93} INFO - 2025-11-16 17:24:23+00:00
[2025-11-17T20:08:45.545+0000] {subprocess.py:93} INFO - Extraçao iniciada, aguarde... ⏳
[2025-11-17T20:08:45.545+0000] {subprocess.py:93} INFO - Última data atualizada para: 2025-11-16 17:24:22+00:00
[2025-11-17T20:08:45.545+0000] {subprocess.py:93} INFO -  Nenhuma nova atividade encontrada, finalizando extração ⏳
[2025-11-17T20:08:45.546+0000] {subprocess.py:93} INFO -  📋 0 Atividades registradas, 0 atividades alteradas
[2025-11-17T20:08:45.546+0000] {subprocess.py:93} INFO -  📋 2025-11-16 17:24:22+00:00 Ultima data registrada
[2025-11-17T20:08:45.546+0000] {subprocess.py:93} INFO - ✅ Processo de extração finalizado ✅
[2025-11-17T20:08:45.693+0000] {subprocess.py:97} INFO - Command exited with return code 0
[2025-11-17T20:08:45.695+0000] {taskinstance.py:441} INFO - ::group::Post task execution logs
[2025-11-17T20:08:45.756+0000] {taskinstance.py:1206} INFO - Marking task as SUCCESS. dag_id=etl_strava_activities, task_id=extract_bronze_activities, run_id=manual__2025-11-17T20:08:29.081761+00:00, execution_date=20251117T200829, start_date=20251117T200829, end_date=20251117T200845
[2025-11-17T20:08:45.795+0000] {local_task_job_runner.py:243} INFO - Task exited with return code 0
[2025-11-17T20:08:45.832+0000] {taskinstance.py:3503} INFO - 1 downstream tasks scheduled from follow-on schedule check
[2025-11-17T20:08:45.834+0000] {local_task_job_runner.py:222} INFO - ::endgroup::
