[2025-11-14T03:00:00.431+0000] {local_task_job_runner.py:120} INFO - ::group::Pre task execution logs
[2025-11-14T03:00:00.470+0000] {taskinstance.py:2076} INFO - Dependencies all met for dep_context=non-requeueable deps ti=<TaskInstance: etl_strava.extract_bronze_activities scheduled__2025-11-13T03:00:00+00:00 [queued]>
[2025-11-14T03:00:00.476+0000] {taskinstance.py:2076} INFO - Dependencies all met for dep_context=requeueable deps ti=<TaskInstance: etl_strava.extract_bronze_activities scheduled__2025-11-13T03:00:00+00:00 [queued]>
[2025-11-14T03:00:00.476+0000] {taskinstance.py:2306} INFO - Starting attempt 1 of 2
[2025-11-14T03:00:00.486+0000] {taskinstance.py:2330} INFO - Executing <Task(BashOperator): extract_bronze_activities> on 2025-11-13 03:00:00+00:00
[2025-11-14T03:00:00.502+0000] {logging_mixin.py:188} WARNING - /home/***/.local/lib/python3.12/site-packages/***/task/task_runner/standard_task_runner.py:62 DeprecationWarning: This process (pid=2805) is multi-threaded, use of fork() may lead to deadlocks in the child.
[2025-11-14T03:00:00.499+0000] {standard_task_runner.py:90} INFO - Running: ['***', 'tasks', 'run', 'etl_strava', 'extract_bronze_activities', 'scheduled__2025-11-13T03:00:00+00:00', '--job-id', '73', '--raw', '--subdir', 'DAGS_FOLDER/pipeline_strava.py', '--cfg-path', '/tmp/tmp9pp6v51j']
[2025-11-14T03:00:00.504+0000] {standard_task_runner.py:91} INFO - Job 73: Subtask extract_bronze_activities
[2025-11-14T03:00:00.504+0000] {standard_task_runner.py:64} INFO - Started process 2807 to run task
[2025-11-14T03:00:00.554+0000] {task_command.py:426} INFO - Running <TaskInstance: etl_strava.extract_bronze_activities scheduled__2025-11-13T03:00:00+00:00 [running]> on host 3a6bce1fca6f
[2025-11-14T03:00:00.637+0000] {taskinstance.py:2648} INFO - Exporting env vars: AIRFLOW_CTX_DAG_OWNER='rayane' AIRFLOW_CTX_DAG_ID='etl_strava' AIRFLOW_CTX_TASK_ID='extract_bronze_activities' AIRFLOW_CTX_EXECUTION_DATE='2025-11-13T03:00:00+00:00' AIRFLOW_CTX_TRY_NUMBER='1' AIRFLOW_CTX_DAG_RUN_ID='scheduled__2025-11-13T03:00:00+00:00'
[2025-11-14T03:00:00.637+0000] {taskinstance.py:430} INFO - ::endgroup::
[2025-11-14T03:00:00.658+0000] {subprocess.py:63} INFO - Tmp dir root location: /tmp
[2025-11-14T03:00:00.659+0000] {subprocess.py:75} INFO - Running command: ['/usr/bin/bash', '-c', 'python /opt/***/apps/extract_api_strava_user_activities.py']
[2025-11-14T03:00:00.665+0000] {subprocess.py:86} INFO - Output:
[2025-11-14T03:00:00.885+0000] {subprocess.py:93} INFO - Traceback (most recent call last):
[2025-11-14T03:00:00.885+0000] {subprocess.py:93} INFO -   File "/opt/***/apps/extract_api_strava_user_activities.py", line 4, in <module>
[2025-11-14T03:00:00.886+0000] {subprocess.py:93} INFO -     from stravalib import model, Client
[2025-11-14T03:00:00.886+0000] {subprocess.py:93} INFO - ModuleNotFoundError: No module named 'stravalib'
[2025-11-14T03:00:00.893+0000] {subprocess.py:97} INFO - Command exited with return code 1
[2025-11-14T03:00:00.894+0000] {taskinstance.py:441} INFO - ::group::Post task execution logs
[2025-11-14T03:00:00.906+0000] {taskinstance.py:2905} ERROR - Task failed with exception
Traceback (most recent call last):
  File "/home/airflow/.local/lib/python3.12/site-packages/airflow/models/taskinstance.py", line 465, in _execute_task
    result = _execute_callable(context=context, **execute_callable_kwargs)
             ^^^^^^^^^^^^^^^^^^^^^^^^^^^^^^^^^^^^^^^^^^^^^^^^^^^^^^^^^^^^^
  File "/home/airflow/.local/lib/python3.12/site-packages/airflow/models/taskinstance.py", line 432, in _execute_callable
    return execute_callable(context=context, **execute_callable_kwargs)
           ^^^^^^^^^^^^^^^^^^^^^^^^^^^^^^^^^^^^^^^^^^^^^^^^^^^^^^^^^^^^
  File "/home/airflow/.local/lib/python3.12/site-packages/airflow/models/baseoperator.py", line 401, in wrapper
    return func(self, *args, **kwargs)
           ^^^^^^^^^^^^^^^^^^^^^^^^^^^
  File "/home/airflow/.local/lib/python3.12/site-packages/airflow/operators/bash.py", line 243, in execute
    raise AirflowException(
airflow.exceptions.AirflowException: Bash command failed. The command returned a non-zero exit code 1.
[2025-11-14T03:00:00.909+0000] {taskinstance.py:1206} INFO - Marking task as UP_FOR_RETRY. dag_id=etl_strava, task_id=extract_bronze_activities, run_id=scheduled__2025-11-13T03:00:00+00:00, execution_date=20251113T030000, start_date=20251114T030000, end_date=20251114T030000
[2025-11-14T03:00:00.923+0000] {standard_task_runner.py:110} ERROR - Failed to execute job 73 for task extract_bronze_activities (Bash command failed. The command returned a non-zero exit code 1.; 2807)
[2025-11-14T03:00:00.941+0000] {local_task_job_runner.py:243} INFO - Task exited with return code 1
[2025-11-14T03:00:00.956+0000] {taskinstance.py:3503} INFO - 0 downstream tasks scheduled from follow-on schedule check
[2025-11-14T03:00:00.957+0000] {local_task_job_runner.py:222} INFO - ::endgroup::
[2025-11-14T19:38:53.472+0000] {local_task_job_runner.py:120} INFO - ::group::Pre task execution logs
[2025-11-14T19:38:53.506+0000] {taskinstance.py:2076} INFO - Dependencies all met for dep_context=non-requeueable deps ti=<TaskInstance: etl_strava.extract_bronze_activities scheduled__2025-11-13T03:00:00+00:00 [queued]>
[2025-11-14T19:38:53.512+0000] {taskinstance.py:2076} INFO - Dependencies all met for dep_context=requeueable deps ti=<TaskInstance: etl_strava.extract_bronze_activities scheduled__2025-11-13T03:00:00+00:00 [queued]>
[2025-11-14T19:38:53.513+0000] {taskinstance.py:2306} INFO - Starting attempt 1 of 2
[2025-11-14T19:38:53.524+0000] {taskinstance.py:2330} INFO - Executing <Task(BashOperator): extract_bronze_activities> on 2025-11-13 03:00:00+00:00
[2025-11-14T19:38:53.529+0000] {standard_task_runner.py:90} INFO - Running: ['***', 'tasks', 'run', 'etl_strava', 'extract_bronze_activities', 'scheduled__2025-11-13T03:00:00+00:00', '--job-id', '231', '--raw', '--subdir', 'DAGS_FOLDER/pipeline_strava.py', '--cfg-path', '/tmp/tmpu1lx_g7h']
[2025-11-14T19:38:53.531+0000] {standard_task_runner.py:91} INFO - Job 231: Subtask extract_bronze_activities
[2025-11-14T19:38:53.532+0000] {logging_mixin.py:188} WARNING - /home/***/.local/lib/python3.12/site-packages/***/task/task_runner/standard_task_runner.py:62 DeprecationWarning: This process (pid=213) is multi-threaded, use of fork() may lead to deadlocks in the child.
[2025-11-14T19:38:53.532+0000] {standard_task_runner.py:64} INFO - Started process 216 to run task
[2025-11-14T19:38:53.572+0000] {task_command.py:426} INFO - Running <TaskInstance: etl_strava.extract_bronze_activities scheduled__2025-11-13T03:00:00+00:00 [running]> on host 1192556566e9
[2025-11-14T19:38:53.642+0000] {taskinstance.py:2648} INFO - Exporting env vars: AIRFLOW_CTX_DAG_OWNER='rayane' AIRFLOW_CTX_DAG_ID='etl_strava' AIRFLOW_CTX_TASK_ID='extract_bronze_activities' AIRFLOW_CTX_EXECUTION_DATE='2025-11-13T03:00:00+00:00' AIRFLOW_CTX_TRY_NUMBER='1' AIRFLOW_CTX_DAG_RUN_ID='scheduled__2025-11-13T03:00:00+00:00'
[2025-11-14T19:38:53.643+0000] {taskinstance.py:430} INFO - ::endgroup::
[2025-11-14T19:38:53.654+0000] {subprocess.py:63} INFO - Tmp dir root location: /tmp
[2025-11-14T19:38:53.656+0000] {subprocess.py:75} INFO - Running command: ['/usr/bin/bash', '-c', 'python /opt/***/apps/extract_api_strava_user_activities.py']
[2025-11-14T19:38:53.664+0000] {subprocess.py:86} INFO - Output:
[2025-11-14T19:38:54.986+0000] {subprocess.py:93} INFO - Usando o arquivo de variaveis em: /opt/***/apps/.env
[2025-11-14T19:38:54.987+0000] {subprocess.py:93} INFO - None
[2025-11-14T19:38:54.987+0000] {subprocess.py:93} INFO - Traceback (most recent call last):
[2025-11-14T19:38:54.987+0000] {subprocess.py:93} INFO -   File "/opt/***/apps/extract_api_strava_user_activities.py", line 54, in <module>
[2025-11-14T19:38:54.987+0000] {subprocess.py:93} INFO -     if time.localtime(time.time()) >= time.localtime(int(os.getenv("EXPIRES_AT"))):
[2025-11-14T19:38:54.987+0000] {subprocess.py:93} INFO -                                                      ^^^^^^^^^^^^^^^^^^^^^^^^^^^^
[2025-11-14T19:38:54.988+0000] {subprocess.py:93} INFO - TypeError: int() argument must be a string, a bytes-like object or a real number, not 'NoneType'
[2025-11-14T19:38:55.108+0000] {subprocess.py:97} INFO - Command exited with return code 1
[2025-11-14T19:38:55.109+0000] {taskinstance.py:441} INFO - ::group::Post task execution logs
[2025-11-14T19:38:55.118+0000] {taskinstance.py:2905} ERROR - Task failed with exception
Traceback (most recent call last):
  File "/home/airflow/.local/lib/python3.12/site-packages/airflow/models/taskinstance.py", line 465, in _execute_task
    result = _execute_callable(context=context, **execute_callable_kwargs)
             ^^^^^^^^^^^^^^^^^^^^^^^^^^^^^^^^^^^^^^^^^^^^^^^^^^^^^^^^^^^^^
  File "/home/airflow/.local/lib/python3.12/site-packages/airflow/models/taskinstance.py", line 432, in _execute_callable
    return execute_callable(context=context, **execute_callable_kwargs)
           ^^^^^^^^^^^^^^^^^^^^^^^^^^^^^^^^^^^^^^^^^^^^^^^^^^^^^^^^^^^^
  File "/home/airflow/.local/lib/python3.12/site-packages/airflow/models/baseoperator.py", line 401, in wrapper
    return func(self, *args, **kwargs)
           ^^^^^^^^^^^^^^^^^^^^^^^^^^^
  File "/home/airflow/.local/lib/python3.12/site-packages/airflow/operators/bash.py", line 243, in execute
    raise AirflowException(
airflow.exceptions.AirflowException: Bash command failed. The command returned a non-zero exit code 1.
[2025-11-14T19:38:55.121+0000] {taskinstance.py:1206} INFO - Marking task as UP_FOR_RETRY. dag_id=etl_strava, task_id=extract_bronze_activities, run_id=scheduled__2025-11-13T03:00:00+00:00, execution_date=20251113T030000, start_date=20251114T193853, end_date=20251114T193855
[2025-11-14T19:38:55.132+0000] {standard_task_runner.py:110} ERROR - Failed to execute job 231 for task extract_bronze_activities (Bash command failed. The command returned a non-zero exit code 1.; 216)
[2025-11-14T19:38:55.160+0000] {local_task_job_runner.py:243} INFO - Task exited with return code 1
[2025-11-14T19:38:55.173+0000] {taskinstance.py:3503} INFO - 0 downstream tasks scheduled from follow-on schedule check
[2025-11-14T19:38:55.174+0000] {local_task_job_runner.py:222} INFO - ::endgroup::
