[2025-11-14T19:02:03.298+0000] {local_task_job_runner.py:120} INFO - ::group::Pre task execution logs
[2025-11-14T19:02:03.488+0000] {taskinstance.py:2076} INFO - Dependencies all met for dep_context=non-requeueable deps ti=<TaskInstance: etl_strava.extract_bronze_activities scheduled__2025-11-13T03:00:00+00:00 [queued]>
[2025-11-14T19:02:03.515+0000] {taskinstance.py:2076} INFO - Dependencies all met for dep_context=requeueable deps ti=<TaskInstance: etl_strava.extract_bronze_activities scheduled__2025-11-13T03:00:00+00:00 [queued]>
[2025-11-14T19:02:03.518+0000] {taskinstance.py:2306} INFO - Starting attempt 3 of 4
[2025-11-14T19:02:03.583+0000] {taskinstance.py:2330} INFO - Executing <Task(BashOperator): extract_bronze_activities> on 2025-11-13 03:00:00+00:00
[2025-11-14T19:02:03.653+0000] {logging_mixin.py:188} WARNING - /home/***/.local/lib/python3.12/site-packages/***/task/task_runner/standard_task_runner.py:62 DeprecationWarning: This process (pid=601) is multi-threaded, use of fork() may lead to deadlocks in the child.
[2025-11-14T19:02:03.681+0000] {standard_task_runner.py:64} INFO - Started process 615 to run task
[2025-11-14T19:02:03.661+0000] {standard_task_runner.py:90} INFO - Running: ['***', 'tasks', 'run', 'etl_strava', 'extract_bronze_activities', 'scheduled__2025-11-13T03:00:00+00:00', '--job-id', '167', '--raw', '--subdir', 'DAGS_FOLDER/pipeline_strava.py', '--cfg-path', '/tmp/tmp52cq22u1']
[2025-11-14T19:02:03.691+0000] {standard_task_runner.py:91} INFO - Job 167: Subtask extract_bronze_activities
[2025-11-14T19:02:04.290+0000] {task_command.py:426} INFO - Running <TaskInstance: etl_strava.extract_bronze_activities scheduled__2025-11-13T03:00:00+00:00 [running]> on host 1192556566e9
[2025-11-14T19:02:05.971+0000] {taskinstance.py:2648} INFO - Exporting env vars: AIRFLOW_CTX_DAG_OWNER='rayane' AIRFLOW_CTX_DAG_ID='etl_strava' AIRFLOW_CTX_TASK_ID='extract_bronze_activities' AIRFLOW_CTX_EXECUTION_DATE='2025-11-13T03:00:00+00:00' AIRFLOW_CTX_TRY_NUMBER='3' AIRFLOW_CTX_DAG_RUN_ID='scheduled__2025-11-13T03:00:00+00:00'
[2025-11-14T19:02:05.985+0000] {taskinstance.py:430} INFO - ::endgroup::
[2025-11-14T19:02:06.046+0000] {subprocess.py:63} INFO - Tmp dir root location: /tmp
[2025-11-14T19:02:06.056+0000] {subprocess.py:75} INFO - Running command: ['/usr/bin/bash', '-c', 'python /opt/***/apps/extract_api_strava_user_activities.py']
[2025-11-14T19:02:06.089+0000] {subprocess.py:86} INFO - Output:
[2025-11-14T19:03:27.420+0000] {local_task_job_runner.py:124} ERROR - Received SIGTERM. Terminating subprocesses
[2025-11-14T19:03:27.474+0000] {process_utils.py:132} INFO - Sending 15 to group 615. PIDs of all processes in the group: [634, 615]
[2025-11-14T19:03:27.488+0000] {process_utils.py:87} INFO - Sending the signal 15 to group 615
[2025-11-14T19:03:27.490+0000] {taskinstance.py:2611} ERROR - Received SIGTERM. Terminating subprocesses.
[2025-11-14T19:03:27.508+0000] {subprocess.py:104} INFO - Sending SIGTERM signal to process group
