[2025-11-15T22:08:45.191+0000] {local_task_job_runner.py:120} INFO - ::group::Pre task execution logs
[2025-11-15T22:08:45.244+0000] {taskinstance.py:2076} INFO - Dependencies all met for dep_context=non-requeueable deps ti=<TaskInstance: etl_strava.extract_bronze_label_studio manual__2025-11-15T22:03:42.556773+00:00 [queued]>
[2025-11-15T22:08:45.249+0000] {taskinstance.py:2076} INFO - Dependencies all met for dep_context=requeueable deps ti=<TaskInstance: etl_strava.extract_bronze_label_studio manual__2025-11-15T22:03:42.556773+00:00 [queued]>
[2025-11-15T22:08:45.250+0000] {taskinstance.py:2306} INFO - Starting attempt 2 of 2
[2025-11-15T22:08:45.259+0000] {taskinstance.py:2330} INFO - Executing <Task(BashOperator): extract_bronze_label_studio> on 2025-11-15 22:03:42.556773+00:00
[2025-11-15T22:08:45.265+0000] {standard_task_runner.py:90} INFO - Running: ['***', 'tasks', 'run', 'etl_strava', 'extract_bronze_label_studio', 'manual__2025-11-15T22:03:42.556773+00:00', '--job-id', '294', '--raw', '--subdir', 'DAGS_FOLDER/pipeline_strava.py', '--cfg-path', '/tmp/tmp8zdf2jc5']
[2025-11-15T22:08:45.267+0000] {standard_task_runner.py:91} INFO - Job 294: Subtask extract_bronze_label_studio
[2025-11-15T22:08:45.267+0000] {logging_mixin.py:188} WARNING - /home/***/.local/lib/python3.12/site-packages/***/task/task_runner/standard_task_runner.py:62 DeprecationWarning: This process (pid=1043) is multi-threaded, use of fork() may lead to deadlocks in the child.
[2025-11-15T22:08:45.268+0000] {standard_task_runner.py:64} INFO - Started process 1044 to run task
[2025-11-15T22:08:45.307+0000] {task_command.py:426} INFO - Running <TaskInstance: etl_strava.extract_bronze_label_studio manual__2025-11-15T22:03:42.556773+00:00 [running]> on host fadf64fe711e
[2025-11-15T22:08:45.385+0000] {taskinstance.py:2648} INFO - Exporting env vars: AIRFLOW_CTX_DAG_OWNER='rayane' AIRFLOW_CTX_DAG_ID='etl_strava' AIRFLOW_CTX_TASK_ID='extract_bronze_label_studio' AIRFLOW_CTX_EXECUTION_DATE='2025-11-15T22:03:42.556773+00:00' AIRFLOW_CTX_TRY_NUMBER='2' AIRFLOW_CTX_DAG_RUN_ID='manual__2025-11-15T22:03:42.556773+00:00'
[2025-11-15T22:08:45.386+0000] {taskinstance.py:430} INFO - ::endgroup::
[2025-11-15T22:08:45.399+0000] {subprocess.py:63} INFO - Tmp dir root location: /tmp
[2025-11-15T22:08:45.400+0000] {subprocess.py:75} INFO - Running command: ['/usr/bin/bash', '-c', 'python  /opt/***/apps/extract_api_label_studio_strava.py']
[2025-11-15T22:08:45.405+0000] {subprocess.py:86} INFO - Output:
[2025-11-15T22:08:46.024+0000] {subprocess.py:93} INFO - Usando o arquivo de variaveis em: /opt/***/apps/.env
[2025-11-15T22:08:46.025+0000] {subprocess.py:93} INFO - Traceback (most recent call last):
[2025-11-15T22:08:46.025+0000] {subprocess.py:93} INFO -   File "/home/***/.local/lib/python3.12/site-packages/urllib3/connection.py", line 203, in _new_conn
[2025-11-15T22:08:46.026+0000] {subprocess.py:93} INFO -     sock = connection.create_connection(
[2025-11-15T22:08:46.026+0000] {subprocess.py:93} INFO -            ^^^^^^^^^^^^^^^^^^^^^^^^^^^^^
[2025-11-15T22:08:46.026+0000] {subprocess.py:93} INFO -   File "/home/***/.local/lib/python3.12/site-packages/urllib3/util/connection.py", line 60, in create_connection
[2025-11-15T22:08:46.026+0000] {subprocess.py:93} INFO -     for res in socket.getaddrinfo(host, port, family, socket.SOCK_STREAM):
[2025-11-15T22:08:46.026+0000] {subprocess.py:93} INFO -                ^^^^^^^^^^^^^^^^^^^^^^^^^^^^^^^^^^^^^^^^^^^^^^^^^^^^^^^^^^
[2025-11-15T22:08:46.026+0000] {subprocess.py:93} INFO -   File "/usr/local/lib/python3.12/socket.py", line 964, in getaddrinfo
[2025-11-15T22:08:46.027+0000] {subprocess.py:93} INFO -     for res in _socket.getaddrinfo(host, port, family, type, proto, flags):
[2025-11-15T22:08:46.027+0000] {subprocess.py:93} INFO -                ^^^^^^^^^^^^^^^^^^^^^^^^^^^^^^^^^^^^^^^^^^^^^^^^^^^^^^^^^^^
[2025-11-15T22:08:46.027+0000] {subprocess.py:93} INFO - socket.gaierror: [Errno -2] Name or service not known
[2025-11-15T22:08:46.027+0000] {subprocess.py:93} INFO - 
[2025-11-15T22:08:46.027+0000] {subprocess.py:93} INFO - The above exception was the direct cause of the following exception:
[2025-11-15T22:08:46.028+0000] {subprocess.py:93} INFO - 
[2025-11-15T22:08:46.028+0000] {subprocess.py:93} INFO - Traceback (most recent call last):
[2025-11-15T22:08:46.028+0000] {subprocess.py:93} INFO -   File "/home/***/.local/lib/python3.12/site-packages/urllib3/connectionpool.py", line 791, in urlopen
[2025-11-15T22:08:46.028+0000] {subprocess.py:93} INFO -     response = self._make_request(
[2025-11-15T22:08:46.028+0000] {subprocess.py:93} INFO -                ^^^^^^^^^^^^^^^^^^^
[2025-11-15T22:08:46.029+0000] {subprocess.py:93} INFO -   File "/home/***/.local/lib/python3.12/site-packages/urllib3/connectionpool.py", line 497, in _make_request
[2025-11-15T22:08:46.029+0000] {subprocess.py:93} INFO -     conn.request(
[2025-11-15T22:08:46.029+0000] {subprocess.py:93} INFO -   File "/home/***/.local/lib/python3.12/site-packages/urllib3/connection.py", line 395, in request
[2025-11-15T22:08:46.029+0000] {subprocess.py:93} INFO -     self.endheaders()
[2025-11-15T22:08:46.029+0000] {subprocess.py:93} INFO -   File "/usr/local/lib/python3.12/http/client.py", line 1331, in endheaders
[2025-11-15T22:08:46.029+0000] {subprocess.py:93} INFO -     self._send_output(message_body, encode_chunked=encode_chunked)
[2025-11-15T22:08:46.030+0000] {subprocess.py:93} INFO -   File "/usr/local/lib/python3.12/http/client.py", line 1091, in _send_output
[2025-11-15T22:08:46.030+0000] {subprocess.py:93} INFO -     self.send(msg)
[2025-11-15T22:08:46.030+0000] {subprocess.py:93} INFO -   File "/usr/local/lib/python3.12/http/client.py", line 1035, in send
[2025-11-15T22:08:46.030+0000] {subprocess.py:93} INFO -     self.connect()
[2025-11-15T22:08:46.030+0000] {subprocess.py:93} INFO -   File "/home/***/.local/lib/python3.12/site-packages/urllib3/connection.py", line 243, in connect
[2025-11-15T22:08:46.030+0000] {subprocess.py:93} INFO -     self.sock = self._new_conn()
[2025-11-15T22:08:46.031+0000] {subprocess.py:93} INFO -                 ^^^^^^^^^^^^^^^^
[2025-11-15T22:08:46.031+0000] {subprocess.py:93} INFO -   File "/home/***/.local/lib/python3.12/site-packages/urllib3/connection.py", line 210, in _new_conn
[2025-11-15T22:08:46.031+0000] {subprocess.py:93} INFO -     raise NameResolutionError(self.host, self, e) from e
[2025-11-15T22:08:46.031+0000] {subprocess.py:93} INFO - urllib3.exceptions.NameResolutionError: <urllib3.connection.HTTPConnection object at 0xffff8f746000>: Failed to resolve 'label-studio' ([Errno -2] Name or service not known)
[2025-11-15T22:08:46.031+0000] {subprocess.py:93} INFO - 
[2025-11-15T22:08:46.031+0000] {subprocess.py:93} INFO - The above exception was the direct cause of the following exception:
[2025-11-15T22:08:46.032+0000] {subprocess.py:93} INFO - 
[2025-11-15T22:08:46.032+0000] {subprocess.py:93} INFO - Traceback (most recent call last):
[2025-11-15T22:08:46.032+0000] {subprocess.py:93} INFO -   File "/home/***/.local/lib/python3.12/site-packages/requests/adapters.py", line 667, in send
[2025-11-15T22:08:46.032+0000] {subprocess.py:93} INFO -     resp = conn.urlopen(
[2025-11-15T22:08:46.032+0000] {subprocess.py:93} INFO -            ^^^^^^^^^^^^^
[2025-11-15T22:08:46.032+0000] {subprocess.py:93} INFO -   File "/home/***/.local/lib/python3.12/site-packages/urllib3/connectionpool.py", line 845, in urlopen
[2025-11-15T22:08:46.032+0000] {subprocess.py:93} INFO -     retries = retries.increment(
[2025-11-15T22:08:46.033+0000] {subprocess.py:93} INFO -               ^^^^^^^^^^^^^^^^^^
[2025-11-15T22:08:46.033+0000] {subprocess.py:93} INFO -   File "/home/***/.local/lib/python3.12/site-packages/urllib3/util/retry.py", line 515, in increment
[2025-11-15T22:08:46.033+0000] {subprocess.py:93} INFO -     raise MaxRetryError(_pool, url, reason) from reason  # type: ignore[arg-type]
[2025-11-15T22:08:46.033+0000] {subprocess.py:93} INFO -     ^^^^^^^^^^^^^^^^^^^^^^^^^^^^^^^^^^^^^^^^^^^^^^^^^^^
[2025-11-15T22:08:46.033+0000] {subprocess.py:93} INFO - urllib3.exceptions.MaxRetryError: HTTPConnectionPool(host='label-studio', port=8080): Max retries exceeded with url: /api/token/refresh (Caused by NameResolutionError("<urllib3.connection.HTTPConnection object at 0xffff8f746000>: Failed to resolve 'label-studio' ([Errno -2] Name or service not known)"))
[2025-11-15T22:08:46.033+0000] {subprocess.py:93} INFO - 
[2025-11-15T22:08:46.034+0000] {subprocess.py:93} INFO - During handling of the above exception, another exception occurred:
[2025-11-15T22:08:46.034+0000] {subprocess.py:93} INFO - 
[2025-11-15T22:08:46.034+0000] {subprocess.py:93} INFO - Traceback (most recent call last):
[2025-11-15T22:08:46.034+0000] {subprocess.py:93} INFO -   File "/opt/***/apps/extract_api_label_studio_strava.py", line 23, in <module>
[2025-11-15T22:08:46.034+0000] {subprocess.py:93} INFO -     resp = requests.post(
[2025-11-15T22:08:46.035+0000] {subprocess.py:93} INFO -            ^^^^^^^^^^^^^^
[2025-11-15T22:08:46.035+0000] {subprocess.py:93} INFO -   File "/home/***/.local/lib/python3.12/site-packages/requests/api.py", line 115, in post
[2025-11-15T22:08:46.035+0000] {subprocess.py:93} INFO -     return request("post", url, data=data, json=json, **kwargs)
[2025-11-15T22:08:46.035+0000] {subprocess.py:93} INFO -            ^^^^^^^^^^^^^^^^^^^^^^^^^^^^^^^^^^^^^^^^^^^^^^^^^^^^
[2025-11-15T22:08:46.035+0000] {subprocess.py:93} INFO -   File "/home/***/.local/lib/python3.12/site-packages/requests/api.py", line 59, in request
[2025-11-15T22:08:46.035+0000] {subprocess.py:93} INFO -     return session.request(method=method, url=url, **kwargs)
[2025-11-15T22:08:46.035+0000] {subprocess.py:93} INFO -            ^^^^^^^^^^^^^^^^^^^^^^^^^^^^^^^^^^^^^^^^^^^^^^^^^
[2025-11-15T22:08:46.036+0000] {subprocess.py:93} INFO -   File "/home/***/.local/lib/python3.12/site-packages/requests/sessions.py", line 589, in request
[2025-11-15T22:08:46.036+0000] {subprocess.py:93} INFO -     resp = self.send(prep, **send_kwargs)
[2025-11-15T22:08:46.036+0000] {subprocess.py:93} INFO -            ^^^^^^^^^^^^^^^^^^^^^^^^^^^^^^
[2025-11-15T22:08:46.036+0000] {subprocess.py:93} INFO -   File "/home/***/.local/lib/python3.12/site-packages/requests/sessions.py", line 703, in send
[2025-11-15T22:08:46.036+0000] {subprocess.py:93} INFO -     r = adapter.send(request, **kwargs)
[2025-11-15T22:08:46.036+0000] {subprocess.py:93} INFO -         ^^^^^^^^^^^^^^^^^^^^^^^^^^^^^^^
[2025-11-15T22:08:46.036+0000] {subprocess.py:93} INFO -   File "/home/***/.local/lib/python3.12/site-packages/requests/adapters.py", line 700, in send
[2025-11-15T22:08:46.037+0000] {subprocess.py:93} INFO -     raise ConnectionError(e, request=request)
[2025-11-15T22:08:46.037+0000] {subprocess.py:93} INFO - requests.exceptions.ConnectionError: HTTPConnectionPool(host='label-studio', port=8080): Max retries exceeded with url: /api/token/refresh (Caused by NameResolutionError("<urllib3.connection.HTTPConnection object at 0xffff8f746000>: Failed to resolve 'label-studio' ([Errno -2] Name or service not known)"))
[2025-11-15T22:08:46.053+0000] {subprocess.py:97} INFO - Command exited with return code 1
[2025-11-15T22:08:46.054+0000] {taskinstance.py:441} INFO - ::group::Post task execution logs
[2025-11-15T22:08:46.064+0000] {taskinstance.py:2905} ERROR - Task failed with exception
Traceback (most recent call last):
  File "/home/airflow/.local/lib/python3.12/site-packages/airflow/models/taskinstance.py", line 465, in _execute_task
    result = _execute_callable(context=context, **execute_callable_kwargs)
             ^^^^^^^^^^^^^^^^^^^^^^^^^^^^^^^^^^^^^^^^^^^^^^^^^^^^^^^^^^^^^
  File "/home/airflow/.local/lib/python3.12/site-packages/airflow/models/taskinstance.py", line 432, in _execute_callable
    return execute_callable(context=context, **execute_callable_kwargs)
           ^^^^^^^^^^^^^^^^^^^^^^^^^^^^^^^^^^^^^^^^^^^^^^^^^^^^^^^^^^^^
  File "/home/airflow/.local/lib/python3.12/site-packages/airflow/models/baseoperator.py", line 401, in wrapper
    return func(self, *args, **kwargs)
           ^^^^^^^^^^^^^^^^^^^^^^^^^^^
  File "/home/airflow/.local/lib/python3.12/site-packages/airflow/operators/bash.py", line 243, in execute
    raise AirflowException(
airflow.exceptions.AirflowException: Bash command failed. The command returned a non-zero exit code 1.
[2025-11-15T22:08:46.068+0000] {taskinstance.py:1206} INFO - Marking task as FAILED. dag_id=etl_strava, task_id=extract_bronze_label_studio, run_id=manual__2025-11-15T22:03:42.556773+00:00, execution_date=20251115T220342, start_date=20251115T220845, end_date=20251115T220846
[2025-11-15T22:08:46.078+0000] {standard_task_runner.py:110} ERROR - Failed to execute job 294 for task extract_bronze_label_studio (Bash command failed. The command returned a non-zero exit code 1.; 1044)
[2025-11-15T22:08:46.104+0000] {local_task_job_runner.py:243} INFO - Task exited with return code 1
[2025-11-15T22:08:46.119+0000] {taskinstance.py:3503} INFO - 0 downstream tasks scheduled from follow-on schedule check
[2025-11-15T22:08:46.121+0000] {local_task_job_runner.py:222} INFO - ::endgroup::
