[2025-11-18T04:22:31.974+0000] {local_task_job_runner.py:120} INFO - ::group::Pre task execution logs
[2025-11-18T04:22:32.020+0000] {taskinstance.py:2076} INFO - Dependencies all met for dep_context=non-requeueable deps ti=<TaskInstance: etl_strava_activities.extract_bronze_activities scheduled__2025-11-17T03:00:00+00:00 [queued]>
[2025-11-18T04:22:32.028+0000] {taskinstance.py:2076} INFO - Dependencies all met for dep_context=requeueable deps ti=<TaskInstance: etl_strava_activities.extract_bronze_activities scheduled__2025-11-17T03:00:00+00:00 [queued]>
[2025-11-18T04:22:32.029+0000] {taskinstance.py:2306} INFO - Starting attempt 1 of 2
[2025-11-18T04:22:32.041+0000] {taskinstance.py:2330} INFO - Executing <Task(BashOperator): extract_bronze_activities> on 2025-11-17 03:00:00+00:00
[2025-11-18T04:22:32.046+0000] {standard_task_runner.py:90} INFO - Running: ['***', 'tasks', 'run', 'etl_strava_activities', 'extract_bronze_activities', 'scheduled__2025-11-17T03:00:00+00:00', '--job-id', '536', '--raw', '--subdir', 'DAGS_FOLDER/pipeline_strava_activities.py', '--cfg-path', '/tmp/tmpied3crdb']
[2025-11-18T04:22:32.048+0000] {standard_task_runner.py:91} INFO - Job 536: Subtask extract_bronze_activities
[2025-11-18T04:22:32.060+0000] {logging_mixin.py:188} WARNING - /home/***/.local/lib/python3.12/site-packages/***/task/task_runner/standard_task_runner.py:62 DeprecationWarning: This process (pid=1276) is multi-threaded, use of fork() may lead to deadlocks in the child.
[2025-11-18T04:22:32.061+0000] {standard_task_runner.py:64} INFO - Started process 1281 to run task
[2025-11-18T04:22:32.175+0000] {task_command.py:426} INFO - Running <TaskInstance: etl_strava_activities.extract_bronze_activities scheduled__2025-11-17T03:00:00+00:00 [running]> on host f2d31a793684
[2025-11-18T04:22:32.261+0000] {taskinstance.py:2648} INFO - Exporting env vars: AIRFLOW_CTX_DAG_OWNER='rayane' AIRFLOW_CTX_DAG_ID='etl_strava_activities' AIRFLOW_CTX_TASK_ID='extract_bronze_activities' AIRFLOW_CTX_EXECUTION_DATE='2025-11-17T03:00:00+00:00' AIRFLOW_CTX_TRY_NUMBER='1' AIRFLOW_CTX_DAG_RUN_ID='scheduled__2025-11-17T03:00:00+00:00'
[2025-11-18T04:22:32.261+0000] {taskinstance.py:430} INFO - ::endgroup::
[2025-11-18T04:22:32.303+0000] {subprocess.py:63} INFO - Tmp dir root location: /tmp
[2025-11-18T04:22:32.304+0000] {subprocess.py:75} INFO - Running command: ['/usr/bin/bash', '-c', 'python /opt/***/apps/01-bronze/extract_api_strava_user_activities.py']
[2025-11-18T04:22:32.312+0000] {subprocess.py:86} INFO - Output:
[2025-11-18T04:22:37.495+0000] {subprocess.py:93} INFO - Usando o arquivo de variaveis em: /opt/***/apps/.env
[2025-11-18T04:22:37.498+0000] {subprocess.py:93} INFO - 184573
[2025-11-18T04:22:37.498+0000] {subprocess.py:93} INFO -  ⏳ Token expirado, atualizando... ⏳
[2025-11-18T04:22:37.499+0000] {subprocess.py:93} INFO -  ⚠️  O novo token expira em: 2025-11-18 10:22:34
[2025-11-18T04:22:37.500+0000] {subprocess.py:93} INFO - Usando o arquivo de variaveis em: /opt/***/apps/.env
[2025-11-18T04:22:37.505+0000] {subprocess.py:93} INFO - ✅ Credenciais Autenticadas
[2025-11-18T04:22:37.505+0000] {subprocess.py:93} INFO - PROCESSAMENTO INCREMENTAL A PARTIR DE 2025-10-17 17:24:22+00:00
[2025-11-18T04:22:37.506+0000] {subprocess.py:93} INFO - 2025-10-17 17:24:22+00:00
[2025-11-18T04:22:37.507+0000] {subprocess.py:93} INFO - Extraçao iniciada, aguarde... ⏳
[2025-11-18T04:22:37.507+0000] {subprocess.py:93} INFO - Última data atualizada para: 2025-10-24 08:42:03+00:00
[2025-11-18T04:22:37.508+0000] {subprocess.py:93} INFO - Última data atualizada para: 2025-10-24 18:11:01+00:00
[2025-11-18T04:22:37.508+0000] {subprocess.py:93} INFO - Última data atualizada para: 2025-10-25 17:34:52+00:00
[2025-11-18T04:22:37.509+0000] {subprocess.py:93} INFO - Última data atualizada para: 2025-10-25 18:57:56+00:00
[2025-11-18T04:22:37.510+0000] {subprocess.py:93} INFO - Última data atualizada para: 2025-10-26 08:34:25+00:00
[2025-11-18T04:22:37.511+0000] {subprocess.py:93} INFO - Última data atualizada para: 2025-10-28 08:10:29+00:00
[2025-11-18T04:22:37.512+0000] {subprocess.py:93} INFO - Última data atualizada para: 2025-10-28 18:12:46+00:00
[2025-11-18T04:22:37.513+0000] {subprocess.py:93} INFO - Última data atualizada para: 2025-10-29 13:05:57+00:00
[2025-11-18T04:22:37.513+0000] {subprocess.py:93} INFO - Última data atualizada para: 2025-11-01 14:37:44+00:00
[2025-11-18T04:22:37.514+0000] {subprocess.py:93} INFO - Última data atualizada para: 2025-11-01 15:03:36+00:00
[2025-11-18T04:22:37.514+0000] {subprocess.py:93} INFO - Última data atualizada para: 2025-11-02 16:55:04+00:00
[2025-11-18T04:22:37.514+0000] {subprocess.py:93} INFO - Última data atualizada para: 2025-11-03 12:29:57+00:00
[2025-11-18T04:22:37.515+0000] {subprocess.py:93} INFO - Última data atualizada para: 2025-11-03 18:24:22+00:00
[2025-11-18T04:22:37.515+0000] {subprocess.py:93} INFO - Última data atualizada para: 2025-11-04 19:14:15+00:00
[2025-11-18T04:22:37.516+0000] {subprocess.py:93} INFO - Última data atualizada para: 2025-11-04 19:26:56+00:00
[2025-11-18T04:22:37.516+0000] {subprocess.py:93} INFO - Última data atualizada para: 2025-11-04 20:27:10+00:00
[2025-11-18T04:22:37.516+0000] {subprocess.py:93} INFO - Última data atualizada para: 2025-11-05 20:26:51+00:00
[2025-11-18T04:22:37.517+0000] {subprocess.py:93} INFO - Última data atualizada para: 2025-11-07 17:01:32+00:00
[2025-11-18T04:22:37.517+0000] {subprocess.py:93} INFO - Última data atualizada para: 2025-11-09 07:09:50+00:00
[2025-11-18T04:22:37.518+0000] {subprocess.py:93} INFO - Última data atualizada para: 2025-11-09 07:52:12+00:00
[2025-11-18T04:22:37.518+0000] {subprocess.py:93} INFO - Última data atualizada para: 2025-11-10 17:01:34+00:00
[2025-11-18T04:22:37.518+0000] {subprocess.py:93} INFO - ⚠️ Novo evento de arquivo existente ⚠️
[2025-11-18T04:22:37.519+0000] {subprocess.py:93} INFO - Última data atualizada para: 2025-11-12 00:17:19+00:00
[2025-11-18T04:22:37.519+0000] {subprocess.py:93} INFO - ⚠️ Novo evento de arquivo existente ⚠️
[2025-11-18T04:22:37.520+0000] {subprocess.py:93} INFO - Última data atualizada para: 2025-11-14 18:54:14+00:00
[2025-11-18T04:22:37.520+0000] {subprocess.py:93} INFO - Última data atualizada para: 2025-11-15 10:48:50+00:00
[2025-11-18T04:22:37.520+0000] {subprocess.py:93} INFO - Última data atualizada para: 2025-11-16 17:24:22+00:00
[2025-11-18T04:22:37.520+0000] {subprocess.py:93} INFO - 2025-11-16 17:24:23+00:00 2025-11-16 17:24:22+00:00 2025-11-16 17:24:22+00:00
[2025-11-18T04:22:37.521+0000] {subprocess.py:93} INFO -  ⏩ Atualizando data para 2025-11-16 17:24:23+00:00 ⏩
[2025-11-18T04:22:37.521+0000] {subprocess.py:93} INFO - 2025-11-16 17:24:23+00:00
[2025-11-18T04:22:37.521+0000] {subprocess.py:93} INFO - Extraçao iniciada, aguarde... ⏳
[2025-11-18T04:22:37.522+0000] {subprocess.py:93} INFO - Última data atualizada para: 2025-11-16 17:24:22+00:00
[2025-11-18T04:22:37.522+0000] {subprocess.py:93} INFO -  Nenhuma nova atividade encontrada, finalizando extração ⏳
[2025-11-18T04:22:37.522+0000] {subprocess.py:93} INFO -  📋 0 Atividades registradas, 2 atividades alteradas
[2025-11-18T04:22:37.523+0000] {subprocess.py:93} INFO -  📋 2025-11-16 17:24:22+00:00 Ultima data registrada
[2025-11-18T04:22:37.523+0000] {subprocess.py:93} INFO - ✅ Processo de extração finalizado ✅
[2025-11-18T04:22:37.691+0000] {subprocess.py:97} INFO - Command exited with return code 0
[2025-11-18T04:22:37.692+0000] {taskinstance.py:441} INFO - ::group::Post task execution logs
[2025-11-18T04:22:37.739+0000] {taskinstance.py:1206} INFO - Marking task as SUCCESS. dag_id=etl_strava_activities, task_id=extract_bronze_activities, run_id=scheduled__2025-11-17T03:00:00+00:00, execution_date=20251117T030000, start_date=20251118T042232, end_date=20251118T042237
[2025-11-18T04:22:37.770+0000] {local_task_job_runner.py:243} INFO - Task exited with return code 0
[2025-11-18T04:22:37.807+0000] {taskinstance.py:3503} INFO - 1 downstream tasks scheduled from follow-on schedule check
[2025-11-18T04:22:37.809+0000] {local_task_job_runner.py:222} INFO - ::endgroup::
[2025-11-18T21:26:50.075+0000] {local_task_job_runner.py:120} INFO - ::group::Pre task execution logs
[2025-11-18T21:26:50.097+0000] {taskinstance.py:2076} INFO - Dependencies all met for dep_context=non-requeueable deps ti=<TaskInstance: etl_strava_activities.extract_bronze_activities scheduled__2025-11-17T03:00:00+00:00 [queued]>
[2025-11-18T21:26:50.101+0000] {taskinstance.py:2076} INFO - Dependencies all met for dep_context=requeueable deps ti=<TaskInstance: etl_strava_activities.extract_bronze_activities scheduled__2025-11-17T03:00:00+00:00 [queued]>
[2025-11-18T21:26:50.101+0000] {taskinstance.py:2306} INFO - Starting attempt 1 of 2
[2025-11-18T21:26:50.106+0000] {taskinstance.py:2330} INFO - Executing <Task(BashOperator): extract_bronze_activities> on 2025-11-17 03:00:00+00:00
[2025-11-18T21:26:50.110+0000] {standard_task_runner.py:90} INFO - Running: ['***', 'tasks', 'run', 'etl_strava_activities', 'extract_bronze_activities', 'scheduled__2025-11-17T03:00:00+00:00', '--job-id', '2', '--raw', '--subdir', 'DAGS_FOLDER/pipeline_strava_activities.py', '--cfg-path', '/tmp/tmpe6iagp95']
[2025-11-18T21:26:50.112+0000] {standard_task_runner.py:91} INFO - Job 2: Subtask extract_bronze_activities
[2025-11-18T21:26:50.112+0000] {logging_mixin.py:188} WARNING - /home/***/.local/lib/python3.12/site-packages/***/task/task_runner/standard_task_runner.py:62 DeprecationWarning: This process (pid=542) is multi-threaded, use of fork() may lead to deadlocks in the child.
[2025-11-18T21:26:50.113+0000] {standard_task_runner.py:64} INFO - Started process 544 to run task
[2025-11-18T21:26:50.145+0000] {task_command.py:426} INFO - Running <TaskInstance: etl_strava_activities.extract_bronze_activities scheduled__2025-11-17T03:00:00+00:00 [running]> on host 1f6ebb9bd530
[2025-11-18T21:26:50.191+0000] {taskinstance.py:2648} INFO - Exporting env vars: AIRFLOW_CTX_DAG_OWNER='rayane' AIRFLOW_CTX_DAG_ID='etl_strava_activities' AIRFLOW_CTX_TASK_ID='extract_bronze_activities' AIRFLOW_CTX_EXECUTION_DATE='2025-11-17T03:00:00+00:00' AIRFLOW_CTX_TRY_NUMBER='1' AIRFLOW_CTX_DAG_RUN_ID='scheduled__2025-11-17T03:00:00+00:00'
[2025-11-18T21:26:50.191+0000] {taskinstance.py:430} INFO - ::endgroup::
[2025-11-18T21:26:50.211+0000] {subprocess.py:63} INFO - Tmp dir root location: /tmp
[2025-11-18T21:26:50.212+0000] {subprocess.py:75} INFO - Running command: ['/usr/bin/bash', '-c', 'python /opt/***/apps/01-bronze/extract_api_strava_user_activities.py']
[2025-11-18T21:26:50.215+0000] {subprocess.py:86} INFO - Output:
[2025-11-18T21:26:51.715+0000] {subprocess.py:93} INFO - Usando o arquivo de variaveis em: /opt/***/apps/.env
[2025-11-18T21:26:51.716+0000] {subprocess.py:93} INFO - 186060
[2025-11-18T21:26:51.716+0000] {subprocess.py:93} INFO -  ⚠️  O Token atual expira em: 2025-11-18 23:57:12
[2025-11-18T21:26:51.716+0000] {subprocess.py:93} INFO - Usando o arquivo de variaveis em: /opt/***/apps/.env
[2025-11-18T21:26:51.717+0000] {subprocess.py:93} INFO - ✅ Credenciais Autenticadas
[2025-11-18T21:26:51.717+0000] {subprocess.py:93} INFO - PROCESSAMENTO INCREMENTAL A PARTIR DE 2025-10-18 19:39:47+00:00
[2025-11-18T21:26:51.717+0000] {subprocess.py:93} INFO - 2025-10-18 19:39:47+00:00
[2025-11-18T21:26:51.717+0000] {subprocess.py:93} INFO - Traceback (most recent call last):
[2025-11-18T21:26:51.718+0000] {subprocess.py:93} INFO -   File "/opt/***/apps/01-bronze/extract_api_strava_user_activities.py", line 233, in <module>
[2025-11-18T21:26:51.718+0000] {subprocess.py:93} INFO -     insert_files_json_to_bronze(data_init)
[2025-11-18T21:26:51.718+0000] {subprocess.py:93} INFO -   File "/opt/***/apps/01-bronze/extract_api_strava_user_activities.py", line 142, in insert_files_json_to_bronze
[2025-11-18T21:26:51.718+0000] {subprocess.py:93} INFO -     if activities:
[2025-11-18T21:26:51.718+0000] {subprocess.py:93} INFO -        ^^^^^^^^^^
[2025-11-18T21:26:51.718+0000] {subprocess.py:93} INFO - UnboundLocalError: cannot access local variable 'activities' where it is not associated with a value
[2025-11-18T21:26:51.770+0000] {subprocess.py:97} INFO - Command exited with return code 1
[2025-11-18T21:26:51.771+0000] {taskinstance.py:441} INFO - ::group::Post task execution logs
[2025-11-18T21:26:51.779+0000] {taskinstance.py:2905} ERROR - Task failed with exception
Traceback (most recent call last):
  File "/home/airflow/.local/lib/python3.12/site-packages/airflow/models/taskinstance.py", line 465, in _execute_task
    result = _execute_callable(context=context, **execute_callable_kwargs)
             ^^^^^^^^^^^^^^^^^^^^^^^^^^^^^^^^^^^^^^^^^^^^^^^^^^^^^^^^^^^^^
  File "/home/airflow/.local/lib/python3.12/site-packages/airflow/models/taskinstance.py", line 432, in _execute_callable
    return execute_callable(context=context, **execute_callable_kwargs)
           ^^^^^^^^^^^^^^^^^^^^^^^^^^^^^^^^^^^^^^^^^^^^^^^^^^^^^^^^^^^^
  File "/home/airflow/.local/lib/python3.12/site-packages/airflow/models/baseoperator.py", line 401, in wrapper
    return func(self, *args, **kwargs)
           ^^^^^^^^^^^^^^^^^^^^^^^^^^^
  File "/home/airflow/.local/lib/python3.12/site-packages/airflow/operators/bash.py", line 243, in execute
    raise AirflowException(
airflow.exceptions.AirflowException: Bash command failed. The command returned a non-zero exit code 1.
[2025-11-18T21:26:51.781+0000] {taskinstance.py:1206} INFO - Marking task as UP_FOR_RETRY. dag_id=etl_strava_activities, task_id=extract_bronze_activities, run_id=scheduled__2025-11-17T03:00:00+00:00, execution_date=20251117T030000, start_date=20251118T212650, end_date=20251118T212651
[2025-11-18T21:26:51.786+0000] {standard_task_runner.py:110} ERROR - Failed to execute job 2 for task extract_bronze_activities (Bash command failed. The command returned a non-zero exit code 1.; 544)
[2025-11-18T21:26:51.817+0000] {local_task_job_runner.py:243} INFO - Task exited with return code 1
[2025-11-18T21:26:51.828+0000] {taskinstance.py:3503} INFO - 0 downstream tasks scheduled from follow-on schedule check
[2025-11-18T21:26:51.828+0000] {local_task_job_runner.py:222} INFO - ::endgroup::
