[2025-11-14T19:04:14.865+0000] {local_task_job_runner.py:120} INFO - ::group::Pre task execution logs
[2025-11-14T19:04:14.975+0000] {taskinstance.py:2076} INFO - Dependencies all met for dep_context=non-requeueable deps ti=<TaskInstance: etl_strava.extract_bronze_activities manual__2025-11-14T17:42:23.359271+00:00 [queued]>
[2025-11-14T19:04:15.013+0000] {taskinstance.py:2076} INFO - Dependencies all met for dep_context=requeueable deps ti=<TaskInstance: etl_strava.extract_bronze_activities manual__2025-11-14T17:42:23.359271+00:00 [queued]>
[2025-11-14T19:04:15.014+0000] {taskinstance.py:2306} INFO - Starting attempt 4 of 4
[2025-11-14T19:04:15.057+0000] {taskinstance.py:2330} INFO - Executing <Task(BashOperator): extract_bronze_activities> on 2025-11-14 17:42:23.359271+00:00
[2025-11-14T19:04:15.075+0000] {standard_task_runner.py:90} INFO - Running: ['***', 'tasks', 'run', 'etl_strava', 'extract_bronze_activities', 'manual__2025-11-14T17:42:23.359271+00:00', '--job-id', '175', '--raw', '--subdir', 'DAGS_FOLDER/pipeline_strava.py', '--cfg-path', '/tmp/tmprdt8n5vv']
[2025-11-14T19:04:15.083+0000] {standard_task_runner.py:91} INFO - Job 175: Subtask extract_bronze_activities
[2025-11-14T19:04:15.097+0000] {logging_mixin.py:188} WARNING - /home/***/.local/lib/python3.12/site-packages/***/task/task_runner/standard_task_runner.py:62 DeprecationWarning: This process (pid=185) is multi-threaded, use of fork() may lead to deadlocks in the child.
[2025-11-14T19:04:15.103+0000] {standard_task_runner.py:64} INFO - Started process 190 to run task
[2025-11-14T19:04:15.434+0000] {task_command.py:426} INFO - Running <TaskInstance: etl_strava.extract_bronze_activities manual__2025-11-14T17:42:23.359271+00:00 [running]> on host 1192556566e9
[2025-11-14T19:04:16.085+0000] {taskinstance.py:2648} INFO - Exporting env vars: AIRFLOW_CTX_DAG_OWNER='rayane' AIRFLOW_CTX_DAG_ID='etl_strava' AIRFLOW_CTX_TASK_ID='extract_bronze_activities' AIRFLOW_CTX_EXECUTION_DATE='2025-11-14T17:42:23.359271+00:00' AIRFLOW_CTX_TRY_NUMBER='4' AIRFLOW_CTX_DAG_RUN_ID='manual__2025-11-14T17:42:23.359271+00:00'
[2025-11-14T19:04:16.119+0000] {taskinstance.py:430} INFO - ::endgroup::
[2025-11-14T19:04:16.171+0000] {subprocess.py:63} INFO - Tmp dir root location: /tmp
[2025-11-14T19:04:16.175+0000] {subprocess.py:75} INFO - Running command: ['/usr/bin/bash', '-c', 'python /opt/***/apps/extract_api_strava_user_activities.py']
[2025-11-14T19:04:16.218+0000] {subprocess.py:86} INFO - Output:
[2025-11-14T19:37:05.686+0000] {local_task_job_runner.py:313} WARNING - State of this instance has been externally set to failed. Terminating instance.
[2025-11-14T19:37:05.689+0000] {local_task_job_runner.py:222} INFO - ::endgroup::
[2025-11-14T19:37:05.691+0000] {process_utils.py:132} INFO - Sending 15 to group 190. PIDs of all processes in the group: [210, 190]
[2025-11-14T19:37:05.692+0000] {process_utils.py:87} INFO - Sending the signal 15 to group 190
[2025-11-14T19:37:05.696+0000] {taskinstance.py:2611} ERROR - Received SIGTERM. Terminating subprocesses.
[2025-11-14T19:37:05.700+0000] {subprocess.py:104} INFO - Sending SIGTERM signal to process group
[2025-11-14T19:37:05.701+0000] {taskinstance.py:441} INFO - ::group::Post task execution logs
[2025-11-14T19:37:05.749+0000] {process_utils.py:80} INFO - Process psutil.Process(pid=210, status='terminated', started='19:04:16') (210) terminated with exit code None
[2025-11-14T19:37:05.750+0000] {process_utils.py:80} INFO - Process psutil.Process(pid=190, status='terminated', exitcode=0, started='19:04:14') (190) terminated with exit code 0
