[2025-11-14T19:44:32.748+0000] {local_task_job_runner.py:120} INFO - ::group::Pre task execution logs
[2025-11-14T19:44:32.791+0000] {taskinstance.py:2076} INFO - Dependencies all met for dep_context=non-requeueable deps ti=<TaskInstance: etl_strava.extract_bronze_user manual__2025-11-14T19:44:32.174209+00:00 [queued]>
[2025-11-14T19:44:32.798+0000] {taskinstance.py:2076} INFO - Dependencies all met for dep_context=requeueable deps ti=<TaskInstance: etl_strava.extract_bronze_user manual__2025-11-14T19:44:32.174209+00:00 [queued]>
[2025-11-14T19:44:32.798+0000] {taskinstance.py:2306} INFO - Starting attempt 1 of 2
[2025-11-14T19:44:32.811+0000] {taskinstance.py:2330} INFO - Executing <Task(BashOperator): extract_bronze_user> on 2025-11-14 19:44:32.174209+00:00
[2025-11-14T19:44:32.820+0000] {standard_task_runner.py:90} INFO - Running: ['***', 'tasks', 'run', 'etl_strava', 'extract_bronze_user', 'manual__2025-11-14T19:44:32.174209+00:00', '--job-id', '236', '--raw', '--subdir', 'DAGS_FOLDER/pipeline_strava.py', '--cfg-path', '/tmp/tmpo74iizec']
[2025-11-14T19:44:32.824+0000] {standard_task_runner.py:91} INFO - Job 236: Subtask extract_bronze_user
[2025-11-14T19:44:32.825+0000] {logging_mixin.py:188} WARNING - /home/***/.local/lib/python3.12/site-packages/***/task/task_runner/standard_task_runner.py:62 DeprecationWarning: This process (pid=292) is multi-threaded, use of fork() may lead to deadlocks in the child.
[2025-11-14T19:44:32.827+0000] {standard_task_runner.py:64} INFO - Started process 294 to run task
[2025-11-14T19:44:32.893+0000] {task_command.py:426} INFO - Running <TaskInstance: etl_strava.extract_bronze_user manual__2025-11-14T19:44:32.174209+00:00 [running]> on host 1192556566e9
[2025-11-14T19:44:33.008+0000] {taskinstance.py:2648} INFO - Exporting env vars: AIRFLOW_CTX_DAG_OWNER='rayane' AIRFLOW_CTX_DAG_ID='etl_strava' AIRFLOW_CTX_TASK_ID='extract_bronze_user' AIRFLOW_CTX_EXECUTION_DATE='2025-11-14T19:44:32.174209+00:00' AIRFLOW_CTX_TRY_NUMBER='1' AIRFLOW_CTX_DAG_RUN_ID='manual__2025-11-14T19:44:32.174209+00:00'
[2025-11-14T19:44:33.008+0000] {taskinstance.py:430} INFO - ::endgroup::
[2025-11-14T19:44:33.030+0000] {subprocess.py:63} INFO - Tmp dir root location: /tmp
[2025-11-14T19:44:33.031+0000] {subprocess.py:75} INFO - Running command: ['/usr/bin/bash', '-c', 'python  /opt/***/apps/extract_api_strava_user.py']
[2025-11-14T19:44:33.045+0000] {subprocess.py:86} INFO - Output:
[2025-11-14T19:44:34.460+0000] {subprocess.py:93} INFO - Traceback (most recent call last):
[2025-11-14T19:44:34.461+0000] {subprocess.py:93} INFO -   File "/opt/***/apps/extract_api_strava_user.py", line 40, in <module>
[2025-11-14T19:44:34.462+0000] {subprocess.py:93} INFO -     if time.localtime(time.time()) >= time.localtime(int(os.getenv("EXPIRES_AT"))):
[2025-11-14T19:44:34.462+0000] {subprocess.py:93} INFO -                                                      ^^^^^^^^^^^^^^^^^^^^^^^^^^^^
[2025-11-14T19:44:34.464+0000] {subprocess.py:93} INFO - TypeError: int() argument must be a string, a bytes-like object or a real number, not 'NoneType'
[2025-11-14T19:44:34.761+0000] {subprocess.py:97} INFO - Command exited with return code 1
[2025-11-14T19:44:34.763+0000] {taskinstance.py:441} INFO - ::group::Post task execution logs
[2025-11-14T19:44:34.782+0000] {taskinstance.py:2905} ERROR - Task failed with exception
Traceback (most recent call last):
  File "/home/airflow/.local/lib/python3.12/site-packages/airflow/models/taskinstance.py", line 465, in _execute_task
    result = _execute_callable(context=context, **execute_callable_kwargs)
             ^^^^^^^^^^^^^^^^^^^^^^^^^^^^^^^^^^^^^^^^^^^^^^^^^^^^^^^^^^^^^
  File "/home/airflow/.local/lib/python3.12/site-packages/airflow/models/taskinstance.py", line 432, in _execute_callable
    return execute_callable(context=context, **execute_callable_kwargs)
           ^^^^^^^^^^^^^^^^^^^^^^^^^^^^^^^^^^^^^^^^^^^^^^^^^^^^^^^^^^^^
  File "/home/airflow/.local/lib/python3.12/site-packages/airflow/models/baseoperator.py", line 401, in wrapper
    return func(self, *args, **kwargs)
           ^^^^^^^^^^^^^^^^^^^^^^^^^^^
  File "/home/airflow/.local/lib/python3.12/site-packages/airflow/operators/bash.py", line 243, in execute
    raise AirflowException(
airflow.exceptions.AirflowException: Bash command failed. The command returned a non-zero exit code 1.
[2025-11-14T19:44:34.788+0000] {taskinstance.py:1206} INFO - Marking task as UP_FOR_RETRY. dag_id=etl_strava, task_id=extract_bronze_user, run_id=manual__2025-11-14T19:44:32.174209+00:00, execution_date=20251114T194432, start_date=20251114T194432, end_date=20251114T194434
[2025-11-14T19:44:34.810+0000] {standard_task_runner.py:110} ERROR - Failed to execute job 236 for task extract_bronze_user (Bash command failed. The command returned a non-zero exit code 1.; 294)
[2025-11-14T19:44:34.829+0000] {local_task_job_runner.py:243} INFO - Task exited with return code 1
[2025-11-14T19:44:34.860+0000] {taskinstance.py:3503} INFO - 0 downstream tasks scheduled from follow-on schedule check
[2025-11-14T19:44:34.861+0000] {local_task_job_runner.py:222} INFO - ::endgroup::
