[2025-11-15T22:03:43.525+0000] {local_task_job_runner.py:120} INFO - ::group::Pre task execution logs
[2025-11-15T22:03:43.593+0000] {taskinstance.py:2076} INFO - Dependencies all met for dep_context=non-requeueable deps ti=<TaskInstance: etl_strava.extract_bronze_activities manual__2025-11-15T22:03:42.556773+00:00 [queued]>
[2025-11-15T22:03:43.607+0000] {taskinstance.py:2076} INFO - Dependencies all met for dep_context=requeueable deps ti=<TaskInstance: etl_strava.extract_bronze_activities manual__2025-11-15T22:03:42.556773+00:00 [queued]>
[2025-11-15T22:03:43.608+0000] {taskinstance.py:2306} INFO - Starting attempt 1 of 2
[2025-11-15T22:03:43.632+0000] {taskinstance.py:2330} INFO - Executing <Task(BashOperator): extract_bronze_activities> on 2025-11-15 22:03:42.556773+00:00
[2025-11-15T22:03:43.645+0000] {standard_task_runner.py:90} INFO - Running: ['***', 'tasks', 'run', 'etl_strava', 'extract_bronze_activities', 'manual__2025-11-15T22:03:42.556773+00:00', '--job-id', '289', '--raw', '--subdir', 'DAGS_FOLDER/pipeline_strava.py', '--cfg-path', '/tmp/tmp2iunempu']
[2025-11-15T22:03:43.649+0000] {standard_task_runner.py:91} INFO - Job 289: Subtask extract_bronze_activities
[2025-11-15T22:03:43.649+0000] {logging_mixin.py:188} WARNING - /home/***/.local/lib/python3.12/site-packages/***/task/task_runner/standard_task_runner.py:62 DeprecationWarning: This process (pid=957) is multi-threaded, use of fork() may lead to deadlocks in the child.
[2025-11-15T22:03:43.652+0000] {standard_task_runner.py:64} INFO - Started process 960 to run task
[2025-11-15T22:03:43.769+0000] {task_command.py:426} INFO - Running <TaskInstance: etl_strava.extract_bronze_activities manual__2025-11-15T22:03:42.556773+00:00 [running]> on host 14b65adea4bf
[2025-11-15T22:03:43.895+0000] {taskinstance.py:2648} INFO - Exporting env vars: AIRFLOW_CTX_DAG_OWNER='rayane' AIRFLOW_CTX_DAG_ID='etl_strava' AIRFLOW_CTX_TASK_ID='extract_bronze_activities' AIRFLOW_CTX_EXECUTION_DATE='2025-11-15T22:03:42.556773+00:00' AIRFLOW_CTX_TRY_NUMBER='1' AIRFLOW_CTX_DAG_RUN_ID='manual__2025-11-15T22:03:42.556773+00:00'
[2025-11-15T22:03:43.895+0000] {taskinstance.py:430} INFO - ::endgroup::
[2025-11-15T22:03:43.912+0000] {subprocess.py:63} INFO - Tmp dir root location: /tmp
[2025-11-15T22:03:43.913+0000] {subprocess.py:75} INFO - Running command: ['/usr/bin/bash', '-c', 'python /opt/***/apps/extract_api_strava_user_activities.py']
[2025-11-15T22:03:43.920+0000] {subprocess.py:86} INFO - Output:
[2025-11-15T22:03:47.253+0000] {subprocess.py:93} INFO - Usando o arquivo de variaveis em: /opt/***/apps/.env
[2025-11-15T22:03:47.254+0000] {subprocess.py:93} INFO - 184573
[2025-11-15T22:03:47.254+0000] {subprocess.py:93} INFO -  ⚠️  O Token atual expira em: 2025-11-16 00:35:34
[2025-11-15T22:03:47.254+0000] {subprocess.py:93} INFO - Usando o arquivo de variaveis em: /opt/***/apps/.env
[2025-11-15T22:03:47.254+0000] {subprocess.py:93} INFO - ✅ Credenciais Autenticadas
[2025-11-15T22:03:47.255+0000] {subprocess.py:93} INFO - PROCESSAMENTO INCREMENTAL A PARTIR DE 2025-10-15 18:54:14+00:00
[2025-11-15T22:03:47.255+0000] {subprocess.py:93} INFO - 2025-10-15 18:54:14+00:00
[2025-11-15T22:03:47.255+0000] {subprocess.py:93} INFO - Extraçao iniciada, aguarde... ⏳
[2025-11-15T22:03:47.255+0000] {subprocess.py:93} INFO - 2025-11-15 10:48:51+00:00 2025-11-15 10:48:50+00:00 2025-11-15 10:48:50+00:00
[2025-11-15T22:03:47.255+0000] {subprocess.py:93} INFO -  ⏩ Atualizando data para 2025-11-15 10:48:51+00:00 ⏩
[2025-11-15T22:03:47.255+0000] {subprocess.py:93} INFO - 2025-11-15 10:48:51+00:00
[2025-11-15T22:03:47.256+0000] {subprocess.py:93} INFO - Extraçao iniciada, aguarde... ⏳
[2025-11-15T22:03:47.256+0000] {subprocess.py:93} INFO -  Nenhuma nova atividade encontrada, finalizando extração ⏳
[2025-11-15T22:03:47.256+0000] {subprocess.py:93} INFO -  📋 0 Atividades registradas, 0 atividades alteradas
[2025-11-15T22:03:47.256+0000] {subprocess.py:93} INFO -  📋 2025-11-15 10:48:50+00:00 Ultima data registrada
[2025-11-15T22:03:47.256+0000] {subprocess.py:93} INFO - ✅ Processo de extração finalizado ✅
[2025-11-15T22:03:47.339+0000] {subprocess.py:97} INFO - Command exited with return code 0
[2025-11-15T22:03:47.340+0000] {taskinstance.py:441} INFO - ::group::Post task execution logs
[2025-11-15T22:03:47.362+0000] {taskinstance.py:1206} INFO - Marking task as SUCCESS. dag_id=etl_strava, task_id=extract_bronze_activities, run_id=manual__2025-11-15T22:03:42.556773+00:00, execution_date=20251115T220342, start_date=20251115T220343, end_date=20251115T220347
[2025-11-15T22:03:47.405+0000] {local_task_job_runner.py:243} INFO - Task exited with return code 0
[2025-11-15T22:03:47.421+0000] {taskinstance.py:3503} INFO - 0 downstream tasks scheduled from follow-on schedule check
[2025-11-15T22:03:47.422+0000] {local_task_job_runner.py:222} INFO - ::endgroup::
