[2025-11-14T03:05:01.275+0000] {local_task_job_runner.py:120} INFO - ::group::Pre task execution logs
[2025-11-14T03:05:01.306+0000] {taskinstance.py:2076} INFO - Dependencies all met for dep_context=non-requeueable deps ti=<TaskInstance: etl_strava.extract_bronze_user scheduled__2025-11-13T03:00:00+00:00 [queued]>
[2025-11-14T03:05:01.312+0000] {taskinstance.py:2076} INFO - Dependencies all met for dep_context=requeueable deps ti=<TaskInstance: etl_strava.extract_bronze_user scheduled__2025-11-13T03:00:00+00:00 [queued]>
[2025-11-14T03:05:01.312+0000] {taskinstance.py:2306} INFO - Starting attempt 2 of 2
[2025-11-14T03:05:01.322+0000] {taskinstance.py:2330} INFO - Executing <Task(BashOperator): extract_bronze_user> on 2025-11-13 03:00:00+00:00
[2025-11-14T03:05:01.329+0000] {standard_task_runner.py:90} INFO - Running: ['***', 'tasks', 'run', 'etl_strava', 'extract_bronze_user', 'scheduled__2025-11-13T03:00:00+00:00', '--job-id', '74', '--raw', '--subdir', 'DAGS_FOLDER/pipeline_strava.py', '--cfg-path', '/tmp/tmpy5njehng']
[2025-11-14T03:05:01.331+0000] {standard_task_runner.py:91} INFO - Job 74: Subtask extract_bronze_user
[2025-11-14T03:05:01.333+0000] {logging_mixin.py:188} WARNING - /home/***/.local/lib/python3.12/site-packages/***/task/task_runner/standard_task_runner.py:62 DeprecationWarning: This process (pid=2817) is multi-threaded, use of fork() may lead to deadlocks in the child.
[2025-11-14T03:05:01.333+0000] {standard_task_runner.py:64} INFO - Started process 2818 to run task
[2025-11-14T03:05:01.372+0000] {task_command.py:426} INFO - Running <TaskInstance: etl_strava.extract_bronze_user scheduled__2025-11-13T03:00:00+00:00 [running]> on host 06b4938bbf8e
[2025-11-14T03:05:01.436+0000] {taskinstance.py:2648} INFO - Exporting env vars: AIRFLOW_CTX_DAG_OWNER='rayane' AIRFLOW_CTX_DAG_ID='etl_strava' AIRFLOW_CTX_TASK_ID='extract_bronze_user' AIRFLOW_CTX_EXECUTION_DATE='2025-11-13T03:00:00+00:00' AIRFLOW_CTX_TRY_NUMBER='2' AIRFLOW_CTX_DAG_RUN_ID='scheduled__2025-11-13T03:00:00+00:00'
[2025-11-14T03:05:01.438+0000] {taskinstance.py:430} INFO - ::endgroup::
[2025-11-14T03:05:01.451+0000] {subprocess.py:63} INFO - Tmp dir root location: /tmp
[2025-11-14T03:05:01.452+0000] {subprocess.py:75} INFO - Running command: ['/usr/bin/bash', '-c', 'python  /opt/***/apps/extract_api_strava_user.py']
[2025-11-14T03:05:01.457+0000] {subprocess.py:86} INFO - Output:
[2025-11-14T03:05:01.654+0000] {subprocess.py:93} INFO - Traceback (most recent call last):
[2025-11-14T03:05:01.655+0000] {subprocess.py:93} INFO -   File "/opt/***/apps/extract_api_strava_user.py", line 4, in <module>
[2025-11-14T03:05:01.655+0000] {subprocess.py:93} INFO -     from stravalib import model, Client
[2025-11-14T03:05:01.655+0000] {subprocess.py:93} INFO - ModuleNotFoundError: No module named 'stravalib'
[2025-11-14T03:05:01.662+0000] {subprocess.py:97} INFO - Command exited with return code 1
[2025-11-14T03:05:01.663+0000] {taskinstance.py:441} INFO - ::group::Post task execution logs
[2025-11-14T03:05:01.673+0000] {taskinstance.py:2905} ERROR - Task failed with exception
Traceback (most recent call last):
  File "/home/airflow/.local/lib/python3.12/site-packages/airflow/models/taskinstance.py", line 465, in _execute_task
    result = _execute_callable(context=context, **execute_callable_kwargs)
             ^^^^^^^^^^^^^^^^^^^^^^^^^^^^^^^^^^^^^^^^^^^^^^^^^^^^^^^^^^^^^
  File "/home/airflow/.local/lib/python3.12/site-packages/airflow/models/taskinstance.py", line 432, in _execute_callable
    return execute_callable(context=context, **execute_callable_kwargs)
           ^^^^^^^^^^^^^^^^^^^^^^^^^^^^^^^^^^^^^^^^^^^^^^^^^^^^^^^^^^^^
  File "/home/airflow/.local/lib/python3.12/site-packages/airflow/models/baseoperator.py", line 401, in wrapper
    return func(self, *args, **kwargs)
           ^^^^^^^^^^^^^^^^^^^^^^^^^^^
  File "/home/airflow/.local/lib/python3.12/site-packages/airflow/operators/bash.py", line 243, in execute
    raise AirflowException(
airflow.exceptions.AirflowException: Bash command failed. The command returned a non-zero exit code 1.
[2025-11-14T03:05:01.676+0000] {taskinstance.py:1206} INFO - Marking task as FAILED. dag_id=etl_strava, task_id=extract_bronze_user, run_id=scheduled__2025-11-13T03:00:00+00:00, execution_date=20251113T030000, start_date=20251114T030501, end_date=20251114T030501
[2025-11-14T03:05:01.691+0000] {standard_task_runner.py:110} ERROR - Failed to execute job 74 for task extract_bronze_user (Bash command failed. The command returned a non-zero exit code 1.; 2818)
[2025-11-14T03:05:01.732+0000] {local_task_job_runner.py:243} INFO - Task exited with return code 1
[2025-11-14T03:05:01.739+0000] {local_task_job_runner.py:222} INFO - ::endgroup::
[2025-11-14T19:43:55.442+0000] {local_task_job_runner.py:120} INFO - ::group::Pre task execution logs
[2025-11-14T19:43:55.498+0000] {taskinstance.py:2076} INFO - Dependencies all met for dep_context=non-requeueable deps ti=<TaskInstance: etl_strava.extract_bronze_user scheduled__2025-11-13T03:00:00+00:00 [queued]>
[2025-11-14T19:43:55.504+0000] {taskinstance.py:2076} INFO - Dependencies all met for dep_context=requeueable deps ti=<TaskInstance: etl_strava.extract_bronze_user scheduled__2025-11-13T03:00:00+00:00 [queued]>
[2025-11-14T19:43:55.505+0000] {taskinstance.py:2306} INFO - Starting attempt 2 of 2
[2025-11-14T19:43:55.514+0000] {taskinstance.py:2330} INFO - Executing <Task(BashOperator): extract_bronze_user> on 2025-11-13 03:00:00+00:00
[2025-11-14T19:43:55.525+0000] {logging_mixin.py:188} WARNING - /home/***/.local/lib/python3.12/site-packages/***/task/task_runner/standard_task_runner.py:62 DeprecationWarning: This process (pid=222) is multi-threaded, use of fork() may lead to deadlocks in the child.
[2025-11-14T19:43:55.522+0000] {standard_task_runner.py:90} INFO - Running: ['***', 'tasks', 'run', 'etl_strava', 'extract_bronze_user', 'scheduled__2025-11-13T03:00:00+00:00', '--job-id', '233', '--raw', '--subdir', 'DAGS_FOLDER/pipeline_strava.py', '--cfg-path', '/tmp/tmps8z1equk']
[2025-11-14T19:43:55.526+0000] {standard_task_runner.py:64} INFO - Started process 223 to run task
[2025-11-14T19:43:55.526+0000] {standard_task_runner.py:91} INFO - Job 233: Subtask extract_bronze_user
[2025-11-14T19:43:55.576+0000] {task_command.py:426} INFO - Running <TaskInstance: etl_strava.extract_bronze_user scheduled__2025-11-13T03:00:00+00:00 [running]> on host 2d2323d1fc61
[2025-11-14T19:43:55.655+0000] {taskinstance.py:2648} INFO - Exporting env vars: AIRFLOW_CTX_DAG_OWNER='rayane' AIRFLOW_CTX_DAG_ID='etl_strava' AIRFLOW_CTX_TASK_ID='extract_bronze_user' AIRFLOW_CTX_EXECUTION_DATE='2025-11-13T03:00:00+00:00' AIRFLOW_CTX_TRY_NUMBER='2' AIRFLOW_CTX_DAG_RUN_ID='scheduled__2025-11-13T03:00:00+00:00'
[2025-11-14T19:43:55.655+0000] {taskinstance.py:430} INFO - ::endgroup::
[2025-11-14T19:43:55.669+0000] {subprocess.py:63} INFO - Tmp dir root location: /tmp
[2025-11-14T19:43:55.670+0000] {subprocess.py:75} INFO - Running command: ['/usr/bin/bash', '-c', 'python  /opt/***/apps/extract_api_strava_user.py']
[2025-11-14T19:43:55.676+0000] {subprocess.py:86} INFO - Output:
[2025-11-14T19:43:57.017+0000] {subprocess.py:93} INFO - Traceback (most recent call last):
[2025-11-14T19:43:57.017+0000] {subprocess.py:93} INFO -   File "/opt/***/apps/extract_api_strava_user.py", line 40, in <module>
[2025-11-14T19:43:57.018+0000] {subprocess.py:93} INFO -     if time.localtime(time.time()) >= time.localtime(int(os.getenv("EXPIRES_AT"))):
[2025-11-14T19:43:57.018+0000] {subprocess.py:93} INFO -                                                      ^^^^^^^^^^^^^^^^^^^^^^^^^^^^
[2025-11-14T19:43:57.018+0000] {subprocess.py:93} INFO - TypeError: int() argument must be a string, a bytes-like object or a real number, not 'NoneType'
[2025-11-14T19:43:57.143+0000] {subprocess.py:97} INFO - Command exited with return code 1
[2025-11-14T19:43:57.145+0000] {taskinstance.py:441} INFO - ::group::Post task execution logs
[2025-11-14T19:43:57.159+0000] {taskinstance.py:2905} ERROR - Task failed with exception
Traceback (most recent call last):
  File "/home/airflow/.local/lib/python3.12/site-packages/airflow/models/taskinstance.py", line 465, in _execute_task
    result = _execute_callable(context=context, **execute_callable_kwargs)
             ^^^^^^^^^^^^^^^^^^^^^^^^^^^^^^^^^^^^^^^^^^^^^^^^^^^^^^^^^^^^^
  File "/home/airflow/.local/lib/python3.12/site-packages/airflow/models/taskinstance.py", line 432, in _execute_callable
    return execute_callable(context=context, **execute_callable_kwargs)
           ^^^^^^^^^^^^^^^^^^^^^^^^^^^^^^^^^^^^^^^^^^^^^^^^^^^^^^^^^^^^
  File "/home/airflow/.local/lib/python3.12/site-packages/airflow/models/baseoperator.py", line 401, in wrapper
    return func(self, *args, **kwargs)
           ^^^^^^^^^^^^^^^^^^^^^^^^^^^
  File "/home/airflow/.local/lib/python3.12/site-packages/airflow/operators/bash.py", line 243, in execute
    raise AirflowException(
airflow.exceptions.AirflowException: Bash command failed. The command returned a non-zero exit code 1.
[2025-11-14T19:43:57.162+0000] {taskinstance.py:1206} INFO - Marking task as FAILED. dag_id=etl_strava, task_id=extract_bronze_user, run_id=scheduled__2025-11-13T03:00:00+00:00, execution_date=20251113T030000, start_date=20251114T194355, end_date=20251114T194357
[2025-11-14T19:43:57.174+0000] {standard_task_runner.py:110} ERROR - Failed to execute job 233 for task extract_bronze_user (Bash command failed. The command returned a non-zero exit code 1.; 223)
[2025-11-14T19:43:57.196+0000] {local_task_job_runner.py:243} INFO - Task exited with return code 1
[2025-11-14T19:43:57.210+0000] {local_task_job_runner.py:222} INFO - ::endgroup::
