[2025-11-16T19:44:33.659+0000] {local_task_job_runner.py:120} INFO - ::group::Pre task execution logs
[2025-11-16T19:44:33.691+0000] {taskinstance.py:2076} INFO - Dependencies all met for dep_context=non-requeueable deps ti=<TaskInstance: etl_strava_activities.extract_silver_activities manual__2025-11-16T19:44:15.790175+00:00 [queued]>
[2025-11-16T19:44:33.697+0000] {taskinstance.py:2076} INFO - Dependencies all met for dep_context=requeueable deps ti=<TaskInstance: etl_strava_activities.extract_silver_activities manual__2025-11-16T19:44:15.790175+00:00 [queued]>
[2025-11-16T19:44:33.697+0000] {taskinstance.py:2306} INFO - Starting attempt 1 of 2
[2025-11-16T19:44:33.706+0000] {taskinstance.py:2330} INFO - Executing <Task(BashOperator): extract_silver_activities> on 2025-11-16 19:44:15.790175+00:00
[2025-11-16T19:44:33.715+0000] {logging_mixin.py:188} WARNING - /home/***/.local/lib/python3.12/site-packages/***/task/task_runner/standard_task_runner.py:62 DeprecationWarning: This process (pid=5333) is multi-threaded, use of fork() may lead to deadlocks in the child.
[2025-11-16T19:44:33.713+0000] {standard_task_runner.py:90} INFO - Running: ['***', 'tasks', 'run', 'etl_strava_activities', 'extract_silver_activities', 'manual__2025-11-16T19:44:15.790175+00:00', '--job-id', '379', '--raw', '--subdir', 'DAGS_FOLDER/pipeline_strava_activities.py', '--cfg-path', '/tmp/tmpc83_i7d7']
[2025-11-16T19:44:33.716+0000] {standard_task_runner.py:64} INFO - Started process 5334 to run task
[2025-11-16T19:44:33.716+0000] {standard_task_runner.py:91} INFO - Job 379: Subtask extract_silver_activities
[2025-11-16T19:44:33.768+0000] {task_command.py:426} INFO - Running <TaskInstance: etl_strava_activities.extract_silver_activities manual__2025-11-16T19:44:15.790175+00:00 [running]> on host 602d3770b2e4
[2025-11-16T19:44:33.877+0000] {taskinstance.py:2648} INFO - Exporting env vars: AIRFLOW_CTX_DAG_OWNER='rayane' AIRFLOW_CTX_DAG_ID='etl_strava_activities' AIRFLOW_CTX_TASK_ID='extract_silver_activities' AIRFLOW_CTX_EXECUTION_DATE='2025-11-16T19:44:15.790175+00:00' AIRFLOW_CTX_TRY_NUMBER='1' AIRFLOW_CTX_DAG_RUN_ID='manual__2025-11-16T19:44:15.790175+00:00'
[2025-11-16T19:44:33.879+0000] {taskinstance.py:430} INFO - ::endgroup::
[2025-11-16T19:44:33.898+0000] {subprocess.py:63} INFO - Tmp dir root location: /tmp
[2025-11-16T19:44:33.899+0000] {subprocess.py:75} INFO - Running command: ['/usr/bin/bash', '-c', 'python /opt/***/apps/02-silver/extract-bronze-to-silver-strava-activities.py']
[2025-11-16T19:44:33.907+0000] {subprocess.py:86} INFO - Output:
[2025-11-16T19:44:34.853+0000] {subprocess.py:93} INFO - Usando o arquivo de variaveis em: /opt/***/apps/.env
[2025-11-16T19:44:34.854+0000] {subprocess.py:93} INFO - silver-strava-user-activities-parquet
[2025-11-16T19:44:34.855+0000] {subprocess.py:93} INFO - Traceback (most recent call last):
[2025-11-16T19:44:34.856+0000] {subprocess.py:93} INFO -   File "/opt/***/apps/02-silver/extract-bronze-to-silver-strava-activities.py", line 63, in <module>
[2025-11-16T19:44:34.859+0000] {subprocess.py:93} INFO -     client_minio = Minio(
[2025-11-16T19:44:34.859+0000] {subprocess.py:93} INFO -                    ^^^^^^
[2025-11-16T19:44:34.860+0000] {subprocess.py:93} INFO -   File "/home/***/.local/lib/python3.12/site-packages/minio/api.py", line 156, in __init__
[2025-11-16T19:44:34.861+0000] {subprocess.py:93} INFO -     self._base_url = BaseURL(
[2025-11-16T19:44:34.862+0000] {subprocess.py:93} INFO -                      ^^^^^^^^
[2025-11-16T19:44:34.862+0000] {subprocess.py:93} INFO -   File "/home/***/.local/lib/python3.12/site-packages/minio/helpers.py", line 553, in __init__
[2025-11-16T19:44:34.863+0000] {subprocess.py:93} INFO -     url = _parse_url(endpoint)
[2025-11-16T19:44:34.863+0000] {subprocess.py:93} INFO -           ^^^^^^^^^^^^^^^^^^^^
[2025-11-16T19:44:34.864+0000] {subprocess.py:93} INFO -   File "/home/***/.local/lib/python3.12/site-packages/minio/helpers.py", line 514, in _parse_url
[2025-11-16T19:44:34.864+0000] {subprocess.py:93} INFO -     raise ValueError("path in endpoint is not allowed")
[2025-11-16T19:44:34.865+0000] {subprocess.py:93} INFO - ValueError: path in endpoint is not allowed
[2025-11-16T19:44:34.976+0000] {subprocess.py:97} INFO - Command exited with return code 1
[2025-11-16T19:44:34.979+0000] {taskinstance.py:441} INFO - ::group::Post task execution logs
[2025-11-16T19:44:35.010+0000] {taskinstance.py:2905} ERROR - Task failed with exception
Traceback (most recent call last):
  File "/home/airflow/.local/lib/python3.12/site-packages/airflow/models/taskinstance.py", line 465, in _execute_task
    result = _execute_callable(context=context, **execute_callable_kwargs)
             ^^^^^^^^^^^^^^^^^^^^^^^^^^^^^^^^^^^^^^^^^^^^^^^^^^^^^^^^^^^^^
  File "/home/airflow/.local/lib/python3.12/site-packages/airflow/models/taskinstance.py", line 432, in _execute_callable
    return execute_callable(context=context, **execute_callable_kwargs)
           ^^^^^^^^^^^^^^^^^^^^^^^^^^^^^^^^^^^^^^^^^^^^^^^^^^^^^^^^^^^^
  File "/home/airflow/.local/lib/python3.12/site-packages/airflow/models/baseoperator.py", line 401, in wrapper
    return func(self, *args, **kwargs)
           ^^^^^^^^^^^^^^^^^^^^^^^^^^^
  File "/home/airflow/.local/lib/python3.12/site-packages/airflow/operators/bash.py", line 243, in execute
    raise AirflowException(
airflow.exceptions.AirflowException: Bash command failed. The command returned a non-zero exit code 1.
[2025-11-16T19:44:35.018+0000] {taskinstance.py:1206} INFO - Marking task as UP_FOR_RETRY. dag_id=etl_strava_activities, task_id=extract_silver_activities, run_id=manual__2025-11-16T19:44:15.790175+00:00, execution_date=20251116T194415, start_date=20251116T194433, end_date=20251116T194435
[2025-11-16T19:44:35.046+0000] {standard_task_runner.py:110} ERROR - Failed to execute job 379 for task extract_silver_activities (Bash command failed. The command returned a non-zero exit code 1.; 5334)
[2025-11-16T19:44:35.081+0000] {local_task_job_runner.py:243} INFO - Task exited with return code 1
[2025-11-16T19:44:35.221+0000] {taskinstance.py:3503} INFO - 0 downstream tasks scheduled from follow-on schedule check
[2025-11-16T19:44:35.223+0000] {local_task_job_runner.py:222} INFO - ::endgroup::
