[2025-11-17T03:05:12.583+0000] {local_task_job_runner.py:120} INFO - ::group::Pre task execution logs
[2025-11-17T03:05:12.607+0000] {taskinstance.py:2076} INFO - Dependencies all met for dep_context=non-requeueable deps ti=<TaskInstance: etl_strava_user_profile.extract_silver_user scheduled__2025-11-16T03:00:00+00:00 [queued]>
[2025-11-17T03:05:12.613+0000] {taskinstance.py:2076} INFO - Dependencies all met for dep_context=requeueable deps ti=<TaskInstance: etl_strava_user_profile.extract_silver_user scheduled__2025-11-16T03:00:00+00:00 [queued]>
[2025-11-17T03:05:12.613+0000] {taskinstance.py:2306} INFO - Starting attempt 2 of 2
[2025-11-17T03:05:12.622+0000] {taskinstance.py:2330} INFO - Executing <Task(BashOperator): extract_silver_user> on 2025-11-16 03:00:00+00:00
[2025-11-17T03:05:12.628+0000] {logging_mixin.py:188} WARNING - /home/***/.local/lib/python3.12/site-packages/***/task/task_runner/standard_task_runner.py:62 DeprecationWarning: This process (pid=18543) is multi-threaded, use of fork() may lead to deadlocks in the child.
[2025-11-17T03:05:12.627+0000] {standard_task_runner.py:90} INFO - Running: ['***', 'tasks', 'run', 'etl_strava_user_profile', 'extract_silver_user', 'scheduled__2025-11-16T03:00:00+00:00', '--job-id', '397', '--raw', '--subdir', 'DAGS_FOLDER/pipeline_strava_user.py', '--cfg-path', '/tmp/tmpd8ubfzlp']
[2025-11-17T03:05:12.629+0000] {standard_task_runner.py:64} INFO - Started process 18544 to run task
[2025-11-17T03:05:12.630+0000] {standard_task_runner.py:91} INFO - Job 397: Subtask extract_silver_user
[2025-11-17T03:05:12.681+0000] {task_command.py:426} INFO - Running <TaskInstance: etl_strava_user_profile.extract_silver_user scheduled__2025-11-16T03:00:00+00:00 [running]> on host 602d3770b2e4
[2025-11-17T03:05:12.758+0000] {taskinstance.py:2648} INFO - Exporting env vars: AIRFLOW_CTX_DAG_OWNER='rayane' AIRFLOW_CTX_DAG_ID='etl_strava_user_profile' AIRFLOW_CTX_TASK_ID='extract_silver_user' AIRFLOW_CTX_EXECUTION_DATE='2025-11-16T03:00:00+00:00' AIRFLOW_CTX_TRY_NUMBER='2' AIRFLOW_CTX_DAG_RUN_ID='scheduled__2025-11-16T03:00:00+00:00'
[2025-11-17T03:05:12.759+0000] {taskinstance.py:430} INFO - ::endgroup::
[2025-11-17T03:05:12.775+0000] {subprocess.py:63} INFO - Tmp dir root location: /tmp
[2025-11-17T03:05:12.776+0000] {subprocess.py:75} INFO - Running command: ['/usr/bin/bash', '-c', 'python  /opt/***/apps/02-silver/extract-bronze-to-silver-strava-user.py']
[2025-11-17T03:05:12.784+0000] {subprocess.py:86} INFO - Output:
[2025-11-17T03:05:19.658+0000] {subprocess.py:93} INFO - Usando o arquivo de variaveis em: /opt/***/apps/.env
[2025-11-17T03:05:19.658+0000] {subprocess.py:93} INFO - BUCKET SILVER USER: silver-strava-user-parquet
[2025-11-17T03:05:19.659+0000] {subprocess.py:93} INFO - 🔁 Deduplicados USER: 0 removidos
[2025-11-17T03:05:19.659+0000] {subprocess.py:93} INFO - urllib3.exceptions.ResponseError: too many 500 error responses
[2025-11-17T03:05:19.659+0000] {subprocess.py:93} INFO - 
[2025-11-17T03:05:19.659+0000] {subprocess.py:93} INFO - The above exception was the direct cause of the following exception:
[2025-11-17T03:05:19.659+0000] {subprocess.py:93} INFO - 
[2025-11-17T03:05:19.659+0000] {subprocess.py:93} INFO - Traceback (most recent call last):
[2025-11-17T03:05:19.659+0000] {subprocess.py:93} INFO -   File "/opt/***/apps/02-silver/extract-bronze-to-silver-strava-user.py", line 150, in <module>
[2025-11-17T03:05:19.659+0000] {subprocess.py:93} INFO -     client_minio.put_object(
[2025-11-17T03:05:19.659+0000] {subprocess.py:93} INFO -   File "/home/***/.local/lib/python3.12/site-packages/minio/api.py", line 2009, in put_object
[2025-11-17T03:05:19.660+0000] {subprocess.py:93} INFO -     raise exc
[2025-11-17T03:05:19.660+0000] {subprocess.py:93} INFO -   File "/home/***/.local/lib/python3.12/site-packages/minio/api.py", line 1955, in put_object
[2025-11-17T03:05:19.660+0000] {subprocess.py:93} INFO -     return self._put_object(
[2025-11-17T03:05:19.660+0000] {subprocess.py:93} INFO -            ^^^^^^^^^^^^^^^^^
[2025-11-17T03:05:19.660+0000] {subprocess.py:93} INFO -   File "/home/***/.local/lib/python3.12/site-packages/minio/api.py", line 1784, in _put_object
[2025-11-17T03:05:19.660+0000] {subprocess.py:93} INFO -     response = self._execute(
[2025-11-17T03:05:19.660+0000] {subprocess.py:93} INFO -                ^^^^^^^^^^^^^^
[2025-11-17T03:05:19.660+0000] {subprocess.py:93} INFO -   File "/home/***/.local/lib/python3.12/site-packages/minio/api.py", line 444, in _execute
[2025-11-17T03:05:19.660+0000] {subprocess.py:93} INFO -     return self._url_open(
[2025-11-17T03:05:19.661+0000] {subprocess.py:93} INFO -            ^^^^^^^^^^^^^^^
[2025-11-17T03:05:19.661+0000] {subprocess.py:93} INFO -   File "/home/***/.local/lib/python3.12/site-packages/minio/api.py", line 306, in _url_open
[2025-11-17T03:05:19.661+0000] {subprocess.py:93} INFO -     response = self._http.urlopen(
[2025-11-17T03:05:19.661+0000] {subprocess.py:93} INFO -                ^^^^^^^^^^^^^^^^^^^
[2025-11-17T03:05:19.661+0000] {subprocess.py:93} INFO -   File "/home/***/.local/lib/python3.12/site-packages/urllib3/poolmanager.py", line 443, in urlopen
[2025-11-17T03:05:19.661+0000] {subprocess.py:93} INFO -     response = conn.urlopen(method, u.request_uri, **kw)
[2025-11-17T03:05:19.661+0000] {subprocess.py:93} INFO -                ^^^^^^^^^^^^^^^^^^^^^^^^^^^^^^^^^^^^^^^^^
[2025-11-17T03:05:19.661+0000] {subprocess.py:93} INFO -   File "/home/***/.local/lib/python3.12/site-packages/urllib3/connectionpool.py", line 946, in urlopen
[2025-11-17T03:05:19.661+0000] {subprocess.py:93} INFO -     return self.urlopen(
[2025-11-17T03:05:19.661+0000] {subprocess.py:93} INFO -            ^^^^^^^^^^^^^
[2025-11-17T03:05:19.662+0000] {subprocess.py:93} INFO -   File "/home/***/.local/lib/python3.12/site-packages/urllib3/connectionpool.py", line 946, in urlopen
[2025-11-17T03:05:19.662+0000] {subprocess.py:93} INFO -     return self.urlopen(
[2025-11-17T03:05:19.662+0000] {subprocess.py:93} INFO -            ^^^^^^^^^^^^^
[2025-11-17T03:05:19.662+0000] {subprocess.py:93} INFO -   File "/home/***/.local/lib/python3.12/site-packages/urllib3/connectionpool.py", line 946, in urlopen
[2025-11-17T03:05:19.662+0000] {subprocess.py:93} INFO -     return self.urlopen(
[2025-11-17T03:05:19.662+0000] {subprocess.py:93} INFO -            ^^^^^^^^^^^^^
[2025-11-17T03:05:19.662+0000] {subprocess.py:93} INFO -   [Previous line repeated 2 more times]
[2025-11-17T03:05:19.662+0000] {subprocess.py:93} INFO -   File "/home/***/.local/lib/python3.12/site-packages/urllib3/connectionpool.py", line 936, in urlopen
[2025-11-17T03:05:19.662+0000] {subprocess.py:93} INFO -     retries = retries.increment(method, url, response=response, _pool=self)
[2025-11-17T03:05:19.663+0000] {subprocess.py:93} INFO -               ^^^^^^^^^^^^^^^^^^^^^^^^^^^^^^^^^^^^^^^^^^^^^^^^^^^^^^^^^^^^^
[2025-11-17T03:05:19.663+0000] {subprocess.py:93} INFO -   File "/home/***/.local/lib/python3.12/site-packages/urllib3/util/retry.py", line 515, in increment
[2025-11-17T03:05:19.663+0000] {subprocess.py:93} INFO -     raise MaxRetryError(_pool, url, reason) from reason  # type: ignore[arg-type]
[2025-11-17T03:05:19.663+0000] {subprocess.py:93} INFO -     ^^^^^^^^^^^^^^^^^^^^^^^^^^^^^^^^^^^^^^^^^^^^^^^^^^^
[2025-11-17T03:05:19.663+0000] {subprocess.py:93} INFO - urllib3.exceptions.MaxRetryError: HTTPConnectionPool(host='minio', port=9000): Max retries exceeded with url: /silver-strava-user-parquet/2025/10/users_2025-10.parquet (Caused by ResponseError('too many 500 error responses'))
[2025-11-17T03:05:19.734+0000] {subprocess.py:97} INFO - Command exited with return code 1
[2025-11-17T03:05:19.735+0000] {taskinstance.py:441} INFO - ::group::Post task execution logs
[2025-11-17T03:05:19.747+0000] {taskinstance.py:2905} ERROR - Task failed with exception
Traceback (most recent call last):
  File "/home/airflow/.local/lib/python3.12/site-packages/airflow/models/taskinstance.py", line 465, in _execute_task
    result = _execute_callable(context=context, **execute_callable_kwargs)
             ^^^^^^^^^^^^^^^^^^^^^^^^^^^^^^^^^^^^^^^^^^^^^^^^^^^^^^^^^^^^^
  File "/home/airflow/.local/lib/python3.12/site-packages/airflow/models/taskinstance.py", line 432, in _execute_callable
    return execute_callable(context=context, **execute_callable_kwargs)
           ^^^^^^^^^^^^^^^^^^^^^^^^^^^^^^^^^^^^^^^^^^^^^^^^^^^^^^^^^^^^
  File "/home/airflow/.local/lib/python3.12/site-packages/airflow/models/baseoperator.py", line 401, in wrapper
    return func(self, *args, **kwargs)
           ^^^^^^^^^^^^^^^^^^^^^^^^^^^
  File "/home/airflow/.local/lib/python3.12/site-packages/airflow/operators/bash.py", line 243, in execute
    raise AirflowException(
airflow.exceptions.AirflowException: Bash command failed. The command returned a non-zero exit code 1.
[2025-11-17T03:05:19.751+0000] {taskinstance.py:1206} INFO - Marking task as FAILED. dag_id=etl_strava_user_profile, task_id=extract_silver_user, run_id=scheduled__2025-11-16T03:00:00+00:00, execution_date=20251116T030000, start_date=20251117T030512, end_date=20251117T030519
[2025-11-17T03:05:19.761+0000] {standard_task_runner.py:110} ERROR - Failed to execute job 397 for task extract_silver_user (Bash command failed. The command returned a non-zero exit code 1.; 18544)
[2025-11-17T03:05:19.788+0000] {local_task_job_runner.py:243} INFO - Task exited with return code 1
[2025-11-17T03:05:19.802+0000] {taskinstance.py:3503} INFO - 0 downstream tasks scheduled from follow-on schedule check
[2025-11-17T03:05:19.803+0000] {local_task_job_runner.py:222} INFO - ::endgroup::
