[2025-11-17T17:21:41.730+0000] {local_task_job_runner.py:120} INFO - ::group::Pre task execution logs
[2025-11-17T17:21:41.756+0000] {taskinstance.py:2076} INFO - Dependencies all met for dep_context=non-requeueable deps ti=<TaskInstance: etl_strava_activities.extract_gold_fact_activities manual__2025-11-17T17:21:18.890394+00:00 [queued]>
[2025-11-17T17:21:41.762+0000] {taskinstance.py:2076} INFO - Dependencies all met for dep_context=requeueable deps ti=<TaskInstance: etl_strava_activities.extract_gold_fact_activities manual__2025-11-17T17:21:18.890394+00:00 [queued]>
[2025-11-17T17:21:41.762+0000] {taskinstance.py:2306} INFO - Starting attempt 1 of 2
[2025-11-17T17:21:41.772+0000] {taskinstance.py:2330} INFO - Executing <Task(BashOperator): extract_gold_fact_activities> on 2025-11-17 17:21:18.890394+00:00
[2025-11-17T17:21:41.778+0000] {standard_task_runner.py:90} INFO - Running: ['***', 'tasks', 'run', 'etl_strava_activities', 'extract_gold_fact_activities', 'manual__2025-11-17T17:21:18.890394+00:00', '--job-id', '426', '--raw', '--subdir', 'DAGS_FOLDER/pipeline_strava_activities.py', '--cfg-path', '/tmp/tmp9elmgltz']
[2025-11-17T17:21:41.779+0000] {logging_mixin.py:188} WARNING - /home/***/.local/lib/python3.12/site-packages/***/task/task_runner/standard_task_runner.py:62 DeprecationWarning: This process (pid=251) is multi-threaded, use of fork() may lead to deadlocks in the child.
[2025-11-17T17:21:41.780+0000] {standard_task_runner.py:91} INFO - Job 426: Subtask extract_gold_fact_activities
[2025-11-17T17:21:41.780+0000] {standard_task_runner.py:64} INFO - Started process 252 to run task
[2025-11-17T17:21:41.820+0000] {task_command.py:426} INFO - Running <TaskInstance: etl_strava_activities.extract_gold_fact_activities manual__2025-11-17T17:21:18.890394+00:00 [running]> on host 963f4dadc603
[2025-11-17T17:21:41.892+0000] {taskinstance.py:2648} INFO - Exporting env vars: AIRFLOW_CTX_DAG_OWNER='rayane' AIRFLOW_CTX_DAG_ID='etl_strava_activities' AIRFLOW_CTX_TASK_ID='extract_gold_fact_activities' AIRFLOW_CTX_EXECUTION_DATE='2025-11-17T17:21:18.890394+00:00' AIRFLOW_CTX_TRY_NUMBER='1' AIRFLOW_CTX_DAG_RUN_ID='manual__2025-11-17T17:21:18.890394+00:00'
[2025-11-17T17:21:41.893+0000] {taskinstance.py:430} INFO - ::endgroup::
[2025-11-17T17:21:41.904+0000] {subprocess.py:63} INFO - Tmp dir root location: /tmp
[2025-11-17T17:21:41.905+0000] {subprocess.py:75} INFO - Running command: ['/usr/bin/bash', '-c', 'python /opt/***/apps/03-gold/fact_user_activities_strava.py']
[2025-11-17T17:21:41.910+0000] {subprocess.py:86} INFO - Output:
[2025-11-17T17:21:42.407+0000] {subprocess.py:93} INFO - /home/***/.local/lib/python3.12/site-packages/pyspark/bin/spark-class: line 71: /usr/lib/jvm/java-17-openjdk-amd64/bin/java: No such file or directory
[2025-11-17T17:21:42.407+0000] {subprocess.py:93} INFO - /home/***/.local/lib/python3.12/site-packages/pyspark/bin/spark-class: line 96: CMD: bad array subscript
[2025-11-17T17:21:42.487+0000] {subprocess.py:93} INFO - Usando o arquivo de variaveis em: /opt/***/apps/.env
[2025-11-17T17:21:42.488+0000] {subprocess.py:93} INFO - Traceback (most recent call last):
[2025-11-17T17:21:42.488+0000] {subprocess.py:93} INFO -   File "/opt/***/apps/03-gold/fact_user_activities_strava.py", line 20, in <module>
[2025-11-17T17:21:42.488+0000] {subprocess.py:93} INFO -     .getOrCreate()
[2025-11-17T17:21:42.488+0000] {subprocess.py:93} INFO -      ^^^^^^^^^^^^^
[2025-11-17T17:21:42.489+0000] {subprocess.py:93} INFO -   File "/home/***/.local/lib/python3.12/site-packages/pyspark/sql/session.py", line 269, in getOrCreate
[2025-11-17T17:21:42.489+0000] {subprocess.py:93} INFO -     sc = SparkContext.getOrCreate(sparkConf)
[2025-11-17T17:21:42.489+0000] {subprocess.py:93} INFO -          ^^^^^^^^^^^^^^^^^^^^^^^^^^^^^^^^^^^
[2025-11-17T17:21:42.489+0000] {subprocess.py:93} INFO -   File "/home/***/.local/lib/python3.12/site-packages/pyspark/context.py", line 483, in getOrCreate
[2025-11-17T17:21:42.489+0000] {subprocess.py:93} INFO -     SparkContext(conf=conf or SparkConf())
[2025-11-17T17:21:42.489+0000] {subprocess.py:93} INFO -   File "/home/***/.local/lib/python3.12/site-packages/pyspark/context.py", line 195, in __init__
[2025-11-17T17:21:42.490+0000] {subprocess.py:93} INFO -     SparkContext._ensure_initialized(self, gateway=gateway, conf=conf)
[2025-11-17T17:21:42.490+0000] {subprocess.py:93} INFO -   File "/home/***/.local/lib/python3.12/site-packages/pyspark/context.py", line 417, in _ensure_initialized
[2025-11-17T17:21:42.490+0000] {subprocess.py:93} INFO -     SparkContext._gateway = gateway or launch_gateway(conf)
[2025-11-17T17:21:42.490+0000] {subprocess.py:93} INFO -                                        ^^^^^^^^^^^^^^^^^^^^
[2025-11-17T17:21:42.491+0000] {subprocess.py:93} INFO -   File "/home/***/.local/lib/python3.12/site-packages/pyspark/java_gateway.py", line 106, in launch_gateway
[2025-11-17T17:21:42.491+0000] {subprocess.py:93} INFO -     raise RuntimeError("Java gateway process exited before sending its port number")
[2025-11-17T17:21:42.491+0000] {subprocess.py:93} INFO - RuntimeError: Java gateway process exited before sending its port number
[2025-11-17T17:21:42.522+0000] {subprocess.py:97} INFO - Command exited with return code 1
[2025-11-17T17:21:42.523+0000] {taskinstance.py:441} INFO - ::group::Post task execution logs
[2025-11-17T17:21:42.538+0000] {taskinstance.py:2905} ERROR - Task failed with exception
Traceback (most recent call last):
  File "/home/airflow/.local/lib/python3.12/site-packages/airflow/models/taskinstance.py", line 465, in _execute_task
    result = _execute_callable(context=context, **execute_callable_kwargs)
             ^^^^^^^^^^^^^^^^^^^^^^^^^^^^^^^^^^^^^^^^^^^^^^^^^^^^^^^^^^^^^
  File "/home/airflow/.local/lib/python3.12/site-packages/airflow/models/taskinstance.py", line 432, in _execute_callable
    return execute_callable(context=context, **execute_callable_kwargs)
           ^^^^^^^^^^^^^^^^^^^^^^^^^^^^^^^^^^^^^^^^^^^^^^^^^^^^^^^^^^^^
  File "/home/airflow/.local/lib/python3.12/site-packages/airflow/models/baseoperator.py", line 401, in wrapper
    return func(self, *args, **kwargs)
           ^^^^^^^^^^^^^^^^^^^^^^^^^^^
  File "/home/airflow/.local/lib/python3.12/site-packages/airflow/operators/bash.py", line 243, in execute
    raise AirflowException(
airflow.exceptions.AirflowException: Bash command failed. The command returned a non-zero exit code 1.
[2025-11-17T17:21:42.544+0000] {taskinstance.py:1206} INFO - Marking task as UP_FOR_RETRY. dag_id=etl_strava_activities, task_id=extract_gold_fact_activities, run_id=manual__2025-11-17T17:21:18.890394+00:00, execution_date=20251117T172118, start_date=20251117T172141, end_date=20251117T172142
[2025-11-17T17:21:42.562+0000] {standard_task_runner.py:110} ERROR - Failed to execute job 426 for task extract_gold_fact_activities (Bash command failed. The command returned a non-zero exit code 1.; 252)
[2025-11-17T17:21:42.596+0000] {local_task_job_runner.py:243} INFO - Task exited with return code 1
[2025-11-17T17:21:42.616+0000] {taskinstance.py:3503} INFO - 0 downstream tasks scheduled from follow-on schedule check
[2025-11-17T17:21:42.617+0000] {local_task_job_runner.py:222} INFO - ::endgroup::
