[2025-11-16T16:48:48.171+0000] {local_task_job_runner.py:120} INFO - ::group::Pre task execution logs
[2025-11-16T16:48:48.206+0000] {taskinstance.py:2076} INFO - Dependencies all met for dep_context=non-requeueable deps ti=<TaskInstance: etl_label_studio.extract_bronze_label_studio manual__2025-11-16T16:48:47.456151+00:00 [queued]>
[2025-11-16T16:48:48.215+0000] {taskinstance.py:2076} INFO - Dependencies all met for dep_context=requeueable deps ti=<TaskInstance: etl_label_studio.extract_bronze_label_studio manual__2025-11-16T16:48:47.456151+00:00 [queued]>
[2025-11-16T16:48:48.215+0000] {taskinstance.py:2306} INFO - Starting attempt 1 of 2
[2025-11-16T16:48:48.235+0000] {taskinstance.py:2330} INFO - Executing <Task(BashOperator): extract_bronze_label_studio> on 2025-11-16 16:48:47.456151+00:00
[2025-11-16T16:48:48.245+0000] {standard_task_runner.py:90} INFO - Running: ['***', 'tasks', 'run', 'etl_label_studio', 'extract_bronze_label_studio', 'manual__2025-11-16T16:48:47.456151+00:00', '--job-id', '345', '--raw', '--subdir', 'DAGS_FOLDER/pipeline_label_studio.py', '--cfg-path', '/tmp/tmpba86wxmu']
[2025-11-16T16:48:48.248+0000] {logging_mixin.py:188} WARNING - /home/***/.local/lib/python3.12/site-packages/***/task/task_runner/standard_task_runner.py:62 DeprecationWarning: This process (pid=6028) is multi-threaded, use of fork() may lead to deadlocks in the child.
[2025-11-16T16:48:48.248+0000] {standard_task_runner.py:91} INFO - Job 345: Subtask extract_bronze_label_studio
[2025-11-16T16:48:48.248+0000] {standard_task_runner.py:64} INFO - Started process 6029 to run task
[2025-11-16T16:48:48.302+0000] {task_command.py:426} INFO - Running <TaskInstance: etl_label_studio.extract_bronze_label_studio manual__2025-11-16T16:48:47.456151+00:00 [running]> on host 5f5c6e0969f2
[2025-11-16T16:48:48.375+0000] {taskinstance.py:2648} INFO - Exporting env vars: AIRFLOW_CTX_DAG_OWNER='rayane' AIRFLOW_CTX_DAG_ID='etl_label_studio' AIRFLOW_CTX_TASK_ID='extract_bronze_label_studio' AIRFLOW_CTX_EXECUTION_DATE='2025-11-16T16:48:47.456151+00:00' AIRFLOW_CTX_TRY_NUMBER='1' AIRFLOW_CTX_DAG_RUN_ID='manual__2025-11-16T16:48:47.456151+00:00'
[2025-11-16T16:48:48.377+0000] {taskinstance.py:430} INFO - ::endgroup::
[2025-11-16T16:48:48.391+0000] {subprocess.py:63} INFO - Tmp dir root location: /tmp
[2025-11-16T16:48:48.392+0000] {subprocess.py:75} INFO - Running command: ['/usr/bin/bash', '-c', 'python /opt/***/apps//01-bronze/extract_api_label_studio_strava.py']
[2025-11-16T16:48:48.399+0000] {subprocess.py:86} INFO - Output:
[2025-11-16T16:48:50.187+0000] {subprocess.py:93} INFO - /opt/***/apps//01-bronze/extract_api_label_studio_strava.py:77: DeprecationWarning: datetime.datetime.utcnow() is deprecated and scheduled for removal in a future version. Use timezone-aware objects to represent datetimes in UTC: datetime.datetime.now(datetime.UTC).
[2025-11-16T16:48:50.189+0000] {subprocess.py:93} INFO -   now = datetime.utcnow()
[2025-11-16T16:48:50.195+0000] {subprocess.py:93} INFO - Usando o arquivo de variaveis em: /opt/***/apps/.env
[2025-11-16T16:48:50.196+0000] {subprocess.py:93} INFO - PAT (começo): eyJhbGciOi ...
[2025-11-16T16:48:50.196+0000] {subprocess.py:93} INFO - ACCESS TOKEN (começo): eyJhbGciOiJIUzI1NiIs ...
[2025-11-16T16:48:50.197+0000] {subprocess.py:93} INFO - Tasks retornadas no export: 490
[2025-11-16T16:48:50.197+0000] {subprocess.py:93} INFO - Tasks COM anotação: 6
[2025-11-16T16:48:50.197+0000] {subprocess.py:93} INFO - ✔ Upload concluído: project_id=1/dt_process=2025/11/16/project_1_tasks_export_20251116T164850.json
[2025-11-16T16:48:50.197+0000] {subprocess.py:93} INFO - ✅ Processo finalizado com sucesso ✅
[2025-11-16T16:48:50.224+0000] {subprocess.py:97} INFO - Command exited with return code 0
[2025-11-16T16:48:50.225+0000] {taskinstance.py:441} INFO - ::group::Post task execution logs
[2025-11-16T16:48:50.251+0000] {taskinstance.py:1206} INFO - Marking task as SUCCESS. dag_id=etl_label_studio, task_id=extract_bronze_label_studio, run_id=manual__2025-11-16T16:48:47.456151+00:00, execution_date=20251116T164847, start_date=20251116T164848, end_date=20251116T164850
[2025-11-16T16:48:50.279+0000] {local_task_job_runner.py:243} INFO - Task exited with return code 0
[2025-11-16T16:48:50.302+0000] {taskinstance.py:3503} INFO - 0 downstream tasks scheduled from follow-on schedule check
[2025-11-16T16:48:50.303+0000] {local_task_job_runner.py:222} INFO - ::endgroup::
