[2025-11-15T10:44:17.290+0000] {local_task_job_runner.py:120} INFO - ::group::Pre task execution logs
[2025-11-15T10:44:17.334+0000] {taskinstance.py:2076} INFO - Dependencies all met for dep_context=non-requeueable deps ti=<TaskInstance: etl_strava.extract_bronze_activities manual__2025-11-15T10:44:16.361378+00:00 [queued]>
[2025-11-15T10:44:17.340+0000] {taskinstance.py:2076} INFO - Dependencies all met for dep_context=requeueable deps ti=<TaskInstance: etl_strava.extract_bronze_activities manual__2025-11-15T10:44:16.361378+00:00 [queued]>
[2025-11-15T10:44:17.340+0000] {taskinstance.py:2306} INFO - Starting attempt 1 of 2
[2025-11-15T10:44:17.350+0000] {taskinstance.py:2330} INFO - Executing <Task(BashOperator): extract_bronze_activities> on 2025-11-15 10:44:16.361378+00:00
[2025-11-15T10:44:17.358+0000] {standard_task_runner.py:90} INFO - Running: ['***', 'tasks', 'run', 'etl_strava', 'extract_bronze_activities', 'manual__2025-11-15T10:44:16.361378+00:00', '--job-id', '254', '--raw', '--subdir', 'DAGS_FOLDER/pipeline_strava.py', '--cfg-path', '/tmp/tmpsa5dvr__']
[2025-11-15T10:44:17.361+0000] {logging_mixin.py:188} WARNING - /home/***/.local/lib/python3.12/site-packages/***/task/task_runner/standard_task_runner.py:62 DeprecationWarning: This process (pid=263) is multi-threaded, use of fork() may lead to deadlocks in the child.
[2025-11-15T10:44:17.362+0000] {standard_task_runner.py:91} INFO - Job 254: Subtask extract_bronze_activities
[2025-11-15T10:44:17.362+0000] {standard_task_runner.py:64} INFO - Started process 265 to run task
[2025-11-15T10:44:17.408+0000] {task_command.py:426} INFO - Running <TaskInstance: etl_strava.extract_bronze_activities manual__2025-11-15T10:44:16.361378+00:00 [running]> on host 2d2323d1fc61
[2025-11-15T10:44:17.484+0000] {taskinstance.py:2648} INFO - Exporting env vars: AIRFLOW_CTX_DAG_OWNER='rayane' AIRFLOW_CTX_DAG_ID='etl_strava' AIRFLOW_CTX_TASK_ID='extract_bronze_activities' AIRFLOW_CTX_EXECUTION_DATE='2025-11-15T10:44:16.361378+00:00' AIRFLOW_CTX_TRY_NUMBER='1' AIRFLOW_CTX_DAG_RUN_ID='manual__2025-11-15T10:44:16.361378+00:00'
[2025-11-15T10:44:17.484+0000] {taskinstance.py:430} INFO - ::endgroup::
[2025-11-15T10:44:17.499+0000] {subprocess.py:63} INFO - Tmp dir root location: /tmp
[2025-11-15T10:44:17.500+0000] {subprocess.py:75} INFO - Running command: ['/usr/bin/bash', '-c', 'python /opt/***/apps/extract_api_strava_user_activities.py']
[2025-11-15T10:44:17.507+0000] {subprocess.py:86} INFO - Output:
[2025-11-15T10:44:36.710+0000] {subprocess.py:93} INFO - Usando o arquivo de variaveis em: /opt/***/apps/.env
[2025-11-15T10:44:36.713+0000] {subprocess.py:93} INFO - 184573
[2025-11-15T10:44:36.713+0000] {subprocess.py:93} INFO -  ⏳ Token expirado, atualizando... ⏳
[2025-11-15T10:44:36.714+0000] {subprocess.py:93} INFO -  ⚠️  O novo token expira em: 2025-11-15 16:44:19
[2025-11-15T10:44:36.714+0000] {subprocess.py:93} INFO - ✅ Credenciais Autenticadas
[2025-11-15T10:44:36.714+0000] {subprocess.py:93} INFO - PROCESSAMENTO INCREMENTAL A PARTIR DE 2025-10-13 00:17:19+00:00
[2025-11-15T10:44:36.714+0000] {subprocess.py:93} INFO - 2025-10-13 00:17:19+00:00
[2025-11-15T10:44:36.715+0000] {subprocess.py:93} INFO - Extraçao iniciada, aguarde... ⏳
[2025-11-15T10:44:36.715+0000] {subprocess.py:93} INFO - Hash da Atividade 16240995397: fb92d00664ae8d48532bc28f478b12b8
[2025-11-15T10:44:36.715+0000] {subprocess.py:93} INFO - Hash da Atividade 16245247749: 045ed449ca91881dc5955533c67c6401
[2025-11-15T10:44:36.715+0000] {subprocess.py:93} INFO - Hash da Atividade 16255380841: 66eec870e6693095cd58bd321cde258f
[2025-11-15T10:44:36.715+0000] {subprocess.py:93} INFO - Hash da Atividade 16256422683: 90b13a4f893d225994df2363aa723c97
[2025-11-15T10:44:36.716+0000] {subprocess.py:93} INFO - Hash da Atividade 16261899662: 20072eadd4902902533876d6d24ad21d
[2025-11-15T10:44:36.716+0000] {subprocess.py:93} INFO - Hash da Atividade 16280433395: 4425108e9f8028a1e2c67f5e10e8729e
[2025-11-15T10:44:36.716+0000] {subprocess.py:93} INFO - Hash da Atividade 16286472379: 0da0357535b44c60a1a5f3ef7f114158
[2025-11-15T10:44:36.716+0000] {subprocess.py:93} INFO - Hash da Atividade 16294015317: 6c1a7a267302a3f2299b00320e9f62f9
[2025-11-15T10:44:36.716+0000] {subprocess.py:93} INFO - Hash da Atividade 16324471811: ee9c846922ffe0ed3d138163aa00fbee
[2025-11-15T10:44:36.717+0000] {subprocess.py:93} INFO - Hash da Atividade 16324490276: 7840eb6a944d42c6829c024498f09304
[2025-11-15T10:44:36.717+0000] {subprocess.py:93} INFO - Hash da Atividade 16336210303: b9e5b80a3a3417adc4ee1636348e5a05
[2025-11-15T10:44:36.717+0000] {subprocess.py:93} INFO - Hash da Atividade 16342704862: 5aacfba4fe82397570ccdaad674d890e
[2025-11-15T10:44:36.717+0000] {subprocess.py:93} INFO - Hash da Atividade 16347514691: 2fca0c1da77906c778ab10e3ee547030
[2025-11-15T10:44:36.717+0000] {subprocess.py:93} INFO - Hash da Atividade 16357635052: e1565352f8120f90db73ba6911143643
[2025-11-15T10:44:36.718+0000] {subprocess.py:93} INFO - Hash da Atividade 16357627858: 285e61801060d0745848409e99d5fa8f
[2025-11-15T10:44:36.718+0000] {subprocess.py:93} INFO - Hash da Atividade 16357957964: 4e5eccd6d0c9420c7469e957f5edc096
[2025-11-15T10:44:36.718+0000] {subprocess.py:93} INFO - Hash da Atividade 16369168393: 6038242c4e3b2c8bc39b53f56a63ee77
[2025-11-15T10:44:36.718+0000] {subprocess.py:93} INFO - Hash da Atividade 16387251400: b4c8c641a85c0118794c9019658b2ab6
[2025-11-15T10:44:36.718+0000] {subprocess.py:93} INFO - Hash da Atividade 16402288254: 49aaf53fb441e4f0109ff3a440fcfef7
[2025-11-15T10:44:36.719+0000] {subprocess.py:93} INFO - Hash da Atividade 16402987648: 985487b0426df32221d24fe2b5dc6776
[2025-11-15T10:44:36.719+0000] {subprocess.py:93} INFO - Hash da Atividade 16417892227: 4c4830ff90d6b3110e5a6518c78eb270
[2025-11-15T10:44:36.719+0000] {subprocess.py:93} INFO - Hash da Atividade 16431525613: 8142e073489c18e1deff86c6d0913ad2
[2025-11-15T10:44:36.719+0000] {subprocess.py:93} INFO - ⚠️ Novo evento de arquivo existente ⚠️
[2025-11-15T10:44:36.720+0000] {subprocess.py:93} INFO - Hash da Atividade 16459317120: 015e4be59e31f1d36c4b82b3428e3039
[2025-11-15T10:44:36.720+0000] {subprocess.py:93} INFO - 2025-11-14 18:54:15+00:00 2025-11-14 18:54:14+00:00 2025-11-14 18:54:14+00:00
[2025-11-15T10:44:36.720+0000] {subprocess.py:93} INFO -  ⏩ Atualizando data para 2025-11-14 18:54:15+00:00 ⏩
[2025-11-15T10:44:36.720+0000] {subprocess.py:93} INFO - 2025-11-14 18:54:15+00:00
[2025-11-15T10:44:36.720+0000] {subprocess.py:93} INFO - Extraçao iniciada, aguarde... ⏳
[2025-11-15T10:44:36.721+0000] {subprocess.py:93} INFO -  Nenhuma nova atividade encontrada, finalizando extração ⏳
[2025-11-15T10:44:36.721+0000] {subprocess.py:93} INFO - 2025-11-14 18:54:15+00:00 2025-11-14 18:54:14+00:00 2025-11-14 18:54:14+00:00
[2025-11-15T10:44:36.721+0000] {subprocess.py:93} INFO -  ⏩ Atualizando data para 2025-11-14 18:54:15+00:00 ⏩
[2025-11-15T10:44:36.721+0000] {subprocess.py:93} INFO - 2025-11-14 18:54:15+00:00
[2025-11-15T10:44:36.721+0000] {subprocess.py:93} INFO - Extraçao iniciada, aguarde... ⏳
[2025-11-15T10:44:36.721+0000] {subprocess.py:93} INFO -  Nenhuma nova atividade encontrada, finalizando extração ⏳
[2025-11-15T10:44:36.722+0000] {subprocess.py:93} INFO - 2025-11-14 18:54:15+00:00 2025-11-14 18:54:14+00:00 2025-11-14 18:54:14+00:00
[2025-11-15T10:44:36.722+0000] {subprocess.py:93} INFO -  ⏩ Atualizando data para 2025-11-14 18:54:15+00:00 ⏩
[2025-11-15T10:44:36.722+0000] {subprocess.py:93} INFO - 2025-11-14 18:54:15+00:00
[2025-11-15T10:44:36.722+0000] {subprocess.py:93} INFO - Extraçao iniciada, aguarde... ⏳
[2025-11-15T10:44:36.722+0000] {subprocess.py:93} INFO -  Nenhuma nova atividade encontrada, finalizando extração ⏳
[2025-11-15T10:44:36.722+0000] {subprocess.py:93} INFO - 2025-11-14 18:54:15+00:00 2025-11-14 18:54:14+00:00 2025-11-14 18:54:14+00:00
[2025-11-15T10:44:36.723+0000] {subprocess.py:93} INFO -  ⏩ Atualizando data para 2025-11-14 18:54:15+00:00 ⏩
[2025-11-15T10:44:36.723+0000] {subprocess.py:93} INFO - 2025-11-14 18:54:15+00:00
[2025-11-15T10:44:36.723+0000] {subprocess.py:93} INFO - Extraçao iniciada, aguarde... ⏳
[2025-11-15T10:44:36.723+0000] {subprocess.py:93} INFO -  Nenhuma nova atividade encontrada, finalizando extração ⏳
[2025-11-15T10:44:36.723+0000] {subprocess.py:93} INFO - 2025-11-14 18:54:15+00:00 2025-11-14 18:54:14+00:00 2025-11-14 18:54:14+00:00
[2025-11-15T10:44:36.723+0000] {subprocess.py:93} INFO -  ⏩ Atualizando data para 2025-11-14 18:54:15+00:00 ⏩
[2025-11-15T10:44:36.723+0000] {subprocess.py:93} INFO - 2025-11-14 18:54:15+00:00
[2025-11-15T10:44:36.724+0000] {subprocess.py:93} INFO - Extraçao iniciada, aguarde... ⏳
[2025-11-15T10:44:36.724+0000] {subprocess.py:93} INFO -  Nenhuma nova atividade encontrada, finalizando extração ⏳
[2025-11-15T10:44:36.724+0000] {subprocess.py:93} INFO - 2025-11-14 18:54:15+00:00 2025-11-14 18:54:14+00:00 2025-11-14 18:54:14+00:00
[2025-11-15T10:44:36.724+0000] {subprocess.py:93} INFO -  ⏩ Atualizando data para 2025-11-14 18:54:15+00:00 ⏩
[2025-11-15T10:44:36.724+0000] {subprocess.py:93} INFO - 2025-11-14 18:54:15+00:00
[2025-11-15T10:44:36.724+0000] {subprocess.py:93} INFO - Extraçao iniciada, aguarde... ⏳
[2025-11-15T10:44:36.724+0000] {subprocess.py:93} INFO -  Nenhuma nova atividade encontrada, finalizando extração ⏳
[2025-11-15T10:44:36.725+0000] {subprocess.py:93} INFO - 2025-11-14 18:54:15+00:00 2025-11-14 18:54:14+00:00 2025-11-14 18:54:14+00:00
[2025-11-15T10:44:36.725+0000] {subprocess.py:93} INFO -  ⏩ Atualizando data para 2025-11-14 18:54:15+00:00 ⏩
[2025-11-15T10:44:36.725+0000] {subprocess.py:93} INFO - 2025-11-14 18:54:15+00:00
[2025-11-15T10:44:36.725+0000] {subprocess.py:93} INFO - Extraçao iniciada, aguarde... ⏳
[2025-11-15T10:44:36.725+0000] {subprocess.py:93} INFO -  Nenhuma nova atividade encontrada, finalizando extração ⏳
[2025-11-15T10:44:36.725+0000] {subprocess.py:93} INFO - 2025-11-14 18:54:15+00:00 2025-11-14 18:54:14+00:00 2025-11-14 18:54:14+00:00
[2025-11-15T10:44:36.725+0000] {subprocess.py:93} INFO -  ⏩ Atualizando data para 2025-11-14 18:54:15+00:00 ⏩
[2025-11-15T10:44:36.725+0000] {subprocess.py:93} INFO - 2025-11-14 18:54:15+00:00
[2025-11-15T10:44:36.726+0000] {subprocess.py:93} INFO - Extraçao iniciada, aguarde... ⏳
[2025-11-15T10:44:36.726+0000] {subprocess.py:93} INFO -  Nenhuma nova atividade encontrada, finalizando extração ⏳
[2025-11-15T10:44:36.726+0000] {subprocess.py:93} INFO - 2025-11-14 18:54:15+00:00 2025-11-14 18:54:14+00:00 2025-11-14 18:54:14+00:00
[2025-11-15T10:44:36.726+0000] {subprocess.py:93} INFO -  ⏩ Atualizando data para 2025-11-14 18:54:15+00:00 ⏩
[2025-11-15T10:44:36.726+0000] {subprocess.py:93} INFO - 2025-11-14 18:54:15+00:00
[2025-11-15T10:44:36.726+0000] {subprocess.py:93} INFO - Extraçao iniciada, aguarde... ⏳
[2025-11-15T10:44:36.727+0000] {subprocess.py:93} INFO -  Nenhuma nova atividade encontrada, finalizando extração ⏳
[2025-11-15T10:44:36.727+0000] {subprocess.py:93} INFO - 2025-11-14 18:54:15+00:00 2025-11-14 18:54:14+00:00 2025-11-14 18:54:14+00:00
[2025-11-15T10:44:36.727+0000] {subprocess.py:93} INFO -  ⏩ Atualizando data para 2025-11-14 18:54:15+00:00 ⏩
[2025-11-15T10:44:36.727+0000] {subprocess.py:93} INFO - 2025-11-14 18:54:15+00:00
[2025-11-15T10:44:36.727+0000] {subprocess.py:93} INFO - Extraçao iniciada, aguarde... ⏳
[2025-11-15T10:44:36.727+0000] {subprocess.py:93} INFO -  Nenhuma nova atividade encontrada, finalizando extração ⏳
[2025-11-15T10:44:36.727+0000] {subprocess.py:93} INFO - 2025-11-14 18:54:15+00:00 2025-11-14 18:54:14+00:00 2025-11-14 18:54:14+00:00
[2025-11-15T10:44:36.727+0000] {subprocess.py:93} INFO -  ⏩ Atualizando data para 2025-11-14 18:54:15+00:00 ⏩
[2025-11-15T10:44:36.728+0000] {subprocess.py:93} INFO - 2025-11-14 18:54:15+00:00
[2025-11-15T10:44:36.728+0000] {subprocess.py:93} INFO - Extraçao iniciada, aguarde... ⏳
[2025-11-15T10:44:36.728+0000] {subprocess.py:93} INFO -  Nenhuma nova atividade encontrada, finalizando extração ⏳
[2025-11-15T10:44:36.728+0000] {subprocess.py:93} INFO - 2025-11-14 18:54:15+00:00 2025-11-14 18:54:14+00:00 2025-11-14 18:54:14+00:00
[2025-11-15T10:44:36.728+0000] {subprocess.py:93} INFO -  ⏩ Atualizando data para 2025-11-14 18:54:15+00:00 ⏩
[2025-11-15T10:44:36.729+0000] {subprocess.py:93} INFO - 2025-11-14 18:54:15+00:00
[2025-11-15T10:44:36.729+0000] {subprocess.py:93} INFO - Extraçao iniciada, aguarde... ⏳
[2025-11-15T10:44:36.729+0000] {subprocess.py:93} INFO -  Nenhuma nova atividade encontrada, finalizando extração ⏳
[2025-11-15T10:44:36.729+0000] {subprocess.py:93} INFO - 2025-11-14 18:54:15+00:00 2025-11-14 18:54:14+00:00 2025-11-14 18:54:14+00:00
[2025-11-15T10:44:36.730+0000] {subprocess.py:93} INFO -  ⏩ Atualizando data para 2025-11-14 18:54:15+00:00 ⏩
[2025-11-15T10:44:36.730+0000] {subprocess.py:93} INFO - 2025-11-14 18:54:15+00:00
[2025-11-15T10:44:36.730+0000] {subprocess.py:93} INFO - Extraçao iniciada, aguarde... ⏳
[2025-11-15T10:44:36.730+0000] {subprocess.py:93} INFO -  Nenhuma nova atividade encontrada, finalizando extração ⏳
[2025-11-15T10:44:36.730+0000] {subprocess.py:93} INFO - 2025-11-14 18:54:15+00:00 2025-11-14 18:54:14+00:00 2025-11-14 18:54:14+00:00
[2025-11-15T10:44:36.731+0000] {subprocess.py:93} INFO -  ⏩ Atualizando data para 2025-11-14 18:54:15+00:00 ⏩
[2025-11-15T10:44:36.731+0000] {subprocess.py:93} INFO - 2025-11-14 18:54:15+00:00
[2025-11-15T10:44:36.731+0000] {subprocess.py:93} INFO - Extraçao iniciada, aguarde... ⏳
[2025-11-15T10:44:36.731+0000] {subprocess.py:93} INFO -  Nenhuma nova atividade encontrada, finalizando extração ⏳
[2025-11-15T10:44:36.731+0000] {subprocess.py:93} INFO - 2025-11-14 18:54:15+00:00 2025-11-14 18:54:14+00:00 2025-11-14 18:54:14+00:00
[2025-11-15T10:44:36.731+0000] {subprocess.py:93} INFO -  ⏩ Atualizando data para 2025-11-14 18:54:15+00:00 ⏩
[2025-11-15T10:44:36.732+0000] {subprocess.py:93} INFO - 2025-11-14 18:54:15+00:00
[2025-11-15T10:44:36.732+0000] {subprocess.py:93} INFO - Extraçao iniciada, aguarde... ⏳
[2025-11-15T10:44:36.732+0000] {subprocess.py:93} INFO -  Nenhuma nova atividade encontrada, finalizando extração ⏳
[2025-11-15T10:44:36.732+0000] {subprocess.py:93} INFO - 2025-11-14 18:54:15+00:00 2025-11-14 18:54:14+00:00 2025-11-14 18:54:14+00:00
[2025-11-15T10:44:36.732+0000] {subprocess.py:93} INFO -  ⏩ Atualizando data para 2025-11-14 18:54:15+00:00 ⏩
[2025-11-15T10:44:36.732+0000] {subprocess.py:93} INFO - 2025-11-14 18:54:15+00:00
[2025-11-15T10:44:36.733+0000] {subprocess.py:93} INFO - Extraçao iniciada, aguarde... ⏳
[2025-11-15T10:44:36.733+0000] {subprocess.py:93} INFO -  Nenhuma nova atividade encontrada, finalizando extração ⏳
[2025-11-15T10:44:36.733+0000] {subprocess.py:93} INFO - 2025-11-14 18:54:15+00:00 2025-11-14 18:54:14+00:00 2025-11-14 18:54:14+00:00
[2025-11-15T10:44:36.733+0000] {subprocess.py:93} INFO -  ⏩ Atualizando data para 2025-11-14 18:54:15+00:00 ⏩
[2025-11-15T10:44:36.733+0000] {subprocess.py:93} INFO - 2025-11-14 18:54:15+00:00
[2025-11-15T10:44:36.733+0000] {subprocess.py:93} INFO - Extraçao iniciada, aguarde... ⏳
[2025-11-15T10:44:36.733+0000] {subprocess.py:93} INFO -  Nenhuma nova atividade encontrada, finalizando extração ⏳
[2025-11-15T10:44:36.734+0000] {subprocess.py:93} INFO - 2025-11-14 18:54:15+00:00 2025-11-14 18:54:14+00:00 2025-11-14 18:54:14+00:00
[2025-11-15T10:44:36.734+0000] {subprocess.py:93} INFO -  ⏩ Atualizando data para 2025-11-14 18:54:15+00:00 ⏩
[2025-11-15T10:44:36.734+0000] {subprocess.py:93} INFO - 2025-11-14 18:54:15+00:00
[2025-11-15T10:44:36.734+0000] {subprocess.py:93} INFO - Extraçao iniciada, aguarde... ⏳
[2025-11-15T10:44:36.734+0000] {subprocess.py:93} INFO -  Nenhuma nova atividade encontrada, finalizando extração ⏳
[2025-11-15T10:44:36.734+0000] {subprocess.py:93} INFO - 2025-11-14 18:54:15+00:00 2025-11-14 18:54:14+00:00 2025-11-14 18:54:14+00:00
[2025-11-15T10:44:36.734+0000] {subprocess.py:93} INFO -  ⏩ Atualizando data para 2025-11-14 18:54:15+00:00 ⏩
[2025-11-15T10:44:36.734+0000] {subprocess.py:93} INFO - 2025-11-14 18:54:15+00:00
[2025-11-15T10:44:36.735+0000] {subprocess.py:93} INFO - Extraçao iniciada, aguarde... ⏳
[2025-11-15T10:44:36.735+0000] {subprocess.py:93} INFO -  Nenhuma nova atividade encontrada, finalizando extração ⏳
[2025-11-15T10:44:36.735+0000] {subprocess.py:93} INFO - 2025-11-14 18:54:15+00:00 2025-11-14 18:54:14+00:00 2025-11-14 18:54:14+00:00
[2025-11-15T10:44:36.735+0000] {subprocess.py:93} INFO -  ⏩ Atualizando data para 2025-11-14 18:54:15+00:00 ⏩
[2025-11-15T10:44:36.735+0000] {subprocess.py:93} INFO - 2025-11-14 18:54:15+00:00
[2025-11-15T10:44:36.735+0000] {subprocess.py:93} INFO - Extraçao iniciada, aguarde... ⏳
[2025-11-15T10:44:36.735+0000] {subprocess.py:93} INFO -  Nenhuma nova atividade encontrada, finalizando extração ⏳
[2025-11-15T10:44:36.736+0000] {subprocess.py:93} INFO - 2025-11-14 18:54:15+00:00 2025-11-14 18:54:14+00:00 2025-11-14 18:54:14+00:00
[2025-11-15T10:44:36.736+0000] {subprocess.py:93} INFO -  ⏩ Atualizando data para 2025-11-14 18:54:15+00:00 ⏩
[2025-11-15T10:44:36.736+0000] {subprocess.py:93} INFO - 2025-11-14 18:54:15+00:00
[2025-11-15T10:44:36.736+0000] {subprocess.py:93} INFO - Extraçao iniciada, aguarde... ⏳
[2025-11-15T10:44:36.736+0000] {subprocess.py:93} INFO -  Nenhuma nova atividade encontrada, finalizando extração ⏳
[2025-11-15T10:44:36.736+0000] {subprocess.py:93} INFO - 2025-11-14 18:54:15+00:00 2025-11-14 18:54:14+00:00 2025-11-14 18:54:14+00:00
[2025-11-15T10:44:36.736+0000] {subprocess.py:93} INFO -  ⏩ Atualizando data para 2025-11-14 18:54:15+00:00 ⏩
[2025-11-15T10:44:36.736+0000] {subprocess.py:93} INFO - 2025-11-14 18:54:15+00:00
[2025-11-15T10:44:36.737+0000] {subprocess.py:93} INFO - Extraçao iniciada, aguarde... ⏳
[2025-11-15T10:44:36.737+0000] {subprocess.py:93} INFO -  Nenhuma nova atividade encontrada, finalizando extração ⏳
[2025-11-15T10:44:36.737+0000] {subprocess.py:93} INFO - 2025-11-14 18:54:15+00:00 2025-11-14 18:54:14+00:00 2025-11-14 18:54:14+00:00
[2025-11-15T10:44:36.737+0000] {subprocess.py:93} INFO -  ⏩ Atualizando data para 2025-11-14 18:54:15+00:00 ⏩
[2025-11-15T10:44:36.737+0000] {subprocess.py:93} INFO - 2025-11-14 18:54:15+00:00
[2025-11-15T10:44:36.737+0000] {subprocess.py:93} INFO - Extraçao iniciada, aguarde... ⏳
[2025-11-15T10:44:36.737+0000] {subprocess.py:93} INFO -  Nenhuma nova atividade encontrada, finalizando extração ⏳
[2025-11-15T10:44:36.737+0000] {subprocess.py:93} INFO - 2025-11-14 18:54:15+00:00 2025-11-14 18:54:14+00:00 2025-11-14 18:54:14+00:00
[2025-11-15T10:44:36.737+0000] {subprocess.py:93} INFO -  ⏩ Atualizando data para 2025-11-14 18:54:15+00:00 ⏩
[2025-11-15T10:44:36.738+0000] {subprocess.py:93} INFO - 2025-11-14 18:54:15+00:00
[2025-11-15T10:44:36.738+0000] {subprocess.py:93} INFO - Extraçao iniciada, aguarde... ⏳
[2025-11-15T10:44:36.738+0000] {subprocess.py:93} INFO -  Nenhuma nova atividade encontrada, finalizando extração ⏳
[2025-11-15T10:44:36.738+0000] {subprocess.py:93} INFO - 2025-11-14 18:54:15+00:00 2025-11-14 18:54:14+00:00 2025-11-14 18:54:14+00:00
[2025-11-15T10:44:54.237+0000] {subprocess.py:93} INFO -  ⏩ Atualizando data para 2025-11-14 18:54:15+00:00 ⏩
[2025-11-15T10:44:54.240+0000] {subprocess.py:93} INFO - 2025-11-14 18:54:15+00:00
[2025-11-15T10:44:54.240+0000] {subprocess.py:93} INFO - Extraçao iniciada, aguarde... ⏳
[2025-11-15T10:44:54.240+0000] {subprocess.py:93} INFO -  Nenhuma nova atividade encontrada, finalizando extração ⏳
[2025-11-15T10:44:54.241+0000] {subprocess.py:93} INFO - 2025-11-14 18:54:15+00:00 2025-11-14 18:54:14+00:00 2025-11-14 18:54:14+00:00
[2025-11-15T10:44:54.241+0000] {subprocess.py:93} INFO -  ⏩ Atualizando data para 2025-11-14 18:54:15+00:00 ⏩
[2025-11-15T10:44:54.241+0000] {subprocess.py:93} INFO - 2025-11-14 18:54:15+00:00
[2025-11-15T10:44:54.242+0000] {subprocess.py:93} INFO - Extraçao iniciada, aguarde... ⏳
[2025-11-15T10:44:54.242+0000] {subprocess.py:93} INFO -  Nenhuma nova atividade encontrada, finalizando extração ⏳
[2025-11-15T10:44:54.242+0000] {subprocess.py:93} INFO - 2025-11-14 18:54:15+00:00 2025-11-14 18:54:14+00:00 2025-11-14 18:54:14+00:00
[2025-11-15T10:44:54.242+0000] {subprocess.py:93} INFO -  ⏩ Atualizando data para 2025-11-14 18:54:15+00:00 ⏩
[2025-11-15T10:44:54.243+0000] {subprocess.py:93} INFO - 2025-11-14 18:54:15+00:00
[2025-11-15T10:44:54.243+0000] {subprocess.py:93} INFO - Extraçao iniciada, aguarde... ⏳
[2025-11-15T10:44:54.243+0000] {subprocess.py:93} INFO -  Nenhuma nova atividade encontrada, finalizando extração ⏳
[2025-11-15T10:44:54.243+0000] {subprocess.py:93} INFO - 2025-11-14 18:54:15+00:00 2025-11-14 18:54:14+00:00 2025-11-14 18:54:14+00:00
[2025-11-15T10:44:54.244+0000] {subprocess.py:93} INFO -  ⏩ Atualizando data para 2025-11-14 18:54:15+00:00 ⏩
[2025-11-15T10:44:54.244+0000] {subprocess.py:93} INFO - 2025-11-14 18:54:15+00:00
[2025-11-15T10:44:54.244+0000] {subprocess.py:93} INFO - Extraçao iniciada, aguarde... ⏳
[2025-11-15T10:44:54.244+0000] {subprocess.py:93} INFO -  Nenhuma nova atividade encontrada, finalizando extração ⏳
[2025-11-15T10:44:54.245+0000] {subprocess.py:93} INFO - 2025-11-14 18:54:15+00:00 2025-11-14 18:54:14+00:00 2025-11-14 18:54:14+00:00
[2025-11-15T10:44:54.245+0000] {subprocess.py:93} INFO -  ⏩ Atualizando data para 2025-11-14 18:54:15+00:00 ⏩
[2025-11-15T10:44:54.245+0000] {subprocess.py:93} INFO - 2025-11-14 18:54:15+00:00
[2025-11-15T10:44:54.245+0000] {subprocess.py:93} INFO - Extraçao iniciada, aguarde... ⏳
[2025-11-15T10:44:54.245+0000] {subprocess.py:93} INFO -  Nenhuma nova atividade encontrada, finalizando extração ⏳
[2025-11-15T10:44:54.246+0000] {subprocess.py:93} INFO - 2025-11-14 18:54:15+00:00 2025-11-14 18:54:14+00:00 2025-11-14 18:54:14+00:00
[2025-11-15T10:44:54.246+0000] {subprocess.py:93} INFO -  ⏩ Atualizando data para 2025-11-14 18:54:15+00:00 ⏩
[2025-11-15T10:44:54.246+0000] {subprocess.py:93} INFO - 2025-11-14 18:54:15+00:00
[2025-11-15T10:44:54.246+0000] {subprocess.py:93} INFO - Extraçao iniciada, aguarde... ⏳
[2025-11-15T10:44:54.246+0000] {subprocess.py:93} INFO -  Nenhuma nova atividade encontrada, finalizando extração ⏳
[2025-11-15T10:44:54.246+0000] {subprocess.py:93} INFO - 2025-11-14 18:54:15+00:00 2025-11-14 18:54:14+00:00 2025-11-14 18:54:14+00:00
[2025-11-15T10:44:54.247+0000] {subprocess.py:93} INFO -  ⏩ Atualizando data para 2025-11-14 18:54:15+00:00 ⏩
[2025-11-15T10:44:54.247+0000] {subprocess.py:93} INFO - 2025-11-14 18:54:15+00:00
[2025-11-15T10:44:54.247+0000] {subprocess.py:93} INFO - Extraçao iniciada, aguarde... ⏳
[2025-11-15T10:44:54.247+0000] {subprocess.py:93} INFO -  Nenhuma nova atividade encontrada, finalizando extração ⏳
[2025-11-15T10:44:54.247+0000] {subprocess.py:93} INFO - 2025-11-14 18:54:15+00:00 2025-11-14 18:54:14+00:00 2025-11-14 18:54:14+00:00
[2025-11-15T10:44:54.247+0000] {subprocess.py:93} INFO -  ⏩ Atualizando data para 2025-11-14 18:54:15+00:00 ⏩
[2025-11-15T10:44:54.248+0000] {subprocess.py:93} INFO - 2025-11-14 18:54:15+00:00
[2025-11-15T10:44:54.248+0000] {subprocess.py:93} INFO - Extraçao iniciada, aguarde... ⏳
[2025-11-15T10:44:54.248+0000] {subprocess.py:93} INFO -  Nenhuma nova atividade encontrada, finalizando extração ⏳
[2025-11-15T10:44:54.248+0000] {subprocess.py:93} INFO - 2025-11-14 18:54:15+00:00 2025-11-14 18:54:14+00:00 2025-11-14 18:54:14+00:00
[2025-11-15T10:44:54.248+0000] {subprocess.py:93} INFO -  ⏩ Atualizando data para 2025-11-14 18:54:15+00:00 ⏩
[2025-11-15T10:44:54.248+0000] {subprocess.py:93} INFO - 2025-11-14 18:54:15+00:00
[2025-11-15T10:44:54.248+0000] {subprocess.py:93} INFO - Extraçao iniciada, aguarde... ⏳
[2025-11-15T10:44:54.249+0000] {subprocess.py:93} INFO -  Nenhuma nova atividade encontrada, finalizando extração ⏳
[2025-11-15T10:44:54.249+0000] {subprocess.py:93} INFO - 2025-11-14 18:54:15+00:00 2025-11-14 18:54:14+00:00 2025-11-14 18:54:14+00:00
[2025-11-15T10:44:54.249+0000] {subprocess.py:93} INFO -  ⏩ Atualizando data para 2025-11-14 18:54:15+00:00 ⏩
[2025-11-15T10:44:54.249+0000] {subprocess.py:93} INFO - 2025-11-14 18:54:15+00:00
[2025-11-15T10:44:54.249+0000] {subprocess.py:93} INFO - Extraçao iniciada, aguarde... ⏳
[2025-11-15T10:44:54.249+0000] {subprocess.py:93} INFO -  Nenhuma nova atividade encontrada, finalizando extração ⏳
[2025-11-15T10:44:54.250+0000] {subprocess.py:93} INFO - 2025-11-14 18:54:15+00:00 2025-11-14 18:54:14+00:00 2025-11-14 18:54:14+00:00
[2025-11-15T10:44:54.250+0000] {subprocess.py:93} INFO -  ⏩ Atualizando data para 2025-11-14 18:54:15+00:00 ⏩
[2025-11-15T10:44:54.250+0000] {subprocess.py:93} INFO - 2025-11-14 18:54:15+00:00
[2025-11-15T10:44:54.250+0000] {subprocess.py:93} INFO - Extraçao iniciada, aguarde... ⏳
[2025-11-15T10:44:54.250+0000] {subprocess.py:93} INFO -  Nenhuma nova atividade encontrada, finalizando extração ⏳
[2025-11-15T10:44:54.251+0000] {subprocess.py:93} INFO - 2025-11-14 18:54:15+00:00 2025-11-14 18:54:14+00:00 2025-11-14 18:54:14+00:00
[2025-11-15T10:44:54.251+0000] {subprocess.py:93} INFO -  ⏩ Atualizando data para 2025-11-14 18:54:15+00:00 ⏩
[2025-11-15T10:44:54.251+0000] {subprocess.py:93} INFO - 2025-11-14 18:54:15+00:00
[2025-11-15T10:44:54.251+0000] {subprocess.py:93} INFO - Extraçao iniciada, aguarde... ⏳
[2025-11-15T10:44:54.251+0000] {subprocess.py:93} INFO -  Nenhuma nova atividade encontrada, finalizando extração ⏳
[2025-11-15T10:44:54.251+0000] {subprocess.py:93} INFO - 2025-11-14 18:54:15+00:00 2025-11-14 18:54:14+00:00 2025-11-14 18:54:14+00:00
[2025-11-15T10:44:54.251+0000] {subprocess.py:93} INFO -  ⏩ Atualizando data para 2025-11-14 18:54:15+00:00 ⏩
[2025-11-15T10:44:54.251+0000] {subprocess.py:93} INFO - 2025-11-14 18:54:15+00:00
[2025-11-15T10:44:54.252+0000] {subprocess.py:93} INFO - Extraçao iniciada, aguarde... ⏳
[2025-11-15T10:44:54.252+0000] {subprocess.py:93} INFO -  Nenhuma nova atividade encontrada, finalizando extração ⏳
[2025-11-15T10:44:54.252+0000] {subprocess.py:93} INFO - 2025-11-14 18:54:15+00:00 2025-11-14 18:54:14+00:00 2025-11-14 18:54:14+00:00
[2025-11-15T10:44:54.252+0000] {subprocess.py:93} INFO -  ⏩ Atualizando data para 2025-11-14 18:54:15+00:00 ⏩
[2025-11-15T10:44:54.253+0000] {subprocess.py:93} INFO - 2025-11-14 18:54:15+00:00
[2025-11-15T10:44:54.253+0000] {subprocess.py:93} INFO - Extraçao iniciada, aguarde... ⏳
[2025-11-15T10:44:54.260+0000] {subprocess.py:93} INFO -  Nenhuma nova atividade encontrada, finalizando extração ⏳
[2025-11-15T10:44:54.261+0000] {subprocess.py:93} INFO - 2025-11-14 18:54:15+00:00 2025-11-14 18:54:14+00:00 2025-11-14 18:54:14+00:00
[2025-11-15T10:44:54.261+0000] {subprocess.py:93} INFO -  ⏩ Atualizando data para 2025-11-14 18:54:15+00:00 ⏩
[2025-11-15T10:44:54.261+0000] {subprocess.py:93} INFO - 2025-11-14 18:54:15+00:00
[2025-11-15T10:44:54.261+0000] {subprocess.py:93} INFO - Extraçao iniciada, aguarde... ⏳
[2025-11-15T10:44:54.261+0000] {subprocess.py:93} INFO -  Nenhuma nova atividade encontrada, finalizando extração ⏳
[2025-11-15T10:44:54.261+0000] {subprocess.py:93} INFO - 2025-11-14 18:54:15+00:00 2025-11-14 18:54:14+00:00 2025-11-14 18:54:14+00:00
[2025-11-15T10:44:54.262+0000] {subprocess.py:93} INFO -  ⏩ Atualizando data para 2025-11-14 18:54:15+00:00 ⏩
[2025-11-15T10:44:54.262+0000] {subprocess.py:93} INFO - 2025-11-14 18:54:15+00:00
[2025-11-15T10:44:54.262+0000] {subprocess.py:93} INFO - Extraçao iniciada, aguarde... ⏳
[2025-11-15T10:44:54.262+0000] {subprocess.py:93} INFO -  Nenhuma nova atividade encontrada, finalizando extração ⏳
[2025-11-15T10:44:54.262+0000] {subprocess.py:93} INFO - 2025-11-14 18:54:15+00:00 2025-11-14 18:54:14+00:00 2025-11-14 18:54:14+00:00
[2025-11-15T10:44:54.262+0000] {subprocess.py:93} INFO -  ⏩ Atualizando data para 2025-11-14 18:54:15+00:00 ⏩
[2025-11-15T10:44:54.262+0000] {subprocess.py:93} INFO - 2025-11-14 18:54:15+00:00
[2025-11-15T10:44:54.263+0000] {subprocess.py:93} INFO - Extraçao iniciada, aguarde... ⏳
[2025-11-15T10:44:54.263+0000] {subprocess.py:93} INFO -  Nenhuma nova atividade encontrada, finalizando extração ⏳
[2025-11-15T10:44:54.263+0000] {subprocess.py:93} INFO - 2025-11-14 18:54:15+00:00 2025-11-14 18:54:14+00:00 2025-11-14 18:54:14+00:00
[2025-11-15T10:44:54.263+0000] {subprocess.py:93} INFO -  ⏩ Atualizando data para 2025-11-14 18:54:15+00:00 ⏩
[2025-11-15T10:44:54.263+0000] {subprocess.py:93} INFO - 2025-11-14 18:54:15+00:00
[2025-11-15T10:44:54.263+0000] {subprocess.py:93} INFO - Extraçao iniciada, aguarde... ⏳
[2025-11-15T10:44:54.264+0000] {subprocess.py:93} INFO -  Nenhuma nova atividade encontrada, finalizando extração ⏳
[2025-11-15T10:44:54.264+0000] {subprocess.py:93} INFO - 2025-11-14 18:54:15+00:00 2025-11-14 18:54:14+00:00 2025-11-14 18:54:14+00:00
[2025-11-15T10:44:54.264+0000] {subprocess.py:93} INFO -  ⏩ Atualizando data para 2025-11-14 18:54:15+00:00 ⏩
[2025-11-15T10:44:54.264+0000] {subprocess.py:93} INFO - 2025-11-14 18:54:15+00:00
[2025-11-15T10:44:54.264+0000] {subprocess.py:93} INFO - Extraçao iniciada, aguarde... ⏳
[2025-11-15T10:44:54.264+0000] {subprocess.py:93} INFO -  Nenhuma nova atividade encontrada, finalizando extração ⏳
[2025-11-15T10:44:54.264+0000] {subprocess.py:93} INFO - 2025-11-14 18:54:15+00:00 2025-11-14 18:54:14+00:00 2025-11-14 18:54:14+00:00
[2025-11-15T10:44:54.265+0000] {subprocess.py:93} INFO -  ⏩ Atualizando data para 2025-11-14 18:54:15+00:00 ⏩
[2025-11-15T10:44:54.265+0000] {subprocess.py:93} INFO - 2025-11-14 18:54:15+00:00
[2025-11-15T10:44:54.265+0000] {subprocess.py:93} INFO - Extraçao iniciada, aguarde... ⏳
[2025-11-15T10:44:54.265+0000] {subprocess.py:93} INFO -  Nenhuma nova atividade encontrada, finalizando extração ⏳
[2025-11-15T10:44:54.265+0000] {subprocess.py:93} INFO - 2025-11-14 18:54:15+00:00 2025-11-14 18:54:14+00:00 2025-11-14 18:54:14+00:00
[2025-11-15T10:44:54.265+0000] {subprocess.py:93} INFO -  ⏩ Atualizando data para 2025-11-14 18:54:15+00:00 ⏩
[2025-11-15T10:44:54.265+0000] {subprocess.py:93} INFO - 2025-11-14 18:54:15+00:00
[2025-11-15T10:44:54.265+0000] {subprocess.py:93} INFO - Extraçao iniciada, aguarde... ⏳
[2025-11-15T10:44:54.266+0000] {subprocess.py:93} INFO -  Nenhuma nova atividade encontrada, finalizando extração ⏳
[2025-11-15T10:44:54.266+0000] {subprocess.py:93} INFO - 2025-11-14 18:54:15+00:00 2025-11-14 18:54:14+00:00 2025-11-14 18:54:14+00:00
[2025-11-15T10:44:54.266+0000] {subprocess.py:93} INFO -  ⏩ Atualizando data para 2025-11-14 18:54:15+00:00 ⏩
[2025-11-15T10:44:54.266+0000] {subprocess.py:93} INFO - 2025-11-14 18:54:15+00:00
[2025-11-15T10:44:54.266+0000] {subprocess.py:93} INFO - Extraçao iniciada, aguarde... ⏳
[2025-11-15T10:44:54.266+0000] {subprocess.py:93} INFO -  Nenhuma nova atividade encontrada, finalizando extração ⏳
[2025-11-15T10:44:54.267+0000] {subprocess.py:93} INFO - 2025-11-14 18:54:15+00:00 2025-11-14 18:54:14+00:00 2025-11-14 18:54:14+00:00
[2025-11-15T10:44:54.267+0000] {subprocess.py:93} INFO -  ⏩ Atualizando data para 2025-11-14 18:54:15+00:00 ⏩
[2025-11-15T10:44:54.267+0000] {subprocess.py:93} INFO - 2025-11-14 18:54:15+00:00
[2025-11-15T10:44:54.267+0000] {subprocess.py:93} INFO - Extraçao iniciada, aguarde... ⏳
[2025-11-15T10:44:54.267+0000] {subprocess.py:93} INFO -  Nenhuma nova atividade encontrada, finalizando extração ⏳
[2025-11-15T10:44:54.267+0000] {subprocess.py:93} INFO - 2025-11-14 18:54:15+00:00 2025-11-14 18:54:14+00:00 2025-11-14 18:54:14+00:00
[2025-11-15T10:44:54.267+0000] {subprocess.py:93} INFO -  ⏩ Atualizando data para 2025-11-14 18:54:15+00:00 ⏩
[2025-11-15T10:44:54.267+0000] {subprocess.py:93} INFO - 2025-11-14 18:54:15+00:00
[2025-11-15T10:44:54.268+0000] {subprocess.py:93} INFO - Extraçao iniciada, aguarde... ⏳
[2025-11-15T10:44:54.268+0000] {subprocess.py:93} INFO -  Nenhuma nova atividade encontrada, finalizando extração ⏳
[2025-11-15T10:44:54.268+0000] {subprocess.py:93} INFO - 2025-11-14 18:54:15+00:00 2025-11-14 18:54:14+00:00 2025-11-14 18:54:14+00:00
[2025-11-15T10:44:54.268+0000] {subprocess.py:93} INFO -  ⏩ Atualizando data para 2025-11-14 18:54:15+00:00 ⏩
[2025-11-15T10:44:54.268+0000] {subprocess.py:93} INFO - 2025-11-14 18:54:15+00:00
[2025-11-15T10:44:54.268+0000] {subprocess.py:93} INFO - Extraçao iniciada, aguarde... ⏳
[2025-11-15T10:44:54.268+0000] {subprocess.py:93} INFO -  Nenhuma nova atividade encontrada, finalizando extração ⏳
[2025-11-15T10:44:54.269+0000] {subprocess.py:93} INFO - 2025-11-14 18:54:15+00:00 2025-11-14 18:54:14+00:00 2025-11-14 18:54:14+00:00
[2025-11-15T10:44:54.269+0000] {subprocess.py:93} INFO -  ⏩ Atualizando data para 2025-11-14 18:54:15+00:00 ⏩
[2025-11-15T10:44:54.269+0000] {subprocess.py:93} INFO - 2025-11-14 18:54:15+00:00
[2025-11-15T10:44:54.269+0000] {subprocess.py:93} INFO - Extraçao iniciada, aguarde... ⏳
[2025-11-15T10:44:54.269+0000] {subprocess.py:93} INFO -  Nenhuma nova atividade encontrada, finalizando extração ⏳
[2025-11-15T10:44:54.269+0000] {subprocess.py:93} INFO - 2025-11-14 18:54:15+00:00 2025-11-14 18:54:14+00:00 2025-11-14 18:54:14+00:00
[2025-11-15T10:44:54.269+0000] {subprocess.py:93} INFO -  ⏩ Atualizando data para 2025-11-14 18:54:15+00:00 ⏩
[2025-11-15T10:44:54.269+0000] {subprocess.py:93} INFO - 2025-11-14 18:54:15+00:00
[2025-11-15T10:44:54.270+0000] {subprocess.py:93} INFO - Extraçao iniciada, aguarde... ⏳
[2025-11-15T10:44:54.270+0000] {subprocess.py:93} INFO -  Nenhuma nova atividade encontrada, finalizando extração ⏳
[2025-11-15T10:44:54.270+0000] {subprocess.py:93} INFO - 2025-11-14 18:54:15+00:00 2025-11-14 18:54:14+00:00 2025-11-14 18:54:14+00:00
[2025-11-15T10:44:54.270+0000] {subprocess.py:93} INFO -  ⏩ Atualizando data para 2025-11-14 18:54:15+00:00 ⏩
[2025-11-15T10:44:54.270+0000] {subprocess.py:93} INFO - 2025-11-14 18:54:15+00:00
[2025-11-15T10:44:54.270+0000] {subprocess.py:93} INFO - Extraçao iniciada, aguarde... ⏳
[2025-11-15T10:44:54.270+0000] {subprocess.py:93} INFO -  Nenhuma nova atividade encontrada, finalizando extração ⏳
[2025-11-15T10:44:54.270+0000] {subprocess.py:93} INFO - 2025-11-14 18:54:15+00:00 2025-11-14 18:54:14+00:00 2025-11-14 18:54:14+00:00
[2025-11-15T10:44:54.271+0000] {subprocess.py:93} INFO -  ⏩ Atualizando data para 2025-11-14 18:54:15+00:00 ⏩
[2025-11-15T10:44:54.271+0000] {subprocess.py:93} INFO - 2025-11-14 18:54:15+00:00
[2025-11-15T10:44:54.271+0000] {subprocess.py:93} INFO - Extraçao iniciada, aguarde... ⏳
[2025-11-15T10:44:54.271+0000] {subprocess.py:93} INFO -  Nenhuma nova atividade encontrada, finalizando extração ⏳
[2025-11-15T10:44:54.271+0000] {subprocess.py:93} INFO - 2025-11-14 18:54:15+00:00 2025-11-14 18:54:14+00:00 2025-11-14 18:54:14+00:00
[2025-11-15T10:44:54.271+0000] {subprocess.py:93} INFO -  ⏩ Atualizando data para 2025-11-14 18:54:15+00:00 ⏩
[2025-11-15T10:44:54.271+0000] {subprocess.py:93} INFO - 2025-11-14 18:54:15+00:00
[2025-11-15T10:44:54.272+0000] {subprocess.py:93} INFO - Extraçao iniciada, aguarde... ⏳
[2025-11-15T10:44:54.272+0000] {subprocess.py:93} INFO -  Nenhuma nova atividade encontrada, finalizando extração ⏳
[2025-11-15T10:44:54.272+0000] {subprocess.py:93} INFO - 2025-11-14 18:54:15+00:00 2025-11-14 18:54:14+00:00 2025-11-14 18:54:14+00:00
[2025-11-15T10:44:54.272+0000] {subprocess.py:93} INFO -  ⏩ Atualizando data para 2025-11-14 18:54:15+00:00 ⏩
[2025-11-15T10:44:54.272+0000] {subprocess.py:93} INFO - 2025-11-14 18:54:15+00:00
[2025-11-15T10:44:54.272+0000] {subprocess.py:93} INFO - Extraçao iniciada, aguarde... ⏳
[2025-11-15T10:44:54.272+0000] {subprocess.py:93} INFO -  Nenhuma nova atividade encontrada, finalizando extração ⏳
[2025-11-15T10:44:54.272+0000] {subprocess.py:93} INFO - 2025-11-14 18:54:15+00:00 2025-11-14 18:54:14+00:00 2025-11-14 18:54:14+00:00
[2025-11-15T10:44:54.273+0000] {subprocess.py:93} INFO -  ⏩ Atualizando data para 2025-11-14 18:54:15+00:00 ⏩
[2025-11-15T10:44:54.273+0000] {subprocess.py:93} INFO - 2025-11-14 18:54:15+00:00
[2025-11-15T10:44:54.273+0000] {subprocess.py:93} INFO - Extraçao iniciada, aguarde... ⏳
[2025-11-15T10:45:10.602+0000] {subprocess.py:93} INFO -  Nenhuma nova atividade encontrada, finalizando extração ⏳
[2025-11-15T10:45:10.602+0000] {subprocess.py:93} INFO - 2025-11-14 18:54:15+00:00 2025-11-14 18:54:14+00:00 2025-11-14 18:54:14+00:00
[2025-11-15T10:45:10.603+0000] {subprocess.py:93} INFO -  ⏩ Atualizando data para 2025-11-14 18:54:15+00:00 ⏩
[2025-11-15T10:45:10.603+0000] {subprocess.py:93} INFO - 2025-11-14 18:54:15+00:00
[2025-11-15T10:45:10.603+0000] {subprocess.py:93} INFO - Extraçao iniciada, aguarde... ⏳
[2025-11-15T10:45:10.603+0000] {subprocess.py:93} INFO -  Nenhuma nova atividade encontrada, finalizando extração ⏳
[2025-11-15T10:45:10.603+0000] {subprocess.py:93} INFO - 2025-11-14 18:54:15+00:00 2025-11-14 18:54:14+00:00 2025-11-14 18:54:14+00:00
[2025-11-15T10:45:10.604+0000] {subprocess.py:93} INFO -  ⏩ Atualizando data para 2025-11-14 18:54:15+00:00 ⏩
[2025-11-15T10:45:10.604+0000] {subprocess.py:93} INFO - 2025-11-14 18:54:15+00:00
[2025-11-15T10:45:10.604+0000] {subprocess.py:93} INFO - Extraçao iniciada, aguarde... ⏳
[2025-11-15T10:45:10.604+0000] {subprocess.py:93} INFO -  Nenhuma nova atividade encontrada, finalizando extração ⏳
[2025-11-15T10:45:10.604+0000] {subprocess.py:93} INFO - 2025-11-14 18:54:15+00:00 2025-11-14 18:54:14+00:00 2025-11-14 18:54:14+00:00
[2025-11-15T10:45:10.604+0000] {subprocess.py:93} INFO -  ⏩ Atualizando data para 2025-11-14 18:54:15+00:00 ⏩
[2025-11-15T10:45:10.604+0000] {subprocess.py:93} INFO - 2025-11-14 18:54:15+00:00
[2025-11-15T10:45:10.604+0000] {subprocess.py:93} INFO - Extraçao iniciada, aguarde... ⏳
[2025-11-15T10:45:10.605+0000] {subprocess.py:93} INFO -  Nenhuma nova atividade encontrada, finalizando extração ⏳
[2025-11-15T10:45:10.605+0000] {subprocess.py:93} INFO - 2025-11-14 18:54:15+00:00 2025-11-14 18:54:14+00:00 2025-11-14 18:54:14+00:00
[2025-11-15T10:45:10.605+0000] {subprocess.py:93} INFO -  ⏩ Atualizando data para 2025-11-14 18:54:15+00:00 ⏩
[2025-11-15T10:45:10.605+0000] {subprocess.py:93} INFO - 2025-11-14 18:54:15+00:00
[2025-11-15T10:45:10.605+0000] {subprocess.py:93} INFO - Extraçao iniciada, aguarde... ⏳
[2025-11-15T10:45:10.605+0000] {subprocess.py:93} INFO -  Nenhuma nova atividade encontrada, finalizando extração ⏳
[2025-11-15T10:45:10.605+0000] {subprocess.py:93} INFO - 2025-11-14 18:54:15+00:00 2025-11-14 18:54:14+00:00 2025-11-14 18:54:14+00:00
[2025-11-15T10:45:10.606+0000] {subprocess.py:93} INFO -  ⏩ Atualizando data para 2025-11-14 18:54:15+00:00 ⏩
[2025-11-15T10:45:10.606+0000] {subprocess.py:93} INFO - 2025-11-14 18:54:15+00:00
[2025-11-15T10:45:10.606+0000] {subprocess.py:93} INFO - Extraçao iniciada, aguarde... ⏳
[2025-11-15T10:45:10.606+0000] {subprocess.py:93} INFO -  Nenhuma nova atividade encontrada, finalizando extração ⏳
[2025-11-15T10:45:10.606+0000] {subprocess.py:93} INFO - 2025-11-14 18:54:15+00:00 2025-11-14 18:54:14+00:00 2025-11-14 18:54:14+00:00
[2025-11-15T10:45:10.606+0000] {subprocess.py:93} INFO -  ⏩ Atualizando data para 2025-11-14 18:54:15+00:00 ⏩
[2025-11-15T10:45:10.606+0000] {subprocess.py:93} INFO - 2025-11-14 18:54:15+00:00
[2025-11-15T10:45:10.607+0000] {subprocess.py:93} INFO - Extraçao iniciada, aguarde... ⏳
[2025-11-15T10:45:10.607+0000] {subprocess.py:93} INFO -  Nenhuma nova atividade encontrada, finalizando extração ⏳
[2025-11-15T10:45:10.607+0000] {subprocess.py:93} INFO - 2025-11-14 18:54:15+00:00 2025-11-14 18:54:14+00:00 2025-11-14 18:54:14+00:00
[2025-11-15T10:45:10.607+0000] {subprocess.py:93} INFO -  ⏩ Atualizando data para 2025-11-14 18:54:15+00:00 ⏩
[2025-11-15T10:45:10.607+0000] {subprocess.py:93} INFO - 2025-11-14 18:54:15+00:00
[2025-11-15T10:45:10.607+0000] {subprocess.py:93} INFO - Extraçao iniciada, aguarde... ⏳
[2025-11-15T10:45:10.607+0000] {subprocess.py:93} INFO -  Nenhuma nova atividade encontrada, finalizando extração ⏳
[2025-11-15T10:45:10.608+0000] {subprocess.py:93} INFO - 2025-11-14 18:54:15+00:00 2025-11-14 18:54:14+00:00 2025-11-14 18:54:14+00:00
[2025-11-15T10:45:10.608+0000] {subprocess.py:93} INFO -  ⏩ Atualizando data para 2025-11-14 18:54:15+00:00 ⏩
[2025-11-15T10:45:10.608+0000] {subprocess.py:93} INFO - 2025-11-14 18:54:15+00:00
[2025-11-15T10:45:10.608+0000] {subprocess.py:93} INFO - Extraçao iniciada, aguarde... ⏳
[2025-11-15T10:45:10.608+0000] {subprocess.py:93} INFO -  Nenhuma nova atividade encontrada, finalizando extração ⏳
[2025-11-15T10:45:10.608+0000] {subprocess.py:93} INFO - 2025-11-14 18:54:15+00:00 2025-11-14 18:54:14+00:00 2025-11-14 18:54:14+00:00
[2025-11-15T10:45:10.608+0000] {subprocess.py:93} INFO -  ⏩ Atualizando data para 2025-11-14 18:54:15+00:00 ⏩
[2025-11-15T10:45:10.609+0000] {subprocess.py:93} INFO - 2025-11-14 18:54:15+00:00
[2025-11-15T10:45:10.609+0000] {subprocess.py:93} INFO - Extraçao iniciada, aguarde... ⏳
[2025-11-15T10:45:10.609+0000] {subprocess.py:93} INFO -  Nenhuma nova atividade encontrada, finalizando extração ⏳
[2025-11-15T10:45:10.609+0000] {subprocess.py:93} INFO - 2025-11-14 18:54:15+00:00 2025-11-14 18:54:14+00:00 2025-11-14 18:54:14+00:00
[2025-11-15T10:45:10.609+0000] {subprocess.py:93} INFO -  ⏩ Atualizando data para 2025-11-14 18:54:15+00:00 ⏩
[2025-11-15T10:45:10.609+0000] {subprocess.py:93} INFO - 2025-11-14 18:54:15+00:00
[2025-11-15T10:45:10.610+0000] {subprocess.py:93} INFO - Extraçao iniciada, aguarde... ⏳
[2025-11-15T10:45:10.610+0000] {subprocess.py:93} INFO -  Nenhuma nova atividade encontrada, finalizando extração ⏳
[2025-11-15T10:45:10.610+0000] {subprocess.py:93} INFO - 2025-11-14 18:54:15+00:00 2025-11-14 18:54:14+00:00 2025-11-14 18:54:14+00:00
[2025-11-15T10:45:10.610+0000] {subprocess.py:93} INFO -  ⏩ Atualizando data para 2025-11-14 18:54:15+00:00 ⏩
[2025-11-15T10:45:10.610+0000] {subprocess.py:93} INFO - 2025-11-14 18:54:15+00:00
[2025-11-15T10:45:10.610+0000] {subprocess.py:93} INFO - Extraçao iniciada, aguarde... ⏳
[2025-11-15T10:45:10.610+0000] {subprocess.py:93} INFO -  Nenhuma nova atividade encontrada, finalizando extração ⏳
[2025-11-15T10:45:10.611+0000] {subprocess.py:93} INFO - 2025-11-14 18:54:15+00:00 2025-11-14 18:54:14+00:00 2025-11-14 18:54:14+00:00
[2025-11-15T10:45:10.611+0000] {subprocess.py:93} INFO -  ⏩ Atualizando data para 2025-11-14 18:54:15+00:00 ⏩
[2025-11-15T10:45:10.611+0000] {subprocess.py:93} INFO - 2025-11-14 18:54:15+00:00
[2025-11-15T10:45:10.611+0000] {subprocess.py:93} INFO - Extraçao iniciada, aguarde... ⏳
[2025-11-15T10:45:10.611+0000] {subprocess.py:93} INFO -  Nenhuma nova atividade encontrada, finalizando extração ⏳
[2025-11-15T10:45:10.611+0000] {subprocess.py:93} INFO - 2025-11-14 18:54:15+00:00 2025-11-14 18:54:14+00:00 2025-11-14 18:54:14+00:00
[2025-11-15T10:45:10.611+0000] {subprocess.py:93} INFO -  ⏩ Atualizando data para 2025-11-14 18:54:15+00:00 ⏩
[2025-11-15T10:45:10.611+0000] {subprocess.py:93} INFO - 2025-11-14 18:54:15+00:00
[2025-11-15T10:45:10.612+0000] {subprocess.py:93} INFO - Extraçao iniciada, aguarde... ⏳
[2025-11-15T10:45:10.612+0000] {subprocess.py:93} INFO -  Nenhuma nova atividade encontrada, finalizando extração ⏳
[2025-11-15T10:45:10.612+0000] {subprocess.py:93} INFO - 2025-11-14 18:54:15+00:00 2025-11-14 18:54:14+00:00 2025-11-14 18:54:14+00:00
[2025-11-15T10:45:10.612+0000] {subprocess.py:93} INFO -  ⏩ Atualizando data para 2025-11-14 18:54:15+00:00 ⏩
[2025-11-15T10:45:10.612+0000] {subprocess.py:93} INFO - 2025-11-14 18:54:15+00:00
[2025-11-15T10:45:10.612+0000] {subprocess.py:93} INFO - Extraçao iniciada, aguarde... ⏳
[2025-11-15T10:45:10.612+0000] {subprocess.py:93} INFO -  Nenhuma nova atividade encontrada, finalizando extração ⏳
[2025-11-15T10:45:10.613+0000] {subprocess.py:93} INFO - 2025-11-14 18:54:15+00:00 2025-11-14 18:54:14+00:00 2025-11-14 18:54:14+00:00
[2025-11-15T10:45:10.613+0000] {subprocess.py:93} INFO -  ⏩ Atualizando data para 2025-11-14 18:54:15+00:00 ⏩
[2025-11-15T10:45:10.613+0000] {subprocess.py:93} INFO - 2025-11-14 18:54:15+00:00
[2025-11-15T10:45:10.613+0000] {subprocess.py:93} INFO - Extraçao iniciada, aguarde... ⏳
[2025-11-15T10:45:10.613+0000] {subprocess.py:93} INFO -  Nenhuma nova atividade encontrada, finalizando extração ⏳
[2025-11-15T10:45:10.613+0000] {subprocess.py:93} INFO - 2025-11-14 18:54:15+00:00 2025-11-14 18:54:14+00:00 2025-11-14 18:54:14+00:00
[2025-11-15T10:45:10.613+0000] {subprocess.py:93} INFO -  ⏩ Atualizando data para 2025-11-14 18:54:15+00:00 ⏩
[2025-11-15T10:45:10.614+0000] {subprocess.py:93} INFO - 2025-11-14 18:54:15+00:00
[2025-11-15T10:45:10.614+0000] {subprocess.py:93} INFO - Extraçao iniciada, aguarde... ⏳
[2025-11-15T10:45:10.614+0000] {subprocess.py:93} INFO -  Nenhuma nova atividade encontrada, finalizando extração ⏳
[2025-11-15T10:45:10.614+0000] {subprocess.py:93} INFO - 2025-11-14 18:54:15+00:00 2025-11-14 18:54:14+00:00 2025-11-14 18:54:14+00:00
[2025-11-15T10:45:10.614+0000] {subprocess.py:93} INFO -  ⏩ Atualizando data para 2025-11-14 18:54:15+00:00 ⏩
[2025-11-15T10:45:10.614+0000] {subprocess.py:93} INFO - 2025-11-14 18:54:15+00:00
[2025-11-15T10:45:10.614+0000] {subprocess.py:93} INFO - Extraçao iniciada, aguarde... ⏳
[2025-11-15T10:45:10.615+0000] {subprocess.py:93} INFO -  Nenhuma nova atividade encontrada, finalizando extração ⏳
[2025-11-15T10:45:10.615+0000] {subprocess.py:93} INFO - 2025-11-14 18:54:15+00:00 2025-11-14 18:54:14+00:00 2025-11-14 18:54:14+00:00
[2025-11-15T10:45:10.615+0000] {subprocess.py:93} INFO -  ⏩ Atualizando data para 2025-11-14 18:54:15+00:00 ⏩
[2025-11-15T10:45:10.615+0000] {subprocess.py:93} INFO - 2025-11-14 18:54:15+00:00
[2025-11-15T10:45:10.615+0000] {subprocess.py:93} INFO - Extraçao iniciada, aguarde... ⏳
[2025-11-15T10:45:10.615+0000] {subprocess.py:93} INFO -  Nenhuma nova atividade encontrada, finalizando extração ⏳
[2025-11-15T10:45:10.615+0000] {subprocess.py:93} INFO - 2025-11-14 18:54:15+00:00 2025-11-14 18:54:14+00:00 2025-11-14 18:54:14+00:00
[2025-11-15T10:45:10.615+0000] {subprocess.py:93} INFO -  ⏩ Atualizando data para 2025-11-14 18:54:15+00:00 ⏩
[2025-11-15T10:45:10.616+0000] {subprocess.py:93} INFO - 2025-11-14 18:54:15+00:00
[2025-11-15T10:45:10.616+0000] {subprocess.py:93} INFO - Extraçao iniciada, aguarde... ⏳
[2025-11-15T10:45:10.616+0000] {subprocess.py:93} INFO -  Nenhuma nova atividade encontrada, finalizando extração ⏳
[2025-11-15T10:45:10.616+0000] {subprocess.py:93} INFO - 2025-11-14 18:54:15+00:00 2025-11-14 18:54:14+00:00 2025-11-14 18:54:14+00:00
[2025-11-15T10:45:10.616+0000] {subprocess.py:93} INFO -  ⏩ Atualizando data para 2025-11-14 18:54:15+00:00 ⏩
[2025-11-15T10:45:10.616+0000] {subprocess.py:93} INFO - 2025-11-14 18:54:15+00:00
[2025-11-15T10:45:10.616+0000] {subprocess.py:93} INFO - Extraçao iniciada, aguarde... ⏳
[2025-11-15T10:45:10.616+0000] {subprocess.py:93} INFO -  Nenhuma nova atividade encontrada, finalizando extração ⏳
[2025-11-15T10:45:10.617+0000] {subprocess.py:93} INFO - 2025-11-14 18:54:15+00:00 2025-11-14 18:54:14+00:00 2025-11-14 18:54:14+00:00
[2025-11-15T10:45:10.617+0000] {subprocess.py:93} INFO -  ⏩ Atualizando data para 2025-11-14 18:54:15+00:00 ⏩
[2025-11-15T10:45:10.617+0000] {subprocess.py:93} INFO - 2025-11-14 18:54:15+00:00
[2025-11-15T10:45:10.617+0000] {subprocess.py:93} INFO - Extraçao iniciada, aguarde... ⏳
[2025-11-15T10:45:10.617+0000] {subprocess.py:93} INFO -  Nenhuma nova atividade encontrada, finalizando extração ⏳
[2025-11-15T10:45:10.617+0000] {subprocess.py:93} INFO - 2025-11-14 18:54:15+00:00 2025-11-14 18:54:14+00:00 2025-11-14 18:54:14+00:00
[2025-11-15T10:45:10.617+0000] {subprocess.py:93} INFO -  ⏩ Atualizando data para 2025-11-14 18:54:15+00:00 ⏩
[2025-11-15T10:45:10.617+0000] {subprocess.py:93} INFO - 2025-11-14 18:54:15+00:00
[2025-11-15T10:45:10.618+0000] {subprocess.py:93} INFO - Extraçao iniciada, aguarde... ⏳
[2025-11-15T10:45:10.618+0000] {subprocess.py:93} INFO -  Nenhuma nova atividade encontrada, finalizando extração ⏳
[2025-11-15T10:45:10.618+0000] {subprocess.py:93} INFO - 2025-11-14 18:54:15+00:00 2025-11-14 18:54:14+00:00 2025-11-14 18:54:14+00:00
[2025-11-15T10:45:10.618+0000] {subprocess.py:93} INFO -  ⏩ Atualizando data para 2025-11-14 18:54:15+00:00 ⏩
[2025-11-15T10:45:10.618+0000] {subprocess.py:93} INFO - 2025-11-14 18:54:15+00:00
[2025-11-15T10:45:10.618+0000] {subprocess.py:93} INFO - Extraçao iniciada, aguarde... ⏳
[2025-11-15T10:45:10.618+0000] {subprocess.py:93} INFO -  Nenhuma nova atividade encontrada, finalizando extração ⏳
[2025-11-15T10:45:10.619+0000] {subprocess.py:93} INFO - 2025-11-14 18:54:15+00:00 2025-11-14 18:54:14+00:00 2025-11-14 18:54:14+00:00
[2025-11-15T10:45:10.620+0000] {subprocess.py:93} INFO -  ⏩ Atualizando data para 2025-11-14 18:54:15+00:00 ⏩
[2025-11-15T10:45:10.620+0000] {subprocess.py:93} INFO - 2025-11-14 18:54:15+00:00
[2025-11-15T10:45:10.620+0000] {subprocess.py:93} INFO - Extraçao iniciada, aguarde... ⏳
[2025-11-15T10:45:10.620+0000] {subprocess.py:93} INFO -  Nenhuma nova atividade encontrada, finalizando extração ⏳
[2025-11-15T10:45:10.620+0000] {subprocess.py:93} INFO - 2025-11-14 18:54:15+00:00 2025-11-14 18:54:14+00:00 2025-11-14 18:54:14+00:00
[2025-11-15T10:45:10.621+0000] {subprocess.py:93} INFO -  ⏩ Atualizando data para 2025-11-14 18:54:15+00:00 ⏩
[2025-11-15T10:45:10.621+0000] {subprocess.py:93} INFO - 2025-11-14 18:54:15+00:00
[2025-11-15T10:45:10.621+0000] {subprocess.py:93} INFO - Extraçao iniciada, aguarde... ⏳
[2025-11-15T10:45:10.621+0000] {subprocess.py:93} INFO -  Nenhuma nova atividade encontrada, finalizando extração ⏳
[2025-11-15T10:45:10.622+0000] {subprocess.py:93} INFO - 2025-11-14 18:54:15+00:00 2025-11-14 18:54:14+00:00 2025-11-14 18:54:14+00:00
[2025-11-15T10:45:10.622+0000] {subprocess.py:93} INFO -  ⏩ Atualizando data para 2025-11-14 18:54:15+00:00 ⏩
[2025-11-15T10:45:10.622+0000] {subprocess.py:93} INFO - 2025-11-14 18:54:15+00:00
[2025-11-15T10:45:10.622+0000] {subprocess.py:93} INFO - Extraçao iniciada, aguarde... ⏳
[2025-11-15T10:45:10.622+0000] {subprocess.py:93} INFO -  Nenhuma nova atividade encontrada, finalizando extração ⏳
[2025-11-15T10:45:10.622+0000] {subprocess.py:93} INFO - 2025-11-14 18:54:15+00:00 2025-11-14 18:54:14+00:00 2025-11-14 18:54:14+00:00
[2025-11-15T10:45:10.623+0000] {subprocess.py:93} INFO -  ⏩ Atualizando data para 2025-11-14 18:54:15+00:00 ⏩
[2025-11-15T10:45:10.623+0000] {subprocess.py:93} INFO - 2025-11-14 18:54:15+00:00
[2025-11-15T10:45:10.623+0000] {subprocess.py:93} INFO - Extraçao iniciada, aguarde... ⏳
[2025-11-15T10:45:10.623+0000] {subprocess.py:93} INFO -  Nenhuma nova atividade encontrada, finalizando extração ⏳
[2025-11-15T10:45:10.624+0000] {subprocess.py:93} INFO - 2025-11-14 18:54:15+00:00 2025-11-14 18:54:14+00:00 2025-11-14 18:54:14+00:00
[2025-11-15T10:45:10.624+0000] {subprocess.py:93} INFO -  ⏩ Atualizando data para 2025-11-14 18:54:15+00:00 ⏩
[2025-11-15T10:45:10.624+0000] {subprocess.py:93} INFO - 2025-11-14 18:54:15+00:00
[2025-11-15T10:45:10.624+0000] {subprocess.py:93} INFO - Extraçao iniciada, aguarde... ⏳
[2025-11-15T10:45:10.624+0000] {subprocess.py:93} INFO -  Nenhuma nova atividade encontrada, finalizando extração ⏳
[2025-11-15T10:45:10.624+0000] {subprocess.py:93} INFO - 2025-11-14 18:54:15+00:00 2025-11-14 18:54:14+00:00 2025-11-14 18:54:14+00:00
[2025-11-15T10:45:10.625+0000] {subprocess.py:93} INFO -  ⏩ Atualizando data para 2025-11-14 18:54:15+00:00 ⏩
[2025-11-15T10:45:10.625+0000] {subprocess.py:93} INFO - 2025-11-14 18:54:15+00:00
[2025-11-15T10:45:10.625+0000] {subprocess.py:93} INFO - Extraçao iniciada, aguarde... ⏳
[2025-11-15T10:45:10.625+0000] {subprocess.py:93} INFO -  Nenhuma nova atividade encontrada, finalizando extração ⏳
[2025-11-15T10:45:10.625+0000] {subprocess.py:93} INFO - 2025-11-14 18:54:15+00:00 2025-11-14 18:54:14+00:00 2025-11-14 18:54:14+00:00
[2025-11-15T10:45:10.626+0000] {subprocess.py:93} INFO -  ⏩ Atualizando data para 2025-11-14 18:54:15+00:00 ⏩
[2025-11-15T10:45:10.626+0000] {subprocess.py:93} INFO - 2025-11-14 18:54:15+00:00
[2025-11-15T10:45:10.626+0000] {subprocess.py:93} INFO - Extraçao iniciada, aguarde... ⏳
[2025-11-15T10:45:10.626+0000] {subprocess.py:93} INFO -  Nenhuma nova atividade encontrada, finalizando extração ⏳
[2025-11-15T10:45:10.626+0000] {subprocess.py:93} INFO - 2025-11-14 18:54:15+00:00 2025-11-14 18:54:14+00:00 2025-11-14 18:54:14+00:00
[2025-11-15T10:45:10.627+0000] {subprocess.py:93} INFO -  ⏩ Atualizando data para 2025-11-14 18:54:15+00:00 ⏩
[2025-11-15T10:45:10.627+0000] {subprocess.py:93} INFO - 2025-11-14 18:54:15+00:00
[2025-11-15T10:45:10.627+0000] {subprocess.py:93} INFO - Extraçao iniciada, aguarde... ⏳
[2025-11-15T10:45:10.627+0000] {subprocess.py:93} INFO -  Nenhuma nova atividade encontrada, finalizando extração ⏳
[2025-11-15T10:45:29.310+0000] {subprocess.py:93} INFO - 2025-11-14 18:54:15+00:00 2025-11-14 18:54:14+00:00 2025-11-14 18:54:14+00:00
[2025-11-15T10:45:29.311+0000] {subprocess.py:93} INFO -  ⏩ Atualizando data para 2025-11-14 18:54:15+00:00 ⏩
[2025-11-15T10:45:29.311+0000] {subprocess.py:93} INFO - 2025-11-14 18:54:15+00:00
[2025-11-15T10:45:29.312+0000] {subprocess.py:93} INFO - Extraçao iniciada, aguarde... ⏳
[2025-11-15T10:45:29.312+0000] {subprocess.py:93} INFO -  Nenhuma nova atividade encontrada, finalizando extração ⏳
[2025-11-15T10:45:29.312+0000] {subprocess.py:93} INFO - 2025-11-14 18:54:15+00:00 2025-11-14 18:54:14+00:00 2025-11-14 18:54:14+00:00
[2025-11-15T10:45:29.313+0000] {subprocess.py:93} INFO -  ⏩ Atualizando data para 2025-11-14 18:54:15+00:00 ⏩
[2025-11-15T10:45:29.313+0000] {subprocess.py:93} INFO - 2025-11-14 18:54:15+00:00
[2025-11-15T10:45:29.313+0000] {subprocess.py:93} INFO - Extraçao iniciada, aguarde... ⏳
[2025-11-15T10:45:29.313+0000] {subprocess.py:93} INFO -  Nenhuma nova atividade encontrada, finalizando extração ⏳
[2025-11-15T10:45:29.313+0000] {subprocess.py:93} INFO - 2025-11-14 18:54:15+00:00 2025-11-14 18:54:14+00:00 2025-11-14 18:54:14+00:00
[2025-11-15T10:45:29.314+0000] {subprocess.py:93} INFO -  ⏩ Atualizando data para 2025-11-14 18:54:15+00:00 ⏩
[2025-11-15T10:45:29.314+0000] {subprocess.py:93} INFO - 2025-11-14 18:54:15+00:00
[2025-11-15T10:45:29.314+0000] {subprocess.py:93} INFO - Extraçao iniciada, aguarde... ⏳
[2025-11-15T10:45:29.314+0000] {subprocess.py:93} INFO -  Nenhuma nova atividade encontrada, finalizando extração ⏳
[2025-11-15T10:45:29.314+0000] {subprocess.py:93} INFO - 2025-11-14 18:54:15+00:00 2025-11-14 18:54:14+00:00 2025-11-14 18:54:14+00:00
[2025-11-15T10:45:29.314+0000] {subprocess.py:93} INFO -  ⏩ Atualizando data para 2025-11-14 18:54:15+00:00 ⏩
[2025-11-15T10:45:29.315+0000] {subprocess.py:93} INFO - 2025-11-14 18:54:15+00:00
[2025-11-15T10:45:29.315+0000] {subprocess.py:93} INFO - Extraçao iniciada, aguarde... ⏳
[2025-11-15T10:45:29.315+0000] {subprocess.py:93} INFO -  Nenhuma nova atividade encontrada, finalizando extração ⏳
[2025-11-15T10:45:29.315+0000] {subprocess.py:93} INFO - 2025-11-14 18:54:15+00:00 2025-11-14 18:54:14+00:00 2025-11-14 18:54:14+00:00
[2025-11-15T10:45:29.315+0000] {subprocess.py:93} INFO -  ⏩ Atualizando data para 2025-11-14 18:54:15+00:00 ⏩
[2025-11-15T10:45:29.315+0000] {subprocess.py:93} INFO - 2025-11-14 18:54:15+00:00
[2025-11-15T10:45:29.315+0000] {subprocess.py:93} INFO - Extraçao iniciada, aguarde... ⏳
[2025-11-15T10:45:29.316+0000] {subprocess.py:93} INFO -  Nenhuma nova atividade encontrada, finalizando extração ⏳
[2025-11-15T10:45:29.316+0000] {subprocess.py:93} INFO - 2025-11-14 18:54:15+00:00 2025-11-14 18:54:14+00:00 2025-11-14 18:54:14+00:00
[2025-11-15T10:45:29.316+0000] {subprocess.py:93} INFO -  ⏩ Atualizando data para 2025-11-14 18:54:15+00:00 ⏩
[2025-11-15T10:45:29.316+0000] {subprocess.py:93} INFO - 2025-11-14 18:54:15+00:00
[2025-11-15T10:45:29.316+0000] {subprocess.py:93} INFO - Extraçao iniciada, aguarde... ⏳
[2025-11-15T10:45:29.317+0000] {subprocess.py:93} INFO -  Nenhuma nova atividade encontrada, finalizando extração ⏳
[2025-11-15T10:45:29.317+0000] {subprocess.py:93} INFO - 2025-11-14 18:54:15+00:00 2025-11-14 18:54:14+00:00 2025-11-14 18:54:14+00:00
[2025-11-15T10:45:29.317+0000] {subprocess.py:93} INFO -  ⏩ Atualizando data para 2025-11-14 18:54:15+00:00 ⏩
[2025-11-15T10:45:29.317+0000] {subprocess.py:93} INFO - 2025-11-14 18:54:15+00:00
[2025-11-15T10:45:29.317+0000] {subprocess.py:93} INFO - Extraçao iniciada, aguarde... ⏳
[2025-11-15T10:45:29.318+0000] {subprocess.py:93} INFO -  Nenhuma nova atividade encontrada, finalizando extração ⏳
[2025-11-15T10:45:29.318+0000] {subprocess.py:93} INFO - 2025-11-14 18:54:15+00:00 2025-11-14 18:54:14+00:00 2025-11-14 18:54:14+00:00
[2025-11-15T10:45:29.318+0000] {subprocess.py:93} INFO -  ⏩ Atualizando data para 2025-11-14 18:54:15+00:00 ⏩
[2025-11-15T10:45:29.318+0000] {subprocess.py:93} INFO - 2025-11-14 18:54:15+00:00
[2025-11-15T10:45:29.318+0000] {subprocess.py:93} INFO - Extraçao iniciada, aguarde... ⏳
[2025-11-15T10:45:29.319+0000] {subprocess.py:93} INFO -  Nenhuma nova atividade encontrada, finalizando extração ⏳
[2025-11-15T10:45:29.319+0000] {subprocess.py:93} INFO - 2025-11-14 18:54:15+00:00 2025-11-14 18:54:14+00:00 2025-11-14 18:54:14+00:00
[2025-11-15T10:45:29.319+0000] {subprocess.py:93} INFO -  ⏩ Atualizando data para 2025-11-14 18:54:15+00:00 ⏩
[2025-11-15T10:45:29.319+0000] {subprocess.py:93} INFO - 2025-11-14 18:54:15+00:00
[2025-11-15T10:45:29.320+0000] {subprocess.py:93} INFO - Extraçao iniciada, aguarde... ⏳
[2025-11-15T10:45:29.320+0000] {subprocess.py:93} INFO -  Nenhuma nova atividade encontrada, finalizando extração ⏳
[2025-11-15T10:45:29.320+0000] {subprocess.py:93} INFO - 2025-11-14 18:54:15+00:00 2025-11-14 18:54:14+00:00 2025-11-14 18:54:14+00:00
[2025-11-15T10:45:29.320+0000] {subprocess.py:93} INFO -  ⏩ Atualizando data para 2025-11-14 18:54:15+00:00 ⏩
[2025-11-15T10:45:29.320+0000] {subprocess.py:93} INFO - 2025-11-14 18:54:15+00:00
[2025-11-15T10:45:29.320+0000] {subprocess.py:93} INFO - Extraçao iniciada, aguarde... ⏳
[2025-11-15T10:45:29.321+0000] {subprocess.py:93} INFO -  Nenhuma nova atividade encontrada, finalizando extração ⏳
[2025-11-15T10:45:29.321+0000] {subprocess.py:93} INFO - 2025-11-14 18:54:15+00:00 2025-11-14 18:54:14+00:00 2025-11-14 18:54:14+00:00
[2025-11-15T10:45:29.321+0000] {subprocess.py:93} INFO -  ⏩ Atualizando data para 2025-11-14 18:54:15+00:00 ⏩
[2025-11-15T10:45:29.321+0000] {subprocess.py:93} INFO - 2025-11-14 18:54:15+00:00
[2025-11-15T10:45:29.321+0000] {subprocess.py:93} INFO - Extraçao iniciada, aguarde... ⏳
[2025-11-15T10:45:29.321+0000] {subprocess.py:93} INFO -  Nenhuma nova atividade encontrada, finalizando extração ⏳
[2025-11-15T10:45:29.321+0000] {subprocess.py:93} INFO - 2025-11-14 18:54:15+00:00 2025-11-14 18:54:14+00:00 2025-11-14 18:54:14+00:00
[2025-11-15T10:45:29.322+0000] {subprocess.py:93} INFO -  ⏩ Atualizando data para 2025-11-14 18:54:15+00:00 ⏩
[2025-11-15T10:45:29.322+0000] {subprocess.py:93} INFO - 2025-11-14 18:54:15+00:00
[2025-11-15T10:45:29.322+0000] {subprocess.py:93} INFO - Extraçao iniciada, aguarde... ⏳
[2025-11-15T10:45:29.322+0000] {subprocess.py:93} INFO -  Nenhuma nova atividade encontrada, finalizando extração ⏳
[2025-11-15T10:45:29.322+0000] {subprocess.py:93} INFO - 2025-11-14 18:54:15+00:00 2025-11-14 18:54:14+00:00 2025-11-14 18:54:14+00:00
[2025-11-15T10:45:29.322+0000] {subprocess.py:93} INFO -  ⏩ Atualizando data para 2025-11-14 18:54:15+00:00 ⏩
[2025-11-15T10:45:29.323+0000] {subprocess.py:93} INFO - 2025-11-14 18:54:15+00:00
[2025-11-15T10:45:29.323+0000] {subprocess.py:93} INFO - Extraçao iniciada, aguarde... ⏳
[2025-11-15T10:45:29.323+0000] {subprocess.py:93} INFO -  Nenhuma nova atividade encontrada, finalizando extração ⏳
[2025-11-15T10:45:29.323+0000] {subprocess.py:93} INFO - 2025-11-14 18:54:15+00:00 2025-11-14 18:54:14+00:00 2025-11-14 18:54:14+00:00
[2025-11-15T10:45:29.323+0000] {subprocess.py:93} INFO -  ⏩ Atualizando data para 2025-11-14 18:54:15+00:00 ⏩
[2025-11-15T10:45:29.323+0000] {subprocess.py:93} INFO - 2025-11-14 18:54:15+00:00
[2025-11-15T10:45:29.323+0000] {subprocess.py:93} INFO - Extraçao iniciada, aguarde... ⏳
[2025-11-15T10:45:29.324+0000] {subprocess.py:93} INFO -  Nenhuma nova atividade encontrada, finalizando extração ⏳
[2025-11-15T10:45:29.324+0000] {subprocess.py:93} INFO - 2025-11-14 18:54:15+00:00 2025-11-14 18:54:14+00:00 2025-11-14 18:54:14+00:00
[2025-11-15T10:45:29.324+0000] {subprocess.py:93} INFO -  ⏩ Atualizando data para 2025-11-14 18:54:15+00:00 ⏩
[2025-11-15T10:45:29.324+0000] {subprocess.py:93} INFO - 2025-11-14 18:54:15+00:00
[2025-11-15T10:45:29.324+0000] {subprocess.py:93} INFO - Extraçao iniciada, aguarde... ⏳
[2025-11-15T10:45:29.325+0000] {subprocess.py:93} INFO -  Nenhuma nova atividade encontrada, finalizando extração ⏳
[2025-11-15T10:45:29.325+0000] {subprocess.py:93} INFO - 2025-11-14 18:54:15+00:00 2025-11-14 18:54:14+00:00 2025-11-14 18:54:14+00:00
[2025-11-15T10:45:29.325+0000] {subprocess.py:93} INFO -  ⏩ Atualizando data para 2025-11-14 18:54:15+00:00 ⏩
[2025-11-15T10:45:29.325+0000] {subprocess.py:93} INFO - 2025-11-14 18:54:15+00:00
[2025-11-15T10:45:29.326+0000] {subprocess.py:93} INFO - Extraçao iniciada, aguarde... ⏳
[2025-11-15T10:45:29.326+0000] {subprocess.py:93} INFO -  Nenhuma nova atividade encontrada, finalizando extração ⏳
[2025-11-15T10:45:29.326+0000] {subprocess.py:93} INFO - 2025-11-14 18:54:15+00:00 2025-11-14 18:54:14+00:00 2025-11-14 18:54:14+00:00
[2025-11-15T10:45:29.326+0000] {subprocess.py:93} INFO -  ⏩ Atualizando data para 2025-11-14 18:54:15+00:00 ⏩
[2025-11-15T10:45:29.326+0000] {subprocess.py:93} INFO - 2025-11-14 18:54:15+00:00
[2025-11-15T10:45:29.326+0000] {subprocess.py:93} INFO - Extraçao iniciada, aguarde... ⏳
[2025-11-15T10:45:29.327+0000] {subprocess.py:93} INFO -  Nenhuma nova atividade encontrada, finalizando extração ⏳
[2025-11-15T10:45:29.327+0000] {subprocess.py:93} INFO - 2025-11-14 18:54:15+00:00 2025-11-14 18:54:14+00:00 2025-11-14 18:54:14+00:00
[2025-11-15T10:45:29.327+0000] {subprocess.py:93} INFO -  ⏩ Atualizando data para 2025-11-14 18:54:15+00:00 ⏩
[2025-11-15T10:45:29.327+0000] {subprocess.py:93} INFO - 2025-11-14 18:54:15+00:00
[2025-11-15T10:45:29.328+0000] {subprocess.py:93} INFO - Extraçao iniciada, aguarde... ⏳
[2025-11-15T10:45:29.328+0000] {subprocess.py:93} INFO -  Nenhuma nova atividade encontrada, finalizando extração ⏳
[2025-11-15T10:45:29.328+0000] {subprocess.py:93} INFO - 2025-11-14 18:54:15+00:00 2025-11-14 18:54:14+00:00 2025-11-14 18:54:14+00:00
[2025-11-15T10:45:29.328+0000] {subprocess.py:93} INFO -  ⏩ Atualizando data para 2025-11-14 18:54:15+00:00 ⏩
[2025-11-15T10:45:29.329+0000] {subprocess.py:93} INFO - 2025-11-14 18:54:15+00:00
[2025-11-15T10:45:29.329+0000] {subprocess.py:93} INFO - Extraçao iniciada, aguarde... ⏳
[2025-11-15T10:45:29.329+0000] {subprocess.py:93} INFO -  Nenhuma nova atividade encontrada, finalizando extração ⏳
[2025-11-15T10:45:29.329+0000] {subprocess.py:93} INFO - 2025-11-14 18:54:15+00:00 2025-11-14 18:54:14+00:00 2025-11-14 18:54:14+00:00
[2025-11-15T10:45:29.330+0000] {subprocess.py:93} INFO -  ⏩ Atualizando data para 2025-11-14 18:54:15+00:00 ⏩
[2025-11-15T10:45:29.330+0000] {subprocess.py:93} INFO - 2025-11-14 18:54:15+00:00
[2025-11-15T10:45:29.330+0000] {subprocess.py:93} INFO - Extraçao iniciada, aguarde... ⏳
[2025-11-15T10:45:29.330+0000] {subprocess.py:93} INFO -  Nenhuma nova atividade encontrada, finalizando extração ⏳
[2025-11-15T10:45:29.330+0000] {subprocess.py:93} INFO - 2025-11-14 18:54:15+00:00 2025-11-14 18:54:14+00:00 2025-11-14 18:54:14+00:00
[2025-11-15T10:45:29.331+0000] {subprocess.py:93} INFO -  ⏩ Atualizando data para 2025-11-14 18:54:15+00:00 ⏩
[2025-11-15T10:45:29.331+0000] {subprocess.py:93} INFO - 2025-11-14 18:54:15+00:00
[2025-11-15T10:45:29.331+0000] {subprocess.py:93} INFO - Extraçao iniciada, aguarde... ⏳
[2025-11-15T10:45:29.331+0000] {subprocess.py:93} INFO -  Nenhuma nova atividade encontrada, finalizando extração ⏳
[2025-11-15T10:45:29.331+0000] {subprocess.py:93} INFO - 2025-11-14 18:54:15+00:00 2025-11-14 18:54:14+00:00 2025-11-14 18:54:14+00:00
[2025-11-15T10:45:29.332+0000] {subprocess.py:93} INFO -  ⏩ Atualizando data para 2025-11-14 18:54:15+00:00 ⏩
[2025-11-15T10:45:29.332+0000] {subprocess.py:93} INFO - 2025-11-14 18:54:15+00:00
[2025-11-15T10:45:29.332+0000] {subprocess.py:93} INFO - Extraçao iniciada, aguarde... ⏳
[2025-11-15T10:45:29.332+0000] {subprocess.py:93} INFO -  Nenhuma nova atividade encontrada, finalizando extração ⏳
[2025-11-15T10:45:29.332+0000] {subprocess.py:93} INFO - 2025-11-14 18:54:15+00:00 2025-11-14 18:54:14+00:00 2025-11-14 18:54:14+00:00
[2025-11-15T10:45:29.333+0000] {subprocess.py:93} INFO -  ⏩ Atualizando data para 2025-11-14 18:54:15+00:00 ⏩
[2025-11-15T10:45:29.333+0000] {subprocess.py:93} INFO - 2025-11-14 18:54:15+00:00
[2025-11-15T10:45:29.333+0000] {subprocess.py:93} INFO - Extraçao iniciada, aguarde... ⏳
[2025-11-15T10:45:29.333+0000] {subprocess.py:93} INFO -  Nenhuma nova atividade encontrada, finalizando extração ⏳
[2025-11-15T10:45:29.333+0000] {subprocess.py:93} INFO - 2025-11-14 18:54:15+00:00 2025-11-14 18:54:14+00:00 2025-11-14 18:54:14+00:00
[2025-11-15T10:45:29.333+0000] {subprocess.py:93} INFO -  ⏩ Atualizando data para 2025-11-14 18:54:15+00:00 ⏩
[2025-11-15T10:45:29.334+0000] {subprocess.py:93} INFO - 2025-11-14 18:54:15+00:00
[2025-11-15T10:45:29.334+0000] {subprocess.py:93} INFO - Extraçao iniciada, aguarde... ⏳
[2025-11-15T10:45:29.334+0000] {subprocess.py:93} INFO -  Nenhuma nova atividade encontrada, finalizando extração ⏳
[2025-11-15T10:45:29.334+0000] {subprocess.py:93} INFO - 2025-11-14 18:54:15+00:00 2025-11-14 18:54:14+00:00 2025-11-14 18:54:14+00:00
[2025-11-15T10:45:29.334+0000] {subprocess.py:93} INFO -  ⏩ Atualizando data para 2025-11-14 18:54:15+00:00 ⏩
[2025-11-15T10:45:29.334+0000] {subprocess.py:93} INFO - 2025-11-14 18:54:15+00:00
[2025-11-15T10:45:29.334+0000] {subprocess.py:93} INFO - Extraçao iniciada, aguarde... ⏳
[2025-11-15T10:45:29.335+0000] {subprocess.py:93} INFO -  Nenhuma nova atividade encontrada, finalizando extração ⏳
[2025-11-15T10:45:29.335+0000] {subprocess.py:93} INFO - 2025-11-14 18:54:15+00:00 2025-11-14 18:54:14+00:00 2025-11-14 18:54:14+00:00
[2025-11-15T10:45:29.335+0000] {subprocess.py:93} INFO -  ⏩ Atualizando data para 2025-11-14 18:54:15+00:00 ⏩
[2025-11-15T10:45:29.335+0000] {subprocess.py:93} INFO - 2025-11-14 18:54:15+00:00
[2025-11-15T10:45:29.335+0000] {subprocess.py:93} INFO - Extraçao iniciada, aguarde... ⏳
[2025-11-15T10:45:29.335+0000] {subprocess.py:93} INFO -  Nenhuma nova atividade encontrada, finalizando extração ⏳
[2025-11-15T10:45:29.335+0000] {subprocess.py:93} INFO - 2025-11-14 18:54:15+00:00 2025-11-14 18:54:14+00:00 2025-11-14 18:54:14+00:00
[2025-11-15T10:45:29.336+0000] {subprocess.py:93} INFO -  ⏩ Atualizando data para 2025-11-14 18:54:15+00:00 ⏩
[2025-11-15T10:45:29.336+0000] {subprocess.py:93} INFO - 2025-11-14 18:54:15+00:00
[2025-11-15T10:45:29.336+0000] {subprocess.py:93} INFO - Extraçao iniciada, aguarde... ⏳
[2025-11-15T10:45:29.336+0000] {subprocess.py:93} INFO -  Nenhuma nova atividade encontrada, finalizando extração ⏳
[2025-11-15T10:45:29.336+0000] {subprocess.py:93} INFO - 2025-11-14 18:54:15+00:00 2025-11-14 18:54:14+00:00 2025-11-14 18:54:14+00:00
[2025-11-15T10:45:29.336+0000] {subprocess.py:93} INFO -  ⏩ Atualizando data para 2025-11-14 18:54:15+00:00 ⏩
[2025-11-15T10:45:29.336+0000] {subprocess.py:93} INFO - 2025-11-14 18:54:15+00:00
[2025-11-15T10:45:29.337+0000] {subprocess.py:93} INFO - Extraçao iniciada, aguarde... ⏳
[2025-11-15T10:45:29.337+0000] {subprocess.py:93} INFO -  Nenhuma nova atividade encontrada, finalizando extração ⏳
[2025-11-15T10:45:29.337+0000] {subprocess.py:93} INFO - 2025-11-14 18:54:15+00:00 2025-11-14 18:54:14+00:00 2025-11-14 18:54:14+00:00
[2025-11-15T10:45:29.337+0000] {subprocess.py:93} INFO -  ⏩ Atualizando data para 2025-11-14 18:54:15+00:00 ⏩
[2025-11-15T10:45:29.337+0000] {subprocess.py:93} INFO - 2025-11-14 18:54:15+00:00
[2025-11-15T10:45:29.337+0000] {subprocess.py:93} INFO - Extraçao iniciada, aguarde... ⏳
[2025-11-15T10:45:29.337+0000] {subprocess.py:93} INFO -  Nenhuma nova atividade encontrada, finalizando extração ⏳
[2025-11-15T10:45:29.337+0000] {subprocess.py:93} INFO - 2025-11-14 18:54:15+00:00 2025-11-14 18:54:14+00:00 2025-11-14 18:54:14+00:00
[2025-11-15T10:45:29.338+0000] {subprocess.py:93} INFO -  ⏩ Atualizando data para 2025-11-14 18:54:15+00:00 ⏩
[2025-11-15T10:45:29.338+0000] {subprocess.py:93} INFO - 2025-11-14 18:54:15+00:00
[2025-11-15T10:45:29.338+0000] {subprocess.py:93} INFO - Extraçao iniciada, aguarde... ⏳
[2025-11-15T10:45:29.338+0000] {subprocess.py:93} INFO -  Nenhuma nova atividade encontrada, finalizando extração ⏳
[2025-11-15T10:45:29.338+0000] {subprocess.py:93} INFO - 2025-11-14 18:54:15+00:00 2025-11-14 18:54:14+00:00 2025-11-14 18:54:14+00:00
[2025-11-15T10:45:29.338+0000] {subprocess.py:93} INFO -  ⏩ Atualizando data para 2025-11-14 18:54:15+00:00 ⏩
[2025-11-15T10:45:29.338+0000] {subprocess.py:93} INFO - 2025-11-14 18:54:15+00:00
[2025-11-15T10:45:29.339+0000] {subprocess.py:93} INFO - Extraçao iniciada, aguarde... ⏳
[2025-11-15T10:45:29.339+0000] {subprocess.py:93} INFO -  Nenhuma nova atividade encontrada, finalizando extração ⏳
[2025-11-15T10:45:29.339+0000] {subprocess.py:93} INFO - 2025-11-14 18:54:15+00:00 2025-11-14 18:54:14+00:00 2025-11-14 18:54:14+00:00
[2025-11-15T10:45:29.339+0000] {subprocess.py:93} INFO -  ⏩ Atualizando data para 2025-11-14 18:54:15+00:00 ⏩
[2025-11-15T10:45:29.339+0000] {subprocess.py:93} INFO - 2025-11-14 18:54:15+00:00
[2025-11-15T10:45:50.675+0000] {subprocess.py:93} INFO - Extraçao iniciada, aguarde... ⏳
[2025-11-15T10:45:50.677+0000] {subprocess.py:93} INFO -  Nenhuma nova atividade encontrada, finalizando extração ⏳
[2025-11-15T10:45:50.677+0000] {subprocess.py:93} INFO - 2025-11-14 18:54:15+00:00 2025-11-14 18:54:14+00:00 2025-11-14 18:54:14+00:00
[2025-11-15T10:45:50.677+0000] {subprocess.py:93} INFO -  ⏩ Atualizando data para 2025-11-14 18:54:15+00:00 ⏩
[2025-11-15T10:45:50.677+0000] {subprocess.py:93} INFO - 2025-11-14 18:54:15+00:00
[2025-11-15T10:45:50.677+0000] {subprocess.py:93} INFO - Extraçao iniciada, aguarde... ⏳
[2025-11-15T10:45:50.678+0000] {subprocess.py:93} INFO -  Nenhuma nova atividade encontrada, finalizando extração ⏳
[2025-11-15T10:45:50.678+0000] {subprocess.py:93} INFO - 2025-11-14 18:54:15+00:00 2025-11-14 18:54:14+00:00 2025-11-14 18:54:14+00:00
[2025-11-15T10:45:50.678+0000] {subprocess.py:93} INFO -  ⏩ Atualizando data para 2025-11-14 18:54:15+00:00 ⏩
[2025-11-15T10:45:50.678+0000] {subprocess.py:93} INFO - 2025-11-14 18:54:15+00:00
[2025-11-15T10:45:50.678+0000] {subprocess.py:93} INFO - Extraçao iniciada, aguarde... ⏳
[2025-11-15T10:45:50.678+0000] {subprocess.py:93} INFO -  Nenhuma nova atividade encontrada, finalizando extração ⏳
[2025-11-15T10:45:50.678+0000] {subprocess.py:93} INFO - 2025-11-14 18:54:15+00:00 2025-11-14 18:54:14+00:00 2025-11-14 18:54:14+00:00
[2025-11-15T10:45:50.678+0000] {subprocess.py:93} INFO -  ⏩ Atualizando data para 2025-11-14 18:54:15+00:00 ⏩
[2025-11-15T10:45:50.679+0000] {subprocess.py:93} INFO - 2025-11-14 18:54:15+00:00
[2025-11-15T10:45:50.679+0000] {subprocess.py:93} INFO - Extraçao iniciada, aguarde... ⏳
[2025-11-15T10:45:50.679+0000] {subprocess.py:93} INFO -  Nenhuma nova atividade encontrada, finalizando extração ⏳
[2025-11-15T10:45:50.679+0000] {subprocess.py:93} INFO - 2025-11-14 18:54:15+00:00 2025-11-14 18:54:14+00:00 2025-11-14 18:54:14+00:00
[2025-11-15T10:45:50.679+0000] {subprocess.py:93} INFO -  ⏩ Atualizando data para 2025-11-14 18:54:15+00:00 ⏩
[2025-11-15T10:45:50.679+0000] {subprocess.py:93} INFO - 2025-11-14 18:54:15+00:00
[2025-11-15T10:45:50.679+0000] {subprocess.py:93} INFO - Extraçao iniciada, aguarde... ⏳
[2025-11-15T10:45:50.680+0000] {subprocess.py:93} INFO -  Nenhuma nova atividade encontrada, finalizando extração ⏳
[2025-11-15T10:45:50.680+0000] {subprocess.py:93} INFO - 2025-11-14 18:54:15+00:00 2025-11-14 18:54:14+00:00 2025-11-14 18:54:14+00:00
[2025-11-15T10:45:50.680+0000] {subprocess.py:93} INFO -  ⏩ Atualizando data para 2025-11-14 18:54:15+00:00 ⏩
[2025-11-15T10:45:50.680+0000] {subprocess.py:93} INFO - 2025-11-14 18:54:15+00:00
[2025-11-15T10:45:50.680+0000] {subprocess.py:93} INFO - Extraçao iniciada, aguarde... ⏳
[2025-11-15T10:45:50.680+0000] {subprocess.py:93} INFO -  Nenhuma nova atividade encontrada, finalizando extração ⏳
[2025-11-15T10:45:50.680+0000] {subprocess.py:93} INFO - 2025-11-14 18:54:15+00:00 2025-11-14 18:54:14+00:00 2025-11-14 18:54:14+00:00
[2025-11-15T10:45:50.680+0000] {subprocess.py:93} INFO -  ⏩ Atualizando data para 2025-11-14 18:54:15+00:00 ⏩
[2025-11-15T10:45:50.681+0000] {subprocess.py:93} INFO - 2025-11-14 18:54:15+00:00
[2025-11-15T10:45:50.681+0000] {subprocess.py:93} INFO - Extraçao iniciada, aguarde... ⏳
[2025-11-15T10:45:50.681+0000] {subprocess.py:93} INFO -  Nenhuma nova atividade encontrada, finalizando extração ⏳
[2025-11-15T10:45:50.681+0000] {subprocess.py:93} INFO - 2025-11-14 18:54:15+00:00 2025-11-14 18:54:14+00:00 2025-11-14 18:54:14+00:00
[2025-11-15T10:45:50.681+0000] {subprocess.py:93} INFO -  ⏩ Atualizando data para 2025-11-14 18:54:15+00:00 ⏩
[2025-11-15T10:45:50.681+0000] {subprocess.py:93} INFO - 2025-11-14 18:54:15+00:00
[2025-11-15T10:45:50.681+0000] {subprocess.py:93} INFO - Extraçao iniciada, aguarde... ⏳
[2025-11-15T10:45:50.681+0000] {subprocess.py:93} INFO -  Nenhuma nova atividade encontrada, finalizando extração ⏳
[2025-11-15T10:45:50.682+0000] {subprocess.py:93} INFO - 2025-11-14 18:54:15+00:00 2025-11-14 18:54:14+00:00 2025-11-14 18:54:14+00:00
[2025-11-15T10:45:50.682+0000] {subprocess.py:93} INFO -  ⏩ Atualizando data para 2025-11-14 18:54:15+00:00 ⏩
[2025-11-15T10:45:50.682+0000] {subprocess.py:93} INFO - 2025-11-14 18:54:15+00:00
[2025-11-15T10:45:50.682+0000] {subprocess.py:93} INFO - Extraçao iniciada, aguarde... ⏳
[2025-11-15T10:45:50.682+0000] {subprocess.py:93} INFO -  Nenhuma nova atividade encontrada, finalizando extração ⏳
[2025-11-15T10:45:50.682+0000] {subprocess.py:93} INFO - 2025-11-14 18:54:15+00:00 2025-11-14 18:54:14+00:00 2025-11-14 18:54:14+00:00
[2025-11-15T10:45:50.682+0000] {subprocess.py:93} INFO -  ⏩ Atualizando data para 2025-11-14 18:54:15+00:00 ⏩
[2025-11-15T10:45:50.683+0000] {subprocess.py:93} INFO - 2025-11-14 18:54:15+00:00
[2025-11-15T10:45:50.683+0000] {subprocess.py:93} INFO - Extraçao iniciada, aguarde... ⏳
[2025-11-15T10:45:50.683+0000] {subprocess.py:93} INFO -  Nenhuma nova atividade encontrada, finalizando extração ⏳
[2025-11-15T10:45:50.683+0000] {subprocess.py:93} INFO - 2025-11-14 18:54:15+00:00 2025-11-14 18:54:14+00:00 2025-11-14 18:54:14+00:00
[2025-11-15T10:45:50.683+0000] {subprocess.py:93} INFO -  ⏩ Atualizando data para 2025-11-14 18:54:15+00:00 ⏩
[2025-11-15T10:45:50.683+0000] {subprocess.py:93} INFO - 2025-11-14 18:54:15+00:00
[2025-11-15T10:45:50.683+0000] {subprocess.py:93} INFO - Extraçao iniciada, aguarde... ⏳
[2025-11-15T10:45:50.683+0000] {subprocess.py:93} INFO -  Nenhuma nova atividade encontrada, finalizando extração ⏳
[2025-11-15T10:45:50.684+0000] {subprocess.py:93} INFO - 2025-11-14 18:54:15+00:00 2025-11-14 18:54:14+00:00 2025-11-14 18:54:14+00:00
[2025-11-15T10:45:50.684+0000] {subprocess.py:93} INFO -  ⏩ Atualizando data para 2025-11-14 18:54:15+00:00 ⏩
[2025-11-15T10:45:50.684+0000] {subprocess.py:93} INFO - 2025-11-14 18:54:15+00:00
[2025-11-15T10:45:50.684+0000] {subprocess.py:93} INFO - Extraçao iniciada, aguarde... ⏳
[2025-11-15T10:45:50.684+0000] {subprocess.py:93} INFO -  Nenhuma nova atividade encontrada, finalizando extração ⏳
[2025-11-15T10:45:50.684+0000] {subprocess.py:93} INFO - 2025-11-14 18:54:15+00:00 2025-11-14 18:54:14+00:00 2025-11-14 18:54:14+00:00
[2025-11-15T10:45:50.684+0000] {subprocess.py:93} INFO -  ⏩ Atualizando data para 2025-11-14 18:54:15+00:00 ⏩
[2025-11-15T10:45:50.684+0000] {subprocess.py:93} INFO - 2025-11-14 18:54:15+00:00
[2025-11-15T10:45:50.685+0000] {subprocess.py:93} INFO - Extraçao iniciada, aguarde... ⏳
[2025-11-15T10:45:50.685+0000] {subprocess.py:93} INFO -  Nenhuma nova atividade encontrada, finalizando extração ⏳
[2025-11-15T10:45:50.685+0000] {subprocess.py:93} INFO - 2025-11-14 18:54:15+00:00 2025-11-14 18:54:14+00:00 2025-11-14 18:54:14+00:00
[2025-11-15T10:45:50.685+0000] {subprocess.py:93} INFO -  ⏩ Atualizando data para 2025-11-14 18:54:15+00:00 ⏩
[2025-11-15T10:45:50.685+0000] {subprocess.py:93} INFO - 2025-11-14 18:54:15+00:00
[2025-11-15T10:45:50.685+0000] {subprocess.py:93} INFO - Extraçao iniciada, aguarde... ⏳
[2025-11-15T10:45:50.685+0000] {subprocess.py:93} INFO -  Nenhuma nova atividade encontrada, finalizando extração ⏳
[2025-11-15T10:45:50.686+0000] {subprocess.py:93} INFO - 2025-11-14 18:54:15+00:00 2025-11-14 18:54:14+00:00 2025-11-14 18:54:14+00:00
[2025-11-15T10:45:50.686+0000] {subprocess.py:93} INFO -  ⏩ Atualizando data para 2025-11-14 18:54:15+00:00 ⏩
[2025-11-15T10:45:50.686+0000] {subprocess.py:93} INFO - 2025-11-14 18:54:15+00:00
[2025-11-15T10:45:50.686+0000] {subprocess.py:93} INFO - Extraçao iniciada, aguarde... ⏳
[2025-11-15T10:45:50.686+0000] {subprocess.py:93} INFO -  Nenhuma nova atividade encontrada, finalizando extração ⏳
[2025-11-15T10:45:50.686+0000] {subprocess.py:93} INFO - 2025-11-14 18:54:15+00:00 2025-11-14 18:54:14+00:00 2025-11-14 18:54:14+00:00
[2025-11-15T10:45:50.686+0000] {subprocess.py:93} INFO -  ⏩ Atualizando data para 2025-11-14 18:54:15+00:00 ⏩
[2025-11-15T10:45:50.686+0000] {subprocess.py:93} INFO - 2025-11-14 18:54:15+00:00
[2025-11-15T10:45:50.687+0000] {subprocess.py:93} INFO - Extraçao iniciada, aguarde... ⏳
[2025-11-15T10:45:50.687+0000] {subprocess.py:93} INFO -  Nenhuma nova atividade encontrada, finalizando extração ⏳
[2025-11-15T10:45:50.687+0000] {subprocess.py:93} INFO - 2025-11-14 18:54:15+00:00 2025-11-14 18:54:14+00:00 2025-11-14 18:54:14+00:00
[2025-11-15T10:45:50.687+0000] {subprocess.py:93} INFO -  ⏩ Atualizando data para 2025-11-14 18:54:15+00:00 ⏩
[2025-11-15T10:45:50.687+0000] {subprocess.py:93} INFO - 2025-11-14 18:54:15+00:00
[2025-11-15T10:45:50.687+0000] {subprocess.py:93} INFO - Extraçao iniciada, aguarde... ⏳
[2025-11-15T10:45:50.687+0000] {subprocess.py:93} INFO -  Nenhuma nova atividade encontrada, finalizando extração ⏳
[2025-11-15T10:45:50.688+0000] {subprocess.py:93} INFO - 2025-11-14 18:54:15+00:00 2025-11-14 18:54:14+00:00 2025-11-14 18:54:14+00:00
[2025-11-15T10:45:50.688+0000] {subprocess.py:93} INFO -  ⏩ Atualizando data para 2025-11-14 18:54:15+00:00 ⏩
[2025-11-15T10:45:50.688+0000] {subprocess.py:93} INFO - 2025-11-14 18:54:15+00:00
[2025-11-15T10:45:50.688+0000] {subprocess.py:93} INFO - Extraçao iniciada, aguarde... ⏳
[2025-11-15T10:45:50.688+0000] {subprocess.py:93} INFO -  Nenhuma nova atividade encontrada, finalizando extração ⏳
[2025-11-15T10:45:50.688+0000] {subprocess.py:93} INFO - 2025-11-14 18:54:15+00:00 2025-11-14 18:54:14+00:00 2025-11-14 18:54:14+00:00
[2025-11-15T10:45:50.688+0000] {subprocess.py:93} INFO -  ⏩ Atualizando data para 2025-11-14 18:54:15+00:00 ⏩
[2025-11-15T10:45:50.688+0000] {subprocess.py:93} INFO - 2025-11-14 18:54:15+00:00
[2025-11-15T10:45:50.689+0000] {subprocess.py:93} INFO - Extraçao iniciada, aguarde... ⏳
[2025-11-15T10:45:50.689+0000] {subprocess.py:93} INFO -  Nenhuma nova atividade encontrada, finalizando extração ⏳
[2025-11-15T10:45:50.689+0000] {subprocess.py:93} INFO - 2025-11-14 18:54:15+00:00 2025-11-14 18:54:14+00:00 2025-11-14 18:54:14+00:00
[2025-11-15T10:45:50.689+0000] {subprocess.py:93} INFO -  ⏩ Atualizando data para 2025-11-14 18:54:15+00:00 ⏩
[2025-11-15T10:45:50.689+0000] {subprocess.py:93} INFO - 2025-11-14 18:54:15+00:00
[2025-11-15T10:45:50.689+0000] {subprocess.py:93} INFO - Extraçao iniciada, aguarde... ⏳
[2025-11-15T10:45:50.689+0000] {subprocess.py:93} INFO -  Nenhuma nova atividade encontrada, finalizando extração ⏳
[2025-11-15T10:45:50.690+0000] {subprocess.py:93} INFO - 2025-11-14 18:54:15+00:00 2025-11-14 18:54:14+00:00 2025-11-14 18:54:14+00:00
[2025-11-15T10:45:50.690+0000] {subprocess.py:93} INFO -  ⏩ Atualizando data para 2025-11-14 18:54:15+00:00 ⏩
[2025-11-15T10:45:50.690+0000] {subprocess.py:93} INFO - 2025-11-14 18:54:15+00:00
[2025-11-15T10:45:50.690+0000] {subprocess.py:93} INFO - Extraçao iniciada, aguarde... ⏳
[2025-11-15T10:45:50.690+0000] {subprocess.py:93} INFO -  Nenhuma nova atividade encontrada, finalizando extração ⏳
[2025-11-15T10:45:50.690+0000] {subprocess.py:93} INFO - 2025-11-14 18:54:15+00:00 2025-11-14 18:54:14+00:00 2025-11-14 18:54:14+00:00
[2025-11-15T10:45:50.690+0000] {subprocess.py:93} INFO -  ⏩ Atualizando data para 2025-11-14 18:54:15+00:00 ⏩
[2025-11-15T10:45:50.690+0000] {subprocess.py:93} INFO - 2025-11-14 18:54:15+00:00
[2025-11-15T10:45:50.691+0000] {subprocess.py:93} INFO - Extraçao iniciada, aguarde... ⏳
[2025-11-15T10:45:50.691+0000] {subprocess.py:93} INFO -  Nenhuma nova atividade encontrada, finalizando extração ⏳
[2025-11-15T10:45:50.691+0000] {subprocess.py:93} INFO - 2025-11-14 18:54:15+00:00 2025-11-14 18:54:14+00:00 2025-11-14 18:54:14+00:00
[2025-11-15T10:45:50.691+0000] {subprocess.py:93} INFO -  ⏩ Atualizando data para 2025-11-14 18:54:15+00:00 ⏩
[2025-11-15T10:45:50.691+0000] {subprocess.py:93} INFO - 2025-11-14 18:54:15+00:00
[2025-11-15T10:45:50.691+0000] {subprocess.py:93} INFO - Extraçao iniciada, aguarde... ⏳
[2025-11-15T10:45:50.691+0000] {subprocess.py:93} INFO -  Nenhuma nova atividade encontrada, finalizando extração ⏳
[2025-11-15T10:45:50.692+0000] {subprocess.py:93} INFO - 2025-11-14 18:54:15+00:00 2025-11-14 18:54:14+00:00 2025-11-14 18:54:14+00:00
[2025-11-15T10:45:50.692+0000] {subprocess.py:93} INFO -  ⏩ Atualizando data para 2025-11-14 18:54:15+00:00 ⏩
[2025-11-15T10:45:50.692+0000] {subprocess.py:93} INFO - 2025-11-14 18:54:15+00:00
[2025-11-15T10:45:50.692+0000] {subprocess.py:93} INFO - Extraçao iniciada, aguarde... ⏳
[2025-11-15T10:45:50.692+0000] {subprocess.py:93} INFO -  Nenhuma nova atividade encontrada, finalizando extração ⏳
[2025-11-15T10:45:50.692+0000] {subprocess.py:93} INFO - 2025-11-14 18:54:15+00:00 2025-11-14 18:54:14+00:00 2025-11-14 18:54:14+00:00
[2025-11-15T10:45:50.692+0000] {subprocess.py:93} INFO -  ⏩ Atualizando data para 2025-11-14 18:54:15+00:00 ⏩
[2025-11-15T10:45:50.692+0000] {subprocess.py:93} INFO - 2025-11-14 18:54:15+00:00
[2025-11-15T10:45:50.693+0000] {subprocess.py:93} INFO - Extraçao iniciada, aguarde... ⏳
[2025-11-15T10:45:50.693+0000] {subprocess.py:93} INFO -  Nenhuma nova atividade encontrada, finalizando extração ⏳
[2025-11-15T10:45:50.693+0000] {subprocess.py:93} INFO - 2025-11-14 18:54:15+00:00 2025-11-14 18:54:14+00:00 2025-11-14 18:54:14+00:00
[2025-11-15T10:45:50.693+0000] {subprocess.py:93} INFO -  ⏩ Atualizando data para 2025-11-14 18:54:15+00:00 ⏩
[2025-11-15T10:45:50.693+0000] {subprocess.py:93} INFO - 2025-11-14 18:54:15+00:00
[2025-11-15T10:45:50.693+0000] {subprocess.py:93} INFO - Extraçao iniciada, aguarde... ⏳
[2025-11-15T10:45:50.693+0000] {subprocess.py:93} INFO -  Nenhuma nova atividade encontrada, finalizando extração ⏳
[2025-11-15T10:45:50.693+0000] {subprocess.py:93} INFO - 2025-11-14 18:54:15+00:00 2025-11-14 18:54:14+00:00 2025-11-14 18:54:14+00:00
[2025-11-15T10:45:50.694+0000] {subprocess.py:93} INFO -  ⏩ Atualizando data para 2025-11-14 18:54:15+00:00 ⏩
[2025-11-15T10:45:50.694+0000] {subprocess.py:93} INFO - 2025-11-14 18:54:15+00:00
[2025-11-15T10:45:50.694+0000] {subprocess.py:93} INFO - Extraçao iniciada, aguarde... ⏳
[2025-11-15T10:45:50.694+0000] {subprocess.py:93} INFO -  Nenhuma nova atividade encontrada, finalizando extração ⏳
[2025-11-15T10:45:50.694+0000] {subprocess.py:93} INFO - 2025-11-14 18:54:15+00:00 2025-11-14 18:54:14+00:00 2025-11-14 18:54:14+00:00
[2025-11-15T10:45:50.694+0000] {subprocess.py:93} INFO -  ⏩ Atualizando data para 2025-11-14 18:54:15+00:00 ⏩
[2025-11-15T10:45:50.694+0000] {subprocess.py:93} INFO - 2025-11-14 18:54:15+00:00
[2025-11-15T10:45:50.695+0000] {subprocess.py:93} INFO - Extraçao iniciada, aguarde... ⏳
[2025-11-15T10:45:50.695+0000] {subprocess.py:93} INFO -  Nenhuma nova atividade encontrada, finalizando extração ⏳
[2025-11-15T10:45:50.695+0000] {subprocess.py:93} INFO - 2025-11-14 18:54:15+00:00 2025-11-14 18:54:14+00:00 2025-11-14 18:54:14+00:00
[2025-11-15T10:45:50.695+0000] {subprocess.py:93} INFO -  ⏩ Atualizando data para 2025-11-14 18:54:15+00:00 ⏩
[2025-11-15T10:45:50.695+0000] {subprocess.py:93} INFO - 2025-11-14 18:54:15+00:00
[2025-11-15T10:45:50.695+0000] {subprocess.py:93} INFO - Extraçao iniciada, aguarde... ⏳
[2025-11-15T10:45:50.695+0000] {subprocess.py:93} INFO -  Nenhuma nova atividade encontrada, finalizando extração ⏳
[2025-11-15T10:45:50.696+0000] {subprocess.py:93} INFO - 2025-11-14 18:54:15+00:00 2025-11-14 18:54:14+00:00 2025-11-14 18:54:14+00:00
[2025-11-15T10:45:50.696+0000] {subprocess.py:93} INFO -  ⏩ Atualizando data para 2025-11-14 18:54:15+00:00 ⏩
[2025-11-15T10:45:50.696+0000] {subprocess.py:93} INFO - 2025-11-14 18:54:15+00:00
[2025-11-15T10:45:50.696+0000] {subprocess.py:93} INFO - Extraçao iniciada, aguarde... ⏳
[2025-11-15T10:45:50.696+0000] {subprocess.py:93} INFO -  Nenhuma nova atividade encontrada, finalizando extração ⏳
[2025-11-15T10:45:50.696+0000] {subprocess.py:93} INFO - 2025-11-14 18:54:15+00:00 2025-11-14 18:54:14+00:00 2025-11-14 18:54:14+00:00
[2025-11-15T10:45:50.696+0000] {subprocess.py:93} INFO -  ⏩ Atualizando data para 2025-11-14 18:54:15+00:00 ⏩
[2025-11-15T10:45:50.696+0000] {subprocess.py:93} INFO - 2025-11-14 18:54:15+00:00
[2025-11-15T10:45:50.697+0000] {subprocess.py:93} INFO - Extraçao iniciada, aguarde... ⏳
[2025-11-15T10:45:50.697+0000] {subprocess.py:93} INFO -  Nenhuma nova atividade encontrada, finalizando extração ⏳
[2025-11-15T10:45:50.697+0000] {subprocess.py:93} INFO - 2025-11-14 18:54:15+00:00 2025-11-14 18:54:14+00:00 2025-11-14 18:54:14+00:00
[2025-11-15T10:45:50.697+0000] {subprocess.py:93} INFO -  ⏩ Atualizando data para 2025-11-14 18:54:15+00:00 ⏩
[2025-11-15T10:45:50.697+0000] {subprocess.py:93} INFO - 2025-11-14 18:54:15+00:00
[2025-11-15T10:45:50.697+0000] {subprocess.py:93} INFO - Extraçao iniciada, aguarde... ⏳
[2025-11-15T10:45:50.697+0000] {subprocess.py:93} INFO -  Nenhuma nova atividade encontrada, finalizando extração ⏳
[2025-11-15T10:46:38.725+0000] {local_task_job_runner.py:313} WARNING - State of this instance has been externally set to failed. Terminating instance.
[2025-11-15T10:46:38.729+0000] {local_task_job_runner.py:222} INFO - ::endgroup::
[2025-11-15T10:46:38.731+0000] {process_utils.py:132} INFO - Sending 15 to group 265. PIDs of all processes in the group: [268, 265]
[2025-11-15T10:46:38.731+0000] {process_utils.py:87} INFO - Sending the signal 15 to group 265
[2025-11-15T10:46:38.733+0000] {taskinstance.py:2611} ERROR - Received SIGTERM. Terminating subprocesses.
[2025-11-15T10:46:38.735+0000] {subprocess.py:104} INFO - Sending SIGTERM signal to process group
[2025-11-15T10:46:38.736+0000] {taskinstance.py:441} INFO - ::group::Post task execution logs
[2025-11-15T10:46:38.787+0000] {process_utils.py:80} INFO - Process psutil.Process(pid=265, status='terminated', exitcode=0, started='10:44:16') (265) terminated with exit code 0
[2025-11-15T10:46:38.788+0000] {process_utils.py:80} INFO - Process psutil.Process(pid=268, status='terminated', started='10:44:17') (268) terminated with exit code None
