[2025-11-16T03:00:01.026+0000] {local_task_job_runner.py:120} INFO - ::group::Pre task execution logs
[2025-11-16T03:00:01.056+0000] {taskinstance.py:2076} INFO - Dependencies all met for dep_context=non-requeueable deps ti=<TaskInstance: etl_strava_user_profile.extract_bronze_user scheduled__2025-11-15T03:00:00+00:00 [queued]>
[2025-11-16T03:00:01.061+0000] {taskinstance.py:2076} INFO - Dependencies all met for dep_context=requeueable deps ti=<TaskInstance: etl_strava_user_profile.extract_bronze_user scheduled__2025-11-15T03:00:00+00:00 [queued]>
[2025-11-16T03:00:01.062+0000] {taskinstance.py:2306} INFO - Starting attempt 1 of 2
[2025-11-16T03:00:01.081+0000] {taskinstance.py:2330} INFO - Executing <Task(BashOperator): extract_bronze_user> on 2025-11-15 03:00:00+00:00
[2025-11-16T03:00:01.090+0000] {standard_task_runner.py:90} INFO - Running: ['***', 'tasks', 'run', 'etl_strava_user_profile', 'extract_bronze_user', 'scheduled__2025-11-15T03:00:00+00:00', '--job-id', '328', '--raw', '--subdir', 'DAGS_FOLDER/pipeline_strava_user.py', '--cfg-path', '/tmp/tmpg08ubjan']
[2025-11-16T03:00:01.093+0000] {standard_task_runner.py:91} INFO - Job 328: Subtask extract_bronze_user
[2025-11-16T03:00:01.093+0000] {logging_mixin.py:188} WARNING - /home/***/.local/lib/python3.12/site-packages/***/task/task_runner/standard_task_runner.py:62 DeprecationWarning: This process (pid=6184) is multi-threaded, use of fork() may lead to deadlocks in the child.
[2025-11-16T03:00:01.093+0000] {standard_task_runner.py:64} INFO - Started process 6188 to run task
[2025-11-16T03:00:01.154+0000] {task_command.py:426} INFO - Running <TaskInstance: etl_strava_user_profile.extract_bronze_user scheduled__2025-11-15T03:00:00+00:00 [running]> on host 729d1077952c
[2025-11-16T03:00:01.317+0000] {taskinstance.py:2648} INFO - Exporting env vars: AIRFLOW_CTX_DAG_OWNER='rayane' AIRFLOW_CTX_DAG_ID='etl_strava_user_profile' AIRFLOW_CTX_TASK_ID='extract_bronze_user' AIRFLOW_CTX_EXECUTION_DATE='2025-11-15T03:00:00+00:00' AIRFLOW_CTX_TRY_NUMBER='1' AIRFLOW_CTX_DAG_RUN_ID='scheduled__2025-11-15T03:00:00+00:00'
[2025-11-16T03:00:01.318+0000] {taskinstance.py:430} INFO - ::endgroup::
[2025-11-16T03:00:01.337+0000] {subprocess.py:63} INFO - Tmp dir root location: /tmp
[2025-11-16T03:00:01.339+0000] {subprocess.py:75} INFO - Running command: ['/usr/bin/bash', '-c', 'python  /opt/***/apps/extract_api_strava_user.py']
[2025-11-16T03:00:01.349+0000] {subprocess.py:86} INFO - Output:
[2025-11-16T03:00:04.172+0000] {subprocess.py:93} INFO -  ⏳ Token expirado, atualizando... ⏳
[2025-11-16T03:00:04.173+0000] {subprocess.py:93} INFO -   ⚠️   O novo token expira em: 2025-11-16 05:39:51
[2025-11-16T03:00:04.174+0000] {subprocess.py:93} INFO - ✅ Credenciaiss Autenticadas
[2025-11-16T03:00:04.174+0000] {subprocess.py:93} INFO - ✅ Sem dados alterados
[2025-11-16T03:00:04.298+0000] {subprocess.py:97} INFO - Command exited with return code 0
[2025-11-16T03:00:04.299+0000] {taskinstance.py:441} INFO - ::group::Post task execution logs
[2025-11-16T03:00:04.325+0000] {taskinstance.py:1206} INFO - Marking task as SUCCESS. dag_id=etl_strava_user_profile, task_id=extract_bronze_user, run_id=scheduled__2025-11-15T03:00:00+00:00, execution_date=20251115T030000, start_date=20251116T030001, end_date=20251116T030004
[2025-11-16T03:00:04.340+0000] {local_task_job_runner.py:243} INFO - Task exited with return code 0
[2025-11-16T03:00:04.358+0000] {taskinstance.py:3503} INFO - 0 downstream tasks scheduled from follow-on schedule check
[2025-11-16T03:00:04.359+0000] {local_task_job_runner.py:222} INFO - ::endgroup::
