[2025-11-19T17:05:48.988+0000] {local_task_job_runner.py:120} INFO - ::group::Pre task execution logs
[2025-11-19T17:05:49.021+0000] {taskinstance.py:2076} INFO - Dependencies all met for dep_context=non-requeueable deps ti=<TaskInstance: etl_strava_activities.extract_silver_activities manual__2025-11-19T17:05:40.592631+00:00 [queued]>
[2025-11-19T17:05:49.028+0000] {taskinstance.py:2076} INFO - Dependencies all met for dep_context=requeueable deps ti=<TaskInstance: etl_strava_activities.extract_silver_activities manual__2025-11-19T17:05:40.592631+00:00 [queued]>
[2025-11-19T17:05:49.028+0000] {taskinstance.py:2306} INFO - Starting attempt 1 of 2
[2025-11-19T17:05:49.037+0000] {taskinstance.py:2330} INFO - Executing <Task(BashOperator): extract_silver_activities> on 2025-11-19 17:05:40.592631+00:00
[2025-11-19T17:05:49.043+0000] {standard_task_runner.py:90} INFO - Running: ['***', 'tasks', 'run', 'etl_strava_activities', 'extract_silver_activities', 'manual__2025-11-19T17:05:40.592631+00:00', '--job-id', '141', '--raw', '--subdir', 'DAGS_FOLDER/pipeline_strava_activities.py', '--cfg-path', '/tmp/tmp2j_curdb']
[2025-11-19T17:05:49.045+0000] {standard_task_runner.py:91} INFO - Job 141: Subtask extract_silver_activities
[2025-11-19T17:05:49.046+0000] {logging_mixin.py:188} WARNING - /home/***/.local/lib/python3.12/site-packages/***/task/task_runner/standard_task_runner.py:62 DeprecationWarning: This process (pid=4667) is multi-threaded, use of fork() may lead to deadlocks in the child.
[2025-11-19T17:05:49.046+0000] {standard_task_runner.py:64} INFO - Started process 4668 to run task
[2025-11-19T17:05:49.087+0000] {task_command.py:426} INFO - Running <TaskInstance: etl_strava_activities.extract_silver_activities manual__2025-11-19T17:05:40.592631+00:00 [running]> on host c0ed16a56df2
[2025-11-19T17:05:49.156+0000] {taskinstance.py:2648} INFO - Exporting env vars: AIRFLOW_CTX_DAG_OWNER='rayane' AIRFLOW_CTX_DAG_ID='etl_strava_activities' AIRFLOW_CTX_TASK_ID='extract_silver_activities' AIRFLOW_CTX_EXECUTION_DATE='2025-11-19T17:05:40.592631+00:00' AIRFLOW_CTX_TRY_NUMBER='1' AIRFLOW_CTX_DAG_RUN_ID='manual__2025-11-19T17:05:40.592631+00:00'
[2025-11-19T17:05:49.156+0000] {taskinstance.py:430} INFO - ::endgroup::
[2025-11-19T17:05:49.170+0000] {subprocess.py:63} INFO - Tmp dir root location: /tmp
[2025-11-19T17:05:49.172+0000] {subprocess.py:75} INFO - Running command: ['/usr/bin/bash', '-c', 'python /opt/***/apps/02-silver/extract-bronze-to-silver-strava-activities.py']
[2025-11-19T17:05:49.185+0000] {subprocess.py:86} INFO - Output:
[2025-11-19T17:05:52.301+0000] {subprocess.py:93} INFO - Usando o arquivo de variaveis em: /opt/***/apps/.env
[2025-11-19T17:05:52.302+0000] {subprocess.py:93} INFO - silver-strava-user-activities-parquet
[2025-11-19T17:05:52.303+0000] {subprocess.py:93} INFO - Esvaziando bucket sulver para full load
[2025-11-19T17:05:52.304+0000] {subprocess.py:93} INFO - 🗑️ Removido: 2021/07/atividades_2021-07.parquet
[2025-11-19T17:05:52.304+0000] {subprocess.py:93} INFO - 🗑️ Removido: 2021/10/atividades_2021-10.parquet
[2025-11-19T17:05:52.305+0000] {subprocess.py:93} INFO - 🗑️ Removido: 2021/11/atividades_2021-11.parquet
[2025-11-19T17:05:52.315+0000] {subprocess.py:93} INFO - 🗑️ Removido: 2022/04/atividades_2022-04.parquet
[2025-11-19T17:05:52.317+0000] {subprocess.py:93} INFO - 🗑️ Removido: 2022/05/atividades_2022-05.parquet
[2025-11-19T17:05:52.318+0000] {subprocess.py:93} INFO - 🗑️ Removido: 2022/06/atividades_2022-06.parquet
[2025-11-19T17:05:52.318+0000] {subprocess.py:93} INFO - 🗑️ Removido: 2022/07/atividades_2022-07.parquet
[2025-11-19T17:05:52.318+0000] {subprocess.py:93} INFO - 🗑️ Removido: 2022/08/atividades_2022-08.parquet
[2025-11-19T17:05:52.319+0000] {subprocess.py:93} INFO - 🗑️ Removido: 2022/10/atividades_2022-10.parquet
[2025-11-19T17:05:52.319+0000] {subprocess.py:93} INFO - 🗑️ Removido: 2022/11/atividades_2022-11.parquet
[2025-11-19T17:05:52.320+0000] {subprocess.py:93} INFO - 🗑️ Removido: 2023/01/atividades_2023-01.parquet
[2025-11-19T17:05:52.321+0000] {subprocess.py:93} INFO - 🗑️ Removido: 2023/02/atividades_2023-02.parquet
[2025-11-19T17:05:52.321+0000] {subprocess.py:93} INFO - 🗑️ Removido: 2023/03/atividades_2023-03.parquet
[2025-11-19T17:05:52.322+0000] {subprocess.py:93} INFO - 🗑️ Removido: 2023/04/atividades_2023-04.parquet
[2025-11-19T17:05:52.322+0000] {subprocess.py:93} INFO - 🗑️ Removido: 2023/05/atividades_2023-05.parquet
[2025-11-19T17:05:52.323+0000] {subprocess.py:93} INFO - 🗑️ Removido: 2023/06/atividades_2023-06.parquet
[2025-11-19T17:05:52.323+0000] {subprocess.py:93} INFO - 🗑️ Removido: 2023/07/atividades_2023-07.parquet
[2025-11-19T17:05:52.323+0000] {subprocess.py:93} INFO - 🗑️ Removido: 2023/08/atividades_2023-08.parquet
[2025-11-19T17:05:52.324+0000] {subprocess.py:93} INFO - 🗑️ Removido: 2023/09/atividades_2023-09.parquet
[2025-11-19T17:05:52.324+0000] {subprocess.py:93} INFO - 🗑️ Removido: 2023/10/atividades_2023-10.parquet
[2025-11-19T17:05:52.325+0000] {subprocess.py:93} INFO - 🗑️ Removido: 2024/02/atividades_2024-02.parquet
[2025-11-19T17:05:52.325+0000] {subprocess.py:93} INFO - 🗑️ Removido: 2024/03/atividades_2024-03.parquet
[2025-11-19T17:05:52.325+0000] {subprocess.py:93} INFO - 🗑️ Removido: 2024/04/atividades_2024-04.parquet
[2025-11-19T17:05:52.326+0000] {subprocess.py:93} INFO - 🗑️ Removido: 2024/05/atividades_2024-05.parquet
[2025-11-19T17:05:52.327+0000] {subprocess.py:93} INFO - 🗑️ Removido: 2024/06/atividades_2024-06.parquet
[2025-11-19T17:05:52.327+0000] {subprocess.py:93} INFO - 🗑️ Removido: 2024/07/atividades_2024-07.parquet
[2025-11-19T17:05:52.328+0000] {subprocess.py:93} INFO - 🗑️ Removido: 2024/08/atividades_2024-08.parquet
[2025-11-19T17:05:52.328+0000] {subprocess.py:93} INFO - 🗑️ Removido: 2024/09/atividades_2024-09.parquet
[2025-11-19T17:05:52.329+0000] {subprocess.py:93} INFO - 🗑️ Removido: 2024/10/atividades_2024-10.parquet
[2025-11-19T17:05:52.329+0000] {subprocess.py:93} INFO - 🗑️ Removido: 2024/11/atividades_2024-11.parquet
[2025-11-19T17:05:52.329+0000] {subprocess.py:93} INFO - 🗑️ Removido: 2024/12/atividades_2024-12.parquet
[2025-11-19T17:05:52.330+0000] {subprocess.py:93} INFO - 🗑️ Removido: 2025/01/atividades_2025-01.parquet
[2025-11-19T17:05:52.331+0000] {subprocess.py:93} INFO - 🗑️ Removido: 2025/02/atividades_2025-02.parquet
[2025-11-19T17:05:52.331+0000] {subprocess.py:93} INFO - 🗑️ Removido: 2025/03/atividades_2025-03.parquet
[2025-11-19T17:05:52.332+0000] {subprocess.py:93} INFO - 🗑️ Removido: 2025/04/atividades_2025-04.parquet
[2025-11-19T17:05:52.332+0000] {subprocess.py:93} INFO - 🗑️ Removido: 2025/05/atividades_2025-05.parquet
[2025-11-19T17:05:52.333+0000] {subprocess.py:93} INFO - 🗑️ Removido: 2025/06/atividades_2025-06.parquet
[2025-11-19T17:05:52.334+0000] {subprocess.py:93} INFO - 🗑️ Removido: 2025/07/atividades_2025-07.parquet
[2025-11-19T17:05:52.334+0000] {subprocess.py:93} INFO - 🗑️ Removido: 2025/08/atividades_2025-08.parquet
[2025-11-19T17:05:52.335+0000] {subprocess.py:93} INFO - 🗑️ Removido: 2025/09/atividades_2025-09.parquet
[2025-11-19T17:05:52.336+0000] {subprocess.py:93} INFO - 🗑️ Removido: 2025/10/atividades_2025-10.parquet
[2025-11-19T17:05:52.337+0000] {subprocess.py:93} INFO - 🗑️ Removido: 2025/11/atividades_2025-11.parquet
[2025-11-19T17:05:52.337+0000] {subprocess.py:93} INFO - ✅ Bucket esvaziado: silver-strava-user-activities-parquet
[2025-11-19T17:05:52.337+0000] {subprocess.py:93} INFO - 🔁 Deduplicados: 6 removidos
[2025-11-19T17:05:52.338+0000] {subprocess.py:93} INFO - Valores únicos de mês na Silver: ['07' '10' '11' '04' '05' '06' '08' '01' '02' '03' '09' '12']
[2025-11-19T17:05:52.339+0000] {subprocess.py:93} INFO - 📁 Gravando partição ano=2021, mes='07'
[2025-11-19T17:05:52.339+0000] {subprocess.py:93} INFO - 📦 Salvo na silver: silver-strava-user-activities-parquet/2021/07/atividades_2021-07.parquet
[2025-11-19T17:05:52.340+0000] {subprocess.py:93} INFO - 📁 Gravando partição ano=2021, mes='10'
[2025-11-19T17:05:52.341+0000] {subprocess.py:93} INFO - 📦 Salvo na silver: silver-strava-user-activities-parquet/2021/10/atividades_2021-10.parquet
[2025-11-19T17:05:52.341+0000] {subprocess.py:93} INFO - 📁 Gravando partição ano=2021, mes='11'
[2025-11-19T17:05:52.342+0000] {subprocess.py:93} INFO - 📦 Salvo na silver: silver-strava-user-activities-parquet/2021/11/atividades_2021-11.parquet
[2025-11-19T17:05:52.342+0000] {subprocess.py:93} INFO - 📁 Gravando partição ano=2022, mes='04'
[2025-11-19T17:05:52.343+0000] {subprocess.py:93} INFO - 📦 Salvo na silver: silver-strava-user-activities-parquet/2022/04/atividades_2022-04.parquet
[2025-11-19T17:05:52.343+0000] {subprocess.py:93} INFO - 📁 Gravando partição ano=2022, mes='05'
[2025-11-19T17:05:52.343+0000] {subprocess.py:93} INFO - 📦 Salvo na silver: silver-strava-user-activities-parquet/2022/05/atividades_2022-05.parquet
[2025-11-19T17:05:52.344+0000] {subprocess.py:93} INFO - 📁 Gravando partição ano=2022, mes='06'
[2025-11-19T17:05:52.344+0000] {subprocess.py:93} INFO - 📦 Salvo na silver: silver-strava-user-activities-parquet/2022/06/atividades_2022-06.parquet
[2025-11-19T17:05:52.345+0000] {subprocess.py:93} INFO - 📁 Gravando partição ano=2022, mes='07'
[2025-11-19T17:05:52.346+0000] {subprocess.py:93} INFO - 📦 Salvo na silver: silver-strava-user-activities-parquet/2022/07/atividades_2022-07.parquet
[2025-11-19T17:05:52.346+0000] {subprocess.py:93} INFO - 📁 Gravando partição ano=2022, mes='08'
[2025-11-19T17:05:52.346+0000] {subprocess.py:93} INFO - 📦 Salvo na silver: silver-strava-user-activities-parquet/2022/08/atividades_2022-08.parquet
[2025-11-19T17:05:52.347+0000] {subprocess.py:93} INFO - 📁 Gravando partição ano=2022, mes='10'
[2025-11-19T17:05:52.347+0000] {subprocess.py:93} INFO - 📦 Salvo na silver: silver-strava-user-activities-parquet/2022/10/atividades_2022-10.parquet
[2025-11-19T17:05:52.348+0000] {subprocess.py:93} INFO - 📁 Gravando partição ano=2022, mes='11'
[2025-11-19T17:05:52.348+0000] {subprocess.py:93} INFO - 📦 Salvo na silver: silver-strava-user-activities-parquet/2022/11/atividades_2022-11.parquet
[2025-11-19T17:05:52.349+0000] {subprocess.py:93} INFO - 📁 Gravando partição ano=2023, mes='01'
[2025-11-19T17:05:52.349+0000] {subprocess.py:93} INFO - 📦 Salvo na silver: silver-strava-user-activities-parquet/2023/01/atividades_2023-01.parquet
[2025-11-19T17:05:52.349+0000] {subprocess.py:93} INFO - 📁 Gravando partição ano=2023, mes='02'
[2025-11-19T17:05:52.349+0000] {subprocess.py:93} INFO - 📦 Salvo na silver: silver-strava-user-activities-parquet/2023/02/atividades_2023-02.parquet
[2025-11-19T17:05:52.350+0000] {subprocess.py:93} INFO - 📁 Gravando partição ano=2023, mes='03'
[2025-11-19T17:05:52.350+0000] {subprocess.py:93} INFO - 📦 Salvo na silver: silver-strava-user-activities-parquet/2023/03/atividades_2023-03.parquet
[2025-11-19T17:05:52.350+0000] {subprocess.py:93} INFO - 📁 Gravando partição ano=2023, mes='04'
[2025-11-19T17:05:52.350+0000] {subprocess.py:93} INFO - 📦 Salvo na silver: silver-strava-user-activities-parquet/2023/04/atividades_2023-04.parquet
[2025-11-19T17:05:52.350+0000] {subprocess.py:93} INFO - 📁 Gravando partição ano=2023, mes='05'
[2025-11-19T17:05:52.351+0000] {subprocess.py:93} INFO - 📦 Salvo na silver: silver-strava-user-activities-parquet/2023/05/atividades_2023-05.parquet
[2025-11-19T17:05:52.351+0000] {subprocess.py:93} INFO - 📁 Gravando partição ano=2023, mes='06'
[2025-11-19T17:05:52.351+0000] {subprocess.py:93} INFO - 📦 Salvo na silver: silver-strava-user-activities-parquet/2023/06/atividades_2023-06.parquet
[2025-11-19T17:05:52.351+0000] {subprocess.py:93} INFO - 📁 Gravando partição ano=2023, mes='07'
[2025-11-19T17:05:52.351+0000] {subprocess.py:93} INFO - 📦 Salvo na silver: silver-strava-user-activities-parquet/2023/07/atividades_2023-07.parquet
[2025-11-19T17:05:52.352+0000] {subprocess.py:93} INFO - 📁 Gravando partição ano=2023, mes='08'
[2025-11-19T17:05:52.352+0000] {subprocess.py:93} INFO - 📦 Salvo na silver: silver-strava-user-activities-parquet/2023/08/atividades_2023-08.parquet
[2025-11-19T17:05:52.352+0000] {subprocess.py:93} INFO - 📁 Gravando partição ano=2023, mes='09'
[2025-11-19T17:05:52.352+0000] {subprocess.py:93} INFO - 📦 Salvo na silver: silver-strava-user-activities-parquet/2023/09/atividades_2023-09.parquet
[2025-11-19T17:05:52.352+0000] {subprocess.py:93} INFO - 📁 Gravando partição ano=2023, mes='10'
[2025-11-19T17:05:52.353+0000] {subprocess.py:93} INFO - 📦 Salvo na silver: silver-strava-user-activities-parquet/2023/10/atividades_2023-10.parquet
[2025-11-19T17:05:52.353+0000] {subprocess.py:93} INFO - 📁 Gravando partição ano=2024, mes='02'
[2025-11-19T17:05:52.353+0000] {subprocess.py:93} INFO - 📦 Salvo na silver: silver-strava-user-activities-parquet/2024/02/atividades_2024-02.parquet
[2025-11-19T17:05:52.353+0000] {subprocess.py:93} INFO - 📁 Gravando partição ano=2024, mes='03'
[2025-11-19T17:05:52.353+0000] {subprocess.py:93} INFO - 📦 Salvo na silver: silver-strava-user-activities-parquet/2024/03/atividades_2024-03.parquet
[2025-11-19T17:05:52.354+0000] {subprocess.py:93} INFO - 📁 Gravando partição ano=2024, mes='04'
[2025-11-19T17:05:52.354+0000] {subprocess.py:93} INFO - 📦 Salvo na silver: silver-strava-user-activities-parquet/2024/04/atividades_2024-04.parquet
[2025-11-19T17:05:52.354+0000] {subprocess.py:93} INFO - 📁 Gravando partição ano=2024, mes='05'
[2025-11-19T17:05:52.355+0000] {subprocess.py:93} INFO - 📦 Salvo na silver: silver-strava-user-activities-parquet/2024/05/atividades_2024-05.parquet
[2025-11-19T17:05:52.355+0000] {subprocess.py:93} INFO - 📁 Gravando partição ano=2024, mes='06'
[2025-11-19T17:05:52.356+0000] {subprocess.py:93} INFO - 📦 Salvo na silver: silver-strava-user-activities-parquet/2024/06/atividades_2024-06.parquet
[2025-11-19T17:05:52.356+0000] {subprocess.py:93} INFO - 📁 Gravando partição ano=2024, mes='07'
[2025-11-19T17:05:52.356+0000] {subprocess.py:93} INFO - 📦 Salvo na silver: silver-strava-user-activities-parquet/2024/07/atividades_2024-07.parquet
[2025-11-19T17:05:52.357+0000] {subprocess.py:93} INFO - 📁 Gravando partição ano=2024, mes='08'
[2025-11-19T17:05:52.357+0000] {subprocess.py:93} INFO - 📦 Salvo na silver: silver-strava-user-activities-parquet/2024/08/atividades_2024-08.parquet
[2025-11-19T17:05:52.358+0000] {subprocess.py:93} INFO - 📁 Gravando partição ano=2024, mes='09'
[2025-11-19T17:05:52.358+0000] {subprocess.py:93} INFO - 📦 Salvo na silver: silver-strava-user-activities-parquet/2024/09/atividades_2024-09.parquet
[2025-11-19T17:05:52.359+0000] {subprocess.py:93} INFO - 📁 Gravando partição ano=2024, mes='10'
[2025-11-19T17:05:52.359+0000] {subprocess.py:93} INFO - 📦 Salvo na silver: silver-strava-user-activities-parquet/2024/10/atividades_2024-10.parquet
[2025-11-19T17:05:52.360+0000] {subprocess.py:93} INFO - 📁 Gravando partição ano=2024, mes='11'
[2025-11-19T17:05:52.360+0000] {subprocess.py:93} INFO - 📦 Salvo na silver: silver-strava-user-activities-parquet/2024/11/atividades_2024-11.parquet
[2025-11-19T17:05:52.361+0000] {subprocess.py:93} INFO - 📁 Gravando partição ano=2024, mes='12'
[2025-11-19T17:05:52.361+0000] {subprocess.py:93} INFO - 📦 Salvo na silver: silver-strava-user-activities-parquet/2024/12/atividades_2024-12.parquet
[2025-11-19T17:05:52.361+0000] {subprocess.py:93} INFO - 📁 Gravando partição ano=2025, mes='01'
[2025-11-19T17:05:52.362+0000] {subprocess.py:93} INFO - 📦 Salvo na silver: silver-strava-user-activities-parquet/2025/01/atividades_2025-01.parquet
[2025-11-19T17:05:52.362+0000] {subprocess.py:93} INFO - 📁 Gravando partição ano=2025, mes='02'
[2025-11-19T17:05:52.362+0000] {subprocess.py:93} INFO - 📦 Salvo na silver: silver-strava-user-activities-parquet/2025/02/atividades_2025-02.parquet
[2025-11-19T17:05:52.362+0000] {subprocess.py:93} INFO - 📁 Gravando partição ano=2025, mes='03'
[2025-11-19T17:05:52.363+0000] {subprocess.py:93} INFO - 📦 Salvo na silver: silver-strava-user-activities-parquet/2025/03/atividades_2025-03.parquet
[2025-11-19T17:05:52.363+0000] {subprocess.py:93} INFO - 📁 Gravando partição ano=2025, mes='04'
[2025-11-19T17:05:52.363+0000] {subprocess.py:93} INFO - 📦 Salvo na silver: silver-strava-user-activities-parquet/2025/04/atividades_2025-04.parquet
[2025-11-19T17:05:52.363+0000] {subprocess.py:93} INFO - 📁 Gravando partição ano=2025, mes='05'
[2025-11-19T17:05:52.363+0000] {subprocess.py:93} INFO - 📦 Salvo na silver: silver-strava-user-activities-parquet/2025/05/atividades_2025-05.parquet
[2025-11-19T17:05:52.364+0000] {subprocess.py:93} INFO - 📁 Gravando partição ano=2025, mes='06'
[2025-11-19T17:05:52.364+0000] {subprocess.py:93} INFO - 📦 Salvo na silver: silver-strava-user-activities-parquet/2025/06/atividades_2025-06.parquet
[2025-11-19T17:05:52.364+0000] {subprocess.py:93} INFO - 📁 Gravando partição ano=2025, mes='07'
[2025-11-19T17:05:52.364+0000] {subprocess.py:93} INFO - 📦 Salvo na silver: silver-strava-user-activities-parquet/2025/07/atividades_2025-07.parquet
[2025-11-19T17:05:52.364+0000] {subprocess.py:93} INFO - 📁 Gravando partição ano=2025, mes='08'
[2025-11-19T17:05:52.365+0000] {subprocess.py:93} INFO - 📦 Salvo na silver: silver-strava-user-activities-parquet/2025/08/atividades_2025-08.parquet
[2025-11-19T17:05:52.365+0000] {subprocess.py:93} INFO - 📁 Gravando partição ano=2025, mes='09'
[2025-11-19T17:05:52.365+0000] {subprocess.py:93} INFO - 📦 Salvo na silver: silver-strava-user-activities-parquet/2025/09/atividades_2025-09.parquet
[2025-11-19T17:05:52.365+0000] {subprocess.py:93} INFO - 📁 Gravando partição ano=2025, mes='10'
[2025-11-19T17:05:52.366+0000] {subprocess.py:93} INFO - 📦 Salvo na silver: silver-strava-user-activities-parquet/2025/10/atividades_2025-10.parquet
[2025-11-19T17:05:52.366+0000] {subprocess.py:93} INFO - 📁 Gravando partição ano=2025, mes='11'
[2025-11-19T17:05:52.366+0000] {subprocess.py:93} INFO - 📦 Salvo na silver: silver-strava-user-activities-parquet/2025/11/atividades_2025-11.parquet
[2025-11-19T17:05:52.366+0000] {subprocess.py:93} INFO - ✅ Processo finalizado com sucesso ✅
[2025-11-19T17:05:52.367+0000] {subprocess.py:93} INFO - Carga Bronze -> Silver finalizada com sucesso. Total de registros na Silver: 549
[2025-11-19T17:05:52.438+0000] {subprocess.py:97} INFO - Command exited with return code 0
[2025-11-19T17:05:52.440+0000] {taskinstance.py:441} INFO - ::group::Post task execution logs
[2025-11-19T17:05:52.482+0000] {taskinstance.py:1206} INFO - Marking task as SUCCESS. dag_id=etl_strava_activities, task_id=extract_silver_activities, run_id=manual__2025-11-19T17:05:40.592631+00:00, execution_date=20251119T170540, start_date=20251119T170549, end_date=20251119T170552
[2025-11-19T17:05:52.524+0000] {local_task_job_runner.py:243} INFO - Task exited with return code 0
[2025-11-19T17:05:52.552+0000] {taskinstance.py:3503} INFO - 1 downstream tasks scheduled from follow-on schedule check
[2025-11-19T17:05:52.554+0000] {local_task_job_runner.py:222} INFO - ::endgroup::
