[2025-11-16T18:49:19.123+0000] {local_task_job_runner.py:120} INFO - ::group::Pre task execution logs
[2025-11-16T18:49:19.157+0000] {taskinstance.py:2076} INFO - Dependencies all met for dep_context=non-requeueable deps ti=<TaskInstance: etl_strava_activities.extract_silver_activities manual__2025-11-16T18:43:58.304178+00:00 [queued]>
[2025-11-16T18:49:19.164+0000] {taskinstance.py:2076} INFO - Dependencies all met for dep_context=requeueable deps ti=<TaskInstance: etl_strava_activities.extract_silver_activities manual__2025-11-16T18:43:58.304178+00:00 [queued]>
[2025-11-16T18:49:19.164+0000] {taskinstance.py:2306} INFO - Starting attempt 2 of 2
[2025-11-16T18:49:19.180+0000] {taskinstance.py:2330} INFO - Executing <Task(BashOperator): extract_silver_activities> on 2025-11-16 18:43:58.304178+00:00
[2025-11-16T18:49:19.191+0000] {logging_mixin.py:188} WARNING - /home/***/.local/lib/python3.12/site-packages/***/task/task_runner/standard_task_runner.py:62 DeprecationWarning: This process (pid=3658) is multi-threaded, use of fork() may lead to deadlocks in the child.
[2025-11-16T18:49:19.189+0000] {standard_task_runner.py:90} INFO - Running: ['***', 'tasks', 'run', 'etl_strava_activities', 'extract_silver_activities', 'manual__2025-11-16T18:43:58.304178+00:00', '--job-id', '377', '--raw', '--subdir', 'DAGS_FOLDER/pipeline_strava_activities.py', '--cfg-path', '/tmp/tmpirq4j3ve']
[2025-11-16T18:49:19.192+0000] {standard_task_runner.py:64} INFO - Started process 3659 to run task
[2025-11-16T18:49:19.192+0000] {standard_task_runner.py:91} INFO - Job 377: Subtask extract_silver_activities
[2025-11-16T18:49:19.241+0000] {task_command.py:426} INFO - Running <TaskInstance: etl_strava_activities.extract_silver_activities manual__2025-11-16T18:43:58.304178+00:00 [running]> on host 602d3770b2e4
[2025-11-16T18:49:19.315+0000] {taskinstance.py:2648} INFO - Exporting env vars: AIRFLOW_CTX_DAG_OWNER='rayane' AIRFLOW_CTX_DAG_ID='etl_strava_activities' AIRFLOW_CTX_TASK_ID='extract_silver_activities' AIRFLOW_CTX_EXECUTION_DATE='2025-11-16T18:43:58.304178+00:00' AIRFLOW_CTX_TRY_NUMBER='2' AIRFLOW_CTX_DAG_RUN_ID='manual__2025-11-16T18:43:58.304178+00:00'
[2025-11-16T18:49:19.317+0000] {taskinstance.py:430} INFO - ::endgroup::
[2025-11-16T18:49:19.332+0000] {subprocess.py:63} INFO - Tmp dir root location: /tmp
[2025-11-16T18:49:19.333+0000] {subprocess.py:75} INFO - Running command: ['/usr/bin/bash', '-c', 'python /opt/***/apps/02-silver/extract-bronze-to-silver-strava-activities.py']
[2025-11-16T18:49:19.339+0000] {subprocess.py:86} INFO - Output:
[2025-11-16T18:49:20.713+0000] {subprocess.py:93} INFO - Usando o arquivo de variaveis em: /opt/***/apps/.env
[2025-11-16T18:49:20.715+0000] {subprocess.py:93} INFO - silver-strava-user-activities-parquet
[2025-11-16T18:49:20.715+0000] {subprocess.py:93} INFO - PROCESSO FULL LOAD
[2025-11-16T18:49:20.715+0000] {subprocess.py:93} INFO - DELETANDO REGISTROS NA silver-strava-user-activities-parquet
[2025-11-16T18:49:20.715+0000] {subprocess.py:93} INFO - Iniciando exclusão de registros no bucket
[2025-11-16T18:49:20.716+0000] {subprocess.py:93} INFO - Bucket SILVER reiniciado
[2025-11-16T18:49:20.716+0000] {subprocess.py:93} INFO - Extraindo registros da camada bronze para fazer o processo JSON-TO-PARQUET
[2025-11-16T18:49:20.716+0000] {subprocess.py:93} INFO - Traceback (most recent call last):
[2025-11-16T18:49:20.716+0000] {subprocess.py:93} INFO -   File "/opt/***/apps/02-silver/extract-bronze-to-silver-strava-activities.py", line 70, in <module>
[2025-11-16T18:49:20.717+0000] {subprocess.py:93} INFO -     registros.append(linha)
[2025-11-16T18:49:20.717+0000] {subprocess.py:93} INFO -     ^^^^^^^^^^^^^^^^
[2025-11-16T18:49:20.717+0000] {subprocess.py:93} INFO - AttributeError: 'bytes' object has no attribute 'append'
[2025-11-16T18:49:20.789+0000] {subprocess.py:97} INFO - Command exited with return code 1
[2025-11-16T18:49:20.793+0000] {taskinstance.py:441} INFO - ::group::Post task execution logs
[2025-11-16T18:49:20.809+0000] {taskinstance.py:2905} ERROR - Task failed with exception
Traceback (most recent call last):
  File "/home/airflow/.local/lib/python3.12/site-packages/airflow/models/taskinstance.py", line 465, in _execute_task
    result = _execute_callable(context=context, **execute_callable_kwargs)
             ^^^^^^^^^^^^^^^^^^^^^^^^^^^^^^^^^^^^^^^^^^^^^^^^^^^^^^^^^^^^^
  File "/home/airflow/.local/lib/python3.12/site-packages/airflow/models/taskinstance.py", line 432, in _execute_callable
    return execute_callable(context=context, **execute_callable_kwargs)
           ^^^^^^^^^^^^^^^^^^^^^^^^^^^^^^^^^^^^^^^^^^^^^^^^^^^^^^^^^^^^
  File "/home/airflow/.local/lib/python3.12/site-packages/airflow/models/baseoperator.py", line 401, in wrapper
    return func(self, *args, **kwargs)
           ^^^^^^^^^^^^^^^^^^^^^^^^^^^
  File "/home/airflow/.local/lib/python3.12/site-packages/airflow/operators/bash.py", line 243, in execute
    raise AirflowException(
airflow.exceptions.AirflowException: Bash command failed. The command returned a non-zero exit code 1.
[2025-11-16T18:49:20.814+0000] {taskinstance.py:1206} INFO - Marking task as FAILED. dag_id=etl_strava_activities, task_id=extract_silver_activities, run_id=manual__2025-11-16T18:43:58.304178+00:00, execution_date=20251116T184358, start_date=20251116T184919, end_date=20251116T184920
[2025-11-16T18:49:20.842+0000] {standard_task_runner.py:110} ERROR - Failed to execute job 377 for task extract_silver_activities (Bash command failed. The command returned a non-zero exit code 1.; 3659)
[2025-11-16T18:49:20.889+0000] {local_task_job_runner.py:243} INFO - Task exited with return code 1
[2025-11-16T18:49:20.922+0000] {taskinstance.py:3503} INFO - 0 downstream tasks scheduled from follow-on schedule check
[2025-11-16T18:49:20.924+0000] {local_task_job_runner.py:222} INFO - ::endgroup::
