[2025-11-15T22:52:53.560+0000] {local_task_job_runner.py:120} INFO - ::group::Pre task execution logs
[2025-11-15T22:52:53.597+0000] {taskinstance.py:2076} INFO - Dependencies all met for dep_context=non-requeueable deps ti=<TaskInstance: etl_strava_activities.extract_bronze_activities scheduled__2025-11-14T03:00:00+00:00 [queued]>
[2025-11-15T22:52:53.604+0000] {taskinstance.py:2076} INFO - Dependencies all met for dep_context=requeueable deps ti=<TaskInstance: etl_strava_activities.extract_bronze_activities scheduled__2025-11-14T03:00:00+00:00 [queued]>
[2025-11-15T22:52:53.604+0000] {taskinstance.py:2306} INFO - Starting attempt 2 of 2
[2025-11-15T22:52:53.615+0000] {taskinstance.py:2330} INFO - Executing <Task(BashOperator): extract_bronze_activities> on 2025-11-14 03:00:00+00:00
[2025-11-15T22:52:53.621+0000] {standard_task_runner.py:90} INFO - Running: ['***', 'tasks', 'run', 'etl_strava_activities', 'extract_bronze_activities', 'scheduled__2025-11-14T03:00:00+00:00', '--job-id', '301', '--raw', '--subdir', 'DAGS_FOLDER/pipeline_strava_activities.py', '--cfg-path', '/tmp/tmpo2si8b6m']
[2025-11-15T22:52:53.623+0000] {standard_task_runner.py:91} INFO - Job 301: Subtask extract_bronze_activities
[2025-11-15T22:52:53.625+0000] {logging_mixin.py:188} WARNING - /home/***/.local/lib/python3.12/site-packages/***/task/task_runner/standard_task_runner.py:62 DeprecationWarning: This process (pid=395) is multi-threaded, use of fork() may lead to deadlocks in the child.
[2025-11-15T22:52:53.626+0000] {standard_task_runner.py:64} INFO - Started process 396 to run task
[2025-11-15T22:52:53.688+0000] {task_command.py:426} INFO - Running <TaskInstance: etl_strava_activities.extract_bronze_activities scheduled__2025-11-14T03:00:00+00:00 [running]> on host 070b9a911922
[2025-11-15T22:52:53.763+0000] {taskinstance.py:2648} INFO - Exporting env vars: AIRFLOW_CTX_DAG_OWNER='rayane' AIRFLOW_CTX_DAG_ID='etl_strava_activities' AIRFLOW_CTX_TASK_ID='extract_bronze_activities' AIRFLOW_CTX_EXECUTION_DATE='2025-11-14T03:00:00+00:00' AIRFLOW_CTX_TRY_NUMBER='2' AIRFLOW_CTX_DAG_RUN_ID='scheduled__2025-11-14T03:00:00+00:00'
[2025-11-15T22:52:53.764+0000] {taskinstance.py:430} INFO - ::endgroup::
[2025-11-15T22:52:53.779+0000] {subprocess.py:63} INFO - Tmp dir root location: /tmp
[2025-11-15T22:52:53.780+0000] {subprocess.py:75} INFO - Running command: ['/usr/bin/bash', '-c', 'python /opt/***/apps/extract_api_strava_user_activities.py']
[2025-11-15T22:52:53.786+0000] {subprocess.py:86} INFO - Output:
[2025-11-15T22:53:01.498+0000] {subprocess.py:93} INFO - Usando o arquivo de variaveis em: /opt/***/apps/.env
[2025-11-15T22:53:01.502+0000] {subprocess.py:93} INFO - 184573
[2025-11-15T22:53:01.502+0000] {subprocess.py:93} INFO -  ⚠️  O Token atual expira em: 2025-11-16 00:35:34
[2025-11-15T22:53:01.503+0000] {subprocess.py:93} INFO - Usando o arquivo de variaveis em: /opt/***/apps/.env
[2025-11-15T22:53:01.503+0000] {subprocess.py:93} INFO - ✅ Credenciais Autenticadas
[2025-11-15T22:53:01.503+0000] {subprocess.py:93} INFO - Traceback (most recent call last):
[2025-11-15T22:53:01.503+0000] {subprocess.py:93} INFO -   File "/home/***/.local/lib/python3.12/site-packages/urllib3/connection.py", line 203, in _new_conn
[2025-11-15T22:53:01.504+0000] {subprocess.py:93} INFO -     sock = connection.create_connection(
[2025-11-15T22:53:01.504+0000] {subprocess.py:93} INFO -            ^^^^^^^^^^^^^^^^^^^^^^^^^^^^^
[2025-11-15T22:53:01.505+0000] {subprocess.py:93} INFO -   File "/home/***/.local/lib/python3.12/site-packages/urllib3/util/connection.py", line 60, in create_connection
[2025-11-15T22:53:01.505+0000] {subprocess.py:93} INFO -     for res in socket.getaddrinfo(host, port, family, socket.SOCK_STREAM):
[2025-11-15T22:53:01.506+0000] {subprocess.py:93} INFO -                ^^^^^^^^^^^^^^^^^^^^^^^^^^^^^^^^^^^^^^^^^^^^^^^^^^^^^^^^^^
[2025-11-15T22:53:01.506+0000] {subprocess.py:93} INFO -   File "/usr/local/lib/python3.12/socket.py", line 964, in getaddrinfo
[2025-11-15T22:53:01.507+0000] {subprocess.py:93} INFO -     for res in _socket.getaddrinfo(host, port, family, type, proto, flags):
[2025-11-15T22:53:01.507+0000] {subprocess.py:93} INFO -                ^^^^^^^^^^^^^^^^^^^^^^^^^^^^^^^^^^^^^^^^^^^^^^^^^^^^^^^^^^^
[2025-11-15T22:53:01.507+0000] {subprocess.py:93} INFO - socket.gaierror: [Errno -2] Name or service not known
[2025-11-15T22:53:01.508+0000] {subprocess.py:93} INFO - 
[2025-11-15T22:53:01.508+0000] {subprocess.py:93} INFO - The above exception was the direct cause of the following exception:
[2025-11-15T22:53:01.508+0000] {subprocess.py:93} INFO - 
[2025-11-15T22:53:01.509+0000] {subprocess.py:93} INFO - Traceback (most recent call last):
[2025-11-15T22:53:01.510+0000] {subprocess.py:93} INFO -   File "/home/***/.local/lib/python3.12/site-packages/urllib3/connectionpool.py", line 791, in urlopen
[2025-11-15T22:53:01.510+0000] {subprocess.py:93} INFO -     response = self._make_request(
[2025-11-15T22:53:01.511+0000] {subprocess.py:93} INFO -                ^^^^^^^^^^^^^^^^^^^
[2025-11-15T22:53:01.511+0000] {subprocess.py:93} INFO -   File "/home/***/.local/lib/python3.12/site-packages/urllib3/connectionpool.py", line 497, in _make_request
[2025-11-15T22:53:01.512+0000] {subprocess.py:93} INFO -     conn.request(
[2025-11-15T22:53:01.512+0000] {subprocess.py:93} INFO -   File "/home/***/.local/lib/python3.12/site-packages/urllib3/connection.py", line 395, in request
[2025-11-15T22:53:01.513+0000] {subprocess.py:93} INFO -     self.endheaders()
[2025-11-15T22:53:01.513+0000] {subprocess.py:93} INFO -   File "/usr/local/lib/python3.12/http/client.py", line 1331, in endheaders
[2025-11-15T22:53:01.513+0000] {subprocess.py:93} INFO -     self._send_output(message_body, encode_chunked=encode_chunked)
[2025-11-15T22:53:01.514+0000] {subprocess.py:93} INFO -   File "/usr/local/lib/python3.12/http/client.py", line 1091, in _send_output
[2025-11-15T22:53:01.514+0000] {subprocess.py:93} INFO -     self.send(msg)
[2025-11-15T22:53:01.515+0000] {subprocess.py:93} INFO -   File "/usr/local/lib/python3.12/http/client.py", line 1035, in send
[2025-11-15T22:53:01.515+0000] {subprocess.py:93} INFO -     self.connect()
[2025-11-15T22:53:01.515+0000] {subprocess.py:93} INFO -   File "/home/***/.local/lib/python3.12/site-packages/urllib3/connection.py", line 243, in connect
[2025-11-15T22:53:01.516+0000] {subprocess.py:93} INFO -     self.sock = self._new_conn()
[2025-11-15T22:53:01.516+0000] {subprocess.py:93} INFO -                 ^^^^^^^^^^^^^^^^
[2025-11-15T22:53:01.516+0000] {subprocess.py:93} INFO -   File "/home/***/.local/lib/python3.12/site-packages/urllib3/connection.py", line 210, in _new_conn
[2025-11-15T22:53:01.517+0000] {subprocess.py:93} INFO -     raise NameResolutionError(self.host, self, e) from e
[2025-11-15T22:53:01.517+0000] {subprocess.py:93} INFO - urllib3.exceptions.NameResolutionError: <urllib3.connection.HTTPConnection object at 0xffff965bf560>: Failed to resolve 'minio' ([Errno -2] Name or service not known)
[2025-11-15T22:53:01.517+0000] {subprocess.py:93} INFO - 
[2025-11-15T22:53:01.517+0000] {subprocess.py:93} INFO - The above exception was the direct cause of the following exception:
[2025-11-15T22:53:01.518+0000] {subprocess.py:93} INFO - 
[2025-11-15T22:53:01.518+0000] {subprocess.py:93} INFO - Traceback (most recent call last):
[2025-11-15T22:53:01.518+0000] {subprocess.py:93} INFO -   File "/opt/***/apps/extract_api_strava_user_activities.py", line 229, in <module>
[2025-11-15T22:53:01.518+0000] {subprocess.py:93} INFO -     list_obj_buc = list(s3_client.list_objects(os.getenv("BRONZE_BUCKET_USER_ACTIVITIES"), recursive=True))
[2025-11-15T22:53:01.519+0000] {subprocess.py:93} INFO -                    ^^^^^^^^^^^^^^^^^^^^^^^^^^^^^^^^^^^^^^^^^^^^^^^^^^^^^^^^^^^^^^^^^^^^^^^^^^^^^^^^^^^^^^^^
[2025-11-15T22:53:01.519+0000] {subprocess.py:93} INFO -   File "/home/***/.local/lib/python3.12/site-packages/minio/api.py", line 3323, in _list_objects
[2025-11-15T22:53:01.519+0000] {subprocess.py:93} INFO -     response = self._execute(
[2025-11-15T22:53:01.519+0000] {subprocess.py:93} INFO -                ^^^^^^^^^^^^^^
[2025-11-15T22:53:01.519+0000] {subprocess.py:93} INFO -   File "/home/***/.local/lib/python3.12/site-packages/minio/api.py", line 441, in _execute
[2025-11-15T22:53:01.520+0000] {subprocess.py:93} INFO -     region = self._get_region(bucket_name)
[2025-11-15T22:53:01.520+0000] {subprocess.py:93} INFO -              ^^^^^^^^^^^^^^^^^^^^^^^^^^^^^
[2025-11-15T22:53:01.521+0000] {subprocess.py:93} INFO -   File "/home/***/.local/lib/python3.12/site-packages/minio/api.py", line 498, in _get_region
[2025-11-15T22:53:01.521+0000] {subprocess.py:93} INFO -     response = self._url_open(
[2025-11-15T22:53:01.521+0000] {subprocess.py:93} INFO -                ^^^^^^^^^^^^^^^
[2025-11-15T22:53:01.522+0000] {subprocess.py:93} INFO -   File "/home/***/.local/lib/python3.12/site-packages/minio/api.py", line 306, in _url_open
[2025-11-15T22:53:01.522+0000] {subprocess.py:93} INFO -     response = self._http.urlopen(
[2025-11-15T22:53:01.523+0000] {subprocess.py:93} INFO -                ^^^^^^^^^^^^^^^^^^^
[2025-11-15T22:53:01.523+0000] {subprocess.py:93} INFO -   File "/home/***/.local/lib/python3.12/site-packages/urllib3/poolmanager.py", line 443, in urlopen
[2025-11-15T22:53:01.523+0000] {subprocess.py:93} INFO -     response = conn.urlopen(method, u.request_uri, **kw)
[2025-11-15T22:53:01.523+0000] {subprocess.py:93} INFO -                ^^^^^^^^^^^^^^^^^^^^^^^^^^^^^^^^^^^^^^^^^
[2025-11-15T22:53:01.524+0000] {subprocess.py:93} INFO -   File "/home/***/.local/lib/python3.12/site-packages/urllib3/connectionpool.py", line 875, in urlopen
[2025-11-15T22:53:01.524+0000] {subprocess.py:93} INFO -     return self.urlopen(
[2025-11-15T22:53:01.524+0000] {subprocess.py:93} INFO -            ^^^^^^^^^^^^^
[2025-11-15T22:53:01.525+0000] {subprocess.py:93} INFO -   File "/home/***/.local/lib/python3.12/site-packages/urllib3/connectionpool.py", line 875, in urlopen
[2025-11-15T22:53:01.525+0000] {subprocess.py:93} INFO -     return self.urlopen(
[2025-11-15T22:53:01.525+0000] {subprocess.py:93} INFO -            ^^^^^^^^^^^^^
[2025-11-15T22:53:01.525+0000] {subprocess.py:93} INFO -   File "/home/***/.local/lib/python3.12/site-packages/urllib3/connectionpool.py", line 875, in urlopen
[2025-11-15T22:53:01.525+0000] {subprocess.py:93} INFO -     return self.urlopen(
[2025-11-15T22:53:01.526+0000] {subprocess.py:93} INFO -            ^^^^^^^^^^^^^
[2025-11-15T22:53:01.526+0000] {subprocess.py:93} INFO -   [Previous line repeated 2 more times]
[2025-11-15T22:53:01.526+0000] {subprocess.py:93} INFO -   File "/home/***/.local/lib/python3.12/site-packages/urllib3/connectionpool.py", line 845, in urlopen
[2025-11-15T22:53:01.526+0000] {subprocess.py:93} INFO -     retries = retries.increment(
[2025-11-15T22:53:01.526+0000] {subprocess.py:93} INFO -               ^^^^^^^^^^^^^^^^^^
[2025-11-15T22:53:01.527+0000] {subprocess.py:93} INFO -   File "/home/***/.local/lib/python3.12/site-packages/urllib3/util/retry.py", line 515, in increment
[2025-11-15T22:53:01.527+0000] {subprocess.py:93} INFO -     raise MaxRetryError(_pool, url, reason) from reason  # type: ignore[arg-type]
[2025-11-15T22:53:01.527+0000] {subprocess.py:93} INFO -     ^^^^^^^^^^^^^^^^^^^^^^^^^^^^^^^^^^^^^^^^^^^^^^^^^^^
[2025-11-15T22:53:01.527+0000] {subprocess.py:93} INFO - urllib3.exceptions.MaxRetryError: HTTPConnectionPool(host='minio', port=9000): Max retries exceeded with url: /bronze-api-strava-user-activities-json?location= (Caused by NameResolutionError("<urllib3.connection.HTTPConnection object at 0xffff965bf560>: Failed to resolve 'minio' ([Errno -2] Name or service not known)"))
[2025-11-15T22:53:01.620+0000] {subprocess.py:97} INFO - Command exited with return code 1
[2025-11-15T22:53:01.622+0000] {taskinstance.py:441} INFO - ::group::Post task execution logs
[2025-11-15T22:53:01.640+0000] {taskinstance.py:2905} ERROR - Task failed with exception
Traceback (most recent call last):
  File "/home/airflow/.local/lib/python3.12/site-packages/airflow/models/taskinstance.py", line 465, in _execute_task
    result = _execute_callable(context=context, **execute_callable_kwargs)
             ^^^^^^^^^^^^^^^^^^^^^^^^^^^^^^^^^^^^^^^^^^^^^^^^^^^^^^^^^^^^^
  File "/home/airflow/.local/lib/python3.12/site-packages/airflow/models/taskinstance.py", line 432, in _execute_callable
    return execute_callable(context=context, **execute_callable_kwargs)
           ^^^^^^^^^^^^^^^^^^^^^^^^^^^^^^^^^^^^^^^^^^^^^^^^^^^^^^^^^^^^
  File "/home/airflow/.local/lib/python3.12/site-packages/airflow/models/baseoperator.py", line 401, in wrapper
    return func(self, *args, **kwargs)
           ^^^^^^^^^^^^^^^^^^^^^^^^^^^
  File "/home/airflow/.local/lib/python3.12/site-packages/airflow/operators/bash.py", line 243, in execute
    raise AirflowException(
airflow.exceptions.AirflowException: Bash command failed. The command returned a non-zero exit code 1.
[2025-11-15T22:53:01.645+0000] {taskinstance.py:1206} INFO - Marking task as FAILED. dag_id=etl_strava_activities, task_id=extract_bronze_activities, run_id=scheduled__2025-11-14T03:00:00+00:00, execution_date=20251114T030000, start_date=20251115T225253, end_date=20251115T225301
[2025-11-15T22:53:01.659+0000] {standard_task_runner.py:110} ERROR - Failed to execute job 301 for task extract_bronze_activities (Bash command failed. The command returned a non-zero exit code 1.; 396)
[2025-11-15T22:53:01.666+0000] {local_task_job_runner.py:243} INFO - Task exited with return code 1
[2025-11-15T22:53:01.688+0000] {taskinstance.py:3503} INFO - 0 downstream tasks scheduled from follow-on schedule check
[2025-11-15T22:53:01.689+0000] {local_task_job_runner.py:222} INFO - ::endgroup::
