[2025-11-17T19:59:44.186+0000] {local_task_job_runner.py:120} INFO - ::group::Pre task execution logs
[2025-11-17T19:59:44.231+0000] {taskinstance.py:2076} INFO - Dependencies all met for dep_context=non-requeueable deps ti=<TaskInstance: etl_strava_activities.extract_gold_fact_activities manual__2025-11-17T19:54:10.736809+00:00 [queued]>
[2025-11-17T19:59:44.238+0000] {taskinstance.py:2076} INFO - Dependencies all met for dep_context=requeueable deps ti=<TaskInstance: etl_strava_activities.extract_gold_fact_activities manual__2025-11-17T19:54:10.736809+00:00 [queued]>
[2025-11-17T19:59:44.239+0000] {taskinstance.py:2306} INFO - Starting attempt 2 of 2
[2025-11-17T19:59:44.258+0000] {taskinstance.py:2330} INFO - Executing <Task(BashOperator): extract_gold_fact_activities> on 2025-11-17 19:54:10.736809+00:00
[2025-11-17T19:59:44.266+0000] {standard_task_runner.py:90} INFO - Running: ['***', 'tasks', 'run', 'etl_strava_activities', 'extract_gold_fact_activities', 'manual__2025-11-17T19:54:10.736809+00:00', '--job-id', '512', '--raw', '--subdir', 'DAGS_FOLDER/pipeline_strava_activities.py', '--cfg-path', '/tmp/tmpvrkubkqm']
[2025-11-17T19:59:44.269+0000] {logging_mixin.py:188} WARNING - /home/***/.local/lib/python3.12/site-packages/***/task/task_runner/standard_task_runner.py:62 DeprecationWarning: This process (pid=920) is multi-threaded, use of fork() may lead to deadlocks in the child.
[2025-11-17T19:59:44.270+0000] {standard_task_runner.py:91} INFO - Job 512: Subtask extract_gold_fact_activities
[2025-11-17T19:59:44.270+0000] {standard_task_runner.py:64} INFO - Started process 921 to run task
[2025-11-17T19:59:44.319+0000] {task_command.py:426} INFO - Running <TaskInstance: etl_strava_activities.extract_gold_fact_activities manual__2025-11-17T19:54:10.736809+00:00 [running]> on host 958eca229fdb
[2025-11-17T19:59:44.395+0000] {taskinstance.py:2648} INFO - Exporting env vars: AIRFLOW_CTX_DAG_OWNER='rayane' AIRFLOW_CTX_DAG_ID='etl_strava_activities' AIRFLOW_CTX_TASK_ID='extract_gold_fact_activities' AIRFLOW_CTX_EXECUTION_DATE='2025-11-17T19:54:10.736809+00:00' AIRFLOW_CTX_TRY_NUMBER='2' AIRFLOW_CTX_DAG_RUN_ID='manual__2025-11-17T19:54:10.736809+00:00'
[2025-11-17T19:59:44.395+0000] {taskinstance.py:430} INFO - ::endgroup::
[2025-11-17T19:59:44.412+0000] {subprocess.py:63} INFO - Tmp dir root location: /tmp
[2025-11-17T19:59:44.413+0000] {subprocess.py:75} INFO - Running command: ['/usr/bin/bash', '-c', 'python /opt/***/apps/03-gold/fact_user_activities_strava.py']
[2025-11-17T19:59:44.420+0000] {subprocess.py:86} INFO - Output:
[2025-11-17T19:59:47.726+0000] {subprocess.py:93} INFO - 25/11/17 19:59:47 WARN NativeCodeLoader: Unable to load native-hadoop library for your platform... using builtin-java classes where applicable
[2025-11-17T19:59:47.921+0000] {subprocess.py:93} INFO - Setting default log level to "WARN".
[2025-11-17T19:59:47.922+0000] {subprocess.py:93} INFO - To adjust logging level use sc.setLogLevel(newLevel). For SparkR, use setLogLevel(newLevel).
[2025-11-17T19:59:52.281+0000] {subprocess.py:93} INFO - 25/11/17 19:59:52 WARN SparkSession: Cannot use io.delta.sql.DeltaSparkSessionExtension to configure session extensions.
[2025-11-17T19:59:52.286+0000] {subprocess.py:93} INFO - java.lang.ClassNotFoundException: io.delta.sql.DeltaSparkSessionExtension
[2025-11-17T19:59:52.287+0000] {subprocess.py:93} INFO - 	at java.base/java.net.URLClassLoader.findClass(URLClassLoader.java:445)
[2025-11-17T19:59:52.287+0000] {subprocess.py:93} INFO - 	at java.base/java.lang.ClassLoader.loadClass(ClassLoader.java:592)
[2025-11-17T19:59:52.287+0000] {subprocess.py:93} INFO - 	at java.base/java.lang.ClassLoader.loadClass(ClassLoader.java:525)
[2025-11-17T19:59:52.288+0000] {subprocess.py:93} INFO - 	at java.base/java.lang.Class.forName0(Native Method)
[2025-11-17T19:59:52.288+0000] {subprocess.py:93} INFO - 	at java.base/java.lang.Class.forName(Class.java:469)
[2025-11-17T19:59:52.288+0000] {subprocess.py:93} INFO - 	at org.apache.spark.util.SparkClassUtils.classForName(SparkClassUtils.scala:41)
[2025-11-17T19:59:52.289+0000] {subprocess.py:93} INFO - 	at org.apache.spark.util.SparkClassUtils.classForName$(SparkClassUtils.scala:36)
[2025-11-17T19:59:52.289+0000] {subprocess.py:93} INFO - 	at org.apache.spark.util.Utils$.classForName(Utils.scala:94)
[2025-11-17T19:59:52.289+0000] {subprocess.py:93} INFO - 	at org.apache.spark.sql.SparkSession$.$anonfun$applyExtensions$2(SparkSession.scala:1367)
[2025-11-17T19:59:52.290+0000] {subprocess.py:93} INFO - 	at org.apache.spark.sql.SparkSession$.$anonfun$applyExtensions$2$adapted(SparkSession.scala:1365)
[2025-11-17T19:59:52.290+0000] {subprocess.py:93} INFO - 	at scala.collection.mutable.ResizableArray.foreach(ResizableArray.scala:62)
[2025-11-17T19:59:52.290+0000] {subprocess.py:93} INFO - 	at scala.collection.mutable.ResizableArray.foreach$(ResizableArray.scala:55)
[2025-11-17T19:59:52.291+0000] {subprocess.py:93} INFO - 	at scala.collection.mutable.ArrayBuffer.foreach(ArrayBuffer.scala:49)
[2025-11-17T19:59:52.291+0000] {subprocess.py:93} INFO - 	at org.apache.spark.sql.SparkSession$.org$apache$spark$sql$SparkSession$$applyExtensions(SparkSession.scala:1365)
[2025-11-17T19:59:52.292+0000] {subprocess.py:93} INFO - 	at org.apache.spark.sql.SparkSession.<init>(SparkSession.scala:105)
[2025-11-17T19:59:52.294+0000] {subprocess.py:93} INFO - 	at java.base/jdk.internal.reflect.NativeConstructorAccessorImpl.newInstance0(Native Method)
[2025-11-17T19:59:52.295+0000] {subprocess.py:93} INFO - 	at java.base/jdk.internal.reflect.NativeConstructorAccessorImpl.newInstance(NativeConstructorAccessorImpl.java:77)
[2025-11-17T19:59:52.296+0000] {subprocess.py:93} INFO - 	at java.base/jdk.internal.reflect.DelegatingConstructorAccessorImpl.newInstance(DelegatingConstructorAccessorImpl.java:45)
[2025-11-17T19:59:52.297+0000] {subprocess.py:93} INFO - 	at java.base/java.lang.reflect.Constructor.newInstanceWithCaller(Constructor.java:500)
[2025-11-17T19:59:52.298+0000] {subprocess.py:93} INFO - 	at java.base/java.lang.reflect.Constructor.newInstance(Constructor.java:481)
[2025-11-17T19:59:52.302+0000] {subprocess.py:93} INFO - 	at py4j.reflection.MethodInvoker.invoke(MethodInvoker.java:247)
[2025-11-17T19:59:52.302+0000] {subprocess.py:93} INFO - 	at py4j.reflection.ReflectionEngine.invoke(ReflectionEngine.java:374)
[2025-11-17T19:59:52.303+0000] {subprocess.py:93} INFO - 	at py4j.Gateway.invoke(Gateway.java:238)
[2025-11-17T19:59:52.303+0000] {subprocess.py:93} INFO - 	at py4j.commands.ConstructorCommand.invokeConstructor(ConstructorCommand.java:80)
[2025-11-17T19:59:52.304+0000] {subprocess.py:93} INFO - 	at py4j.commands.ConstructorCommand.execute(ConstructorCommand.java:69)
[2025-11-17T19:59:52.305+0000] {subprocess.py:93} INFO - 	at py4j.ClientServerConnection.waitForCommands(ClientServerConnection.java:182)
[2025-11-17T19:59:52.305+0000] {subprocess.py:93} INFO - 	at py4j.ClientServerConnection.run(ClientServerConnection.java:106)
[2025-11-17T19:59:52.306+0000] {subprocess.py:93} INFO - 	at java.base/java.lang.Thread.run(Thread.java:840)
[2025-11-17T19:59:52.431+0000] {subprocess.py:93} INFO - 25/11/17 19:59:52 WARN MetricsConfig: Cannot locate configuration: tried hadoop-metrics2-s3a-file-system.properties,hadoop-metrics2.properties
[2025-11-17T19:59:53.997+0000] {subprocess.py:93} INFO - 25/11/17 19:59:53 WARN FileStreamSink: Assume no metadata directory. Error while looking for metadata directory in the path: s3a://silver-strava-user-activities-parquet.
[2025-11-17T19:59:54.000+0000] {subprocess.py:93} INFO - java.lang.IllegalArgumentException: path must be absolute
[2025-11-17T19:59:54.001+0000] {subprocess.py:93} INFO - 	at org.apache.hadoop.thirdparty.com.google.common.base.Preconditions.checkArgument(Preconditions.java:144)
[2025-11-17T19:59:54.001+0000] {subprocess.py:93} INFO - 	at org.apache.hadoop.fs.s3a.s3guard.PathMetadata.<init>(PathMetadata.java:115)
[2025-11-17T19:59:54.002+0000] {subprocess.py:93} INFO - 	at org.apache.hadoop.fs.s3a.s3guard.PathMetadata.<init>(PathMetadata.java:65)
[2025-11-17T19:59:54.002+0000] {subprocess.py:93} INFO - 	at org.apache.hadoop.fs.s3a.s3guard.S3Guard.putAndReturn(S3Guard.java:244)
[2025-11-17T19:59:54.003+0000] {subprocess.py:93} INFO - 	at org.apache.hadoop.fs.s3a.s3guard.S3Guard.putAndReturn(S3Guard.java:223)
[2025-11-17T19:59:54.003+0000] {subprocess.py:93} INFO - 	at org.apache.hadoop.fs.s3a.S3AFileSystem.innerGetFileStatus(S3AFileSystem.java:3687)
[2025-11-17T19:59:54.003+0000] {subprocess.py:93} INFO - 	at org.apache.hadoop.fs.s3a.S3AFileSystem.lambda$isDirectory$35(S3AFileSystem.java:4724)
[2025-11-17T19:59:54.003+0000] {subprocess.py:93} INFO - 	at org.apache.hadoop.fs.statistics.impl.IOStatisticsBinding.lambda$trackDurationOfOperation$5(IOStatisticsBinding.java:499)
[2025-11-17T19:59:54.003+0000] {subprocess.py:93} INFO - 	at org.apache.hadoop.fs.statistics.impl.IOStatisticsBinding.trackDuration(IOStatisticsBinding.java:444)
[2025-11-17T19:59:54.004+0000] {subprocess.py:93} INFO - 	at org.apache.hadoop.fs.s3a.S3AFileSystem.trackDurationAndSpan(S3AFileSystem.java:2337)
[2025-11-17T19:59:54.004+0000] {subprocess.py:93} INFO - 	at org.apache.hadoop.fs.s3a.S3AFileSystem.trackDurationAndSpan(S3AFileSystem.java:2356)
[2025-11-17T19:59:54.004+0000] {subprocess.py:93} INFO - 	at org.apache.hadoop.fs.s3a.S3AFileSystem.isDirectory(S3AFileSystem.java:4722)
[2025-11-17T19:59:54.004+0000] {subprocess.py:93} INFO - 	at org.apache.spark.sql.execution.streaming.FileStreamSink$.hasMetadata(FileStreamSink.scala:54)
[2025-11-17T19:59:54.005+0000] {subprocess.py:93} INFO - 	at org.apache.spark.sql.execution.datasources.DataSource.resolveRelation(DataSource.scala:366)
[2025-11-17T19:59:54.005+0000] {subprocess.py:93} INFO - 	at org.apache.spark.sql.DataFrameReader.loadV1Source(DataFrameReader.scala:229)
[2025-11-17T19:59:54.005+0000] {subprocess.py:93} INFO - 	at org.apache.spark.sql.DataFrameReader.$anonfun$load$2(DataFrameReader.scala:211)
[2025-11-17T19:59:54.006+0000] {subprocess.py:93} INFO - 	at scala.Option.getOrElse(Option.scala:189)
[2025-11-17T19:59:54.006+0000] {subprocess.py:93} INFO - 	at org.apache.spark.sql.DataFrameReader.load(DataFrameReader.scala:211)
[2025-11-17T19:59:54.006+0000] {subprocess.py:93} INFO - 	at org.apache.spark.sql.DataFrameReader.parquet(DataFrameReader.scala:563)
[2025-11-17T19:59:54.007+0000] {subprocess.py:93} INFO - 	at java.base/jdk.internal.reflect.NativeMethodAccessorImpl.invoke0(Native Method)
[2025-11-17T19:59:54.007+0000] {subprocess.py:93} INFO - 	at java.base/jdk.internal.reflect.NativeMethodAccessorImpl.invoke(NativeMethodAccessorImpl.java:77)
[2025-11-17T19:59:54.007+0000] {subprocess.py:93} INFO - 	at java.base/jdk.internal.reflect.DelegatingMethodAccessorImpl.invoke(DelegatingMethodAccessorImpl.java:43)
[2025-11-17T19:59:54.008+0000] {subprocess.py:93} INFO - 	at java.base/java.lang.reflect.Method.invoke(Method.java:569)
[2025-11-17T19:59:54.008+0000] {subprocess.py:93} INFO - 	at py4j.reflection.MethodInvoker.invoke(MethodInvoker.java:244)
[2025-11-17T19:59:54.009+0000] {subprocess.py:93} INFO - 	at py4j.reflection.ReflectionEngine.invoke(ReflectionEngine.java:374)
[2025-11-17T19:59:54.009+0000] {subprocess.py:93} INFO - 	at py4j.Gateway.invoke(Gateway.java:282)
[2025-11-17T19:59:54.009+0000] {subprocess.py:93} INFO - 	at py4j.commands.AbstractCommand.invokeMethod(AbstractCommand.java:132)
[2025-11-17T19:59:54.010+0000] {subprocess.py:93} INFO - 	at py4j.commands.CallCommand.execute(CallCommand.java:79)
[2025-11-17T19:59:54.010+0000] {subprocess.py:93} INFO - 	at py4j.ClientServerConnection.waitForCommands(ClientServerConnection.java:182)
[2025-11-17T19:59:54.010+0000] {subprocess.py:93} INFO - 	at py4j.ClientServerConnection.run(ClientServerConnection.java:106)
[2025-11-17T19:59:54.012+0000] {subprocess.py:93} INFO - 	at java.base/java.lang.Thread.run(Thread.java:840)
[2025-11-17T19:59:54.032+0000] {subprocess.py:93} INFO - Usando o arquivo de variaveis em: /opt/***/apps/.env
[2025-11-17T19:59:54.033+0000] {subprocess.py:93} INFO - s3a://silver-strava-user-activities-parquet/2021
[2025-11-17T19:59:54.033+0000] {subprocess.py:93} INFO - s3a://silver-strava-user-activities-parquet/2022
[2025-11-17T19:59:54.033+0000] {subprocess.py:93} INFO - s3a://silver-strava-user-activities-parquet/2023
[2025-11-17T19:59:54.034+0000] {subprocess.py:93} INFO - s3a://silver-strava-user-activities-parquet/2024
[2025-11-17T19:59:54.034+0000] {subprocess.py:93} INFO - s3a://silver-strava-user-activities-parquet/2025
[2025-11-17T19:59:54.034+0000] {subprocess.py:93} INFO - Traceback (most recent call last):
[2025-11-17T19:59:54.035+0000] {subprocess.py:93} INFO -   File "/opt/***/apps/03-gold/fact_user_activities_strava.py", line 63, in <module>
[2025-11-17T19:59:54.036+0000] {subprocess.py:93} INFO -     df_acts   = spark.read.parquet(SILVER_ACTIVITIES_PATH)
[2025-11-17T19:59:54.036+0000] {subprocess.py:93} INFO -                 ^^^^^^^^^^^^^^^^^^^^^^^^^^^^^^^^^^^^^^^^^^
[2025-11-17T19:59:54.036+0000] {subprocess.py:93} INFO -   File "/home/***/.local/lib/python3.12/site-packages/pyspark/sql/readwriter.py", line 544, in parquet
[2025-11-17T19:59:54.037+0000] {subprocess.py:93} INFO -     return self._df(self._jreader.parquet(_to_seq(self._spark._sc, paths)))
[2025-11-17T19:59:54.039+0000] {subprocess.py:93} INFO -                     ^^^^^^^^^^^^^^^^^^^^^^^^^^^^^^^^^^^^^^^^^^^^^^^^^^^^^^
[2025-11-17T19:59:54.042+0000] {subprocess.py:93} INFO -   File "/home/***/.local/lib/python3.12/site-packages/py4j/java_gateway.py", line 1322, in __call__
[2025-11-17T19:59:54.043+0000] {subprocess.py:93} INFO -     return_value = get_return_value(
[2025-11-17T19:59:54.043+0000] {subprocess.py:93} INFO -                    ^^^^^^^^^^^^^^^^^
[2025-11-17T19:59:54.044+0000] {subprocess.py:93} INFO -   File "/home/***/.local/lib/python3.12/site-packages/pyspark/errors/exceptions/captured.py", line 185, in deco
[2025-11-17T19:59:54.045+0000] {subprocess.py:93} INFO -     raise converted from None
[2025-11-17T19:59:54.045+0000] {subprocess.py:93} INFO - pyspark.errors.exceptions.captured.IllegalArgumentException: path must be absolute
[2025-11-17T19:59:54.690+0000] {subprocess.py:97} INFO - Command exited with return code 1
[2025-11-17T19:59:54.694+0000] {taskinstance.py:441} INFO - ::group::Post task execution logs
[2025-11-17T19:59:54.720+0000] {taskinstance.py:2905} ERROR - Task failed with exception
Traceback (most recent call last):
  File "/home/airflow/.local/lib/python3.12/site-packages/airflow/models/taskinstance.py", line 465, in _execute_task
    result = _execute_callable(context=context, **execute_callable_kwargs)
             ^^^^^^^^^^^^^^^^^^^^^^^^^^^^^^^^^^^^^^^^^^^^^^^^^^^^^^^^^^^^^
  File "/home/airflow/.local/lib/python3.12/site-packages/airflow/models/taskinstance.py", line 432, in _execute_callable
    return execute_callable(context=context, **execute_callable_kwargs)
           ^^^^^^^^^^^^^^^^^^^^^^^^^^^^^^^^^^^^^^^^^^^^^^^^^^^^^^^^^^^^
  File "/home/airflow/.local/lib/python3.12/site-packages/airflow/models/baseoperator.py", line 401, in wrapper
    return func(self, *args, **kwargs)
           ^^^^^^^^^^^^^^^^^^^^^^^^^^^
  File "/home/airflow/.local/lib/python3.12/site-packages/airflow/operators/bash.py", line 243, in execute
    raise AirflowException(
airflow.exceptions.AirflowException: Bash command failed. The command returned a non-zero exit code 1.
[2025-11-17T19:59:54.729+0000] {taskinstance.py:1206} INFO - Marking task as FAILED. dag_id=etl_strava_activities, task_id=extract_gold_fact_activities, run_id=manual__2025-11-17T19:54:10.736809+00:00, execution_date=20251117T195410, start_date=20251117T195944, end_date=20251117T195954
[2025-11-17T19:59:54.766+0000] {standard_task_runner.py:110} ERROR - Failed to execute job 512 for task extract_gold_fact_activities (Bash command failed. The command returned a non-zero exit code 1.; 921)
[2025-11-17T19:59:54.822+0000] {local_task_job_runner.py:243} INFO - Task exited with return code 1
[2025-11-17T19:59:54.893+0000] {taskinstance.py:3503} INFO - 0 downstream tasks scheduled from follow-on schedule check
[2025-11-17T19:59:54.901+0000] {local_task_job_runner.py:222} INFO - ::endgroup::
