[2025-11-17T19:54:33.850+0000] {local_task_job_runner.py:120} INFO - ::group::Pre task execution logs
[2025-11-17T19:54:33.887+0000] {taskinstance.py:2076} INFO - Dependencies all met for dep_context=non-requeueable deps ti=<TaskInstance: etl_strava_activities.extract_gold_fact_activities manual__2025-11-17T19:54:10.736809+00:00 [queued]>
[2025-11-17T19:54:33.894+0000] {taskinstance.py:2076} INFO - Dependencies all met for dep_context=requeueable deps ti=<TaskInstance: etl_strava_activities.extract_gold_fact_activities manual__2025-11-17T19:54:10.736809+00:00 [queued]>
[2025-11-17T19:54:33.895+0000] {taskinstance.py:2306} INFO - Starting attempt 1 of 2
[2025-11-17T19:54:33.906+0000] {taskinstance.py:2330} INFO - Executing <Task(BashOperator): extract_gold_fact_activities> on 2025-11-17 19:54:10.736809+00:00
[2025-11-17T19:54:33.917+0000] {standard_task_runner.py:90} INFO - Running: ['***', 'tasks', 'run', 'etl_strava_activities', 'extract_gold_fact_activities', 'manual__2025-11-17T19:54:10.736809+00:00', '--job-id', '508', '--raw', '--subdir', 'DAGS_FOLDER/pipeline_strava_activities.py', '--cfg-path', '/tmp/tmp8pymairi']
[2025-11-17T19:54:33.921+0000] {standard_task_runner.py:91} INFO - Job 508: Subtask extract_gold_fact_activities
[2025-11-17T19:54:33.925+0000] {logging_mixin.py:188} WARNING - /home/***/.local/lib/python3.12/site-packages/***/task/task_runner/standard_task_runner.py:62 DeprecationWarning: This process (pid=404) is multi-threaded, use of fork() may lead to deadlocks in the child.
[2025-11-17T19:54:33.926+0000] {standard_task_runner.py:64} INFO - Started process 405 to run task
[2025-11-17T19:54:33.983+0000] {task_command.py:426} INFO - Running <TaskInstance: etl_strava_activities.extract_gold_fact_activities manual__2025-11-17T19:54:10.736809+00:00 [running]> on host 958eca229fdb
[2025-11-17T19:54:34.067+0000] {taskinstance.py:2648} INFO - Exporting env vars: AIRFLOW_CTX_DAG_OWNER='rayane' AIRFLOW_CTX_DAG_ID='etl_strava_activities' AIRFLOW_CTX_TASK_ID='extract_gold_fact_activities' AIRFLOW_CTX_EXECUTION_DATE='2025-11-17T19:54:10.736809+00:00' AIRFLOW_CTX_TRY_NUMBER='1' AIRFLOW_CTX_DAG_RUN_ID='manual__2025-11-17T19:54:10.736809+00:00'
[2025-11-17T19:54:34.068+0000] {taskinstance.py:430} INFO - ::endgroup::
[2025-11-17T19:54:34.084+0000] {subprocess.py:63} INFO - Tmp dir root location: /tmp
[2025-11-17T19:54:34.085+0000] {subprocess.py:75} INFO - Running command: ['/usr/bin/bash', '-c', 'python /opt/***/apps/03-gold/fact_user_activities_strava.py']
[2025-11-17T19:54:34.091+0000] {subprocess.py:86} INFO - Output:
[2025-11-17T19:54:37.287+0000] {subprocess.py:93} INFO - 25/11/17 19:54:37 WARN NativeCodeLoader: Unable to load native-hadoop library for your platform... using builtin-java classes where applicable
[2025-11-17T19:54:37.612+0000] {subprocess.py:93} INFO - Setting default log level to "WARN".
[2025-11-17T19:54:37.614+0000] {subprocess.py:93} INFO - To adjust logging level use sc.setLogLevel(newLevel). For SparkR, use setLogLevel(newLevel).
[2025-11-17T19:54:42.234+0000] {subprocess.py:93} INFO - 25/11/17 19:54:42 WARN SparkSession: Cannot use io.delta.sql.DeltaSparkSessionExtension to configure session extensions.
[2025-11-17T19:54:42.238+0000] {subprocess.py:93} INFO - java.lang.ClassNotFoundException: io.delta.sql.DeltaSparkSessionExtension
[2025-11-17T19:54:42.238+0000] {subprocess.py:93} INFO - 	at java.base/java.net.URLClassLoader.findClass(URLClassLoader.java:445)
[2025-11-17T19:54:42.239+0000] {subprocess.py:93} INFO - 	at java.base/java.lang.ClassLoader.loadClass(ClassLoader.java:592)
[2025-11-17T19:54:42.239+0000] {subprocess.py:93} INFO - 	at java.base/java.lang.ClassLoader.loadClass(ClassLoader.java:525)
[2025-11-17T19:54:42.240+0000] {subprocess.py:93} INFO - 	at java.base/java.lang.Class.forName0(Native Method)
[2025-11-17T19:54:42.240+0000] {subprocess.py:93} INFO - 	at java.base/java.lang.Class.forName(Class.java:469)
[2025-11-17T19:54:42.241+0000] {subprocess.py:93} INFO - 	at org.apache.spark.util.SparkClassUtils.classForName(SparkClassUtils.scala:41)
[2025-11-17T19:54:42.241+0000] {subprocess.py:93} INFO - 	at org.apache.spark.util.SparkClassUtils.classForName$(SparkClassUtils.scala:36)
[2025-11-17T19:54:42.241+0000] {subprocess.py:93} INFO - 	at org.apache.spark.util.Utils$.classForName(Utils.scala:94)
[2025-11-17T19:54:42.242+0000] {subprocess.py:93} INFO - 	at org.apache.spark.sql.SparkSession$.$anonfun$applyExtensions$2(SparkSession.scala:1367)
[2025-11-17T19:54:42.242+0000] {subprocess.py:93} INFO - 	at org.apache.spark.sql.SparkSession$.$anonfun$applyExtensions$2$adapted(SparkSession.scala:1365)
[2025-11-17T19:54:42.243+0000] {subprocess.py:93} INFO - 	at scala.collection.mutable.ResizableArray.foreach(ResizableArray.scala:62)
[2025-11-17T19:54:42.243+0000] {subprocess.py:93} INFO - 	at scala.collection.mutable.ResizableArray.foreach$(ResizableArray.scala:55)
[2025-11-17T19:54:42.243+0000] {subprocess.py:93} INFO - 	at scala.collection.mutable.ArrayBuffer.foreach(ArrayBuffer.scala:49)
[2025-11-17T19:54:42.244+0000] {subprocess.py:93} INFO - 	at org.apache.spark.sql.SparkSession$.org$apache$spark$sql$SparkSession$$applyExtensions(SparkSession.scala:1365)
[2025-11-17T19:54:42.244+0000] {subprocess.py:93} INFO - 	at org.apache.spark.sql.SparkSession.<init>(SparkSession.scala:105)
[2025-11-17T19:54:42.245+0000] {subprocess.py:93} INFO - 	at java.base/jdk.internal.reflect.NativeConstructorAccessorImpl.newInstance0(Native Method)
[2025-11-17T19:54:42.245+0000] {subprocess.py:93} INFO - 	at java.base/jdk.internal.reflect.NativeConstructorAccessorImpl.newInstance(NativeConstructorAccessorImpl.java:77)
[2025-11-17T19:54:42.245+0000] {subprocess.py:93} INFO - 	at java.base/jdk.internal.reflect.DelegatingConstructorAccessorImpl.newInstance(DelegatingConstructorAccessorImpl.java:45)
[2025-11-17T19:54:42.246+0000] {subprocess.py:93} INFO - 	at java.base/java.lang.reflect.Constructor.newInstanceWithCaller(Constructor.java:500)
[2025-11-17T19:54:42.246+0000] {subprocess.py:93} INFO - 	at java.base/java.lang.reflect.Constructor.newInstance(Constructor.java:481)
[2025-11-17T19:54:42.246+0000] {subprocess.py:93} INFO - 	at py4j.reflection.MethodInvoker.invoke(MethodInvoker.java:247)
[2025-11-17T19:54:42.247+0000] {subprocess.py:93} INFO - 	at py4j.reflection.ReflectionEngine.invoke(ReflectionEngine.java:374)
[2025-11-17T19:54:42.247+0000] {subprocess.py:93} INFO - 	at py4j.Gateway.invoke(Gateway.java:238)
[2025-11-17T19:54:42.247+0000] {subprocess.py:93} INFO - 	at py4j.commands.ConstructorCommand.invokeConstructor(ConstructorCommand.java:80)
[2025-11-17T19:54:42.248+0000] {subprocess.py:93} INFO - 	at py4j.commands.ConstructorCommand.execute(ConstructorCommand.java:69)
[2025-11-17T19:54:42.248+0000] {subprocess.py:93} INFO - 	at py4j.ClientServerConnection.waitForCommands(ClientServerConnection.java:182)
[2025-11-17T19:54:42.249+0000] {subprocess.py:93} INFO - 	at py4j.ClientServerConnection.run(ClientServerConnection.java:106)
[2025-11-17T19:54:42.249+0000] {subprocess.py:93} INFO - 	at java.base/java.lang.Thread.run(Thread.java:840)
[2025-11-17T19:54:42.590+0000] {subprocess.py:93} INFO - Usando o arquivo de variaveis em: /opt/***/apps/.env
[2025-11-17T19:54:42.590+0000] {subprocess.py:93} INFO - 
[2025-11-17T19:54:42.591+0000] {subprocess.py:93} INFO - === Tentando listar buckets ===
[2025-11-17T19:54:42.591+0000] {subprocess.py:93} INFO -  - file:/boot
[2025-11-17T19:54:42.591+0000] {subprocess.py:93} INFO -  - file:/usr
[2025-11-17T19:54:42.591+0000] {subprocess.py:93} INFO -  - file:/sys
[2025-11-17T19:54:42.592+0000] {subprocess.py:93} INFO -  - file:/srv
[2025-11-17T19:54:42.592+0000] {subprocess.py:93} INFO -  - file:/etc
[2025-11-17T19:54:42.592+0000] {subprocess.py:93} INFO -  - file:/media
[2025-11-17T19:54:42.592+0000] {subprocess.py:93} INFO -  - file:/proc
[2025-11-17T19:54:42.593+0000] {subprocess.py:93} INFO -  - file:/mnt
[2025-11-17T19:54:42.594+0000] {subprocess.py:93} INFO -  - file:/run
[2025-11-17T19:54:42.594+0000] {subprocess.py:93} INFO -  - file:/tmp
[2025-11-17T19:54:42.594+0000] {subprocess.py:93} INFO -  - file:/var
[2025-11-17T19:54:42.595+0000] {subprocess.py:93} INFO -  - file:/sbin
[2025-11-17T19:54:42.595+0000] {subprocess.py:93} INFO -  - file:/dev
[2025-11-17T19:54:42.595+0000] {subprocess.py:93} INFO -  - file:/lib
[2025-11-17T19:54:42.595+0000] {subprocess.py:93} INFO -  - file:/opt
[2025-11-17T19:54:42.596+0000] {subprocess.py:93} INFO -  - file:/bin
[2025-11-17T19:54:42.596+0000] {subprocess.py:93} INFO -  - file:/root
[2025-11-17T19:54:42.596+0000] {subprocess.py:93} INFO -  - file:/home
[2025-11-17T19:54:42.596+0000] {subprocess.py:93} INFO -  - file:/.dockerenv
[2025-11-17T19:54:42.596+0000] {subprocess.py:93} INFO -  - file:/requirements.txt
[2025-11-17T19:54:42.597+0000] {subprocess.py:93} INFO -  - file:/clean-logs
[2025-11-17T19:54:42.597+0000] {subprocess.py:93} INFO -  - file:/entrypoint
[2025-11-17T19:54:42.597+0000] {subprocess.py:93} INFO -  - file:/***-scheduler-autorestart
[2025-11-17T19:54:42.597+0000] {subprocess.py:93} INFO -  - file:/Dockerfile
[2025-11-17T19:54:42.598+0000] {subprocess.py:93} INFO -  - file:/scripts
[2025-11-17T19:54:42.598+0000] {subprocess.py:93} INFO - Traceback (most recent call last):
[2025-11-17T19:54:42.598+0000] {subprocess.py:93} INFO -   File "/opt/***/apps/03-gold/fact_user_activities_strava.py", line 64, in <module>
[2025-11-17T19:54:42.598+0000] {subprocess.py:93} INFO -     df_acts   = spark.read.parquet(SILVER_ACTIVITIES_PATH)
[2025-11-17T19:54:42.599+0000] {subprocess.py:93} INFO -                 ^^^^^^^^^^
[2025-11-17T19:54:42.600+0000] {subprocess.py:93} INFO -   File "/home/***/.local/lib/python3.12/site-packages/pyspark/sql/session.py", line 1706, in read
[2025-11-17T19:54:42.600+0000] {subprocess.py:93} INFO -     return DataFrameReader(self)
[2025-11-17T19:54:42.600+0000] {subprocess.py:93} INFO -            ^^^^^^^^^^^^^^^^^^^^^
[2025-11-17T19:54:42.601+0000] {subprocess.py:93} INFO -   File "/home/***/.local/lib/python3.12/site-packages/pyspark/sql/readwriter.py", line 70, in __init__
[2025-11-17T19:54:42.601+0000] {subprocess.py:93} INFO -     self._jreader = spark._jsparkSession.read()
[2025-11-17T19:54:42.601+0000] {subprocess.py:93} INFO -                     ^^^^^^^^^^^^^^^^^^^^^^^^^^^
[2025-11-17T19:54:42.601+0000] {subprocess.py:93} INFO -   File "/home/***/.local/lib/python3.12/site-packages/py4j/java_gateway.py", line 1322, in __call__
[2025-11-17T19:54:42.602+0000] {subprocess.py:93} INFO -     return_value = get_return_value(
[2025-11-17T19:54:42.602+0000] {subprocess.py:93} INFO -                    ^^^^^^^^^^^^^^^^^
[2025-11-17T19:54:42.602+0000] {subprocess.py:93} INFO -   File "/home/***/.local/lib/python3.12/site-packages/pyspark/errors/exceptions/captured.py", line 179, in deco
[2025-11-17T19:54:42.602+0000] {subprocess.py:93} INFO -     return f(*a, **kw)
[2025-11-17T19:54:42.602+0000] {subprocess.py:93} INFO -            ^^^^^^^^^^^
[2025-11-17T19:54:42.603+0000] {subprocess.py:93} INFO -   File "/home/***/.local/lib/python3.12/site-packages/py4j/protocol.py", line 326, in get_return_value
[2025-11-17T19:54:42.603+0000] {subprocess.py:93} INFO -     raise Py4JJavaError(
[2025-11-17T19:54:42.603+0000] {subprocess.py:93} INFO - py4j.protocol.Py4JJavaError: An error occurred while calling o42.read.
[2025-11-17T19:54:42.603+0000] {subprocess.py:93} INFO - : java.lang.IllegalStateException: LiveListenerBus is stopped.
[2025-11-17T19:54:42.604+0000] {subprocess.py:93} INFO - 	at org.apache.spark.scheduler.LiveListenerBus.addToQueue(LiveListenerBus.scala:92)
[2025-11-17T19:54:42.604+0000] {subprocess.py:93} INFO - 	at org.apache.spark.scheduler.LiveListenerBus.addToStatusQueue(LiveListenerBus.scala:75)
[2025-11-17T19:54:42.604+0000] {subprocess.py:93} INFO - 	at org.apache.spark.sql.internal.SharedState.<init>(SharedState.scala:115)
[2025-11-17T19:54:42.605+0000] {subprocess.py:93} INFO - 	at org.apache.spark.sql.SparkSession.$anonfun$sharedState$1(SparkSession.scala:143)
[2025-11-17T19:54:42.605+0000] {subprocess.py:93} INFO - 	at scala.Option.getOrElse(Option.scala:189)
[2025-11-17T19:54:42.605+0000] {subprocess.py:93} INFO - 	at org.apache.spark.sql.SparkSession.sharedState$lzycompute(SparkSession.scala:143)
[2025-11-17T19:54:42.605+0000] {subprocess.py:93} INFO - 	at org.apache.spark.sql.SparkSession.sharedState(SparkSession.scala:142)
[2025-11-17T19:54:42.606+0000] {subprocess.py:93} INFO - 	at org.apache.spark.sql.SparkSession.$anonfun$sessionState$2(SparkSession.scala:162)
[2025-11-17T19:54:42.606+0000] {subprocess.py:93} INFO - 	at scala.Option.getOrElse(Option.scala:189)
[2025-11-17T19:54:42.606+0000] {subprocess.py:93} INFO - 	at org.apache.spark.sql.SparkSession.sessionState$lzycompute(SparkSession.scala:160)
[2025-11-17T19:54:42.606+0000] {subprocess.py:93} INFO - 	at org.apache.spark.sql.SparkSession.sessionState(SparkSession.scala:157)
[2025-11-17T19:54:42.606+0000] {subprocess.py:93} INFO - 	at org.apache.spark.sql.DataFrameReader.<init>(DataFrameReader.scala:699)
[2025-11-17T19:54:42.606+0000] {subprocess.py:93} INFO - 	at org.apache.spark.sql.SparkSession.read(SparkSession.scala:783)
[2025-11-17T19:54:42.607+0000] {subprocess.py:93} INFO - 	at java.base/jdk.internal.reflect.NativeMethodAccessorImpl.invoke0(Native Method)
[2025-11-17T19:54:42.607+0000] {subprocess.py:93} INFO - 	at java.base/jdk.internal.reflect.NativeMethodAccessorImpl.invoke(NativeMethodAccessorImpl.java:77)
[2025-11-17T19:54:42.607+0000] {subprocess.py:93} INFO - 	at java.base/jdk.internal.reflect.DelegatingMethodAccessorImpl.invoke(DelegatingMethodAccessorImpl.java:43)
[2025-11-17T19:54:42.607+0000] {subprocess.py:93} INFO - 	at java.base/java.lang.reflect.Method.invoke(Method.java:569)
[2025-11-17T19:54:42.607+0000] {subprocess.py:93} INFO - 	at py4j.reflection.MethodInvoker.invoke(MethodInvoker.java:244)
[2025-11-17T19:54:42.608+0000] {subprocess.py:93} INFO - 	at py4j.reflection.ReflectionEngine.invoke(ReflectionEngine.java:374)
[2025-11-17T19:54:42.608+0000] {subprocess.py:93} INFO - 	at py4j.Gateway.invoke(Gateway.java:282)
[2025-11-17T19:54:42.608+0000] {subprocess.py:93} INFO - 	at py4j.commands.AbstractCommand.invokeMethod(AbstractCommand.java:132)
[2025-11-17T19:54:42.608+0000] {subprocess.py:93} INFO - 	at py4j.commands.CallCommand.execute(CallCommand.java:79)
[2025-11-17T19:54:42.608+0000] {subprocess.py:93} INFO - 	at py4j.ClientServerConnection.waitForCommands(ClientServerConnection.java:182)
[2025-11-17T19:54:42.608+0000] {subprocess.py:93} INFO - 	at py4j.ClientServerConnection.run(ClientServerConnection.java:106)
[2025-11-17T19:54:42.609+0000] {subprocess.py:93} INFO - 	at java.base/java.lang.Thread.run(Thread.java:840)
[2025-11-17T19:54:42.609+0000] {subprocess.py:93} INFO - 
[2025-11-17T19:54:43.119+0000] {subprocess.py:97} INFO - Command exited with return code 1
[2025-11-17T19:54:43.121+0000] {taskinstance.py:441} INFO - ::group::Post task execution logs
[2025-11-17T19:54:43.148+0000] {taskinstance.py:2905} ERROR - Task failed with exception
Traceback (most recent call last):
  File "/home/airflow/.local/lib/python3.12/site-packages/airflow/models/taskinstance.py", line 465, in _execute_task
    result = _execute_callable(context=context, **execute_callable_kwargs)
             ^^^^^^^^^^^^^^^^^^^^^^^^^^^^^^^^^^^^^^^^^^^^^^^^^^^^^^^^^^^^^
  File "/home/airflow/.local/lib/python3.12/site-packages/airflow/models/taskinstance.py", line 432, in _execute_callable
    return execute_callable(context=context, **execute_callable_kwargs)
           ^^^^^^^^^^^^^^^^^^^^^^^^^^^^^^^^^^^^^^^^^^^^^^^^^^^^^^^^^^^^
  File "/home/airflow/.local/lib/python3.12/site-packages/airflow/models/baseoperator.py", line 401, in wrapper
    return func(self, *args, **kwargs)
           ^^^^^^^^^^^^^^^^^^^^^^^^^^^
  File "/home/airflow/.local/lib/python3.12/site-packages/airflow/operators/bash.py", line 243, in execute
    raise AirflowException(
airflow.exceptions.AirflowException: Bash command failed. The command returned a non-zero exit code 1.
[2025-11-17T19:54:43.158+0000] {taskinstance.py:1206} INFO - Marking task as UP_FOR_RETRY. dag_id=etl_strava_activities, task_id=extract_gold_fact_activities, run_id=manual__2025-11-17T19:54:10.736809+00:00, execution_date=20251117T195410, start_date=20251117T195433, end_date=20251117T195443
[2025-11-17T19:54:43.190+0000] {standard_task_runner.py:110} ERROR - Failed to execute job 508 for task extract_gold_fact_activities (Bash command failed. The command returned a non-zero exit code 1.; 405)
[2025-11-17T19:54:43.235+0000] {local_task_job_runner.py:243} INFO - Task exited with return code 1
[2025-11-17T19:54:43.305+0000] {taskinstance.py:3503} INFO - 0 downstream tasks scheduled from follow-on schedule check
[2025-11-17T19:54:43.316+0000] {local_task_job_runner.py:222} INFO - ::endgroup::
