[2025-11-16T18:41:08.878+0000] {local_task_job_runner.py:120} INFO - ::group::Pre task execution logs
[2025-11-16T18:41:08.911+0000] {taskinstance.py:2076} INFO - Dependencies all met for dep_context=non-requeueable deps ti=<TaskInstance: etl_strava_activities.extract_silver_activities manual__2025-11-16T18:40:50.950380+00:00 [queued]>
[2025-11-16T18:41:08.916+0000] {taskinstance.py:2076} INFO - Dependencies all met for dep_context=requeueable deps ti=<TaskInstance: etl_strava_activities.extract_silver_activities manual__2025-11-16T18:40:50.950380+00:00 [queued]>
[2025-11-16T18:41:08.917+0000] {taskinstance.py:2306} INFO - Starting attempt 1 of 2
[2025-11-16T18:41:08.927+0000] {taskinstance.py:2330} INFO - Executing <Task(BashOperator): extract_silver_activities> on 2025-11-16 18:40:50.950380+00:00
[2025-11-16T18:41:08.933+0000] {standard_task_runner.py:90} INFO - Running: ['***', 'tasks', 'run', 'etl_strava_activities', 'extract_silver_activities', 'manual__2025-11-16T18:40:50.950380+00:00', '--job-id', '371', '--raw', '--subdir', 'DAGS_FOLDER/pipeline_strava_activities.py', '--cfg-path', '/tmp/tmp68psf2yp']
[2025-11-16T18:41:08.935+0000] {standard_task_runner.py:91} INFO - Job 371: Subtask extract_silver_activities
[2025-11-16T18:41:08.935+0000] {logging_mixin.py:188} WARNING - /home/***/.local/lib/python3.12/site-packages/***/task/task_runner/standard_task_runner.py:62 DeprecationWarning: This process (pid=3352) is multi-threaded, use of fork() may lead to deadlocks in the child.
[2025-11-16T18:41:08.935+0000] {standard_task_runner.py:64} INFO - Started process 3353 to run task
[2025-11-16T18:41:08.972+0000] {task_command.py:426} INFO - Running <TaskInstance: etl_strava_activities.extract_silver_activities manual__2025-11-16T18:40:50.950380+00:00 [running]> on host 602d3770b2e4
[2025-11-16T18:41:09.041+0000] {taskinstance.py:2648} INFO - Exporting env vars: AIRFLOW_CTX_DAG_OWNER='rayane' AIRFLOW_CTX_DAG_ID='etl_strava_activities' AIRFLOW_CTX_TASK_ID='extract_silver_activities' AIRFLOW_CTX_EXECUTION_DATE='2025-11-16T18:40:50.950380+00:00' AIRFLOW_CTX_TRY_NUMBER='1' AIRFLOW_CTX_DAG_RUN_ID='manual__2025-11-16T18:40:50.950380+00:00'
[2025-11-16T18:41:09.042+0000] {taskinstance.py:430} INFO - ::endgroup::
[2025-11-16T18:41:09.055+0000] {subprocess.py:63} INFO - Tmp dir root location: /tmp
[2025-11-16T18:41:09.058+0000] {subprocess.py:75} INFO - Running command: ['/usr/bin/bash', '-c', 'python /opt/***/apps/02-silver/extract-bronze-to-silver-strava-activities.py']
[2025-11-16T18:41:09.064+0000] {subprocess.py:86} INFO - Output:
[2025-11-16T18:41:09.903+0000] {subprocess.py:93} INFO - Usando o arquivo de variaveis em: /tmp/***tmpbnuqaj47/.env
[2025-11-16T18:41:09.904+0000] {subprocess.py:93} INFO - None
[2025-11-16T18:41:09.904+0000] {subprocess.py:93} INFO - Bucket vazio
[2025-11-16T18:41:09.904+0000] {subprocess.py:93} INFO - ⚠️ Variável TYPE_PROCESS_USER_ACTIVITIES não definida. Use 'FULL' ou 'INCREMENTAL'. ⚠️
[2025-11-16T18:41:09.966+0000] {subprocess.py:97} INFO - Command exited with return code 1
[2025-11-16T18:41:09.967+0000] {taskinstance.py:441} INFO - ::group::Post task execution logs
[2025-11-16T18:41:09.977+0000] {taskinstance.py:2905} ERROR - Task failed with exception
Traceback (most recent call last):
  File "/home/airflow/.local/lib/python3.12/site-packages/airflow/models/taskinstance.py", line 465, in _execute_task
    result = _execute_callable(context=context, **execute_callable_kwargs)
             ^^^^^^^^^^^^^^^^^^^^^^^^^^^^^^^^^^^^^^^^^^^^^^^^^^^^^^^^^^^^^
  File "/home/airflow/.local/lib/python3.12/site-packages/airflow/models/taskinstance.py", line 432, in _execute_callable
    return execute_callable(context=context, **execute_callable_kwargs)
           ^^^^^^^^^^^^^^^^^^^^^^^^^^^^^^^^^^^^^^^^^^^^^^^^^^^^^^^^^^^^
  File "/home/airflow/.local/lib/python3.12/site-packages/airflow/models/baseoperator.py", line 401, in wrapper
    return func(self, *args, **kwargs)
           ^^^^^^^^^^^^^^^^^^^^^^^^^^^
  File "/home/airflow/.local/lib/python3.12/site-packages/airflow/operators/bash.py", line 243, in execute
    raise AirflowException(
airflow.exceptions.AirflowException: Bash command failed. The command returned a non-zero exit code 1.
[2025-11-16T18:41:09.980+0000] {taskinstance.py:1206} INFO - Marking task as UP_FOR_RETRY. dag_id=etl_strava_activities, task_id=extract_silver_activities, run_id=manual__2025-11-16T18:40:50.950380+00:00, execution_date=20251116T184050, start_date=20251116T184108, end_date=20251116T184109
[2025-11-16T18:41:09.999+0000] {standard_task_runner.py:110} ERROR - Failed to execute job 371 for task extract_silver_activities (Bash command failed. The command returned a non-zero exit code 1.; 3353)
[2025-11-16T18:41:10.030+0000] {local_task_job_runner.py:243} INFO - Task exited with return code 1
[2025-11-16T18:41:10.044+0000] {taskinstance.py:3503} INFO - 0 downstream tasks scheduled from follow-on schedule check
[2025-11-16T18:41:10.045+0000] {local_task_job_runner.py:222} INFO - ::endgroup::
