[2025-11-16T10:57:18.124+0000] {local_task_job_runner.py:120} INFO - ::group::Pre task execution logs
[2025-11-16T10:57:18.193+0000] {taskinstance.py:2076} INFO - Dependencies all met for dep_context=non-requeueable deps ti=<TaskInstance: etl_strava_activities.extract_bronze_activities manual__2025-11-16T10:57:17.018464+00:00 [queued]>
[2025-11-16T10:57:18.208+0000] {taskinstance.py:2076} INFO - Dependencies all met for dep_context=requeueable deps ti=<TaskInstance: etl_strava_activities.extract_bronze_activities manual__2025-11-16T10:57:17.018464+00:00 [queued]>
[2025-11-16T10:57:18.208+0000] {taskinstance.py:2306} INFO - Starting attempt 1 of 2
[2025-11-16T10:57:18.233+0000] {taskinstance.py:2330} INFO - Executing <Task(BashOperator): extract_bronze_activities> on 2025-11-16 10:57:17.018464+00:00
[2025-11-16T10:57:18.246+0000] {logging_mixin.py:188} WARNING - /home/***/.local/lib/python3.12/site-packages/***/task/task_runner/standard_task_runner.py:62 DeprecationWarning: This process (pid=7269) is multi-threaded, use of fork() may lead to deadlocks in the child.
[2025-11-16T10:57:18.244+0000] {standard_task_runner.py:90} INFO - Running: ['***', 'tasks', 'run', 'etl_strava_activities', 'extract_bronze_activities', 'manual__2025-11-16T10:57:17.018464+00:00', '--job-id', '333', '--raw', '--subdir', 'DAGS_FOLDER/pipeline_strava_activities.py', '--cfg-path', '/tmp/tmppiyzyiwi']
[2025-11-16T10:57:18.247+0000] {standard_task_runner.py:64} INFO - Started process 7270 to run task
[2025-11-16T10:57:18.248+0000] {standard_task_runner.py:91} INFO - Job 333: Subtask extract_bronze_activities
[2025-11-16T10:57:18.322+0000] {task_command.py:426} INFO - Running <TaskInstance: etl_strava_activities.extract_bronze_activities manual__2025-11-16T10:57:17.018464+00:00 [running]> on host 729d1077952c
[2025-11-16T10:57:18.421+0000] {taskinstance.py:2648} INFO - Exporting env vars: AIRFLOW_CTX_DAG_OWNER='rayane' AIRFLOW_CTX_DAG_ID='etl_strava_activities' AIRFLOW_CTX_TASK_ID='extract_bronze_activities' AIRFLOW_CTX_EXECUTION_DATE='2025-11-16T10:57:17.018464+00:00' AIRFLOW_CTX_TRY_NUMBER='1' AIRFLOW_CTX_DAG_RUN_ID='manual__2025-11-16T10:57:17.018464+00:00'
[2025-11-16T10:57:18.422+0000] {taskinstance.py:430} INFO - ::endgroup::
[2025-11-16T10:57:18.439+0000] {subprocess.py:63} INFO - Tmp dir root location: /tmp
[2025-11-16T10:57:18.441+0000] {subprocess.py:75} INFO - Running command: ['/usr/bin/bash', '-c', 'python /opt/***/apps/extract_api_strava_user_activities.py']
[2025-11-16T10:57:18.452+0000] {subprocess.py:86} INFO - Output:
[2025-11-16T10:57:21.139+0000] {subprocess.py:93} INFO - Usando o arquivo de variaveis em: /opt/***/apps/.env
[2025-11-16T10:57:21.139+0000] {subprocess.py:93} INFO - 184573
[2025-11-16T10:57:21.140+0000] {subprocess.py:93} INFO -  ⚠️  O Token atual expira em: 2025-11-16 16:49:36
[2025-11-16T10:57:21.140+0000] {subprocess.py:93} INFO - Usando o arquivo de variaveis em: /opt/***/apps/.env
[2025-11-16T10:57:21.141+0000] {subprocess.py:93} INFO - ✅ Credenciais Autenticadas
[2025-11-16T10:57:21.141+0000] {subprocess.py:93} INFO - PROCESSAMENTO INCREMENTAL A PARTIR DE 2025-10-15 18:54:14+00:00
[2025-11-16T10:57:21.142+0000] {subprocess.py:93} INFO - 2025-10-15 18:54:14+00:00
[2025-11-16T10:57:21.142+0000] {subprocess.py:93} INFO - Extraçao iniciada, aguarde... ⏳
[2025-11-16T10:57:21.142+0000] {subprocess.py:93} INFO - [Object(bucket_name='bronze-api-strava-user-activities-json', object_name='2025/10/2025-10-24-16240995397-2025-11-13.json', last_modified=datetime.datetime(2025, 11, 13, 22, 55, 50, 269000, tzinfo=datetime.timezone.utc), etag='9166ef781f858eeebf6696e87c4681ff', size=2124, metadata={}, version_id=None, is_latest=None, storage_class='STANDARD', owner_id=None, owner_name=None, content_type=None, is_delete_marker=False, tags=None, is_dir=False)]
[2025-11-16T10:57:21.142+0000] {subprocess.py:93} INFO - Verificando atividade ID: 16240995397 - Data: 2025-10-24 08:42:03+00:00
[2025-11-16T10:57:21.142+0000] {subprocess.py:93} INFO - Última data atualizada para: 2025-10-24 08:42:03+00:00
[2025-11-16T10:57:21.143+0000] {subprocess.py:93} INFO - [Object(bucket_name='bronze-api-strava-user-activities-json', object_name='2025/10/2025-10-24-16245247749-2025-11-13.json', last_modified=datetime.datetime(2025, 11, 13, 22, 55, 52, 286000, tzinfo=datetime.timezone.utc), etag='12600cb46c3ea669821d2b40a6dc489d', size=2094, metadata={}, version_id=None, is_latest=None, storage_class='STANDARD', owner_id=None, owner_name=None, content_type=None, is_delete_marker=False, tags=None, is_dir=False)]
[2025-11-16T10:57:21.143+0000] {subprocess.py:93} INFO - Verificando atividade ID: 16245247749 - Data: 2025-10-24 18:11:01+00:00
[2025-11-16T10:57:21.143+0000] {subprocess.py:93} INFO - Última data atualizada para: 2025-10-24 18:11:01+00:00
[2025-11-16T10:57:21.144+0000] {subprocess.py:93} INFO - [Object(bucket_name='bronze-api-strava-user-activities-json', object_name='2025/10/2025-10-25-16255380841-2025-11-13.json', last_modified=datetime.datetime(2025, 11, 13, 22, 55, 54, 305000, tzinfo=datetime.timezone.utc), etag='765048e2b6e776f10f5104d4b0222a57', size=2141, metadata={}, version_id=None, is_latest=None, storage_class='STANDARD', owner_id=None, owner_name=None, content_type=None, is_delete_marker=False, tags=None, is_dir=False)]
[2025-11-16T10:57:21.144+0000] {subprocess.py:93} INFO - Verificando atividade ID: 16255380841 - Data: 2025-10-25 17:34:52+00:00
[2025-11-16T10:57:21.144+0000] {subprocess.py:93} INFO - Última data atualizada para: 2025-10-25 17:34:52+00:00
[2025-11-16T10:57:21.144+0000] {subprocess.py:93} INFO - [Object(bucket_name='bronze-api-strava-user-activities-json', object_name='2025/10/2025-10-25-16256422683-2025-11-13.json', last_modified=datetime.datetime(2025, 11, 13, 22, 55, 56, 325000, tzinfo=datetime.timezone.utc), etag='725bc67131c3ecd5949546b24a5f2ef5', size=2677, metadata={}, version_id=None, is_latest=None, storage_class='STANDARD', owner_id=None, owner_name=None, content_type=None, is_delete_marker=False, tags=None, is_dir=False)]
[2025-11-16T10:57:21.144+0000] {subprocess.py:93} INFO - Verificando atividade ID: 16256422683 - Data: 2025-10-25 18:57:56+00:00
[2025-11-16T10:57:21.145+0000] {subprocess.py:93} INFO - Última data atualizada para: 2025-10-25 18:57:56+00:00
[2025-11-16T10:57:21.145+0000] {subprocess.py:93} INFO - [Object(bucket_name='bronze-api-strava-user-activities-json', object_name='2025/10/2025-10-26-16261899662-2025-11-13.json', last_modified=datetime.datetime(2025, 11, 13, 22, 55, 58, 337000, tzinfo=datetime.timezone.utc), etag='93759db68d6840dbcba8e858b87806bb', size=2045, metadata={}, version_id=None, is_latest=None, storage_class='STANDARD', owner_id=None, owner_name=None, content_type=None, is_delete_marker=False, tags=None, is_dir=False)]
[2025-11-16T10:57:21.146+0000] {subprocess.py:93} INFO - Verificando atividade ID: 16261899662 - Data: 2025-10-26 08:34:25+00:00
[2025-11-16T10:57:21.146+0000] {subprocess.py:93} INFO - Última data atualizada para: 2025-10-26 08:34:25+00:00
[2025-11-16T10:57:21.147+0000] {subprocess.py:93} INFO - [Object(bucket_name='bronze-api-strava-user-activities-json', object_name='2025/10/2025-10-28-16280433395-2025-11-13.json', last_modified=datetime.datetime(2025, 11, 13, 22, 56, 0, 354000, tzinfo=datetime.timezone.utc), etag='a96895ea60393b020adc1e3fe3376de9', size=2105, metadata={}, version_id=None, is_latest=None, storage_class='STANDARD', owner_id=None, owner_name=None, content_type=None, is_delete_marker=False, tags=None, is_dir=False)]
[2025-11-16T10:57:21.147+0000] {subprocess.py:93} INFO - Verificando atividade ID: 16280433395 - Data: 2025-10-28 08:10:29+00:00
[2025-11-16T10:57:21.147+0000] {subprocess.py:93} INFO - Última data atualizada para: 2025-10-28 08:10:29+00:00
[2025-11-16T10:57:21.147+0000] {subprocess.py:93} INFO - [Object(bucket_name='bronze-api-strava-user-activities-json', object_name='2025/10/2025-10-28-16286472379-2025-11-13.json', last_modified=datetime.datetime(2025, 11, 13, 22, 56, 2, 366000, tzinfo=datetime.timezone.utc), etag='32f76bc8a2d8480d384fed98a5546a71', size=2252, metadata={}, version_id=None, is_latest=None, storage_class='STANDARD', owner_id=None, owner_name=None, content_type=None, is_delete_marker=False, tags=None, is_dir=False)]
[2025-11-16T10:57:21.148+0000] {subprocess.py:93} INFO - Verificando atividade ID: 16286472379 - Data: 2025-10-28 18:12:46+00:00
[2025-11-16T10:57:21.148+0000] {subprocess.py:93} INFO - Última data atualizada para: 2025-10-28 18:12:46+00:00
[2025-11-16T10:57:21.148+0000] {subprocess.py:93} INFO - [Object(bucket_name='bronze-api-strava-user-activities-json', object_name='2025/10/2025-10-29-16294015317-2025-11-13.json', last_modified=datetime.datetime(2025, 11, 13, 22, 56, 4, 383000, tzinfo=datetime.timezone.utc), etag='e9046ed641f70615317c7804a5af52e0', size=1771, metadata={}, version_id=None, is_latest=None, storage_class='STANDARD', owner_id=None, owner_name=None, content_type=None, is_delete_marker=False, tags=None, is_dir=False)]
[2025-11-16T10:57:21.148+0000] {subprocess.py:93} INFO - Verificando atividade ID: 16294015317 - Data: 2025-10-29 13:05:57+00:00
[2025-11-16T10:57:21.149+0000] {subprocess.py:93} INFO - Última data atualizada para: 2025-10-29 13:05:57+00:00
[2025-11-16T10:57:21.149+0000] {subprocess.py:93} INFO - [Object(bucket_name='bronze-api-strava-user-activities-json', object_name='2025/11/2025-11-01-16324471811-2025-11-13.json', last_modified=datetime.datetime(2025, 11, 13, 22, 56, 6, 400000, tzinfo=datetime.timezone.utc), etag='22d8b937d168a76f728de88007c86574', size=1690, metadata={}, version_id=None, is_latest=None, storage_class='STANDARD', owner_id=None, owner_name=None, content_type=None, is_delete_marker=False, tags=None, is_dir=False)]
[2025-11-16T10:57:21.149+0000] {subprocess.py:93} INFO - Verificando atividade ID: 16324471811 - Data: 2025-11-01 14:37:44+00:00
[2025-11-16T10:57:21.149+0000] {subprocess.py:93} INFO - Última data atualizada para: 2025-11-01 14:37:44+00:00
[2025-11-16T10:57:21.150+0000] {subprocess.py:93} INFO - [Object(bucket_name='bronze-api-strava-user-activities-json', object_name='2025/11/2025-11-01-16324490276-2025-11-13.json', last_modified=datetime.datetime(2025, 11, 13, 22, 56, 8, 420000, tzinfo=datetime.timezone.utc), etag='c5e70080a85686341dd2bac8436307e4', size=1772, metadata={}, version_id=None, is_latest=None, storage_class='STANDARD', owner_id=None, owner_name=None, content_type=None, is_delete_marker=False, tags=None, is_dir=False)]
[2025-11-16T10:57:21.150+0000] {subprocess.py:93} INFO - Verificando atividade ID: 16324490276 - Data: 2025-11-01 15:03:36+00:00
[2025-11-16T10:57:21.150+0000] {subprocess.py:93} INFO - Última data atualizada para: 2025-11-01 15:03:36+00:00
[2025-11-16T10:57:21.150+0000] {subprocess.py:93} INFO - [Object(bucket_name='bronze-api-strava-user-activities-json', object_name='2025/11/2025-11-02-16336210303-2025-11-13.json', last_modified=datetime.datetime(2025, 11, 13, 22, 56, 10, 435000, tzinfo=datetime.timezone.utc), etag='424bc8a88f38ef53fdb89a803f96fe07', size=2582, metadata={}, version_id=None, is_latest=None, storage_class='STANDARD', owner_id=None, owner_name=None, content_type=None, is_delete_marker=False, tags=None, is_dir=False)]
[2025-11-16T10:57:21.151+0000] {subprocess.py:93} INFO - Verificando atividade ID: 16336210303 - Data: 2025-11-02 16:55:04+00:00
[2025-11-16T10:57:21.151+0000] {subprocess.py:93} INFO - Última data atualizada para: 2025-11-02 16:55:04+00:00
[2025-11-16T10:57:21.151+0000] {subprocess.py:93} INFO - [Object(bucket_name='bronze-api-strava-user-activities-json', object_name='2025/11/2025-11-03-16342704862-2025-11-13.json', last_modified=datetime.datetime(2025, 11, 13, 22, 56, 12, 454000, tzinfo=datetime.timezone.utc), etag='cf57017ad725a688d16b24def4251486', size=1779, metadata={}, version_id=None, is_latest=None, storage_class='STANDARD', owner_id=None, owner_name=None, content_type=None, is_delete_marker=False, tags=None, is_dir=False)]
[2025-11-16T10:57:21.152+0000] {subprocess.py:93} INFO - Verificando atividade ID: 16342704862 - Data: 2025-11-03 12:29:57+00:00
[2025-11-16T10:57:21.152+0000] {subprocess.py:93} INFO - Última data atualizada para: 2025-11-03 12:29:57+00:00
[2025-11-16T10:57:21.152+0000] {subprocess.py:93} INFO - [Object(bucket_name='bronze-api-strava-user-activities-json', object_name='2025/11/2025-11-03-16347514691-2025-11-13.json', last_modified=datetime.datetime(2025, 11, 13, 22, 56, 14, 472000, tzinfo=datetime.timezone.utc), etag='451ed10e0c2650f4b5218582140686da', size=2785, metadata={}, version_id=None, is_latest=None, storage_class='STANDARD', owner_id=None, owner_name=None, content_type=None, is_delete_marker=False, tags=None, is_dir=False)]
[2025-11-16T10:57:21.153+0000] {subprocess.py:93} INFO - Verificando atividade ID: 16347514691 - Data: 2025-11-03 18:24:22+00:00
[2025-11-16T10:57:21.153+0000] {subprocess.py:93} INFO - Última data atualizada para: 2025-11-03 18:24:22+00:00
[2025-11-16T10:57:23.625+0000] {subprocess.py:93} INFO - [Object(bucket_name='bronze-api-strava-user-activities-json', object_name='2025/11/2025-11-04-16357635052-2025-11-13.json', last_modified=datetime.datetime(2025, 11, 13, 22, 56, 16, 487000, tzinfo=datetime.timezone.utc), etag='0ae7f83363c05ef09c32b46006527794', size=2082, metadata={}, version_id=None, is_latest=None, storage_class='STANDARD', owner_id=None, owner_name=None, content_type=None, is_delete_marker=False, tags=None, is_dir=False)]
[2025-11-16T10:57:23.626+0000] {subprocess.py:93} INFO - Verificando atividade ID: 16357635052 - Data: 2025-11-04 19:14:15+00:00
[2025-11-16T10:57:23.626+0000] {subprocess.py:93} INFO - Última data atualizada para: 2025-11-04 19:14:15+00:00
[2025-11-16T10:57:23.627+0000] {subprocess.py:93} INFO - [Object(bucket_name='bronze-api-strava-user-activities-json', object_name='2025/11/2025-11-04-16357627858-2025-11-13.json', last_modified=datetime.datetime(2025, 11, 13, 22, 56, 18, 501000, tzinfo=datetime.timezone.utc), etag='5ae860fe171ce9ea01e46412128ef929', size=2194, metadata={}, version_id=None, is_latest=None, storage_class='STANDARD', owner_id=None, owner_name=None, content_type=None, is_delete_marker=False, tags=None, is_dir=False)]
[2025-11-16T10:57:23.627+0000] {subprocess.py:93} INFO - Verificando atividade ID: 16357627858 - Data: 2025-11-04 19:26:56+00:00
[2025-11-16T10:57:23.627+0000] {subprocess.py:93} INFO - Última data atualizada para: 2025-11-04 19:26:56+00:00
[2025-11-16T10:57:23.627+0000] {subprocess.py:93} INFO - [Object(bucket_name='bronze-api-strava-user-activities-json', object_name='2025/11/2025-11-04-16357957964-2025-11-13.json', last_modified=datetime.datetime(2025, 11, 13, 22, 56, 20, 522000, tzinfo=datetime.timezone.utc), etag='f2904368ce3551a51d595e320c667eb6', size=2064, metadata={}, version_id=None, is_latest=None, storage_class='STANDARD', owner_id=None, owner_name=None, content_type=None, is_delete_marker=False, tags=None, is_dir=False)]
[2025-11-16T10:57:23.628+0000] {subprocess.py:93} INFO - Verificando atividade ID: 16357957964 - Data: 2025-11-04 20:27:10+00:00
[2025-11-16T10:57:23.628+0000] {subprocess.py:93} INFO - Última data atualizada para: 2025-11-04 20:27:10+00:00
[2025-11-16T10:57:23.628+0000] {subprocess.py:93} INFO - [Object(bucket_name='bronze-api-strava-user-activities-json', object_name='2025/11/2025-11-05-16369168393-2025-11-13.json', last_modified=datetime.datetime(2025, 11, 13, 22, 56, 22, 540000, tzinfo=datetime.timezone.utc), etag='6cf424397e8e3cf2826ce603575ba951', size=1769, metadata={}, version_id=None, is_latest=None, storage_class='STANDARD', owner_id=None, owner_name=None, content_type=None, is_delete_marker=False, tags=None, is_dir=False)]
[2025-11-16T10:57:23.628+0000] {subprocess.py:93} INFO - Verificando atividade ID: 16369168393 - Data: 2025-11-05 20:26:51+00:00
[2025-11-16T10:57:23.629+0000] {subprocess.py:93} INFO - Última data atualizada para: 2025-11-05 20:26:51+00:00
[2025-11-16T10:57:23.629+0000] {subprocess.py:93} INFO - [Object(bucket_name='bronze-api-strava-user-activities-json', object_name='2025/11/2025-11-07-16387251400-2025-11-13.json', last_modified=datetime.datetime(2025, 11, 13, 22, 56, 24, 558000, tzinfo=datetime.timezone.utc), etag='19aa9890c652ac68219c2c3a089a1508', size=1746, metadata={}, version_id=None, is_latest=None, storage_class='STANDARD', owner_id=None, owner_name=None, content_type=None, is_delete_marker=False, tags=None, is_dir=False)]
[2025-11-16T10:57:23.629+0000] {subprocess.py:93} INFO - Verificando atividade ID: 16387251400 - Data: 2025-11-07 17:01:32+00:00
[2025-11-16T10:57:23.630+0000] {subprocess.py:93} INFO - Última data atualizada para: 2025-11-07 17:01:32+00:00
[2025-11-16T10:57:23.630+0000] {subprocess.py:93} INFO - [Object(bucket_name='bronze-api-strava-user-activities-json', object_name='2025/11/2025-11-09-16402288254-2025-11-13.json', last_modified=datetime.datetime(2025, 11, 13, 22, 56, 26, 580000, tzinfo=datetime.timezone.utc), etag='9aaacb768ee977728c2fc34e775b45bf', size=1987, metadata={}, version_id=None, is_latest=None, storage_class='STANDARD', owner_id=None, owner_name=None, content_type=None, is_delete_marker=False, tags=None, is_dir=False)]
[2025-11-16T10:57:23.630+0000] {subprocess.py:93} INFO - Verificando atividade ID: 16402288254 - Data: 2025-11-09 07:09:50+00:00
[2025-11-16T10:57:23.630+0000] {subprocess.py:93} INFO - Última data atualizada para: 2025-11-09 07:09:50+00:00
[2025-11-16T10:57:23.631+0000] {subprocess.py:93} INFO - [Object(bucket_name='bronze-api-strava-user-activities-json', object_name='2025/11/2025-11-09-16402987648-2025-11-13.json', last_modified=datetime.datetime(2025, 11, 13, 22, 56, 28, 595000, tzinfo=datetime.timezone.utc), etag='9688fd5ed26ca7745f57472f2a4366d2', size=2204, metadata={}, version_id=None, is_latest=None, storage_class='STANDARD', owner_id=None, owner_name=None, content_type=None, is_delete_marker=False, tags=None, is_dir=False)]
[2025-11-16T10:57:23.631+0000] {subprocess.py:93} INFO - Verificando atividade ID: 16402987648 - Data: 2025-11-09 07:52:12+00:00
[2025-11-16T10:57:23.632+0000] {subprocess.py:93} INFO - Última data atualizada para: 2025-11-09 07:52:12+00:00
[2025-11-16T10:57:23.632+0000] {subprocess.py:93} INFO - [Object(bucket_name='bronze-api-strava-user-activities-json', object_name='2025/11/2025-11-10-16417892227-2025-11-13.json', last_modified=datetime.datetime(2025, 11, 13, 22, 56, 30, 617000, tzinfo=datetime.timezone.utc), etag='4dc5801f0ffd08651bc36d6d033dbbf7', size=1747, metadata={}, version_id=None, is_latest=None, storage_class='STANDARD', owner_id=None, owner_name=None, content_type=None, is_delete_marker=False, tags=None, is_dir=False)]
[2025-11-16T10:57:23.632+0000] {subprocess.py:93} INFO - Verificando atividade ID: 16417892227 - Data: 2025-11-10 17:01:34+00:00
[2025-11-16T10:57:23.633+0000] {subprocess.py:93} INFO - Última data atualizada para: 2025-11-10 17:01:34+00:00
[2025-11-16T10:57:23.634+0000] {subprocess.py:93} INFO - [Object(bucket_name='bronze-api-strava-user-activities-json', object_name='2025/11/2025-11-12-16431525613-2025-11-13.json', last_modified=datetime.datetime(2025, 11, 13, 22, 56, 32, 636000, tzinfo=datetime.timezone.utc), etag='5b2c0bfc8f5b7a40003a1bd19c6fc381', size=1857, metadata={}, version_id=None, is_latest=None, storage_class='STANDARD', owner_id=None, owner_name=None, content_type=None, is_delete_marker=False, tags=None, is_dir=False), Object(bucket_name='bronze-api-strava-user-activities-json', object_name='2025/11/2025-11-12-16431525613-2025-11-14.json', last_modified=datetime.datetime(2025, 11, 14, 19, 31, 7, 812000, tzinfo=datetime.timezone.utc), etag='6a643ab25bc64c712e2191d1695d0082', size=1857, metadata={}, version_id=None, is_latest=None, storage_class='STANDARD', owner_id=None, owner_name=None, content_type=None, is_delete_marker=False, tags=None, is_dir=False), Object(bucket_name='bronze-api-strava-user-activities-json', object_name='2025/11/2025-11-12-16431525613-2025-11-15.json', last_modified=datetime.datetime(2025, 11, 15, 11, 24, 27, 29000, tzinfo=datetime.timezone.utc), etag='a7dd0974e8e402e32bd591cbc318534d', size=1857, metadata={}, version_id=None, is_latest=None, storage_class='STANDARD', owner_id=None, owner_name=None, content_type=None, is_delete_marker=False, tags=None, is_dir=False)]
[2025-11-16T10:57:23.635+0000] {subprocess.py:93} INFO - Verificando atividade ID: 16431525613 - Data: 2025-11-12 00:17:19+00:00
[2025-11-16T10:57:23.636+0000] {subprocess.py:93} INFO - ⚠️ Novo evento de arquivo existente ⚠️
[2025-11-16T10:57:23.636+0000] {subprocess.py:93} INFO - Última data atualizada para: 2025-11-12 00:17:19+00:00
[2025-11-16T10:57:23.637+0000] {subprocess.py:93} INFO - [Object(bucket_name='bronze-api-strava-user-activities-json', object_name='2025/11/2025-11-14-16459317120-2025-11-15.json', last_modified=datetime.datetime(2025, 11, 15, 10, 44, 21, 212000, tzinfo=datetime.timezone.utc), etag='0d22b5b74094f5c41f2bc2aa6ab99057', size=2334, metadata={}, version_id=None, is_latest=None, storage_class='STANDARD', owner_id=None, owner_name=None, content_type=None, is_delete_marker=False, tags=None, is_dir=False)]
[2025-11-16T10:57:23.637+0000] {subprocess.py:93} INFO - Verificando atividade ID: 16459317120 - Data: 2025-11-14 18:54:14+00:00
[2025-11-16T10:57:23.637+0000] {subprocess.py:93} INFO - ⚠️ Novo evento de arquivo existente ⚠️
[2025-11-16T10:57:23.638+0000] {subprocess.py:93} INFO - Última data atualizada para: 2025-11-14 18:54:14+00:00
[2025-11-16T10:57:23.638+0000] {subprocess.py:93} INFO - []
[2025-11-16T10:57:23.638+0000] {subprocess.py:93} INFO - Verificando atividade ID: 16465689569 - Data: 2025-11-15 10:48:50+00:00
[2025-11-16T10:57:23.640+0000] {subprocess.py:93} INFO - Inserindo atividade 16465689569: hash d5b3c4d64e237aa77663f66f54d0bf29 - data 2025-11-15 10:48:50+00:00
[2025-11-16T10:57:23.640+0000] {subprocess.py:93} INFO - 2025-11-15 10:48:51+00:00 2025-11-15 10:48:50+00:00 2025-11-15 10:48:50+00:00
[2025-11-16T10:57:23.641+0000] {subprocess.py:93} INFO -  ⏩ Atualizando data para 2025-11-15 10:48:51+00:00 ⏩
[2025-11-16T10:57:23.642+0000] {subprocess.py:93} INFO - 2025-11-15 10:48:51+00:00
[2025-11-16T10:57:23.643+0000] {subprocess.py:93} INFO - Extraçao iniciada, aguarde... ⏳
[2025-11-16T10:57:23.644+0000] {subprocess.py:93} INFO - [Object(bucket_name='bronze-api-strava-user-activities-json', object_name='2025/11/2025-11-15-16465689569-2025-11-16.json', last_modified=datetime.datetime(2025, 11, 16, 10, 57, 21, 233000, tzinfo=datetime.timezone.utc), etag='ef160ee947b2491d3e59e9fc0da97ea9', size=1762, metadata={}, version_id=None, is_latest=None, storage_class='STANDARD', owner_id=None, owner_name=None, content_type=None, is_delete_marker=False, tags=None, is_dir=False)]
[2025-11-16T10:57:23.644+0000] {subprocess.py:93} INFO - Verificando atividade ID: 16465689569 - Data: 2025-11-15 10:48:50+00:00
[2025-11-16T10:57:23.644+0000] {subprocess.py:93} INFO - Última data atualizada para: 2025-11-15 10:48:50+00:00
[2025-11-16T10:57:23.644+0000] {subprocess.py:93} INFO -  Nenhuma nova atividade encontrada, finalizando extração ⏳
[2025-11-16T10:57:23.645+0000] {subprocess.py:93} INFO -  📋 1 Atividades registradas, 2 atividades alteradas
[2025-11-16T10:57:23.645+0000] {subprocess.py:93} INFO -  📋 2025-11-15 10:48:50+00:00 Ultima data registrada
[2025-11-16T10:57:23.645+0000] {subprocess.py:93} INFO - ✅ Processo de extração finalizado ✅
[2025-11-16T10:57:23.892+0000] {subprocess.py:97} INFO - Command exited with return code 0
[2025-11-16T10:57:23.893+0000] {taskinstance.py:441} INFO - ::group::Post task execution logs
[2025-11-16T10:57:23.945+0000] {taskinstance.py:1206} INFO - Marking task as SUCCESS. dag_id=etl_strava_activities, task_id=extract_bronze_activities, run_id=manual__2025-11-16T10:57:17.018464+00:00, execution_date=20251116T105717, start_date=20251116T105718, end_date=20251116T105723
[2025-11-16T10:57:24.043+0000] {local_task_job_runner.py:243} INFO - Task exited with return code 0
[2025-11-16T10:57:24.070+0000] {taskinstance.py:3503} INFO - 0 downstream tasks scheduled from follow-on schedule check
[2025-11-16T10:57:24.073+0000] {local_task_job_runner.py:222} INFO - ::endgroup::
