[2025-11-14T19:04:14.931+0000] {local_task_job_runner.py:120} INFO - ::group::Pre task execution logs
[2025-11-14T19:04:15.112+0000] {taskinstance.py:2076} INFO - Dependencies all met for dep_context=non-requeueable deps ti=<TaskInstance: etl_strava.extract_bronze_activities manual__2025-11-14T18:18:16.991968+00:00 [queued]>
[2025-11-14T19:04:15.144+0000] {taskinstance.py:2076} INFO - Dependencies all met for dep_context=requeueable deps ti=<TaskInstance: etl_strava.extract_bronze_activities manual__2025-11-14T18:18:16.991968+00:00 [queued]>
[2025-11-14T19:04:15.149+0000] {taskinstance.py:2306} INFO - Starting attempt 4 of 4
[2025-11-14T19:04:15.523+0000] {taskinstance.py:2330} INFO - Executing <Task(BashOperator): extract_bronze_activities> on 2025-11-14 18:18:16.991968+00:00
[2025-11-14T19:04:15.580+0000] {standard_task_runner.py:90} INFO - Running: ['***', 'tasks', 'run', 'etl_strava', 'extract_bronze_activities', 'manual__2025-11-14T18:18:16.991968+00:00', '--job-id', '185', '--raw', '--subdir', 'DAGS_FOLDER/pipeline_strava.py', '--cfg-path', '/tmp/tmpoxsuiu_5']
[2025-11-14T19:04:15.581+0000] {logging_mixin.py:188} WARNING - /home/***/.local/lib/python3.12/site-packages/***/task/task_runner/standard_task_runner.py:62 DeprecationWarning: This process (pid=186) is multi-threaded, use of fork() may lead to deadlocks in the child.
[2025-11-14T19:04:15.586+0000] {standard_task_runner.py:91} INFO - Job 185: Subtask extract_bronze_activities
[2025-11-14T19:04:15.589+0000] {standard_task_runner.py:64} INFO - Started process 202 to run task
[2025-11-14T19:04:15.750+0000] {task_command.py:426} INFO - Running <TaskInstance: etl_strava.extract_bronze_activities manual__2025-11-14T18:18:16.991968+00:00 [running]> on host 1192556566e9
[2025-11-14T19:04:16.287+0000] {taskinstance.py:2648} INFO - Exporting env vars: AIRFLOW_CTX_DAG_OWNER='rayane' AIRFLOW_CTX_DAG_ID='etl_strava' AIRFLOW_CTX_TASK_ID='extract_bronze_activities' AIRFLOW_CTX_EXECUTION_DATE='2025-11-14T18:18:16.991968+00:00' AIRFLOW_CTX_TRY_NUMBER='4' AIRFLOW_CTX_DAG_RUN_ID='manual__2025-11-14T18:18:16.991968+00:00'
[2025-11-14T19:04:16.288+0000] {taskinstance.py:430} INFO - ::endgroup::
[2025-11-14T19:04:16.359+0000] {subprocess.py:63} INFO - Tmp dir root location: /tmp
[2025-11-14T19:04:16.363+0000] {subprocess.py:75} INFO - Running command: ['/usr/bin/bash', '-c', 'python /opt/***/apps/extract_api_strava_user_activities.py']
[2025-11-14T19:04:16.425+0000] {subprocess.py:86} INFO - Output:
[2025-11-14T19:37:36.048+0000] {local_task_job_runner.py:313} WARNING - State of this instance has been externally set to failed. Terminating instance.
[2025-11-14T19:37:36.050+0000] {local_task_job_runner.py:222} INFO - ::endgroup::
[2025-11-14T19:37:36.053+0000] {process_utils.py:132} INFO - Sending 15 to group 202. PIDs of all processes in the group: [212, 202]
[2025-11-14T19:37:36.053+0000] {process_utils.py:87} INFO - Sending the signal 15 to group 202
[2025-11-14T19:37:36.055+0000] {taskinstance.py:2611} ERROR - Received SIGTERM. Terminating subprocesses.
[2025-11-14T19:37:36.057+0000] {subprocess.py:104} INFO - Sending SIGTERM signal to process group
[2025-11-14T19:37:36.059+0000] {taskinstance.py:441} INFO - ::group::Post task execution logs
[2025-11-14T19:37:36.151+0000] {process_utils.py:80} INFO - Process psutil.Process(pid=202, status='terminated', exitcode=0, started='19:04:15') (202) terminated with exit code 0
[2025-11-14T19:37:36.152+0000] {process_utils.py:80} INFO - Process psutil.Process(pid=212, status='terminated', started='19:04:16') (212) terminated with exit code None
