[2025-11-18T04:22:37.730+0000] {local_task_job_runner.py:120} INFO - ::group::Pre task execution logs
[2025-11-18T04:22:37.773+0000] {taskinstance.py:2076} INFO - Dependencies all met for dep_context=non-requeueable deps ti=<TaskInstance: etl_label_studio.extract_silver_label_studio scheduled__2025-11-17T03:00:00+00:00 [queued]>
[2025-11-18T04:22:37.782+0000] {taskinstance.py:2076} INFO - Dependencies all met for dep_context=requeueable deps ti=<TaskInstance: etl_label_studio.extract_silver_label_studio scheduled__2025-11-17T03:00:00+00:00 [queued]>
[2025-11-18T04:22:37.783+0000] {taskinstance.py:2306} INFO - Starting attempt 1 of 2
[2025-11-18T04:22:37.802+0000] {taskinstance.py:2330} INFO - Executing <Task(BashOperator): extract_silver_label_studio> on 2025-11-17 03:00:00+00:00
[2025-11-18T04:22:37.814+0000] {logging_mixin.py:188} WARNING - /home/***/.local/lib/python3.12/site-packages/***/task/task_runner/standard_task_runner.py:62 DeprecationWarning: This process (pid=1315) is multi-threaded, use of fork() may lead to deadlocks in the child.
[2025-11-18T04:22:37.810+0000] {standard_task_runner.py:90} INFO - Running: ['***', 'tasks', 'run', 'etl_label_studio', 'extract_silver_label_studio', 'scheduled__2025-11-17T03:00:00+00:00', '--job-id', '539', '--raw', '--subdir', 'DAGS_FOLDER/pipeline_label_studio.py', '--cfg-path', '/tmp/tmpv_196jdz']
[2025-11-18T04:22:37.815+0000] {standard_task_runner.py:64} INFO - Started process 1317 to run task
[2025-11-18T04:22:37.815+0000] {standard_task_runner.py:91} INFO - Job 539: Subtask extract_silver_label_studio
[2025-11-18T04:22:37.910+0000] {task_command.py:426} INFO - Running <TaskInstance: etl_label_studio.extract_silver_label_studio scheduled__2025-11-17T03:00:00+00:00 [running]> on host f2d31a793684
[2025-11-18T04:22:38.018+0000] {taskinstance.py:2648} INFO - Exporting env vars: AIRFLOW_CTX_DAG_OWNER='rayane' AIRFLOW_CTX_DAG_ID='etl_label_studio' AIRFLOW_CTX_TASK_ID='extract_silver_label_studio' AIRFLOW_CTX_EXECUTION_DATE='2025-11-17T03:00:00+00:00' AIRFLOW_CTX_TRY_NUMBER='1' AIRFLOW_CTX_DAG_RUN_ID='scheduled__2025-11-17T03:00:00+00:00'
[2025-11-18T04:22:38.019+0000] {taskinstance.py:430} INFO - ::endgroup::
[2025-11-18T04:22:38.039+0000] {subprocess.py:63} INFO - Tmp dir root location: /tmp
[2025-11-18T04:22:38.040+0000] {subprocess.py:75} INFO - Running command: ['/usr/bin/bash', '-c', 'python /opt/***/apps/02-silver/extract-bronze-to-silver-strava-label_studio.py']
[2025-11-18T04:22:38.051+0000] {subprocess.py:86} INFO - Output:
[2025-11-18T04:22:40.967+0000] {subprocess.py:93} INFO - Usando o arquivo de variaveis em: /opt/***/apps/.env
[2025-11-18T04:22:40.971+0000] {subprocess.py:93} INFO - Bucket Silver Label Studio: silver-label-studio-parquet
[2025-11-18T04:22:40.972+0000] {subprocess.py:93} INFO - Esvaziando bucket sulver para full load
[2025-11-18T04:22:40.972+0000] {subprocess.py:93} INFO - 🗑️ Removido: 2024/07/labelstudio_anotacoes_2024-07.parquet
[2025-11-18T04:22:40.973+0000] {subprocess.py:93} INFO - 🗑️ Removido: 2024/10/labelstudio_anotacoes_2024-10.parquet
[2025-11-18T04:22:40.974+0000] {subprocess.py:93} INFO - 🗑️ Removido: 2024/11/labelstudio_anotacoes_2024-11.parquet
[2025-11-18T04:22:40.975+0000] {subprocess.py:93} INFO - 🗑️ Removido: 2025/03/labelstudio_anotacoes_2025-03.parquet
[2025-11-18T04:22:40.975+0000] {subprocess.py:93} INFO - 🗑️ Removido: 2025/07/labelstudio_anotacoes_2025-07.parquet
[2025-11-18T04:22:40.976+0000] {subprocess.py:93} INFO - ✅ Bucket esvaziado: silver-label-studio-parquet
[2025-11-18T04:22:40.977+0000] {subprocess.py:93} INFO - ⚠️ Conteúdo ainda string após json.loads em project_id=1/dt_process=2025/11/15/project_1_export_20251115T202608.json
[2025-11-18T04:22:40.977+0000] {subprocess.py:93} INFO - ⚠️ Conteúdo ainda string após json.loads em project_id=1/dt_process=2025/11/15/project_1_export_20251115T205531.json
[2025-11-18T04:22:40.978+0000] {subprocess.py:93} INFO - 🔁 Deduplicados: 66 registros de anotação removidos
[2025-11-18T04:22:40.978+0000] {subprocess.py:93} INFO - 📦 Salvo na silver Label Studio: silver-label-studio-parquet/2024/07/labelstudio_anotacoes_2024-07.parquet
[2025-11-18T04:22:40.979+0000] {subprocess.py:93} INFO - 📦 Salvo na silver Label Studio: silver-label-studio-parquet/2024/10/labelstudio_anotacoes_2024-10.parquet
[2025-11-18T04:22:40.979+0000] {subprocess.py:93} INFO - 📦 Salvo na silver Label Studio: silver-label-studio-parquet/2024/11/labelstudio_anotacoes_2024-11.parquet
[2025-11-18T04:22:40.980+0000] {subprocess.py:93} INFO - 📦 Salvo na silver Label Studio: silver-label-studio-parquet/2025/03/labelstudio_anotacoes_2025-03.parquet
[2025-11-18T04:22:40.981+0000] {subprocess.py:93} INFO - 📦 Salvo na silver Label Studio: silver-label-studio-parquet/2025/07/labelstudio_anotacoes_2025-07.parquet
[2025-11-18T04:22:40.981+0000] {subprocess.py:93} INFO - ✅ Processo Label Studio → Silver finalizado com sucesso ✅
[2025-11-18T04:22:41.174+0000] {subprocess.py:97} INFO - Command exited with return code 0
[2025-11-18T04:22:41.178+0000] {taskinstance.py:441} INFO - ::group::Post task execution logs
[2025-11-18T04:22:41.254+0000] {taskinstance.py:1206} INFO - Marking task as SUCCESS. dag_id=etl_label_studio, task_id=extract_silver_label_studio, run_id=scheduled__2025-11-17T03:00:00+00:00, execution_date=20251117T030000, start_date=20251118T042237, end_date=20251118T042241
[2025-11-18T04:22:41.337+0000] {local_task_job_runner.py:243} INFO - Task exited with return code 0
[2025-11-18T04:22:41.380+0000] {taskinstance.py:3503} INFO - 0 downstream tasks scheduled from follow-on schedule check
[2025-11-18T04:22:41.383+0000] {local_task_job_runner.py:222} INFO - ::endgroup::
