[2025-11-18T21:27:32.450+0000] {local_task_job_runner.py:120} INFO - ::group::Pre task execution logs
[2025-11-18T21:27:32.470+0000] {taskinstance.py:2076} INFO - Dependencies all met for dep_context=non-requeueable deps ti=<TaskInstance: etl_strava_user_profile.extract_silver_user manual__2025-11-18T21:27:29.266927+00:00 [queued]>
[2025-11-18T21:27:32.474+0000] {taskinstance.py:2076} INFO - Dependencies all met for dep_context=requeueable deps ti=<TaskInstance: etl_strava_user_profile.extract_silver_user manual__2025-11-18T21:27:29.266927+00:00 [queued]>
[2025-11-18T21:27:32.474+0000] {taskinstance.py:2306} INFO - Starting attempt 1 of 2
[2025-11-18T21:27:32.483+0000] {taskinstance.py:2330} INFO - Executing <Task(BashOperator): extract_silver_user> on 2025-11-18 21:27:29.266927+00:00
[2025-11-18T21:27:32.489+0000] {standard_task_runner.py:90} INFO - Running: ['***', 'tasks', 'run', 'etl_strava_user_profile', 'extract_silver_user', 'manual__2025-11-18T21:27:29.266927+00:00', '--job-id', '13', '--raw', '--subdir', 'DAGS_FOLDER/pipeline_strava_user.py', '--cfg-path', '/tmp/tmpvronqbji']
[2025-11-18T21:27:32.491+0000] {logging_mixin.py:188} WARNING - /home/***/.local/lib/python3.12/site-packages/***/task/task_runner/standard_task_runner.py:62 DeprecationWarning: This process (pid=663) is multi-threaded, use of fork() may lead to deadlocks in the child.
[2025-11-18T21:27:32.491+0000] {standard_task_runner.py:91} INFO - Job 13: Subtask extract_silver_user
[2025-11-18T21:27:32.491+0000] {standard_task_runner.py:64} INFO - Started process 664 to run task
[2025-11-18T21:27:32.521+0000] {task_command.py:426} INFO - Running <TaskInstance: etl_strava_user_profile.extract_silver_user manual__2025-11-18T21:27:29.266927+00:00 [running]> on host 1f6ebb9bd530
[2025-11-18T21:27:32.566+0000] {taskinstance.py:2648} INFO - Exporting env vars: AIRFLOW_CTX_DAG_OWNER='rayane' AIRFLOW_CTX_DAG_ID='etl_strava_user_profile' AIRFLOW_CTX_TASK_ID='extract_silver_user' AIRFLOW_CTX_EXECUTION_DATE='2025-11-18T21:27:29.266927+00:00' AIRFLOW_CTX_TRY_NUMBER='1' AIRFLOW_CTX_DAG_RUN_ID='manual__2025-11-18T21:27:29.266927+00:00'
[2025-11-18T21:27:32.567+0000] {taskinstance.py:430} INFO - ::endgroup::
[2025-11-18T21:27:32.574+0000] {subprocess.py:63} INFO - Tmp dir root location: /tmp
[2025-11-18T21:27:32.575+0000] {subprocess.py:75} INFO - Running command: ['/usr/bin/bash', '-c', 'python  /opt/***/apps/02-silver/extract-bronze-to-silver-strava-user.py']
[2025-11-18T21:27:32.578+0000] {subprocess.py:86} INFO - Output:
[2025-11-18T21:27:33.101+0000] {subprocess.py:93} INFO - Usando o arquivo de variaveis em: /opt/***/apps/.env
[2025-11-18T21:27:33.102+0000] {subprocess.py:93} INFO - BUCKET SILVER USER: silver-strava-user-parquet
[2025-11-18T21:27:33.102+0000] {subprocess.py:93} INFO - Esvaziando bucket sulver para full load
[2025-11-18T21:27:33.102+0000] {subprocess.py:93} INFO - 🗑️ Removido: 2025/10/users_2025-10.parquet
[2025-11-18T21:27:33.102+0000] {subprocess.py:93} INFO - ✅ Bucket esvaziado: silver-strava-user-parquet
[2025-11-18T21:27:33.102+0000] {subprocess.py:93} INFO - 🔁 Deduplicados USER: 0 removidos
[2025-11-18T21:27:33.102+0000] {subprocess.py:93} INFO - 📦 USER salvo na silver: silver-strava-user-parquet/2025/10/users_2025-10.parquet
[2025-11-18T21:27:33.102+0000] {subprocess.py:93} INFO - ✅ Processo de USER finalizado com sucesso ✅
[2025-11-18T21:27:33.135+0000] {subprocess.py:97} INFO - Command exited with return code 0
[2025-11-18T21:27:33.136+0000] {taskinstance.py:441} INFO - ::group::Post task execution logs
[2025-11-18T21:27:33.151+0000] {taskinstance.py:1206} INFO - Marking task as SUCCESS. dag_id=etl_strava_user_profile, task_id=extract_silver_user, run_id=manual__2025-11-18T21:27:29.266927+00:00, execution_date=20251118T212729, start_date=20251118T212732, end_date=20251118T212733
[2025-11-18T21:27:33.176+0000] {local_task_job_runner.py:243} INFO - Task exited with return code 0
[2025-11-18T21:27:33.186+0000] {taskinstance.py:3503} INFO - 0 downstream tasks scheduled from follow-on schedule check
[2025-11-18T21:27:33.187+0000] {local_task_job_runner.py:222} INFO - ::endgroup::
