[2025-11-18T21:31:58.784+0000] {local_task_job_runner.py:120} INFO - ::group::Pre task execution logs
[2025-11-18T21:31:58.807+0000] {taskinstance.py:2076} INFO - Dependencies all met for dep_context=non-requeueable deps ti=<TaskInstance: etl_strava_activities.extract_bronze_activities manual__2025-11-18T21:26:55.898039+00:00 [queued]>
[2025-11-18T21:31:58.810+0000] {taskinstance.py:2076} INFO - Dependencies all met for dep_context=requeueable deps ti=<TaskInstance: etl_strava_activities.extract_bronze_activities manual__2025-11-18T21:26:55.898039+00:00 [queued]>
[2025-11-18T21:31:58.810+0000] {taskinstance.py:2306} INFO - Starting attempt 2 of 2
[2025-11-18T21:31:58.815+0000] {taskinstance.py:2330} INFO - Executing <Task(BashOperator): extract_bronze_activities> on 2025-11-18 21:26:55.898039+00:00
[2025-11-18T21:31:58.819+0000] {standard_task_runner.py:90} INFO - Running: ['***', 'tasks', 'run', 'etl_strava_activities', 'extract_bronze_activities', 'manual__2025-11-18T21:26:55.898039+00:00', '--job-id', '17', '--raw', '--subdir', 'DAGS_FOLDER/pipeline_strava_activities.py', '--cfg-path', '/tmp/tmprgjf5t7z']
[2025-11-18T21:31:58.821+0000] {standard_task_runner.py:91} INFO - Job 17: Subtask extract_bronze_activities
[2025-11-18T21:31:58.821+0000] {logging_mixin.py:188} WARNING - /home/***/.local/lib/python3.12/site-packages/***/task/task_runner/standard_task_runner.py:62 DeprecationWarning: This process (pid=829) is multi-threaded, use of fork() may lead to deadlocks in the child.
[2025-11-18T21:31:58.821+0000] {standard_task_runner.py:64} INFO - Started process 830 to run task
[2025-11-18T21:31:58.848+0000] {task_command.py:426} INFO - Running <TaskInstance: etl_strava_activities.extract_bronze_activities manual__2025-11-18T21:26:55.898039+00:00 [running]> on host 1f6ebb9bd530
[2025-11-18T21:31:58.882+0000] {taskinstance.py:2648} INFO - Exporting env vars: AIRFLOW_CTX_DAG_OWNER='rayane' AIRFLOW_CTX_DAG_ID='etl_strava_activities' AIRFLOW_CTX_TASK_ID='extract_bronze_activities' AIRFLOW_CTX_EXECUTION_DATE='2025-11-18T21:26:55.898039+00:00' AIRFLOW_CTX_TRY_NUMBER='2' AIRFLOW_CTX_DAG_RUN_ID='manual__2025-11-18T21:26:55.898039+00:00'
[2025-11-18T21:31:58.882+0000] {taskinstance.py:430} INFO - ::endgroup::
[2025-11-18T21:31:58.889+0000] {subprocess.py:63} INFO - Tmp dir root location: /tmp
[2025-11-18T21:31:58.890+0000] {subprocess.py:75} INFO - Running command: ['/usr/bin/bash', '-c', 'python /opt/***/apps/01-bronze/extract_api_strava_user_activities.py']
[2025-11-18T21:31:58.893+0000] {subprocess.py:86} INFO - Output:
[2025-11-18T21:32:00.321+0000] {subprocess.py:93} INFO - Usando o arquivo de variaveis em: /opt/***/apps/.env
[2025-11-18T21:32:00.322+0000] {subprocess.py:93} INFO - 186060
[2025-11-18T21:32:00.322+0000] {subprocess.py:93} INFO -  ⚠️  O Token atual expira em: 2025-11-18 23:57:12
[2025-11-18T21:32:00.322+0000] {subprocess.py:93} INFO - Usando o arquivo de variaveis em: /opt/***/apps/.env
[2025-11-18T21:32:00.323+0000] {subprocess.py:93} INFO - ✅ Credenciais Autenticadas
[2025-11-18T21:32:00.323+0000] {subprocess.py:93} INFO - PROCESSAMENTO INCREMENTAL A PARTIR DE 2025-10-18 19:39:47+00:00
[2025-11-18T21:32:00.323+0000] {subprocess.py:93} INFO - 2025-10-18 19:39:47+00:00
[2025-11-18T21:32:00.323+0000] {subprocess.py:93} INFO - Traceback (most recent call last):
[2025-11-18T21:32:00.324+0000] {subprocess.py:93} INFO -   File "/opt/***/apps/01-bronze/extract_api_strava_user_activities.py", line 233, in <module>
[2025-11-18T21:32:00.324+0000] {subprocess.py:93} INFO -     insert_files_json_to_bronze(data_init)
[2025-11-18T21:32:00.324+0000] {subprocess.py:93} INFO -   File "/opt/***/apps/01-bronze/extract_api_strava_user_activities.py", line 142, in insert_files_json_to_bronze
[2025-11-18T21:32:00.325+0000] {subprocess.py:93} INFO -     if activities:
[2025-11-18T21:32:00.325+0000] {subprocess.py:93} INFO -        ^^^^^^^^^^
[2025-11-18T21:32:00.325+0000] {subprocess.py:93} INFO - UnboundLocalError: cannot access local variable 'activities' where it is not associated with a value
[2025-11-18T21:32:00.395+0000] {subprocess.py:97} INFO - Command exited with return code 1
[2025-11-18T21:32:00.396+0000] {taskinstance.py:441} INFO - ::group::Post task execution logs
[2025-11-18T21:32:00.403+0000] {taskinstance.py:2905} ERROR - Task failed with exception
Traceback (most recent call last):
  File "/home/airflow/.local/lib/python3.12/site-packages/airflow/models/taskinstance.py", line 465, in _execute_task
    result = _execute_callable(context=context, **execute_callable_kwargs)
             ^^^^^^^^^^^^^^^^^^^^^^^^^^^^^^^^^^^^^^^^^^^^^^^^^^^^^^^^^^^^^
  File "/home/airflow/.local/lib/python3.12/site-packages/airflow/models/taskinstance.py", line 432, in _execute_callable
    return execute_callable(context=context, **execute_callable_kwargs)
           ^^^^^^^^^^^^^^^^^^^^^^^^^^^^^^^^^^^^^^^^^^^^^^^^^^^^^^^^^^^^
  File "/home/airflow/.local/lib/python3.12/site-packages/airflow/models/baseoperator.py", line 401, in wrapper
    return func(self, *args, **kwargs)
           ^^^^^^^^^^^^^^^^^^^^^^^^^^^
  File "/home/airflow/.local/lib/python3.12/site-packages/airflow/operators/bash.py", line 243, in execute
    raise AirflowException(
airflow.exceptions.AirflowException: Bash command failed. The command returned a non-zero exit code 1.
[2025-11-18T21:32:00.405+0000] {taskinstance.py:1206} INFO - Marking task as FAILED. dag_id=etl_strava_activities, task_id=extract_bronze_activities, run_id=manual__2025-11-18T21:26:55.898039+00:00, execution_date=20251118T212655, start_date=20251118T213158, end_date=20251118T213200
[2025-11-18T21:32:00.410+0000] {standard_task_runner.py:110} ERROR - Failed to execute job 17 for task extract_bronze_activities (Bash command failed. The command returned a non-zero exit code 1.; 830)
[2025-11-18T21:32:00.428+0000] {local_task_job_runner.py:243} INFO - Task exited with return code 1
[2025-11-18T21:32:00.439+0000] {taskinstance.py:3503} INFO - 0 downstream tasks scheduled from follow-on schedule check
[2025-11-18T21:32:00.441+0000] {local_task_job_runner.py:222} INFO - ::endgroup::
