[2025-11-14T19:04:14.957+0000] {local_task_job_runner.py:120} INFO - ::group::Pre task execution logs
[2025-11-14T19:04:15.122+0000] {taskinstance.py:2076} INFO - Dependencies all met for dep_context=non-requeueable deps ti=<TaskInstance: etl_strava.extract_bronze_activities manual__2025-11-13T17:33:12.022610+00:00 [queued]>
[2025-11-14T19:04:15.195+0000] {taskinstance.py:2076} INFO - Dependencies all met for dep_context=requeueable deps ti=<TaskInstance: etl_strava.extract_bronze_activities manual__2025-11-13T17:33:12.022610+00:00 [queued]>
[2025-11-14T19:04:15.215+0000] {taskinstance.py:2306} INFO - Starting attempt 4 of 4
[2025-11-14T19:04:15.462+0000] {taskinstance.py:2330} INFO - Executing <Task(BashOperator): extract_bronze_activities> on 2025-11-13 17:33:12.022610+00:00
[2025-11-14T19:04:15.514+0000] {logging_mixin.py:188} WARNING - /home/***/.local/lib/python3.12/site-packages/***/task/task_runner/standard_task_runner.py:62 DeprecationWarning: This process (pid=187) is multi-threaded, use of fork() may lead to deadlocks in the child.
[2025-11-14T19:04:15.523+0000] {standard_task_runner.py:64} INFO - Started process 197 to run task
[2025-11-14T19:04:15.511+0000] {standard_task_runner.py:90} INFO - Running: ['***', 'tasks', 'run', 'etl_strava', 'extract_bronze_activities', 'manual__2025-11-13T17:33:12.022610+00:00', '--job-id', '186', '--raw', '--subdir', 'DAGS_FOLDER/pipeline_strava.py', '--cfg-path', '/tmp/tmp73i1jr56']
[2025-11-14T19:04:15.534+0000] {standard_task_runner.py:91} INFO - Job 186: Subtask extract_bronze_activities
[2025-11-14T19:04:15.812+0000] {task_command.py:426} INFO - Running <TaskInstance: etl_strava.extract_bronze_activities manual__2025-11-13T17:33:12.022610+00:00 [running]> on host 1192556566e9
[2025-11-14T19:04:16.200+0000] {taskinstance.py:2648} INFO - Exporting env vars: AIRFLOW_CTX_DAG_OWNER='rayane' AIRFLOW_CTX_DAG_ID='etl_strava' AIRFLOW_CTX_TASK_ID='extract_bronze_activities' AIRFLOW_CTX_EXECUTION_DATE='2025-11-13T17:33:12.022610+00:00' AIRFLOW_CTX_TRY_NUMBER='4' AIRFLOW_CTX_DAG_RUN_ID='manual__2025-11-13T17:33:12.022610+00:00'
[2025-11-14T19:04:16.209+0000] {taskinstance.py:430} INFO - ::endgroup::
[2025-11-14T19:04:16.237+0000] {subprocess.py:63} INFO - Tmp dir root location: /tmp
[2025-11-14T19:04:16.242+0000] {subprocess.py:75} INFO - Running command: ['/usr/bin/bash', '-c', 'python /opt/***/apps/extract_api_strava_user_activities.py']
[2025-11-14T19:04:16.288+0000] {subprocess.py:86} INFO - Output:
[2025-11-14T19:06:32.476+0000] {local_task_job_runner.py:313} WARNING - State of this instance has been externally set to failed. Terminating instance.
[2025-11-14T19:06:32.479+0000] {local_task_job_runner.py:222} INFO - ::endgroup::
[2025-11-14T19:06:32.481+0000] {process_utils.py:132} INFO - Sending 15 to group 197. PIDs of all processes in the group: [211, 197]
[2025-11-14T19:06:32.481+0000] {process_utils.py:87} INFO - Sending the signal 15 to group 197
[2025-11-14T19:06:32.482+0000] {taskinstance.py:2611} ERROR - Received SIGTERM. Terminating subprocesses.
[2025-11-14T19:06:32.485+0000] {subprocess.py:104} INFO - Sending SIGTERM signal to process group
[2025-11-14T19:06:32.487+0000] {taskinstance.py:441} INFO - ::group::Post task execution logs
[2025-11-14T19:06:32.539+0000] {process_utils.py:80} INFO - Process psutil.Process(pid=197, status='terminated', exitcode=0, started='19:04:15') (197) terminated with exit code 0
[2025-11-14T19:06:32.539+0000] {process_utils.py:80} INFO - Process psutil.Process(pid=211, status='terminated', started='19:04:16') (211) terminated with exit code None
