[2025-11-17T18:34:28.833+0000] {local_task_job_runner.py:120} INFO - ::group::Pre task execution logs
[2025-11-17T18:34:28.862+0000] {taskinstance.py:2076} INFO - Dependencies all met for dep_context=non-requeueable deps ti=<TaskInstance: etl_strava_activities.extract_gold_fact_activities manual__2025-11-17T18:34:05.628799+00:00 [queued]>
[2025-11-17T18:34:28.870+0000] {taskinstance.py:2076} INFO - Dependencies all met for dep_context=requeueable deps ti=<TaskInstance: etl_strava_activities.extract_gold_fact_activities manual__2025-11-17T18:34:05.628799+00:00 [queued]>
[2025-11-17T18:34:28.870+0000] {taskinstance.py:2306} INFO - Starting attempt 1 of 2
[2025-11-17T18:34:28.881+0000] {taskinstance.py:2330} INFO - Executing <Task(BashOperator): extract_gold_fact_activities> on 2025-11-17 18:34:05.628799+00:00
[2025-11-17T18:34:28.887+0000] {standard_task_runner.py:90} INFO - Running: ['***', 'tasks', 'run', 'etl_strava_activities', 'extract_gold_fact_activities', 'manual__2025-11-17T18:34:05.628799+00:00', '--job-id', '438', '--raw', '--subdir', 'DAGS_FOLDER/pipeline_strava_activities.py', '--cfg-path', '/tmp/tmpbla3lhj6']
[2025-11-17T18:34:28.888+0000] {logging_mixin.py:188} WARNING - /home/***/.local/lib/python3.12/site-packages/***/task/task_runner/standard_task_runner.py:62 DeprecationWarning: This process (pid=2514) is multi-threaded, use of fork() may lead to deadlocks in the child.
[2025-11-17T18:34:28.889+0000] {standard_task_runner.py:91} INFO - Job 438: Subtask extract_gold_fact_activities
[2025-11-17T18:34:28.889+0000] {standard_task_runner.py:64} INFO - Started process 2515 to run task
[2025-11-17T18:34:28.931+0000] {task_command.py:426} INFO - Running <TaskInstance: etl_strava_activities.extract_gold_fact_activities manual__2025-11-17T18:34:05.628799+00:00 [running]> on host 5c1ce3099579
[2025-11-17T18:34:29.006+0000] {taskinstance.py:2648} INFO - Exporting env vars: AIRFLOW_CTX_DAG_OWNER='rayane' AIRFLOW_CTX_DAG_ID='etl_strava_activities' AIRFLOW_CTX_TASK_ID='extract_gold_fact_activities' AIRFLOW_CTX_EXECUTION_DATE='2025-11-17T18:34:05.628799+00:00' AIRFLOW_CTX_TRY_NUMBER='1' AIRFLOW_CTX_DAG_RUN_ID='manual__2025-11-17T18:34:05.628799+00:00'
[2025-11-17T18:34:29.006+0000] {taskinstance.py:430} INFO - ::endgroup::
[2025-11-17T18:34:29.019+0000] {subprocess.py:63} INFO - Tmp dir root location: /tmp
[2025-11-17T18:34:29.020+0000] {subprocess.py:75} INFO - Running command: ['/usr/bin/bash', '-c', 'python /opt/***/apps/03-gold/fact_user_activities_strava.py']
[2025-11-17T18:34:29.025+0000] {subprocess.py:86} INFO - Output:
[2025-11-17T18:34:30.571+0000] {subprocess.py:93} INFO - Setting default log level to "WARN".
[2025-11-17T18:34:30.572+0000] {subprocess.py:93} INFO - To adjust logging level use sc.setLogLevel(newLevel). For SparkR, use setLogLevel(newLevel).
[2025-11-17T18:34:30.711+0000] {subprocess.py:93} INFO - 25/11/17 18:34:30 WARN NativeCodeLoader: Unable to load native-hadoop library for your platform... using builtin-java classes where applicable
[2025-11-17T18:34:31.633+0000] {subprocess.py:93} INFO - 25/11/17 18:34:31 WARN SparkSession: Cannot use io.delta.sql.DeltaSparkSessionExtension to configure session extensions.
[2025-11-17T18:34:31.634+0000] {subprocess.py:93} INFO - java.lang.ClassNotFoundException: io.delta.sql.DeltaSparkSessionExtension
[2025-11-17T18:34:31.636+0000] {subprocess.py:93} INFO - 	at java.base/java.net.URLClassLoader.findClass(URLClassLoader.java:445)
[2025-11-17T18:34:31.636+0000] {subprocess.py:93} INFO - 	at java.base/java.lang.ClassLoader.loadClass(ClassLoader.java:592)
[2025-11-17T18:34:31.637+0000] {subprocess.py:93} INFO - 	at java.base/java.lang.ClassLoader.loadClass(ClassLoader.java:525)
[2025-11-17T18:34:31.637+0000] {subprocess.py:93} INFO - 	at java.base/java.lang.Class.forName0(Native Method)
[2025-11-17T18:34:31.637+0000] {subprocess.py:93} INFO - 	at java.base/java.lang.Class.forName(Class.java:469)
[2025-11-17T18:34:31.637+0000] {subprocess.py:93} INFO - 	at org.apache.spark.util.SparkClassUtils.classForName(SparkClassUtils.scala:41)
[2025-11-17T18:34:31.638+0000] {subprocess.py:93} INFO - 	at org.apache.spark.util.SparkClassUtils.classForName$(SparkClassUtils.scala:36)
[2025-11-17T18:34:31.638+0000] {subprocess.py:93} INFO - 	at org.apache.spark.util.Utils$.classForName(Utils.scala:94)
[2025-11-17T18:34:31.639+0000] {subprocess.py:93} INFO - 	at org.apache.spark.sql.SparkSession$.$anonfun$applyExtensions$2(SparkSession.scala:1367)
[2025-11-17T18:34:31.639+0000] {subprocess.py:93} INFO - 	at org.apache.spark.sql.SparkSession$.$anonfun$applyExtensions$2$adapted(SparkSession.scala:1365)
[2025-11-17T18:34:31.639+0000] {subprocess.py:93} INFO - 	at scala.collection.mutable.ResizableArray.foreach(ResizableArray.scala:62)
[2025-11-17T18:34:31.639+0000] {subprocess.py:93} INFO - 	at scala.collection.mutable.ResizableArray.foreach$(ResizableArray.scala:55)
[2025-11-17T18:34:31.639+0000] {subprocess.py:93} INFO - 	at scala.collection.mutable.ArrayBuffer.foreach(ArrayBuffer.scala:49)
[2025-11-17T18:34:31.640+0000] {subprocess.py:93} INFO - 	at org.apache.spark.sql.SparkSession$.org$apache$spark$sql$SparkSession$$applyExtensions(SparkSession.scala:1365)
[2025-11-17T18:34:31.640+0000] {subprocess.py:93} INFO - 	at org.apache.spark.sql.SparkSession.<init>(SparkSession.scala:105)
[2025-11-17T18:34:31.640+0000] {subprocess.py:93} INFO - 	at java.base/jdk.internal.reflect.NativeConstructorAccessorImpl.newInstance0(Native Method)
[2025-11-17T18:34:31.640+0000] {subprocess.py:93} INFO - 	at java.base/jdk.internal.reflect.NativeConstructorAccessorImpl.newInstance(NativeConstructorAccessorImpl.java:77)
[2025-11-17T18:34:31.640+0000] {subprocess.py:93} INFO - 	at java.base/jdk.internal.reflect.DelegatingConstructorAccessorImpl.newInstance(DelegatingConstructorAccessorImpl.java:45)
[2025-11-17T18:34:31.641+0000] {subprocess.py:93} INFO - 	at java.base/java.lang.reflect.Constructor.newInstanceWithCaller(Constructor.java:500)
[2025-11-17T18:34:31.641+0000] {subprocess.py:93} INFO - 	at java.base/java.lang.reflect.Constructor.newInstance(Constructor.java:481)
[2025-11-17T18:34:31.641+0000] {subprocess.py:93} INFO - 	at py4j.reflection.MethodInvoker.invoke(MethodInvoker.java:247)
[2025-11-17T18:34:31.641+0000] {subprocess.py:93} INFO - 	at py4j.reflection.ReflectionEngine.invoke(ReflectionEngine.java:374)
[2025-11-17T18:34:31.641+0000] {subprocess.py:93} INFO - 	at py4j.Gateway.invoke(Gateway.java:238)
[2025-11-17T18:34:31.641+0000] {subprocess.py:93} INFO - 	at py4j.commands.ConstructorCommand.invokeConstructor(ConstructorCommand.java:80)
[2025-11-17T18:34:31.642+0000] {subprocess.py:93} INFO - 	at py4j.commands.ConstructorCommand.execute(ConstructorCommand.java:69)
[2025-11-17T18:34:31.642+0000] {subprocess.py:93} INFO - 	at py4j.ClientServerConnection.waitForCommands(ClientServerConnection.java:182)
[2025-11-17T18:34:31.642+0000] {subprocess.py:93} INFO - 	at py4j.ClientServerConnection.run(ClientServerConnection.java:106)
[2025-11-17T18:34:31.643+0000] {subprocess.py:93} INFO - 	at java.base/java.lang.Thread.run(Thread.java:840)
[2025-11-17T18:34:32.340+0000] {subprocess.py:93} INFO - Usando o arquivo de variaveis em: /opt/***/apps/.env
[2025-11-17T18:34:32.341+0000] {subprocess.py:93} INFO - Traceback (most recent call last):
[2025-11-17T18:34:32.341+0000] {subprocess.py:93} INFO -   File "/opt/***/apps/03-gold/fact_user_activities_strava.py", line 43, in <module>
[2025-11-17T18:34:32.341+0000] {subprocess.py:93} INFO -     df_acts   = spark.read.parquet(BUCKET_SILVER_ACTIVITIES)
[2025-11-17T18:34:32.342+0000] {subprocess.py:93} INFO -                 ^^^^^^^^^^^^^^^^^^^^^^^^^^^^^^^^^^^^^^^^^^^^
[2025-11-17T18:34:32.342+0000] {subprocess.py:93} INFO -   File "/home/***/.local/lib/python3.12/site-packages/pyspark/sql/readwriter.py", line 544, in parquet
[2025-11-17T18:34:32.342+0000] {subprocess.py:93} INFO -     return self._df(self._jreader.parquet(_to_seq(self._spark._sc, paths)))
[2025-11-17T18:34:32.342+0000] {subprocess.py:93} INFO -                     ^^^^^^^^^^^^^^^^^^^^^^^^^^^^^^^^^^^^^^^^^^^^^^^^^^^^^^
[2025-11-17T18:34:32.342+0000] {subprocess.py:93} INFO -   File "/home/***/.local/lib/python3.12/site-packages/py4j/java_gateway.py", line 1322, in __call__
[2025-11-17T18:34:32.343+0000] {subprocess.py:93} INFO -     return_value = get_return_value(
[2025-11-17T18:34:32.343+0000] {subprocess.py:93} INFO -                    ^^^^^^^^^^^^^^^^^
[2025-11-17T18:34:32.343+0000] {subprocess.py:93} INFO -   File "/home/***/.local/lib/python3.12/site-packages/pyspark/errors/exceptions/captured.py", line 185, in deco
[2025-11-17T18:34:32.344+0000] {subprocess.py:93} INFO -     raise converted from None
[2025-11-17T18:34:32.347+0000] {subprocess.py:93} INFO - pyspark.errors.exceptions.captured.AnalysisException: [PATH_NOT_FOUND] Path does not exist: file:/tmp/***tmp0eoqsvsz/silver-strava-user-activities-parquet.
[2025-11-17T18:34:32.864+0000] {subprocess.py:97} INFO - Command exited with return code 1
[2025-11-17T18:34:32.865+0000] {taskinstance.py:441} INFO - ::group::Post task execution logs
[2025-11-17T18:34:32.887+0000] {taskinstance.py:2905} ERROR - Task failed with exception
Traceback (most recent call last):
  File "/home/airflow/.local/lib/python3.12/site-packages/airflow/models/taskinstance.py", line 465, in _execute_task
    result = _execute_callable(context=context, **execute_callable_kwargs)
             ^^^^^^^^^^^^^^^^^^^^^^^^^^^^^^^^^^^^^^^^^^^^^^^^^^^^^^^^^^^^^
  File "/home/airflow/.local/lib/python3.12/site-packages/airflow/models/taskinstance.py", line 432, in _execute_callable
    return execute_callable(context=context, **execute_callable_kwargs)
           ^^^^^^^^^^^^^^^^^^^^^^^^^^^^^^^^^^^^^^^^^^^^^^^^^^^^^^^^^^^^
  File "/home/airflow/.local/lib/python3.12/site-packages/airflow/models/baseoperator.py", line 401, in wrapper
    return func(self, *args, **kwargs)
           ^^^^^^^^^^^^^^^^^^^^^^^^^^^
  File "/home/airflow/.local/lib/python3.12/site-packages/airflow/operators/bash.py", line 243, in execute
    raise AirflowException(
airflow.exceptions.AirflowException: Bash command failed. The command returned a non-zero exit code 1.
[2025-11-17T18:34:32.892+0000] {taskinstance.py:1206} INFO - Marking task as UP_FOR_RETRY. dag_id=etl_strava_activities, task_id=extract_gold_fact_activities, run_id=manual__2025-11-17T18:34:05.628799+00:00, execution_date=20251117T183405, start_date=20251117T183428, end_date=20251117T183432
[2025-11-17T18:34:32.906+0000] {standard_task_runner.py:110} ERROR - Failed to execute job 438 for task extract_gold_fact_activities (Bash command failed. The command returned a non-zero exit code 1.; 2515)
[2025-11-17T18:34:32.950+0000] {local_task_job_runner.py:243} INFO - Task exited with return code 1
[2025-11-17T18:34:32.982+0000] {taskinstance.py:3503} INFO - 0 downstream tasks scheduled from follow-on schedule check
[2025-11-17T18:34:32.983+0000] {local_task_job_runner.py:222} INFO - ::endgroup::
