[2025-11-15T10:43:13.650+0000] {local_task_job_runner.py:120} INFO - ::group::Pre task execution logs
[2025-11-15T10:43:13.707+0000] {taskinstance.py:2076} INFO - Dependencies all met for dep_context=non-requeueable deps ti=<TaskInstance: etl_strava.extract_bronze_user manual__2025-11-15T10:43:13.231316+00:00 [queued]>
[2025-11-15T10:43:13.716+0000] {taskinstance.py:2076} INFO - Dependencies all met for dep_context=requeueable deps ti=<TaskInstance: etl_strava.extract_bronze_user manual__2025-11-15T10:43:13.231316+00:00 [queued]>
[2025-11-15T10:43:13.716+0000] {taskinstance.py:2306} INFO - Starting attempt 1 of 2
[2025-11-15T10:43:13.734+0000] {taskinstance.py:2330} INFO - Executing <Task(BashOperator): extract_bronze_user> on 2025-11-15 10:43:13.231316+00:00
[2025-11-15T10:43:13.754+0000] {logging_mixin.py:188} WARNING - /home/***/.local/lib/python3.12/site-packages/***/task/task_runner/standard_task_runner.py:62 DeprecationWarning: This process (pid=230) is multi-threaded, use of fork() may lead to deadlocks in the child.
[2025-11-15T10:43:13.755+0000] {standard_task_runner.py:64} INFO - Started process 232 to run task
[2025-11-15T10:43:13.749+0000] {standard_task_runner.py:90} INFO - Running: ['***', 'tasks', 'run', 'etl_strava', 'extract_bronze_user', 'manual__2025-11-15T10:43:13.231316+00:00', '--job-id', '252', '--raw', '--subdir', 'DAGS_FOLDER/pipeline_strava.py', '--cfg-path', '/tmp/tmp4bd9m95j']
[2025-11-15T10:43:13.756+0000] {standard_task_runner.py:91} INFO - Job 252: Subtask extract_bronze_user
[2025-11-15T10:43:13.840+0000] {task_command.py:426} INFO - Running <TaskInstance: etl_strava.extract_bronze_user manual__2025-11-15T10:43:13.231316+00:00 [running]> on host 2d2323d1fc61
[2025-11-15T10:43:13.976+0000] {taskinstance.py:2648} INFO - Exporting env vars: AIRFLOW_CTX_DAG_OWNER='rayane' AIRFLOW_CTX_DAG_ID='etl_strava' AIRFLOW_CTX_TASK_ID='extract_bronze_user' AIRFLOW_CTX_EXECUTION_DATE='2025-11-15T10:43:13.231316+00:00' AIRFLOW_CTX_TRY_NUMBER='1' AIRFLOW_CTX_DAG_RUN_ID='manual__2025-11-15T10:43:13.231316+00:00'
[2025-11-15T10:43:13.977+0000] {taskinstance.py:430} INFO - ::endgroup::
[2025-11-15T10:43:13.993+0000] {subprocess.py:63} INFO - Tmp dir root location: /tmp
[2025-11-15T10:43:13.994+0000] {subprocess.py:75} INFO - Running command: ['/usr/bin/bash', '-c', 'python  /opt/***/apps/extract_api_strava_user.py']
[2025-11-15T10:43:14.002+0000] {subprocess.py:86} INFO - Output:
[2025-11-15T10:43:15.289+0000] {subprocess.py:93} INFO - Traceback (most recent call last):
[2025-11-15T10:43:15.290+0000] {subprocess.py:93} INFO -   File "/opt/***/apps/extract_api_strava_user.py", line 40, in <module>
[2025-11-15T10:43:15.290+0000] {subprocess.py:93} INFO -     if time.localtime(time.time()) >= time.localtime(int(os.getenv("EXPIRES_AT"))):
[2025-11-15T10:43:15.290+0000] {subprocess.py:93} INFO -                                                      ^^^^^^^^^^^^^^^^^^^^^^^^^^^^
[2025-11-15T10:43:15.290+0000] {subprocess.py:93} INFO - TypeError: int() argument must be a string, a bytes-like object or a real number, not 'NoneType'
[2025-11-15T10:43:15.388+0000] {subprocess.py:97} INFO - Command exited with return code 1
[2025-11-15T10:43:15.389+0000] {taskinstance.py:441} INFO - ::group::Post task execution logs
[2025-11-15T10:43:15.399+0000] {taskinstance.py:2905} ERROR - Task failed with exception
Traceback (most recent call last):
  File "/home/airflow/.local/lib/python3.12/site-packages/airflow/models/taskinstance.py", line 465, in _execute_task
    result = _execute_callable(context=context, **execute_callable_kwargs)
             ^^^^^^^^^^^^^^^^^^^^^^^^^^^^^^^^^^^^^^^^^^^^^^^^^^^^^^^^^^^^^
  File "/home/airflow/.local/lib/python3.12/site-packages/airflow/models/taskinstance.py", line 432, in _execute_callable
    return execute_callable(context=context, **execute_callable_kwargs)
           ^^^^^^^^^^^^^^^^^^^^^^^^^^^^^^^^^^^^^^^^^^^^^^^^^^^^^^^^^^^^
  File "/home/airflow/.local/lib/python3.12/site-packages/airflow/models/baseoperator.py", line 401, in wrapper
    return func(self, *args, **kwargs)
           ^^^^^^^^^^^^^^^^^^^^^^^^^^^
  File "/home/airflow/.local/lib/python3.12/site-packages/airflow/operators/bash.py", line 243, in execute
    raise AirflowException(
airflow.exceptions.AirflowException: Bash command failed. The command returned a non-zero exit code 1.
[2025-11-15T10:43:15.401+0000] {taskinstance.py:1206} INFO - Marking task as UP_FOR_RETRY. dag_id=etl_strava, task_id=extract_bronze_user, run_id=manual__2025-11-15T10:43:13.231316+00:00, execution_date=20251115T104313, start_date=20251115T104313, end_date=20251115T104315
[2025-11-15T10:43:15.409+0000] {standard_task_runner.py:110} ERROR - Failed to execute job 252 for task extract_bronze_user (Bash command failed. The command returned a non-zero exit code 1.; 232)
[2025-11-15T10:43:15.426+0000] {local_task_job_runner.py:243} INFO - Task exited with return code 1
[2025-11-15T10:43:15.440+0000] {taskinstance.py:3503} INFO - 0 downstream tasks scheduled from follow-on schedule check
[2025-11-15T10:43:15.441+0000] {local_task_job_runner.py:222} INFO - ::endgroup::
