[2025-11-15T11:21:22.805+0000] {local_task_job_runner.py:120} INFO - ::group::Pre task execution logs
[2025-11-15T11:21:22.868+0000] {taskinstance.py:2076} INFO - Dependencies all met for dep_context=non-requeueable deps ti=<TaskInstance: etl_strava.extract_bronze_user manual__2025-11-15T11:21:21.785243+00:00 [queued]>
[2025-11-15T11:21:22.903+0000] {taskinstance.py:2076} INFO - Dependencies all met for dep_context=requeueable deps ti=<TaskInstance: etl_strava.extract_bronze_user manual__2025-11-15T11:21:21.785243+00:00 [queued]>
[2025-11-15T11:21:22.904+0000] {taskinstance.py:2306} INFO - Starting attempt 1 of 2
[2025-11-15T11:21:22.947+0000] {taskinstance.py:2330} INFO - Executing <Task(BashOperator): extract_bronze_user> on 2025-11-15 11:21:21.785243+00:00
[2025-11-15T11:21:22.960+0000] {standard_task_runner.py:90} INFO - Running: ['***', 'tasks', 'run', 'etl_strava', 'extract_bronze_user', 'manual__2025-11-15T11:21:21.785243+00:00', '--job-id', '267', '--raw', '--subdir', 'DAGS_FOLDER/pipeline_strava.py', '--cfg-path', '/tmp/tmptlwqh_wx']
[2025-11-15T11:21:22.967+0000] {standard_task_runner.py:91} INFO - Job 267: Subtask extract_bronze_user
[2025-11-15T11:21:22.968+0000] {logging_mixin.py:188} WARNING - /home/***/.local/lib/python3.12/site-packages/***/task/task_runner/standard_task_runner.py:62 DeprecationWarning: This process (pid=642) is multi-threaded, use of fork() may lead to deadlocks in the child.
[2025-11-15T11:21:22.972+0000] {standard_task_runner.py:64} INFO - Started process 646 to run task
[2025-11-15T11:21:23.067+0000] {task_command.py:426} INFO - Running <TaskInstance: etl_strava.extract_bronze_user manual__2025-11-15T11:21:21.785243+00:00 [running]> on host 14b65adea4bf
[2025-11-15T11:21:23.202+0000] {taskinstance.py:2648} INFO - Exporting env vars: AIRFLOW_CTX_DAG_OWNER='rayane' AIRFLOW_CTX_DAG_ID='etl_strava' AIRFLOW_CTX_TASK_ID='extract_bronze_user' AIRFLOW_CTX_EXECUTION_DATE='2025-11-15T11:21:21.785243+00:00' AIRFLOW_CTX_TRY_NUMBER='1' AIRFLOW_CTX_DAG_RUN_ID='manual__2025-11-15T11:21:21.785243+00:00'
[2025-11-15T11:21:23.203+0000] {taskinstance.py:430} INFO - ::endgroup::
[2025-11-15T11:21:23.222+0000] {subprocess.py:63} INFO - Tmp dir root location: /tmp
[2025-11-15T11:21:23.224+0000] {subprocess.py:75} INFO - Running command: ['/usr/bin/bash', '-c', 'python  /opt/***/apps/extract_api_strava_user.py']
[2025-11-15T11:21:23.231+0000] {subprocess.py:86} INFO - Output:
[2025-11-15T11:21:26.171+0000] {subprocess.py:93} INFO -  ⚠️   O Token atual expira em: 2025-11-15 16:44:19
[2025-11-15T11:21:26.172+0000] {subprocess.py:93} INFO - ✅ Credenciaiss Autenticadas
[2025-11-15T11:21:26.173+0000] {subprocess.py:93} INFO - ✅ Sem dados alterados
[2025-11-15T11:21:26.294+0000] {subprocess.py:97} INFO - Command exited with return code 0
[2025-11-15T11:21:26.295+0000] {taskinstance.py:441} INFO - ::group::Post task execution logs
[2025-11-15T11:21:26.320+0000] {taskinstance.py:1206} INFO - Marking task as SUCCESS. dag_id=etl_strava, task_id=extract_bronze_user, run_id=manual__2025-11-15T11:21:21.785243+00:00, execution_date=20251115T112121, start_date=20251115T112122, end_date=20251115T112126
[2025-11-15T11:21:26.337+0000] {local_task_job_runner.py:243} INFO - Task exited with return code 0
[2025-11-15T11:21:26.357+0000] {taskinstance.py:3503} INFO - 0 downstream tasks scheduled from follow-on schedule check
[2025-11-15T11:21:26.358+0000] {local_task_job_runner.py:222} INFO - ::endgroup::
