[2025-11-15T21:03:00.256+0000] {local_task_job_runner.py:120} INFO - ::group::Pre task execution logs
[2025-11-15T21:03:00.306+0000] {taskinstance.py:2076} INFO - Dependencies all met for dep_context=non-requeueable deps ti=<TaskInstance: etl_strava.extract_bronze_user manual__2025-11-15T21:02:59.320519+00:00 [queued]>
[2025-11-15T21:03:00.313+0000] {taskinstance.py:2076} INFO - Dependencies all met for dep_context=requeueable deps ti=<TaskInstance: etl_strava.extract_bronze_user manual__2025-11-15T21:02:59.320519+00:00 [queued]>
[2025-11-15T21:03:00.313+0000] {taskinstance.py:2306} INFO - Starting attempt 1 of 2
[2025-11-15T21:03:00.331+0000] {taskinstance.py:2330} INFO - Executing <Task(BashOperator): extract_bronze_user> on 2025-11-15 21:02:59.320519+00:00
[2025-11-15T21:03:00.346+0000] {standard_task_runner.py:90} INFO - Running: ['***', 'tasks', 'run', 'etl_strava', 'extract_bronze_user', 'manual__2025-11-15T21:02:59.320519+00:00', '--job-id', '277', '--raw', '--subdir', 'DAGS_FOLDER/pipeline_strava.py', '--cfg-path', '/tmp/tmpv182cm1d']
[2025-11-15T21:03:00.354+0000] {logging_mixin.py:188} WARNING - /home/***/.local/lib/python3.12/site-packages/***/task/task_runner/standard_task_runner.py:62 DeprecationWarning: This process (pid=572) is multi-threaded, use of fork() may lead to deadlocks in the child.
[2025-11-15T21:03:00.356+0000] {standard_task_runner.py:91} INFO - Job 277: Subtask extract_bronze_user
[2025-11-15T21:03:00.356+0000] {standard_task_runner.py:64} INFO - Started process 574 to run task
[2025-11-15T21:03:00.476+0000] {task_command.py:426} INFO - Running <TaskInstance: etl_strava.extract_bronze_user manual__2025-11-15T21:02:59.320519+00:00 [running]> on host fadf64fe711e
[2025-11-15T21:03:00.694+0000] {taskinstance.py:2648} INFO - Exporting env vars: AIRFLOW_CTX_DAG_OWNER='rayane' AIRFLOW_CTX_DAG_ID='etl_strava' AIRFLOW_CTX_TASK_ID='extract_bronze_user' AIRFLOW_CTX_EXECUTION_DATE='2025-11-15T21:02:59.320519+00:00' AIRFLOW_CTX_TRY_NUMBER='1' AIRFLOW_CTX_DAG_RUN_ID='manual__2025-11-15T21:02:59.320519+00:00'
[2025-11-15T21:03:00.695+0000] {taskinstance.py:430} INFO - ::endgroup::
[2025-11-15T21:03:00.744+0000] {subprocess.py:63} INFO - Tmp dir root location: /tmp
[2025-11-15T21:03:00.745+0000] {subprocess.py:75} INFO - Running command: ['/usr/bin/bash', '-c', 'python  /opt/***/apps/extract_api_strava_user.py']
[2025-11-15T21:03:00.768+0000] {subprocess.py:86} INFO - Output:
[2025-11-15T21:03:03.863+0000] {subprocess.py:93} INFO -  ⚠️   O Token atual expira em: 2025-11-16 00:35:34
[2025-11-15T21:03:03.865+0000] {subprocess.py:93} INFO - ✅ Credenciaiss Autenticadas
[2025-11-15T21:03:03.866+0000] {subprocess.py:93} INFO - ✅ Sem dados alterados
[2025-11-15T21:03:03.965+0000] {subprocess.py:97} INFO - Command exited with return code 0
[2025-11-15T21:03:03.966+0000] {taskinstance.py:441} INFO - ::group::Post task execution logs
[2025-11-15T21:03:04.000+0000] {taskinstance.py:1206} INFO - Marking task as SUCCESS. dag_id=etl_strava, task_id=extract_bronze_user, run_id=manual__2025-11-15T21:02:59.320519+00:00, execution_date=20251115T210259, start_date=20251115T210300, end_date=20251115T210304
[2025-11-15T21:03:04.041+0000] {local_task_job_runner.py:243} INFO - Task exited with return code 0
[2025-11-15T21:03:04.060+0000] {local_task_job_runner.py:222} INFO - ::endgroup::
