[2025-11-16T16:06:42.985+0000] {local_task_job_runner.py:120} INFO - ::group::Pre task execution logs
[2025-11-16T16:06:43.042+0000] {taskinstance.py:2076} INFO - Dependencies all met for dep_context=non-requeueable deps ti=<TaskInstance: etl_label_studio.extract_bronze_label_studio manual__2025-11-16T16:06:41.952594+00:00 [queued]>
[2025-11-16T16:06:43.056+0000] {taskinstance.py:2076} INFO - Dependencies all met for dep_context=requeueable deps ti=<TaskInstance: etl_label_studio.extract_bronze_label_studio manual__2025-11-16T16:06:41.952594+00:00 [queued]>
[2025-11-16T16:06:43.056+0000] {taskinstance.py:2306} INFO - Starting attempt 1 of 2
[2025-11-16T16:06:43.074+0000] {taskinstance.py:2330} INFO - Executing <Task(BashOperator): extract_bronze_label_studio> on 2025-11-16 16:06:41.952594+00:00
[2025-11-16T16:06:43.159+0000] {logging_mixin.py:188} WARNING - /home/***/.local/lib/python3.12/site-packages/***/task/task_runner/standard_task_runner.py:62 DeprecationWarning: This process (pid=4711) is multi-threaded, use of fork() may lead to deadlocks in the child.
[2025-11-16T16:06:43.091+0000] {standard_task_runner.py:90} INFO - Running: ['***', 'tasks', 'run', 'etl_label_studio', 'extract_bronze_label_studio', 'manual__2025-11-16T16:06:41.952594+00:00', '--job-id', '335', '--raw', '--subdir', 'DAGS_FOLDER/pipeline_label_studio.py', '--cfg-path', '/tmp/tmpbcpdrgkd']
[2025-11-16T16:06:43.166+0000] {standard_task_runner.py:64} INFO - Started process 4712 to run task
[2025-11-16T16:06:43.169+0000] {standard_task_runner.py:91} INFO - Job 335: Subtask extract_bronze_label_studio
[2025-11-16T16:06:43.438+0000] {task_command.py:426} INFO - Running <TaskInstance: etl_label_studio.extract_bronze_label_studio manual__2025-11-16T16:06:41.952594+00:00 [running]> on host 5f5c6e0969f2
[2025-11-16T16:06:43.785+0000] {taskinstance.py:2648} INFO - Exporting env vars: AIRFLOW_CTX_DAG_OWNER='rayane' AIRFLOW_CTX_DAG_ID='etl_label_studio' AIRFLOW_CTX_TASK_ID='extract_bronze_label_studio' AIRFLOW_CTX_EXECUTION_DATE='2025-11-16T16:06:41.952594+00:00' AIRFLOW_CTX_TRY_NUMBER='1' AIRFLOW_CTX_DAG_RUN_ID='manual__2025-11-16T16:06:41.952594+00:00'
[2025-11-16T16:06:43.786+0000] {taskinstance.py:430} INFO - ::endgroup::
[2025-11-16T16:06:43.849+0000] {subprocess.py:63} INFO - Tmp dir root location: /tmp
[2025-11-16T16:06:43.852+0000] {subprocess.py:75} INFO - Running command: ['/usr/bin/bash', '-c', 'python /opt/***/apps/extract_api_label_studio_strava.py']
[2025-11-16T16:06:43.867+0000] {subprocess.py:86} INFO - Output:
[2025-11-16T16:06:43.961+0000] {subprocess.py:93} INFO - python: can't open file '/opt/***/apps/extract_api_label_studio_strava.py': [Errno 2] No such file or directory
[2025-11-16T16:06:43.966+0000] {subprocess.py:97} INFO - Command exited with return code 2
[2025-11-16T16:06:43.967+0000] {taskinstance.py:441} INFO - ::group::Post task execution logs
[2025-11-16T16:06:43.979+0000] {taskinstance.py:2905} ERROR - Task failed with exception
Traceback (most recent call last):
  File "/home/airflow/.local/lib/python3.12/site-packages/airflow/models/taskinstance.py", line 465, in _execute_task
    result = _execute_callable(context=context, **execute_callable_kwargs)
             ^^^^^^^^^^^^^^^^^^^^^^^^^^^^^^^^^^^^^^^^^^^^^^^^^^^^^^^^^^^^^
  File "/home/airflow/.local/lib/python3.12/site-packages/airflow/models/taskinstance.py", line 432, in _execute_callable
    return execute_callable(context=context, **execute_callable_kwargs)
           ^^^^^^^^^^^^^^^^^^^^^^^^^^^^^^^^^^^^^^^^^^^^^^^^^^^^^^^^^^^^
  File "/home/airflow/.local/lib/python3.12/site-packages/airflow/models/baseoperator.py", line 401, in wrapper
    return func(self, *args, **kwargs)
           ^^^^^^^^^^^^^^^^^^^^^^^^^^^
  File "/home/airflow/.local/lib/python3.12/site-packages/airflow/operators/bash.py", line 243, in execute
    raise AirflowException(
airflow.exceptions.AirflowException: Bash command failed. The command returned a non-zero exit code 2.
[2025-11-16T16:06:43.983+0000] {taskinstance.py:1206} INFO - Marking task as UP_FOR_RETRY. dag_id=etl_label_studio, task_id=extract_bronze_label_studio, run_id=manual__2025-11-16T16:06:41.952594+00:00, execution_date=20251116T160641, start_date=20251116T160643, end_date=20251116T160643
[2025-11-16T16:06:44.007+0000] {standard_task_runner.py:110} ERROR - Failed to execute job 335 for task extract_bronze_label_studio (Bash command failed. The command returned a non-zero exit code 2.; 4712)
[2025-11-16T16:06:44.046+0000] {local_task_job_runner.py:243} INFO - Task exited with return code 1
[2025-11-16T16:06:44.061+0000] {taskinstance.py:3503} INFO - 0 downstream tasks scheduled from follow-on schedule check
[2025-11-16T16:06:44.062+0000] {local_task_job_runner.py:222} INFO - ::endgroup::
