[2025-11-16T16:11:44.620+0000] {local_task_job_runner.py:120} INFO - ::group::Pre task execution logs
[2025-11-16T16:11:44.647+0000] {taskinstance.py:2076} INFO - Dependencies all met for dep_context=non-requeueable deps ti=<TaskInstance: etl_label_studio.extract_bronze_label_studio manual__2025-11-16T16:06:41.952594+00:00 [queued]>
[2025-11-16T16:11:44.653+0000] {taskinstance.py:2076} INFO - Dependencies all met for dep_context=requeueable deps ti=<TaskInstance: etl_label_studio.extract_bronze_label_studio manual__2025-11-16T16:06:41.952594+00:00 [queued]>
[2025-11-16T16:11:44.653+0000] {taskinstance.py:2306} INFO - Starting attempt 2 of 2
[2025-11-16T16:11:44.663+0000] {taskinstance.py:2330} INFO - Executing <Task(BashOperator): extract_bronze_label_studio> on 2025-11-16 16:06:41.952594+00:00
[2025-11-16T16:11:44.669+0000] {standard_task_runner.py:90} INFO - Running: ['***', 'tasks', 'run', 'etl_label_studio', 'extract_bronze_label_studio', 'manual__2025-11-16T16:06:41.952594+00:00', '--job-id', '340', '--raw', '--subdir', 'DAGS_FOLDER/pipeline_label_studio.py', '--cfg-path', '/tmp/tmp6q3vko6v']
[2025-11-16T16:11:44.672+0000] {standard_task_runner.py:91} INFO - Job 340: Subtask extract_bronze_label_studio
[2025-11-16T16:11:44.671+0000] {logging_mixin.py:188} WARNING - /home/***/.local/lib/python3.12/site-packages/***/task/task_runner/standard_task_runner.py:62 DeprecationWarning: This process (pid=4909) is multi-threaded, use of fork() may lead to deadlocks in the child.
[2025-11-16T16:11:44.672+0000] {standard_task_runner.py:64} INFO - Started process 4910 to run task
[2025-11-16T16:11:44.709+0000] {task_command.py:426} INFO - Running <TaskInstance: etl_label_studio.extract_bronze_label_studio manual__2025-11-16T16:06:41.952594+00:00 [running]> on host 5f5c6e0969f2
[2025-11-16T16:11:44.848+0000] {taskinstance.py:2648} INFO - Exporting env vars: AIRFLOW_CTX_DAG_OWNER='rayane' AIRFLOW_CTX_DAG_ID='etl_label_studio' AIRFLOW_CTX_TASK_ID='extract_bronze_label_studio' AIRFLOW_CTX_EXECUTION_DATE='2025-11-16T16:06:41.952594+00:00' AIRFLOW_CTX_TRY_NUMBER='2' AIRFLOW_CTX_DAG_RUN_ID='manual__2025-11-16T16:06:41.952594+00:00'
[2025-11-16T16:11:44.851+0000] {taskinstance.py:430} INFO - ::endgroup::
[2025-11-16T16:11:44.869+0000] {subprocess.py:63} INFO - Tmp dir root location: /tmp
[2025-11-16T16:11:44.870+0000] {subprocess.py:75} INFO - Running command: ['/usr/bin/bash', '-c', 'python /opt/***/apps//01-bronze/extract_api_label_studio_strava.py']
[2025-11-16T16:11:44.880+0000] {subprocess.py:86} INFO - Output:
[2025-11-16T16:11:46.253+0000] {subprocess.py:93} INFO - Usando o arquivo de variaveis em: /opt/***/apps/.env
[2025-11-16T16:11:46.257+0000] {subprocess.py:93} INFO - [ERRO Geral] path in endpoint is not allowed
[2025-11-16T16:11:46.351+0000] {subprocess.py:97} INFO - Command exited with return code 0
[2025-11-16T16:11:46.352+0000] {taskinstance.py:441} INFO - ::group::Post task execution logs
[2025-11-16T16:11:46.375+0000] {taskinstance.py:1206} INFO - Marking task as SUCCESS. dag_id=etl_label_studio, task_id=extract_bronze_label_studio, run_id=manual__2025-11-16T16:06:41.952594+00:00, execution_date=20251116T160641, start_date=20251116T161144, end_date=20251116T161146
[2025-11-16T16:11:46.389+0000] {local_task_job_runner.py:243} INFO - Task exited with return code 0
[2025-11-16T16:11:46.404+0000] {taskinstance.py:3503} INFO - 0 downstream tasks scheduled from follow-on schedule check
[2025-11-16T16:11:46.405+0000] {local_task_job_runner.py:222} INFO - ::endgroup::
