[2025-11-18T17:57:34.420+0000] {local_task_job_runner.py:120} INFO - ::group::Pre task execution logs
[2025-11-18T17:57:34.456+0000] {taskinstance.py:2076} INFO - Dependencies all met for dep_context=non-requeueable deps ti=<TaskInstance: etl_strava_activities.extract_gold_fact_activities manual__2025-11-18T17:57:08.103317+00:00 [queued]>
[2025-11-18T17:57:34.463+0000] {taskinstance.py:2076} INFO - Dependencies all met for dep_context=requeueable deps ti=<TaskInstance: etl_strava_activities.extract_gold_fact_activities manual__2025-11-18T17:57:08.103317+00:00 [queued]>
[2025-11-18T17:57:34.464+0000] {taskinstance.py:2306} INFO - Starting attempt 1 of 2
[2025-11-18T17:57:34.476+0000] {taskinstance.py:2330} INFO - Executing <Task(BashOperator): extract_gold_fact_activities> on 2025-11-18 17:57:08.103317+00:00
[2025-11-18T17:57:34.488+0000] {logging_mixin.py:188} WARNING - /home/***/.local/lib/python3.12/site-packages/***/task/task_runner/standard_task_runner.py:62 DeprecationWarning: This process (pid=5107) is multi-threaded, use of fork() may lead to deadlocks in the child.
[2025-11-18T17:57:34.487+0000] {standard_task_runner.py:90} INFO - Running: ['***', 'tasks', 'run', 'etl_strava_activities', 'extract_gold_fact_activities', 'manual__2025-11-18T17:57:08.103317+00:00', '--job-id', '545', '--raw', '--subdir', 'DAGS_FOLDER/pipeline_strava_activities.py', '--cfg-path', '/tmp/tmppal518ax']
[2025-11-18T17:57:34.490+0000] {standard_task_runner.py:64} INFO - Started process 5108 to run task
[2025-11-18T17:57:34.490+0000] {standard_task_runner.py:91} INFO - Job 545: Subtask extract_gold_fact_activities
[2025-11-18T17:57:34.551+0000] {task_command.py:426} INFO - Running <TaskInstance: etl_strava_activities.extract_gold_fact_activities manual__2025-11-18T17:57:08.103317+00:00 [running]> on host f2d31a793684
[2025-11-18T17:57:34.627+0000] {taskinstance.py:2648} INFO - Exporting env vars: AIRFLOW_CTX_DAG_OWNER='rayane' AIRFLOW_CTX_DAG_ID='etl_strava_activities' AIRFLOW_CTX_TASK_ID='extract_gold_fact_activities' AIRFLOW_CTX_EXECUTION_DATE='2025-11-18T17:57:08.103317+00:00' AIRFLOW_CTX_TRY_NUMBER='1' AIRFLOW_CTX_DAG_RUN_ID='manual__2025-11-18T17:57:08.103317+00:00'
[2025-11-18T17:57:34.628+0000] {taskinstance.py:430} INFO - ::endgroup::
[2025-11-18T17:57:34.641+0000] {subprocess.py:63} INFO - Tmp dir root location: /tmp
[2025-11-18T17:57:34.642+0000] {subprocess.py:75} INFO - Running command: ['/usr/bin/bash', '-c', 'python /opt/***/apps/03-gold/fact_user_activities_strava.py']
[2025-11-18T17:57:34.649+0000] {subprocess.py:86} INFO - Output:
[2025-11-18T17:57:36.612+0000] {subprocess.py:93} INFO - 25/11/18 17:57:36 WARN NativeCodeLoader: Unable to load native-hadoop library for your platform... using builtin-java classes where applicable
[2025-11-18T17:57:36.765+0000] {subprocess.py:93} INFO - Setting default log level to "WARN".
[2025-11-18T17:57:36.766+0000] {subprocess.py:93} INFO - To adjust logging level use sc.setLogLevel(newLevel). For SparkR, use setLogLevel(newLevel).
[2025-11-18T17:57:39.457+0000] {subprocess.py:93} INFO - 25/11/18 17:57:39 WARN MetricsConfig: Cannot locate configuration: tried hadoop-metrics2-s3a-file-system.properties,hadoop-metrics2.properties
[2025-11-18T17:57:40.939+0000] {subprocess.py:93} INFO - 25/11/18 17:57:40 WARN HadoopFSUtils: The directory s3a://silver-strava-user-activities-parquet/2023/07 2 was not found. Was it deleted very recently?
[2025-11-18T17:57:41.037+0000] {subprocess.py:93} INFO - [Stage 0:=================>                                      (14 + 14) / 44]25/11/18 17:57:41 WARN HadoopFSUtils: The directory s3a://silver-strava-user-activities-parquet/2024/02 2 was not found. Was it deleted very recently?
[2025-11-18T17:57:42.359+0000] {subprocess.py:93} INFO -                                                                                 25/11/18 17:57:42 WARN SparkStringUtils: Truncated the string representation of a plan since it was too large. This behavior can be adjusted by setting 'spark.sql.debug.maxToStringFields'.
[2025-11-18T17:57:50.247+0000] {subprocess.py:93} INFO - [Stage 3:>                  (0 + 9) / 9][Stage 4:>                  (0 + 1) / 5][Stage 3:>                  (0 + 9) / 9][Stage 4:=======>           (2 + 1) / 5][Stage 3:==========================>                                (4 + 5) / 9]                                                                                [Stage 8:>                                                          (0 + 1) / 1]                                                                                Usando o arquivo de variaveis em: /opt/***/apps/.env
[2025-11-18T17:57:50.255+0000] {subprocess.py:93} INFO - Schema da GOLD (antes de escrever em Delta):
[2025-11-18T17:57:50.256+0000] {subprocess.py:93} INFO - root
[2025-11-18T17:57:50.257+0000] {subprocess.py:93} INFO -  |-- activity_id: long (nullable = true)
[2025-11-18T17:57:50.257+0000] {subprocess.py:93} INFO -  |-- hash_id: string (nullable = true)
[2025-11-18T17:57:50.257+0000] {subprocess.py:93} INFO -  |-- timestamp: string (nullable = true)
[2025-11-18T17:57:50.258+0000] {subprocess.py:93} INFO -  |-- start_date: string (nullable = true)
[2025-11-18T17:57:50.259+0000] {subprocess.py:93} INFO -  |-- start_date_local: string (nullable = true)
[2025-11-18T17:57:50.259+0000] {subprocess.py:93} INFO -  |-- timezone: string (nullable = true)
[2025-11-18T17:57:50.259+0000] {subprocess.py:93} INFO -  |-- name: string (nullable = true)
[2025-11-18T17:57:50.260+0000] {subprocess.py:93} INFO -  |-- sport_type: string (nullable = true)
[2025-11-18T17:57:50.260+0000] {subprocess.py:93} INFO -  |-- type: string (nullable = true)
[2025-11-18T17:57:50.260+0000] {subprocess.py:93} INFO -  |-- workout_type: double (nullable = true)
[2025-11-18T17:57:50.261+0000] {subprocess.py:93} INFO -  |-- distance: double (nullable = true)
[2025-11-18T17:57:50.261+0000] {subprocess.py:93} INFO -  |-- elapsed_time: long (nullable = true)
[2025-11-18T17:57:50.261+0000] {subprocess.py:93} INFO -  |-- moving_time: long (nullable = true)
[2025-11-18T17:57:50.262+0000] {subprocess.py:93} INFO -  |-- average_speed: double (nullable = true)
[2025-11-18T17:57:50.262+0000] {subprocess.py:93} INFO -  |-- max_speed: double (nullable = true)
[2025-11-18T17:57:50.263+0000] {subprocess.py:93} INFO -  |-- total_elevation_gain: double (nullable = true)
[2025-11-18T17:57:50.263+0000] {subprocess.py:93} INFO -  |-- elev_high: double (nullable = true)
[2025-11-18T17:57:50.263+0000] {subprocess.py:93} INFO -  |-- elev_low: double (nullable = true)
[2025-11-18T17:57:50.263+0000] {subprocess.py:93} INFO -  |-- average_cadence: double (nullable = true)
[2025-11-18T17:57:50.264+0000] {subprocess.py:93} INFO -  |-- max_cadence: integer (nullable = true)
[2025-11-18T17:57:50.264+0000] {subprocess.py:93} INFO -  |-- average_watts: double (nullable = true)
[2025-11-18T17:57:50.264+0000] {subprocess.py:93} INFO -  |-- max_watts: double (nullable = true)
[2025-11-18T17:57:50.264+0000] {subprocess.py:93} INFO -  |-- weighted_average_watts: double (nullable = true)
[2025-11-18T17:57:50.265+0000] {subprocess.py:93} INFO -  |-- has_heartrate: boolean (nullable = true)
[2025-11-18T17:57:50.265+0000] {subprocess.py:93} INFO -  |-- average_heartrate: double (nullable = true)
[2025-11-18T17:57:50.265+0000] {subprocess.py:93} INFO -  |-- max_heartrate: double (nullable = true)
[2025-11-18T17:57:50.265+0000] {subprocess.py:93} INFO -  |-- suffer_score: double (nullable = true)
[2025-11-18T17:57:50.265+0000] {subprocess.py:93} INFO -  |-- trainer: boolean (nullable = true)
[2025-11-18T17:57:50.266+0000] {subprocess.py:93} INFO -  |-- commute: boolean (nullable = true)
[2025-11-18T17:57:50.266+0000] {subprocess.py:93} INFO -  |-- private: boolean (nullable = true)
[2025-11-18T17:57:50.266+0000] {subprocess.py:93} INFO -  |-- visibility: string (nullable = true)
[2025-11-18T17:57:50.266+0000] {subprocess.py:93} INFO -  |-- manual: boolean (nullable = true)
[2025-11-18T17:57:50.267+0000] {subprocess.py:93} INFO -  |-- kudos_count: long (nullable = true)
[2025-11-18T17:57:50.267+0000] {subprocess.py:93} INFO -  |-- athlete_id: long (nullable = true)
[2025-11-18T17:57:50.267+0000] {subprocess.py:93} INFO -  |-- map_id: string (nullable = true)
[2025-11-18T17:57:50.267+0000] {subprocess.py:93} INFO -  |-- start_date_local_dt: timestamp (nullable = true)
[2025-11-18T17:57:50.268+0000] {subprocess.py:93} INFO -  |-- ano: string (nullable = true)
[2025-11-18T17:57:50.268+0000] {subprocess.py:93} INFO -  |-- mes: string (nullable = true)
[2025-11-18T17:57:50.268+0000] {subprocess.py:93} INFO -  |-- hub_rank: integer (nullable = false)
[2025-11-18T17:57:50.269+0000] {subprocess.py:93} INFO -  |-- task_id: long (nullable = true)
[2025-11-18T17:57:50.269+0000] {subprocess.py:93} INFO -  |-- annotation_id: long (nullable = true)
[2025-11-18T17:57:50.269+0000] {subprocess.py:93} INFO -  |-- task_created_at: string (nullable = true)
[2025-11-18T17:57:50.269+0000] {subprocess.py:93} INFO -  |-- task_updated_at: string (nullable = true)
[2025-11-18T17:57:50.269+0000] {subprocess.py:93} INFO -  |-- annotation_created_at: string (nullable = true)
[2025-11-18T17:57:50.270+0000] {subprocess.py:93} INFO -  |-- annotation_updated_at: string (nullable = true)
[2025-11-18T17:57:50.270+0000] {subprocess.py:93} INFO -  |-- completed_by: long (nullable = true)
[2025-11-18T17:57:50.270+0000] {subprocess.py:93} INFO -  |-- was_cancelled: boolean (nullable = true)
[2025-11-18T17:57:50.270+0000] {subprocess.py:93} INFO -  |-- ground_truth: boolean (nullable = true)
[2025-11-18T17:57:50.271+0000] {subprocess.py:93} INFO -  |-- annotation_result: string (nullable = true)
[2025-11-18T17:57:50.271+0000] {subprocess.py:93} INFO -  |-- activity_date: date (nullable = true)
[2025-11-18T17:57:50.271+0000] {subprocess.py:93} INFO -  |-- year: integer (nullable = true)
[2025-11-18T17:57:50.271+0000] {subprocess.py:93} INFO -  |-- month: integer (nullable = true)
[2025-11-18T17:57:50.271+0000] {subprocess.py:93} INFO - 
[2025-11-18T17:57:50.272+0000] {subprocess.py:93} INFO - Escrevendo GOLD em Delta no MinIO em: s3a://gold-strava-activities-labels-delta/fact_user_activities_labels
[2025-11-18T17:57:50.272+0000] {subprocess.py:93} INFO - Carga Silver -> Gold finalizada com sucesso.
[2025-11-18T17:57:50.844+0000] {subprocess.py:97} INFO - Command exited with return code 0
[2025-11-18T17:57:50.854+0000] {taskinstance.py:441} INFO - ::group::Post task execution logs
[2025-11-18T17:57:50.990+0000] {taskinstance.py:1206} INFO - Marking task as SUCCESS. dag_id=etl_strava_activities, task_id=extract_gold_fact_activities, run_id=manual__2025-11-18T17:57:08.103317+00:00, execution_date=20251118T175708, start_date=20251118T175734, end_date=20251118T175750
[2025-11-18T17:57:51.074+0000] {local_task_job_runner.py:243} INFO - Task exited with return code 0
[2025-11-18T17:57:51.151+0000] {taskinstance.py:3503} INFO - 1 downstream tasks scheduled from follow-on schedule check
[2025-11-18T17:57:51.153+0000] {local_task_job_runner.py:222} INFO - ::endgroup::
