[2025-11-17T03:56:21.635+0000] {local_task_job_runner.py:120} INFO - ::group::Pre task execution logs
[2025-11-17T03:56:21.688+0000] {taskinstance.py:2076} INFO - Dependencies all met for dep_context=non-requeueable deps ti=<TaskInstance: etl_strava_activities.extract_silver_activities manual__2025-11-17T03:56:03.321264+00:00 [queued]>
[2025-11-17T03:56:21.697+0000] {taskinstance.py:2076} INFO - Dependencies all met for dep_context=requeueable deps ti=<TaskInstance: etl_strava_activities.extract_silver_activities manual__2025-11-17T03:56:03.321264+00:00 [queued]>
[2025-11-17T03:56:21.697+0000] {taskinstance.py:2306} INFO - Starting attempt 1 of 2
[2025-11-17T03:56:21.712+0000] {taskinstance.py:2330} INFO - Executing <Task(BashOperator): extract_silver_activities> on 2025-11-17 03:56:03.321264+00:00
[2025-11-17T03:56:21.728+0000] {logging_mixin.py:188} WARNING - /home/***/.local/lib/python3.12/site-packages/***/task/task_runner/standard_task_runner.py:62 DeprecationWarning: This process (pid=19196) is multi-threaded, use of fork() may lead to deadlocks in the child.
[2025-11-17T03:56:21.731+0000] {standard_task_runner.py:64} INFO - Started process 19197 to run task
[2025-11-17T03:56:21.727+0000] {standard_task_runner.py:90} INFO - Running: ['***', 'tasks', 'run', 'etl_strava_activities', 'extract_silver_activities', 'manual__2025-11-17T03:56:03.321264+00:00', '--job-id', '402', '--raw', '--subdir', 'DAGS_FOLDER/pipeline_strava_activities.py', '--cfg-path', '/tmp/tmptvmultdg']
[2025-11-17T03:56:21.735+0000] {standard_task_runner.py:91} INFO - Job 402: Subtask extract_silver_activities
[2025-11-17T03:56:21.802+0000] {task_command.py:426} INFO - Running <TaskInstance: etl_strava_activities.extract_silver_activities manual__2025-11-17T03:56:03.321264+00:00 [running]> on host 602d3770b2e4
[2025-11-17T03:56:21.900+0000] {taskinstance.py:2648} INFO - Exporting env vars: AIRFLOW_CTX_DAG_OWNER='rayane' AIRFLOW_CTX_DAG_ID='etl_strava_activities' AIRFLOW_CTX_TASK_ID='extract_silver_activities' AIRFLOW_CTX_EXECUTION_DATE='2025-11-17T03:56:03.321264+00:00' AIRFLOW_CTX_TRY_NUMBER='1' AIRFLOW_CTX_DAG_RUN_ID='manual__2025-11-17T03:56:03.321264+00:00'
[2025-11-17T03:56:21.903+0000] {taskinstance.py:430} INFO - ::endgroup::
[2025-11-17T03:56:21.922+0000] {subprocess.py:63} INFO - Tmp dir root location: /tmp
[2025-11-17T03:56:21.924+0000] {subprocess.py:75} INFO - Running command: ['/usr/bin/bash', '-c', 'python /opt/***/apps/02-silver/extract-bronze-to-silver-strava-activities.py']
[2025-11-17T03:56:21.937+0000] {subprocess.py:86} INFO - Output:
[2025-11-17T03:56:29.965+0000] {subprocess.py:93} INFO - Usando o arquivo de variaveis em: /opt/***/apps/.env
[2025-11-17T03:56:29.972+0000] {subprocess.py:93} INFO - silver-strava-user-activities-parquet
[2025-11-17T03:56:29.973+0000] {subprocess.py:93} INFO - 🔁 Deduplicados: 4 removidos
[2025-11-17T03:56:29.973+0000] {subprocess.py:93} INFO - urllib3.exceptions.ResponseError: too many 500 error responses
[2025-11-17T03:56:29.973+0000] {subprocess.py:93} INFO - 
[2025-11-17T03:56:29.974+0000] {subprocess.py:93} INFO - The above exception was the direct cause of the following exception:
[2025-11-17T03:56:29.974+0000] {subprocess.py:93} INFO - 
[2025-11-17T03:56:29.974+0000] {subprocess.py:93} INFO - Traceback (most recent call last):
[2025-11-17T03:56:29.975+0000] {subprocess.py:93} INFO -   File "/opt/***/apps/02-silver/extract-bronze-to-silver-strava-activities.py", line 127, in <module>
[2025-11-17T03:56:29.975+0000] {subprocess.py:93} INFO -     client_minio.put_object(
[2025-11-17T03:56:29.975+0000] {subprocess.py:93} INFO -   File "/home/***/.local/lib/python3.12/site-packages/minio/api.py", line 2009, in put_object
[2025-11-17T03:56:29.976+0000] {subprocess.py:93} INFO -     raise exc
[2025-11-17T03:56:29.976+0000] {subprocess.py:93} INFO -   File "/home/***/.local/lib/python3.12/site-packages/minio/api.py", line 1955, in put_object
[2025-11-17T03:56:29.976+0000] {subprocess.py:93} INFO -     return self._put_object(
[2025-11-17T03:56:29.977+0000] {subprocess.py:93} INFO -            ^^^^^^^^^^^^^^^^^
[2025-11-17T03:56:29.977+0000] {subprocess.py:93} INFO -   File "/home/***/.local/lib/python3.12/site-packages/minio/api.py", line 1784, in _put_object
[2025-11-17T03:56:29.977+0000] {subprocess.py:93} INFO -     response = self._execute(
[2025-11-17T03:56:29.978+0000] {subprocess.py:93} INFO -                ^^^^^^^^^^^^^^
[2025-11-17T03:56:29.978+0000] {subprocess.py:93} INFO -   File "/home/***/.local/lib/python3.12/site-packages/minio/api.py", line 444, in _execute
[2025-11-17T03:56:29.978+0000] {subprocess.py:93} INFO -     return self._url_open(
[2025-11-17T03:56:29.978+0000] {subprocess.py:93} INFO -            ^^^^^^^^^^^^^^^
[2025-11-17T03:56:29.979+0000] {subprocess.py:93} INFO -   File "/home/***/.local/lib/python3.12/site-packages/minio/api.py", line 306, in _url_open
[2025-11-17T03:56:29.979+0000] {subprocess.py:93} INFO -     response = self._http.urlopen(
[2025-11-17T03:56:29.979+0000] {subprocess.py:93} INFO -                ^^^^^^^^^^^^^^^^^^^
[2025-11-17T03:56:29.979+0000] {subprocess.py:93} INFO -   File "/home/***/.local/lib/python3.12/site-packages/urllib3/poolmanager.py", line 443, in urlopen
[2025-11-17T03:56:29.979+0000] {subprocess.py:93} INFO -     response = conn.urlopen(method, u.request_uri, **kw)
[2025-11-17T03:56:29.980+0000] {subprocess.py:93} INFO -                ^^^^^^^^^^^^^^^^^^^^^^^^^^^^^^^^^^^^^^^^^
[2025-11-17T03:56:29.980+0000] {subprocess.py:93} INFO -   File "/home/***/.local/lib/python3.12/site-packages/urllib3/connectionpool.py", line 946, in urlopen
[2025-11-17T03:56:29.980+0000] {subprocess.py:93} INFO -     return self.urlopen(
[2025-11-17T03:56:29.980+0000] {subprocess.py:93} INFO -            ^^^^^^^^^^^^^
[2025-11-17T03:56:29.981+0000] {subprocess.py:93} INFO -   File "/home/***/.local/lib/python3.12/site-packages/urllib3/connectionpool.py", line 946, in urlopen
[2025-11-17T03:56:29.981+0000] {subprocess.py:93} INFO -     return self.urlopen(
[2025-11-17T03:56:29.981+0000] {subprocess.py:93} INFO -            ^^^^^^^^^^^^^
[2025-11-17T03:56:29.981+0000] {subprocess.py:93} INFO -   File "/home/***/.local/lib/python3.12/site-packages/urllib3/connectionpool.py", line 946, in urlopen
[2025-11-17T03:56:29.981+0000] {subprocess.py:93} INFO -     return self.urlopen(
[2025-11-17T03:56:29.982+0000] {subprocess.py:93} INFO -            ^^^^^^^^^^^^^
[2025-11-17T03:56:29.982+0000] {subprocess.py:93} INFO -   [Previous line repeated 2 more times]
[2025-11-17T03:56:29.982+0000] {subprocess.py:93} INFO -   File "/home/***/.local/lib/python3.12/site-packages/urllib3/connectionpool.py", line 936, in urlopen
[2025-11-17T03:56:29.982+0000] {subprocess.py:93} INFO -     retries = retries.increment(method, url, response=response, _pool=self)
[2025-11-17T03:56:29.982+0000] {subprocess.py:93} INFO -               ^^^^^^^^^^^^^^^^^^^^^^^^^^^^^^^^^^^^^^^^^^^^^^^^^^^^^^^^^^^^^
[2025-11-17T03:56:29.983+0000] {subprocess.py:93} INFO -   File "/home/***/.local/lib/python3.12/site-packages/urllib3/util/retry.py", line 515, in increment
[2025-11-17T03:56:29.983+0000] {subprocess.py:93} INFO -     raise MaxRetryError(_pool, url, reason) from reason  # type: ignore[arg-type]
[2025-11-17T03:56:29.983+0000] {subprocess.py:93} INFO -     ^^^^^^^^^^^^^^^^^^^^^^^^^^^^^^^^^^^^^^^^^^^^^^^^^^^
[2025-11-17T03:56:29.983+0000] {subprocess.py:93} INFO - urllib3.exceptions.MaxRetryError: HTTPConnectionPool(host='minio', port=9000): Max retries exceeded with url: /silver-strava-user-activities-parquet/2021/07/atividades_2021-07.parquet (Caused by ResponseError('too many 500 error responses'))
[2025-11-17T03:56:30.092+0000] {subprocess.py:97} INFO - Command exited with return code 1
[2025-11-17T03:56:30.094+0000] {taskinstance.py:441} INFO - ::group::Post task execution logs
[2025-11-17T03:56:30.113+0000] {taskinstance.py:2905} ERROR - Task failed with exception
Traceback (most recent call last):
  File "/home/airflow/.local/lib/python3.12/site-packages/airflow/models/taskinstance.py", line 465, in _execute_task
    result = _execute_callable(context=context, **execute_callable_kwargs)
             ^^^^^^^^^^^^^^^^^^^^^^^^^^^^^^^^^^^^^^^^^^^^^^^^^^^^^^^^^^^^^
  File "/home/airflow/.local/lib/python3.12/site-packages/airflow/models/taskinstance.py", line 432, in _execute_callable
    return execute_callable(context=context, **execute_callable_kwargs)
           ^^^^^^^^^^^^^^^^^^^^^^^^^^^^^^^^^^^^^^^^^^^^^^^^^^^^^^^^^^^^
  File "/home/airflow/.local/lib/python3.12/site-packages/airflow/models/baseoperator.py", line 401, in wrapper
    return func(self, *args, **kwargs)
           ^^^^^^^^^^^^^^^^^^^^^^^^^^^
  File "/home/airflow/.local/lib/python3.12/site-packages/airflow/operators/bash.py", line 243, in execute
    raise AirflowException(
airflow.exceptions.AirflowException: Bash command failed. The command returned a non-zero exit code 1.
[2025-11-17T03:56:30.119+0000] {taskinstance.py:1206} INFO - Marking task as UP_FOR_RETRY. dag_id=etl_strava_activities, task_id=extract_silver_activities, run_id=manual__2025-11-17T03:56:03.321264+00:00, execution_date=20251117T035603, start_date=20251117T035621, end_date=20251117T035630
[2025-11-17T03:56:30.140+0000] {standard_task_runner.py:110} ERROR - Failed to execute job 402 for task extract_silver_activities (Bash command failed. The command returned a non-zero exit code 1.; 19197)
[2025-11-17T03:56:30.162+0000] {local_task_job_runner.py:243} INFO - Task exited with return code 1
[2025-11-17T03:56:30.180+0000] {taskinstance.py:3503} INFO - 0 downstream tasks scheduled from follow-on schedule check
[2025-11-17T03:56:30.181+0000] {local_task_job_runner.py:222} INFO - ::endgroup::
