[2025-11-18T17:57:30.320+0000] {local_task_job_runner.py:120} INFO - ::group::Pre task execution logs
[2025-11-18T17:57:30.351+0000] {taskinstance.py:2076} INFO - Dependencies all met for dep_context=non-requeueable deps ti=<TaskInstance: etl_strava_activities.extract_silver_activities manual__2025-11-18T17:57:08.103317+00:00 [queued]>
[2025-11-18T17:57:30.356+0000] {taskinstance.py:2076} INFO - Dependencies all met for dep_context=requeueable deps ti=<TaskInstance: etl_strava_activities.extract_silver_activities manual__2025-11-18T17:57:08.103317+00:00 [queued]>
[2025-11-18T17:57:30.357+0000] {taskinstance.py:2306} INFO - Starting attempt 1 of 2
[2025-11-18T17:57:30.366+0000] {taskinstance.py:2330} INFO - Executing <Task(BashOperator): extract_silver_activities> on 2025-11-18 17:57:08.103317+00:00
[2025-11-18T17:57:30.373+0000] {logging_mixin.py:188} WARNING - /home/***/.local/lib/python3.12/site-packages/***/task/task_runner/standard_task_runner.py:62 DeprecationWarning: This process (pid=5094) is multi-threaded, use of fork() may lead to deadlocks in the child.
[2025-11-18T17:57:30.372+0000] {standard_task_runner.py:90} INFO - Running: ['***', 'tasks', 'run', 'etl_strava_activities', 'extract_silver_activities', 'manual__2025-11-18T17:57:08.103317+00:00', '--job-id', '544', '--raw', '--subdir', 'DAGS_FOLDER/pipeline_strava_activities.py', '--cfg-path', '/tmp/tmpqjif7yx5']
[2025-11-18T17:57:30.374+0000] {standard_task_runner.py:64} INFO - Started process 5095 to run task
[2025-11-18T17:57:30.374+0000] {standard_task_runner.py:91} INFO - Job 544: Subtask extract_silver_activities
[2025-11-18T17:57:30.428+0000] {task_command.py:426} INFO - Running <TaskInstance: etl_strava_activities.extract_silver_activities manual__2025-11-18T17:57:08.103317+00:00 [running]> on host f2d31a793684
[2025-11-18T17:57:30.506+0000] {taskinstance.py:2648} INFO - Exporting env vars: AIRFLOW_CTX_DAG_OWNER='rayane' AIRFLOW_CTX_DAG_ID='etl_strava_activities' AIRFLOW_CTX_TASK_ID='extract_silver_activities' AIRFLOW_CTX_EXECUTION_DATE='2025-11-18T17:57:08.103317+00:00' AIRFLOW_CTX_TRY_NUMBER='1' AIRFLOW_CTX_DAG_RUN_ID='manual__2025-11-18T17:57:08.103317+00:00'
[2025-11-18T17:57:30.507+0000] {taskinstance.py:430} INFO - ::endgroup::
[2025-11-18T17:57:30.521+0000] {subprocess.py:63} INFO - Tmp dir root location: /tmp
[2025-11-18T17:57:30.523+0000] {subprocess.py:75} INFO - Running command: ['/usr/bin/bash', '-c', 'python /opt/***/apps/02-silver/extract-bronze-to-silver-strava-activities.py']
[2025-11-18T17:57:30.531+0000] {subprocess.py:86} INFO - Output:
[2025-11-18T17:57:33.320+0000] {subprocess.py:93} INFO - Usando o arquivo de variaveis em: /opt/***/apps/.env
[2025-11-18T17:57:33.322+0000] {subprocess.py:93} INFO - silver-strava-user-activities-parquet
[2025-11-18T17:57:33.322+0000] {subprocess.py:93} INFO - Esvaziando bucket sulver para full load
[2025-11-18T17:57:33.322+0000] {subprocess.py:93} INFO - 🗑️ Removido: 2021/07/atividades_2021-07.parquet
[2025-11-18T17:57:33.322+0000] {subprocess.py:93} INFO - 🗑️ Removido: 2021/10/atividades_2021-10.parquet
[2025-11-18T17:57:33.323+0000] {subprocess.py:93} INFO - 🗑️ Removido: 2021/11/atividades_2021-11.parquet
[2025-11-18T17:57:33.323+0000] {subprocess.py:93} INFO - 🗑️ Removido: 2022/04/atividades_2022-04.parquet
[2025-11-18T17:57:33.323+0000] {subprocess.py:93} INFO - 🗑️ Removido: 2022/05/atividades_2022-05.parquet
[2025-11-18T17:57:33.323+0000] {subprocess.py:93} INFO - 🗑️ Removido: 2022/06/atividades_2022-06.parquet
[2025-11-18T17:57:33.323+0000] {subprocess.py:93} INFO - 🗑️ Removido: 2022/07/atividades_2022-07.parquet
[2025-11-18T17:57:33.324+0000] {subprocess.py:93} INFO - 🗑️ Removido: 2022/08/atividades_2022-08.parquet
[2025-11-18T17:57:33.324+0000] {subprocess.py:93} INFO - 🗑️ Removido: 2022/10/atividades_2022-10.parquet
[2025-11-18T17:57:33.324+0000] {subprocess.py:93} INFO - 🗑️ Removido: 2022/11/atividades_2022-11.parquet
[2025-11-18T17:57:33.324+0000] {subprocess.py:93} INFO - 🗑️ Removido: 2023/01/atividades_2023-01.parquet
[2025-11-18T17:57:33.324+0000] {subprocess.py:93} INFO - 🗑️ Removido: 2023/02/atividades_2023-02.parquet
[2025-11-18T17:57:33.324+0000] {subprocess.py:93} INFO - 🗑️ Removido: 2023/03/atividades_2023-03.parquet
[2025-11-18T17:57:33.325+0000] {subprocess.py:93} INFO - 🗑️ Removido: 2023/04/atividades_2023-04.parquet
[2025-11-18T17:57:33.325+0000] {subprocess.py:93} INFO - 🗑️ Removido: 2023/05/atividades_2023-05.parquet
[2025-11-18T17:57:33.325+0000] {subprocess.py:93} INFO - 🗑️ Removido: 2023/06/atividades_2023-06.parquet
[2025-11-18T17:57:33.326+0000] {subprocess.py:93} INFO - 🗑️ Removido: 2023/07/atividades_2023-07.parquet
[2025-11-18T17:57:33.326+0000] {subprocess.py:93} INFO - 🗑️ Removido: 2023/08/atividades_2023-08.parquet
[2025-11-18T17:57:33.326+0000] {subprocess.py:93} INFO - 🗑️ Removido: 2023/09/atividades_2023-09.parquet
[2025-11-18T17:57:33.326+0000] {subprocess.py:93} INFO - 🗑️ Removido: 2023/10/atividades_2023-10.parquet
[2025-11-18T17:57:33.326+0000] {subprocess.py:93} INFO - 🗑️ Removido: 2024/02/atividades_2024-02.parquet
[2025-11-18T17:57:33.327+0000] {subprocess.py:93} INFO - 🗑️ Removido: 2024/03/atividades_2024-03.parquet
[2025-11-18T17:57:33.327+0000] {subprocess.py:93} INFO - 🗑️ Removido: 2024/04/atividades_2024-04.parquet
[2025-11-18T17:57:33.328+0000] {subprocess.py:93} INFO - 🗑️ Removido: 2024/05/atividades_2024-05.parquet
[2025-11-18T17:57:33.328+0000] {subprocess.py:93} INFO - 🗑️ Removido: 2024/06/atividades_2024-06.parquet
[2025-11-18T17:57:33.328+0000] {subprocess.py:93} INFO - 🗑️ Removido: 2024/07/atividades_2024-07.parquet
[2025-11-18T17:57:33.329+0000] {subprocess.py:93} INFO - 🗑️ Removido: 2024/08/atividades_2024-08.parquet
[2025-11-18T17:57:33.329+0000] {subprocess.py:93} INFO - 🗑️ Removido: 2024/09/atividades_2024-09.parquet
[2025-11-18T17:57:33.329+0000] {subprocess.py:93} INFO - 🗑️ Removido: 2024/10/atividades_2024-10.parquet
[2025-11-18T17:57:33.330+0000] {subprocess.py:93} INFO - 🗑️ Removido: 2024/11/atividades_2024-11.parquet
[2025-11-18T17:57:33.330+0000] {subprocess.py:93} INFO - 🗑️ Removido: 2024/12/atividades_2024-12.parquet
[2025-11-18T17:57:33.330+0000] {subprocess.py:93} INFO - 🗑️ Removido: 2025/01/atividades_2025-01.parquet
[2025-11-18T17:57:33.330+0000] {subprocess.py:93} INFO - 🗑️ Removido: 2025/02/atividades_2025-02.parquet
[2025-11-18T17:57:33.331+0000] {subprocess.py:93} INFO - 🗑️ Removido: 2025/03/atividades_2025-03.parquet
[2025-11-18T17:57:33.331+0000] {subprocess.py:93} INFO - 🗑️ Removido: 2025/04/atividades_2025-04.parquet
[2025-11-18T17:57:33.331+0000] {subprocess.py:93} INFO - 🗑️ Removido: 2025/05/atividades_2025-05.parquet
[2025-11-18T17:57:33.331+0000] {subprocess.py:93} INFO - 🗑️ Removido: 2025/06/atividades_2025-06.parquet
[2025-11-18T17:57:33.332+0000] {subprocess.py:93} INFO - 🗑️ Removido: 2025/07/atividades_2025-07.parquet
[2025-11-18T17:57:33.332+0000] {subprocess.py:93} INFO - 🗑️ Removido: 2025/08/atividades_2025-08.parquet
[2025-11-18T17:57:33.332+0000] {subprocess.py:93} INFO - 🗑️ Removido: 2025/09/atividades_2025-09.parquet
[2025-11-18T17:57:33.332+0000] {subprocess.py:93} INFO - 🗑️ Removido: 2025/10/atividades_2025-10.parquet
[2025-11-18T17:57:33.332+0000] {subprocess.py:93} INFO - 🗑️ Removido: 2025/11/atividades_2025-11.parquet
[2025-11-18T17:57:33.333+0000] {subprocess.py:93} INFO - ✅ Bucket esvaziado: silver-strava-user-activities-parquet
[2025-11-18T17:57:33.333+0000] {subprocess.py:93} INFO - 🔁 Deduplicados: 6 removidos
[2025-11-18T17:57:33.333+0000] {subprocess.py:93} INFO - Valores únicos de mês na Silver: ['07' '10' '11' '04' '05' '06' '08' '01' '02' '03' '09' '12']
[2025-11-18T17:57:33.333+0000] {subprocess.py:93} INFO - 📁 Gravando partição ano=2021, mes='07'
[2025-11-18T17:57:33.333+0000] {subprocess.py:93} INFO - 📦 Salvo na silver: silver-strava-user-activities-parquet/2021/07/atividades_2021-07.parquet
[2025-11-18T17:57:33.334+0000] {subprocess.py:93} INFO - 📁 Gravando partição ano=2021, mes='10'
[2025-11-18T17:57:33.334+0000] {subprocess.py:93} INFO - 📦 Salvo na silver: silver-strava-user-activities-parquet/2021/10/atividades_2021-10.parquet
[2025-11-18T17:57:33.334+0000] {subprocess.py:93} INFO - 📁 Gravando partição ano=2021, mes='11'
[2025-11-18T17:57:33.334+0000] {subprocess.py:93} INFO - 📦 Salvo na silver: silver-strava-user-activities-parquet/2021/11/atividades_2021-11.parquet
[2025-11-18T17:57:33.334+0000] {subprocess.py:93} INFO - 📁 Gravando partição ano=2022, mes='04'
[2025-11-18T17:57:33.334+0000] {subprocess.py:93} INFO - 📦 Salvo na silver: silver-strava-user-activities-parquet/2022/04/atividades_2022-04.parquet
[2025-11-18T17:57:33.335+0000] {subprocess.py:93} INFO - 📁 Gravando partição ano=2022, mes='05'
[2025-11-18T17:57:33.335+0000] {subprocess.py:93} INFO - 📦 Salvo na silver: silver-strava-user-activities-parquet/2022/05/atividades_2022-05.parquet
[2025-11-18T17:57:33.335+0000] {subprocess.py:93} INFO - 📁 Gravando partição ano=2022, mes='06'
[2025-11-18T17:57:33.335+0000] {subprocess.py:93} INFO - 📦 Salvo na silver: silver-strava-user-activities-parquet/2022/06/atividades_2022-06.parquet
[2025-11-18T17:57:33.335+0000] {subprocess.py:93} INFO - 📁 Gravando partição ano=2022, mes='07'
[2025-11-18T17:57:33.335+0000] {subprocess.py:93} INFO - 📦 Salvo na silver: silver-strava-user-activities-parquet/2022/07/atividades_2022-07.parquet
[2025-11-18T17:57:33.335+0000] {subprocess.py:93} INFO - 📁 Gravando partição ano=2022, mes='08'
[2025-11-18T17:57:33.336+0000] {subprocess.py:93} INFO - 📦 Salvo na silver: silver-strava-user-activities-parquet/2022/08/atividades_2022-08.parquet
[2025-11-18T17:57:33.336+0000] {subprocess.py:93} INFO - 📁 Gravando partição ano=2022, mes='10'
[2025-11-18T17:57:33.336+0000] {subprocess.py:93} INFO - 📦 Salvo na silver: silver-strava-user-activities-parquet/2022/10/atividades_2022-10.parquet
[2025-11-18T17:57:33.336+0000] {subprocess.py:93} INFO - 📁 Gravando partição ano=2022, mes='11'
[2025-11-18T17:57:33.336+0000] {subprocess.py:93} INFO - 📦 Salvo na silver: silver-strava-user-activities-parquet/2022/11/atividades_2022-11.parquet
[2025-11-18T17:57:33.336+0000] {subprocess.py:93} INFO - 📁 Gravando partição ano=2023, mes='01'
[2025-11-18T17:57:33.337+0000] {subprocess.py:93} INFO - 📦 Salvo na silver: silver-strava-user-activities-parquet/2023/01/atividades_2023-01.parquet
[2025-11-18T17:57:33.337+0000] {subprocess.py:93} INFO - 📁 Gravando partição ano=2023, mes='02'
[2025-11-18T17:57:33.337+0000] {subprocess.py:93} INFO - 📦 Salvo na silver: silver-strava-user-activities-parquet/2023/02/atividades_2023-02.parquet
[2025-11-18T17:57:33.337+0000] {subprocess.py:93} INFO - 📁 Gravando partição ano=2023, mes='03'
[2025-11-18T17:57:33.337+0000] {subprocess.py:93} INFO - 📦 Salvo na silver: silver-strava-user-activities-parquet/2023/03/atividades_2023-03.parquet
[2025-11-18T17:57:33.337+0000] {subprocess.py:93} INFO - 📁 Gravando partição ano=2023, mes='04'
[2025-11-18T17:57:33.337+0000] {subprocess.py:93} INFO - 📦 Salvo na silver: silver-strava-user-activities-parquet/2023/04/atividades_2023-04.parquet
[2025-11-18T17:57:33.338+0000] {subprocess.py:93} INFO - 📁 Gravando partição ano=2023, mes='05'
[2025-11-18T17:57:33.338+0000] {subprocess.py:93} INFO - 📦 Salvo na silver: silver-strava-user-activities-parquet/2023/05/atividades_2023-05.parquet
[2025-11-18T17:57:33.338+0000] {subprocess.py:93} INFO - 📁 Gravando partição ano=2023, mes='06'
[2025-11-18T17:57:33.338+0000] {subprocess.py:93} INFO - 📦 Salvo na silver: silver-strava-user-activities-parquet/2023/06/atividades_2023-06.parquet
[2025-11-18T17:57:33.338+0000] {subprocess.py:93} INFO - 📁 Gravando partição ano=2023, mes='07'
[2025-11-18T17:57:33.338+0000] {subprocess.py:93} INFO - 📦 Salvo na silver: silver-strava-user-activities-parquet/2023/07/atividades_2023-07.parquet
[2025-11-18T17:57:33.339+0000] {subprocess.py:93} INFO - 📁 Gravando partição ano=2023, mes='08'
[2025-11-18T17:57:33.339+0000] {subprocess.py:93} INFO - 📦 Salvo na silver: silver-strava-user-activities-parquet/2023/08/atividades_2023-08.parquet
[2025-11-18T17:57:33.339+0000] {subprocess.py:93} INFO - 📁 Gravando partição ano=2023, mes='09'
[2025-11-18T17:57:33.339+0000] {subprocess.py:93} INFO - 📦 Salvo na silver: silver-strava-user-activities-parquet/2023/09/atividades_2023-09.parquet
[2025-11-18T17:57:33.339+0000] {subprocess.py:93} INFO - 📁 Gravando partição ano=2023, mes='10'
[2025-11-18T17:57:33.339+0000] {subprocess.py:93} INFO - 📦 Salvo na silver: silver-strava-user-activities-parquet/2023/10/atividades_2023-10.parquet
[2025-11-18T17:57:33.340+0000] {subprocess.py:93} INFO - 📁 Gravando partição ano=2024, mes='02'
[2025-11-18T17:57:33.340+0000] {subprocess.py:93} INFO - 📦 Salvo na silver: silver-strava-user-activities-parquet/2024/02/atividades_2024-02.parquet
[2025-11-18T17:57:33.340+0000] {subprocess.py:93} INFO - 📁 Gravando partição ano=2024, mes='03'
[2025-11-18T17:57:33.340+0000] {subprocess.py:93} INFO - 📦 Salvo na silver: silver-strava-user-activities-parquet/2024/03/atividades_2024-03.parquet
[2025-11-18T17:57:33.341+0000] {subprocess.py:93} INFO - 📁 Gravando partição ano=2024, mes='04'
[2025-11-18T17:57:33.341+0000] {subprocess.py:93} INFO - 📦 Salvo na silver: silver-strava-user-activities-parquet/2024/04/atividades_2024-04.parquet
[2025-11-18T17:57:33.341+0000] {subprocess.py:93} INFO - 📁 Gravando partição ano=2024, mes='05'
[2025-11-18T17:57:33.341+0000] {subprocess.py:93} INFO - 📦 Salvo na silver: silver-strava-user-activities-parquet/2024/05/atividades_2024-05.parquet
[2025-11-18T17:57:33.341+0000] {subprocess.py:93} INFO - 📁 Gravando partição ano=2024, mes='06'
[2025-11-18T17:57:33.342+0000] {subprocess.py:93} INFO - 📦 Salvo na silver: silver-strava-user-activities-parquet/2024/06/atividades_2024-06.parquet
[2025-11-18T17:57:33.342+0000] {subprocess.py:93} INFO - 📁 Gravando partição ano=2024, mes='07'
[2025-11-18T17:57:33.343+0000] {subprocess.py:93} INFO - 📦 Salvo na silver: silver-strava-user-activities-parquet/2024/07/atividades_2024-07.parquet
[2025-11-18T17:57:33.343+0000] {subprocess.py:93} INFO - 📁 Gravando partição ano=2024, mes='08'
[2025-11-18T17:57:33.343+0000] {subprocess.py:93} INFO - 📦 Salvo na silver: silver-strava-user-activities-parquet/2024/08/atividades_2024-08.parquet
[2025-11-18T17:57:33.343+0000] {subprocess.py:93} INFO - 📁 Gravando partição ano=2024, mes='09'
[2025-11-18T17:57:33.343+0000] {subprocess.py:93} INFO - 📦 Salvo na silver: silver-strava-user-activities-parquet/2024/09/atividades_2024-09.parquet
[2025-11-18T17:57:33.343+0000] {subprocess.py:93} INFO - 📁 Gravando partição ano=2024, mes='10'
[2025-11-18T17:57:33.344+0000] {subprocess.py:93} INFO - 📦 Salvo na silver: silver-strava-user-activities-parquet/2024/10/atividades_2024-10.parquet
[2025-11-18T17:57:33.344+0000] {subprocess.py:93} INFO - 📁 Gravando partição ano=2024, mes='11'
[2025-11-18T17:57:33.344+0000] {subprocess.py:93} INFO - 📦 Salvo na silver: silver-strava-user-activities-parquet/2024/11/atividades_2024-11.parquet
[2025-11-18T17:57:33.344+0000] {subprocess.py:93} INFO - 📁 Gravando partição ano=2024, mes='12'
[2025-11-18T17:57:33.344+0000] {subprocess.py:93} INFO - 📦 Salvo na silver: silver-strava-user-activities-parquet/2024/12/atividades_2024-12.parquet
[2025-11-18T17:57:33.344+0000] {subprocess.py:93} INFO - 📁 Gravando partição ano=2025, mes='01'
[2025-11-18T17:57:33.344+0000] {subprocess.py:93} INFO - 📦 Salvo na silver: silver-strava-user-activities-parquet/2025/01/atividades_2025-01.parquet
[2025-11-18T17:57:33.345+0000] {subprocess.py:93} INFO - 📁 Gravando partição ano=2025, mes='02'
[2025-11-18T17:57:33.345+0000] {subprocess.py:93} INFO - 📦 Salvo na silver: silver-strava-user-activities-parquet/2025/02/atividades_2025-02.parquet
[2025-11-18T17:57:33.345+0000] {subprocess.py:93} INFO - 📁 Gravando partição ano=2025, mes='03'
[2025-11-18T17:57:33.345+0000] {subprocess.py:93} INFO - 📦 Salvo na silver: silver-strava-user-activities-parquet/2025/03/atividades_2025-03.parquet
[2025-11-18T17:57:33.345+0000] {subprocess.py:93} INFO - 📁 Gravando partição ano=2025, mes='04'
[2025-11-18T17:57:33.345+0000] {subprocess.py:93} INFO - 📦 Salvo na silver: silver-strava-user-activities-parquet/2025/04/atividades_2025-04.parquet
[2025-11-18T17:57:33.345+0000] {subprocess.py:93} INFO - 📁 Gravando partição ano=2025, mes='05'
[2025-11-18T17:57:33.346+0000] {subprocess.py:93} INFO - 📦 Salvo na silver: silver-strava-user-activities-parquet/2025/05/atividades_2025-05.parquet
[2025-11-18T17:57:33.346+0000] {subprocess.py:93} INFO - 📁 Gravando partição ano=2025, mes='06'
[2025-11-18T17:57:33.346+0000] {subprocess.py:93} INFO - 📦 Salvo na silver: silver-strava-user-activities-parquet/2025/06/atividades_2025-06.parquet
[2025-11-18T17:57:33.346+0000] {subprocess.py:93} INFO - 📁 Gravando partição ano=2025, mes='07'
[2025-11-18T17:57:33.346+0000] {subprocess.py:93} INFO - 📦 Salvo na silver: silver-strava-user-activities-parquet/2025/07/atividades_2025-07.parquet
[2025-11-18T17:57:33.346+0000] {subprocess.py:93} INFO - 📁 Gravando partição ano=2025, mes='08'
[2025-11-18T17:57:33.346+0000] {subprocess.py:93} INFO - 📦 Salvo na silver: silver-strava-user-activities-parquet/2025/08/atividades_2025-08.parquet
[2025-11-18T17:57:33.347+0000] {subprocess.py:93} INFO - 📁 Gravando partição ano=2025, mes='09'
[2025-11-18T17:57:33.347+0000] {subprocess.py:93} INFO - 📦 Salvo na silver: silver-strava-user-activities-parquet/2025/09/atividades_2025-09.parquet
[2025-11-18T17:57:33.347+0000] {subprocess.py:93} INFO - 📁 Gravando partição ano=2025, mes='10'
[2025-11-18T17:57:33.347+0000] {subprocess.py:93} INFO - 📦 Salvo na silver: silver-strava-user-activities-parquet/2025/10/atividades_2025-10.parquet
[2025-11-18T17:57:33.347+0000] {subprocess.py:93} INFO - 📁 Gravando partição ano=2025, mes='11'
[2025-11-18T17:57:33.347+0000] {subprocess.py:93} INFO - 📦 Salvo na silver: silver-strava-user-activities-parquet/2025/11/atividades_2025-11.parquet
[2025-11-18T17:57:33.347+0000] {subprocess.py:93} INFO - ✅ Processo finalizado com sucesso ✅
[2025-11-18T17:57:33.348+0000] {subprocess.py:93} INFO - Carga Bronze -> Silver finalizada com sucesso. Total de registros na Silver: 494
[2025-11-18T17:57:33.411+0000] {subprocess.py:97} INFO - Command exited with return code 0
[2025-11-18T17:57:33.412+0000] {taskinstance.py:441} INFO - ::group::Post task execution logs
[2025-11-18T17:57:33.440+0000] {taskinstance.py:1206} INFO - Marking task as SUCCESS. dag_id=etl_strava_activities, task_id=extract_silver_activities, run_id=manual__2025-11-18T17:57:08.103317+00:00, execution_date=20251118T175708, start_date=20251118T175730, end_date=20251118T175733
[2025-11-18T17:57:33.483+0000] {local_task_job_runner.py:243} INFO - Task exited with return code 0
[2025-11-18T17:57:33.511+0000] {taskinstance.py:3503} INFO - 1 downstream tasks scheduled from follow-on schedule check
[2025-11-18T17:57:33.513+0000] {local_task_job_runner.py:222} INFO - ::endgroup::
