[2025-11-17T04:02:21.982+0000] {local_task_job_runner.py:120} INFO - ::group::Pre task execution logs
[2025-11-17T04:02:22.024+0000] {taskinstance.py:2076} INFO - Dependencies all met for dep_context=non-requeueable deps ti=<TaskInstance: etl_strava_activities.extract_silver_activities manual__2025-11-17T04:02:03.813369+00:00 [queued]>
[2025-11-17T04:02:22.031+0000] {taskinstance.py:2076} INFO - Dependencies all met for dep_context=requeueable deps ti=<TaskInstance: etl_strava_activities.extract_silver_activities manual__2025-11-17T04:02:03.813369+00:00 [queued]>
[2025-11-17T04:02:22.032+0000] {taskinstance.py:2306} INFO - Starting attempt 1 of 2
[2025-11-17T04:02:22.043+0000] {taskinstance.py:2330} INFO - Executing <Task(BashOperator): extract_silver_activities> on 2025-11-17 04:02:03.813369+00:00
[2025-11-17T04:02:22.062+0000] {logging_mixin.py:188} WARNING - /home/***/.local/lib/python3.12/site-packages/***/task/task_runner/standard_task_runner.py:62 DeprecationWarning: This process (pid=19427) is multi-threaded, use of fork() may lead to deadlocks in the child.
[2025-11-17T04:02:22.063+0000] {standard_task_runner.py:64} INFO - Started process 19428 to run task
[2025-11-17T04:02:22.058+0000] {standard_task_runner.py:90} INFO - Running: ['***', 'tasks', 'run', 'etl_strava_activities', 'extract_silver_activities', 'manual__2025-11-17T04:02:03.813369+00:00', '--job-id', '406', '--raw', '--subdir', 'DAGS_FOLDER/pipeline_strava_activities.py', '--cfg-path', '/tmp/tmp2m_35t3g']
[2025-11-17T04:02:22.071+0000] {standard_task_runner.py:91} INFO - Job 406: Subtask extract_silver_activities
[2025-11-17T04:02:22.125+0000] {task_command.py:426} INFO - Running <TaskInstance: etl_strava_activities.extract_silver_activities manual__2025-11-17T04:02:03.813369+00:00 [running]> on host 602d3770b2e4
[2025-11-17T04:02:22.431+0000] {taskinstance.py:2648} INFO - Exporting env vars: AIRFLOW_CTX_DAG_OWNER='rayane' AIRFLOW_CTX_DAG_ID='etl_strava_activities' AIRFLOW_CTX_TASK_ID='extract_silver_activities' AIRFLOW_CTX_EXECUTION_DATE='2025-11-17T04:02:03.813369+00:00' AIRFLOW_CTX_TRY_NUMBER='1' AIRFLOW_CTX_DAG_RUN_ID='manual__2025-11-17T04:02:03.813369+00:00'
[2025-11-17T04:02:22.432+0000] {taskinstance.py:430} INFO - ::endgroup::
[2025-11-17T04:02:22.448+0000] {subprocess.py:63} INFO - Tmp dir root location: /tmp
[2025-11-17T04:02:22.449+0000] {subprocess.py:75} INFO - Running command: ['/usr/bin/bash', '-c', 'python /opt/***/apps/02-silver/extract-bronze-to-silver-strava-activities.py']
[2025-11-17T04:02:22.457+0000] {subprocess.py:86} INFO - Output:
[2025-11-17T04:02:29.473+0000] {subprocess.py:93} INFO - Usando o arquivo de variaveis em: /opt/***/apps/.env
[2025-11-17T04:02:29.477+0000] {subprocess.py:93} INFO - silver-strava-user-activities-parquet
[2025-11-17T04:02:29.478+0000] {subprocess.py:93} INFO - Traceback (most recent call last):
[2025-11-17T04:02:29.478+0000] {subprocess.py:93} INFO -   File "/home/***/.local/lib/python3.12/site-packages/urllib3/connection.py", line 203, in _new_conn
[2025-11-17T04:02:29.478+0000] {subprocess.py:93} INFO -     sock = connection.create_connection(
[2025-11-17T04:02:29.479+0000] {subprocess.py:93} INFO -            ^^^^^^^^^^^^^^^^^^^^^^^^^^^^^
[2025-11-17T04:02:29.479+0000] {subprocess.py:93} INFO -   File "/home/***/.local/lib/python3.12/site-packages/urllib3/util/connection.py", line 60, in create_connection
[2025-11-17T04:02:29.479+0000] {subprocess.py:93} INFO -     for res in socket.getaddrinfo(host, port, family, socket.SOCK_STREAM):
[2025-11-17T04:02:29.479+0000] {subprocess.py:93} INFO -                ^^^^^^^^^^^^^^^^^^^^^^^^^^^^^^^^^^^^^^^^^^^^^^^^^^^^^^^^^^
[2025-11-17T04:02:29.479+0000] {subprocess.py:93} INFO -   File "/usr/local/lib/python3.12/socket.py", line 964, in getaddrinfo
[2025-11-17T04:02:29.480+0000] {subprocess.py:93} INFO -     for res in _socket.getaddrinfo(host, port, family, type, proto, flags):
[2025-11-17T04:02:29.480+0000] {subprocess.py:93} INFO -                ^^^^^^^^^^^^^^^^^^^^^^^^^^^^^^^^^^^^^^^^^^^^^^^^^^^^^^^^^^^
[2025-11-17T04:02:29.480+0000] {subprocess.py:93} INFO - socket.gaierror: [Errno -2] Name or service not known
[2025-11-17T04:02:29.480+0000] {subprocess.py:93} INFO - 
[2025-11-17T04:02:29.480+0000] {subprocess.py:93} INFO - The above exception was the direct cause of the following exception:
[2025-11-17T04:02:29.480+0000] {subprocess.py:93} INFO - 
[2025-11-17T04:02:29.481+0000] {subprocess.py:93} INFO - Traceback (most recent call last):
[2025-11-17T04:02:29.481+0000] {subprocess.py:93} INFO -   File "/home/***/.local/lib/python3.12/site-packages/urllib3/connectionpool.py", line 791, in urlopen
[2025-11-17T04:02:29.481+0000] {subprocess.py:93} INFO -     response = self._make_request(
[2025-11-17T04:02:29.481+0000] {subprocess.py:93} INFO -                ^^^^^^^^^^^^^^^^^^^
[2025-11-17T04:02:29.481+0000] {subprocess.py:93} INFO -   File "/home/***/.local/lib/python3.12/site-packages/urllib3/connectionpool.py", line 497, in _make_request
[2025-11-17T04:02:29.482+0000] {subprocess.py:93} INFO -     conn.request(
[2025-11-17T04:02:29.482+0000] {subprocess.py:93} INFO -   File "/home/***/.local/lib/python3.12/site-packages/urllib3/connection.py", line 395, in request
[2025-11-17T04:02:29.482+0000] {subprocess.py:93} INFO -     self.endheaders()
[2025-11-17T04:02:29.482+0000] {subprocess.py:93} INFO -   File "/usr/local/lib/python3.12/http/client.py", line 1331, in endheaders
[2025-11-17T04:02:29.483+0000] {subprocess.py:93} INFO -     self._send_output(message_body, encode_chunked=encode_chunked)
[2025-11-17T04:02:29.483+0000] {subprocess.py:93} INFO -   File "/usr/local/lib/python3.12/http/client.py", line 1091, in _send_output
[2025-11-17T04:02:29.483+0000] {subprocess.py:93} INFO -     self.send(msg)
[2025-11-17T04:02:29.483+0000] {subprocess.py:93} INFO -   File "/usr/local/lib/python3.12/http/client.py", line 1035, in send
[2025-11-17T04:02:29.484+0000] {subprocess.py:93} INFO -     self.connect()
[2025-11-17T04:02:29.484+0000] {subprocess.py:93} INFO -   File "/home/***/.local/lib/python3.12/site-packages/urllib3/connection.py", line 243, in connect
[2025-11-17T04:02:29.484+0000] {subprocess.py:93} INFO -     self.sock = self._new_conn()
[2025-11-17T04:02:29.484+0000] {subprocess.py:93} INFO -                 ^^^^^^^^^^^^^^^^
[2025-11-17T04:02:29.485+0000] {subprocess.py:93} INFO -   File "/home/***/.local/lib/python3.12/site-packages/urllib3/connection.py", line 210, in _new_conn
[2025-11-17T04:02:29.485+0000] {subprocess.py:93} INFO -     raise NameResolutionError(self.host, self, e) from e
[2025-11-17T04:02:29.485+0000] {subprocess.py:93} INFO - urllib3.exceptions.NameResolutionError: <urllib3.connection.HTTPConnection object at 0xffff94577e90>: Failed to resolve 'minio_dataops' ([Errno -2] Name or service not known)
[2025-11-17T04:02:29.485+0000] {subprocess.py:93} INFO - 
[2025-11-17T04:02:29.486+0000] {subprocess.py:93} INFO - The above exception was the direct cause of the following exception:
[2025-11-17T04:02:29.486+0000] {subprocess.py:93} INFO - 
[2025-11-17T04:02:29.486+0000] {subprocess.py:93} INFO - Traceback (most recent call last):
[2025-11-17T04:02:29.486+0000] {subprocess.py:93} INFO -   File "/opt/***/apps/02-silver/extract-bronze-to-silver-strava-activities.py", line 91, in <module>
[2025-11-17T04:02:29.487+0000] {subprocess.py:93} INFO -     for obj in client_minio.list_objects(BUCKET_BRONZE, recursive=True):
[2025-11-17T04:02:29.487+0000] {subprocess.py:93} INFO -   File "/home/***/.local/lib/python3.12/site-packages/minio/api.py", line 3323, in _list_objects
[2025-11-17T04:02:29.487+0000] {subprocess.py:93} INFO -     response = self._execute(
[2025-11-17T04:02:29.487+0000] {subprocess.py:93} INFO -                ^^^^^^^^^^^^^^
[2025-11-17T04:02:29.488+0000] {subprocess.py:93} INFO -   File "/home/***/.local/lib/python3.12/site-packages/minio/api.py", line 441, in _execute
[2025-11-17T04:02:29.488+0000] {subprocess.py:93} INFO -     region = self._get_region(bucket_name)
[2025-11-17T04:02:29.488+0000] {subprocess.py:93} INFO -              ^^^^^^^^^^^^^^^^^^^^^^^^^^^^^
[2025-11-17T04:02:29.488+0000] {subprocess.py:93} INFO -   File "/home/***/.local/lib/python3.12/site-packages/minio/api.py", line 498, in _get_region
[2025-11-17T04:02:29.489+0000] {subprocess.py:93} INFO -     response = self._url_open(
[2025-11-17T04:02:29.489+0000] {subprocess.py:93} INFO -                ^^^^^^^^^^^^^^^
[2025-11-17T04:02:29.489+0000] {subprocess.py:93} INFO -   File "/home/***/.local/lib/python3.12/site-packages/minio/api.py", line 306, in _url_open
[2025-11-17T04:02:29.489+0000] {subprocess.py:93} INFO -     response = self._http.urlopen(
[2025-11-17T04:02:29.490+0000] {subprocess.py:93} INFO -                ^^^^^^^^^^^^^^^^^^^
[2025-11-17T04:02:29.490+0000] {subprocess.py:93} INFO -   File "/home/***/.local/lib/python3.12/site-packages/urllib3/poolmanager.py", line 443, in urlopen
[2025-11-17T04:02:29.490+0000] {subprocess.py:93} INFO -     response = conn.urlopen(method, u.request_uri, **kw)
[2025-11-17T04:02:29.491+0000] {subprocess.py:93} INFO -                ^^^^^^^^^^^^^^^^^^^^^^^^^^^^^^^^^^^^^^^^^
[2025-11-17T04:02:29.491+0000] {subprocess.py:93} INFO -   File "/home/***/.local/lib/python3.12/site-packages/urllib3/connectionpool.py", line 875, in urlopen
[2025-11-17T04:02:29.491+0000] {subprocess.py:93} INFO -     return self.urlopen(
[2025-11-17T04:02:29.491+0000] {subprocess.py:93} INFO -            ^^^^^^^^^^^^^
[2025-11-17T04:02:29.492+0000] {subprocess.py:93} INFO -   File "/home/***/.local/lib/python3.12/site-packages/urllib3/connectionpool.py", line 875, in urlopen
[2025-11-17T04:02:29.492+0000] {subprocess.py:93} INFO -     return self.urlopen(
[2025-11-17T04:02:29.492+0000] {subprocess.py:93} INFO -            ^^^^^^^^^^^^^
[2025-11-17T04:02:29.493+0000] {subprocess.py:93} INFO -   File "/home/***/.local/lib/python3.12/site-packages/urllib3/connectionpool.py", line 875, in urlopen
[2025-11-17T04:02:29.493+0000] {subprocess.py:93} INFO -     return self.urlopen(
[2025-11-17T04:02:29.494+0000] {subprocess.py:93} INFO -            ^^^^^^^^^^^^^
[2025-11-17T04:02:29.494+0000] {subprocess.py:93} INFO -   [Previous line repeated 2 more times]
[2025-11-17T04:02:29.494+0000] {subprocess.py:93} INFO -   File "/home/***/.local/lib/python3.12/site-packages/urllib3/connectionpool.py", line 845, in urlopen
[2025-11-17T04:02:29.495+0000] {subprocess.py:93} INFO -     retries = retries.increment(
[2025-11-17T04:02:29.495+0000] {subprocess.py:93} INFO -               ^^^^^^^^^^^^^^^^^^
[2025-11-17T04:02:29.495+0000] {subprocess.py:93} INFO -   File "/home/***/.local/lib/python3.12/site-packages/urllib3/util/retry.py", line 515, in increment
[2025-11-17T04:02:29.495+0000] {subprocess.py:93} INFO -     raise MaxRetryError(_pool, url, reason) from reason  # type: ignore[arg-type]
[2025-11-17T04:02:29.496+0000] {subprocess.py:93} INFO -     ^^^^^^^^^^^^^^^^^^^^^^^^^^^^^^^^^^^^^^^^^^^^^^^^^^^
[2025-11-17T04:02:29.496+0000] {subprocess.py:93} INFO - urllib3.exceptions.MaxRetryError: HTTPConnectionPool(host='minio_dataops', port=9000): Max retries exceeded with url: /bronze-api-strava-user-activities-json?location= (Caused by NameResolutionError("<urllib3.connection.HTTPConnection object at 0xffff94577e90>: Failed to resolve 'minio_dataops' ([Errno -2] Name or service not known)"))
[2025-11-17T04:02:29.644+0000] {subprocess.py:97} INFO - Command exited with return code 1
[2025-11-17T04:02:29.650+0000] {taskinstance.py:441} INFO - ::group::Post task execution logs
[2025-11-17T04:02:29.689+0000] {taskinstance.py:2905} ERROR - Task failed with exception
Traceback (most recent call last):
  File "/home/airflow/.local/lib/python3.12/site-packages/airflow/models/taskinstance.py", line 465, in _execute_task
    result = _execute_callable(context=context, **execute_callable_kwargs)
             ^^^^^^^^^^^^^^^^^^^^^^^^^^^^^^^^^^^^^^^^^^^^^^^^^^^^^^^^^^^^^
  File "/home/airflow/.local/lib/python3.12/site-packages/airflow/models/taskinstance.py", line 432, in _execute_callable
    return execute_callable(context=context, **execute_callable_kwargs)
           ^^^^^^^^^^^^^^^^^^^^^^^^^^^^^^^^^^^^^^^^^^^^^^^^^^^^^^^^^^^^
  File "/home/airflow/.local/lib/python3.12/site-packages/airflow/models/baseoperator.py", line 401, in wrapper
    return func(self, *args, **kwargs)
           ^^^^^^^^^^^^^^^^^^^^^^^^^^^
  File "/home/airflow/.local/lib/python3.12/site-packages/airflow/operators/bash.py", line 243, in execute
    raise AirflowException(
airflow.exceptions.AirflowException: Bash command failed. The command returned a non-zero exit code 1.
[2025-11-17T04:02:29.699+0000] {taskinstance.py:1206} INFO - Marking task as UP_FOR_RETRY. dag_id=etl_strava_activities, task_id=extract_silver_activities, run_id=manual__2025-11-17T04:02:03.813369+00:00, execution_date=20251117T040203, start_date=20251117T040222, end_date=20251117T040229
[2025-11-17T04:02:29.740+0000] {standard_task_runner.py:110} ERROR - Failed to execute job 406 for task extract_silver_activities (Bash command failed. The command returned a non-zero exit code 1.; 19428)
[2025-11-17T04:02:29.776+0000] {local_task_job_runner.py:243} INFO - Task exited with return code 1
[2025-11-17T04:02:29.803+0000] {taskinstance.py:3503} INFO - 0 downstream tasks scheduled from follow-on schedule check
[2025-11-17T04:02:29.805+0000] {local_task_job_runner.py:222} INFO - ::endgroup::
