[2025-11-17T19:36:57.779+0000] {local_task_job_runner.py:120} INFO - ::group::Pre task execution logs
[2025-11-17T19:36:57.811+0000] {taskinstance.py:2076} INFO - Dependencies all met for dep_context=non-requeueable deps ti=<TaskInstance: etl_strava_activities.extract_gold_fact_activities manual__2025-11-17T19:31:35.435984+00:00 [queued]>
[2025-11-17T19:36:57.817+0000] {taskinstance.py:2076} INFO - Dependencies all met for dep_context=requeueable deps ti=<TaskInstance: etl_strava_activities.extract_gold_fact_activities manual__2025-11-17T19:31:35.435984+00:00 [queued]>
[2025-11-17T19:36:57.817+0000] {taskinstance.py:2306} INFO - Starting attempt 2 of 2
[2025-11-17T19:36:57.827+0000] {taskinstance.py:2330} INFO - Executing <Task(BashOperator): extract_gold_fact_activities> on 2025-11-17 19:31:35.435984+00:00
[2025-11-17T19:36:57.834+0000] {logging_mixin.py:188} WARNING - /home/***/.local/lib/python3.12/site-packages/***/task/task_runner/standard_task_runner.py:62 DeprecationWarning: This process (pid=7320) is multi-threaded, use of fork() may lead to deadlocks in the child.
[2025-11-17T19:36:57.835+0000] {standard_task_runner.py:64} INFO - Started process 7321 to run task
[2025-11-17T19:36:57.833+0000] {standard_task_runner.py:90} INFO - Running: ['***', 'tasks', 'run', 'etl_strava_activities', 'extract_gold_fact_activities', 'manual__2025-11-17T19:31:35.435984+00:00', '--job-id', '482', '--raw', '--subdir', 'DAGS_FOLDER/pipeline_strava_activities.py', '--cfg-path', '/tmp/tmphl6k7weq']
[2025-11-17T19:36:57.835+0000] {standard_task_runner.py:91} INFO - Job 482: Subtask extract_gold_fact_activities
[2025-11-17T19:36:57.872+0000] {task_command.py:426} INFO - Running <TaskInstance: etl_strava_activities.extract_gold_fact_activities manual__2025-11-17T19:31:35.435984+00:00 [running]> on host 5c1ce3099579
[2025-11-17T19:36:57.940+0000] {taskinstance.py:2648} INFO - Exporting env vars: AIRFLOW_CTX_DAG_OWNER='rayane' AIRFLOW_CTX_DAG_ID='etl_strava_activities' AIRFLOW_CTX_TASK_ID='extract_gold_fact_activities' AIRFLOW_CTX_EXECUTION_DATE='2025-11-17T19:31:35.435984+00:00' AIRFLOW_CTX_TRY_NUMBER='2' AIRFLOW_CTX_DAG_RUN_ID='manual__2025-11-17T19:31:35.435984+00:00'
[2025-11-17T19:36:57.940+0000] {taskinstance.py:430} INFO - ::endgroup::
[2025-11-17T19:36:57.954+0000] {subprocess.py:63} INFO - Tmp dir root location: /tmp
[2025-11-17T19:36:57.955+0000] {subprocess.py:75} INFO - Running command: ['/usr/bin/bash', '-c', 'python /opt/***/apps/03-gold/fact_user_activities_strava.py']
[2025-11-17T19:36:57.960+0000] {subprocess.py:86} INFO - Output:
[2025-11-17T19:36:58.439+0000] {subprocess.py:93} INFO - Usando o arquivo de variaveis em: /opt/***/apps/.env
[2025-11-17T19:36:58.439+0000] {subprocess.py:93} INFO - Traceback (most recent call last):
[2025-11-17T19:36:58.439+0000] {subprocess.py:93} INFO -   File "/opt/***/apps/03-gold/fact_user_activities_strava.py", line 4, in <module>
[2025-11-17T19:36:58.440+0000] {subprocess.py:93} INFO -     from config_spark import get_spark
[2025-11-17T19:36:58.440+0000] {subprocess.py:93} INFO -   File "/opt/***/apps/03-gold/config_spark.py", line 34, in <module>
[2025-11-17T19:36:58.440+0000] {subprocess.py:93} INFO -     hadoop_conf = spark.sparkContext._jsc.hadoopConfiguration()
[2025-11-17T19:36:58.440+0000] {subprocess.py:93} INFO -                   ^^^^^
[2025-11-17T19:36:58.440+0000] {subprocess.py:93} INFO - NameError: name 'spark' is not defined
[2025-11-17T19:36:58.467+0000] {subprocess.py:97} INFO - Command exited with return code 1
[2025-11-17T19:36:58.468+0000] {taskinstance.py:441} INFO - ::group::Post task execution logs
[2025-11-17T19:36:58.477+0000] {taskinstance.py:2905} ERROR - Task failed with exception
Traceback (most recent call last):
  File "/home/airflow/.local/lib/python3.12/site-packages/airflow/models/taskinstance.py", line 465, in _execute_task
    result = _execute_callable(context=context, **execute_callable_kwargs)
             ^^^^^^^^^^^^^^^^^^^^^^^^^^^^^^^^^^^^^^^^^^^^^^^^^^^^^^^^^^^^^
  File "/home/airflow/.local/lib/python3.12/site-packages/airflow/models/taskinstance.py", line 432, in _execute_callable
    return execute_callable(context=context, **execute_callable_kwargs)
           ^^^^^^^^^^^^^^^^^^^^^^^^^^^^^^^^^^^^^^^^^^^^^^^^^^^^^^^^^^^^
  File "/home/airflow/.local/lib/python3.12/site-packages/airflow/models/baseoperator.py", line 401, in wrapper
    return func(self, *args, **kwargs)
           ^^^^^^^^^^^^^^^^^^^^^^^^^^^
  File "/home/airflow/.local/lib/python3.12/site-packages/airflow/operators/bash.py", line 243, in execute
    raise AirflowException(
airflow.exceptions.AirflowException: Bash command failed. The command returned a non-zero exit code 1.
[2025-11-17T19:36:58.481+0000] {taskinstance.py:1206} INFO - Marking task as FAILED. dag_id=etl_strava_activities, task_id=extract_gold_fact_activities, run_id=manual__2025-11-17T19:31:35.435984+00:00, execution_date=20251117T193135, start_date=20251117T193657, end_date=20251117T193658
[2025-11-17T19:36:58.490+0000] {standard_task_runner.py:110} ERROR - Failed to execute job 482 for task extract_gold_fact_activities (Bash command failed. The command returned a non-zero exit code 1.; 7321)
[2025-11-17T19:36:58.525+0000] {local_task_job_runner.py:243} INFO - Task exited with return code 1
[2025-11-17T19:36:58.543+0000] {taskinstance.py:3503} INFO - 0 downstream tasks scheduled from follow-on schedule check
[2025-11-17T19:36:58.545+0000] {local_task_job_runner.py:222} INFO - ::endgroup::
