[2025-11-16T20:07:43.016+0000] {local_task_job_runner.py:120} INFO - ::group::Pre task execution logs
[2025-11-16T20:07:43.052+0000] {taskinstance.py:2076} INFO - Dependencies all met for dep_context=non-requeueable deps ti=<TaskInstance: etl_label_studio.extract_silver_label_studio manual__2025-11-16T20:02:35.823269+00:00 [queued]>
[2025-11-16T20:07:43.060+0000] {taskinstance.py:2076} INFO - Dependencies all met for dep_context=requeueable deps ti=<TaskInstance: etl_label_studio.extract_silver_label_studio manual__2025-11-16T20:02:35.823269+00:00 [queued]>
[2025-11-16T20:07:43.060+0000] {taskinstance.py:2306} INFO - Starting attempt 2 of 2
[2025-11-16T20:07:43.073+0000] {taskinstance.py:2330} INFO - Executing <Task(BashOperator): extract_silver_label_studio> on 2025-11-16 20:02:35.823269+00:00
[2025-11-16T20:07:43.083+0000] {logging_mixin.py:188} WARNING - /home/***/.local/lib/python3.12/site-packages/***/task/task_runner/standard_task_runner.py:62 DeprecationWarning: This process (pid=6105) is multi-threaded, use of fork() may lead to deadlocks in the child.
[2025-11-16T20:07:43.081+0000] {standard_task_runner.py:90} INFO - Running: ['***', 'tasks', 'run', 'etl_label_studio', 'extract_silver_label_studio', 'manual__2025-11-16T20:02:35.823269+00:00', '--job-id', '387', '--raw', '--subdir', 'DAGS_FOLDER/pipeline_label_studio.py', '--cfg-path', '/tmp/tmp9n264k7g']
[2025-11-16T20:07:43.083+0000] {standard_task_runner.py:64} INFO - Started process 6106 to run task
[2025-11-16T20:07:43.084+0000] {standard_task_runner.py:91} INFO - Job 387: Subtask extract_silver_label_studio
[2025-11-16T20:07:43.131+0000] {task_command.py:426} INFO - Running <TaskInstance: etl_label_studio.extract_silver_label_studio manual__2025-11-16T20:02:35.823269+00:00 [running]> on host 602d3770b2e4
[2025-11-16T20:07:43.212+0000] {taskinstance.py:2648} INFO - Exporting env vars: AIRFLOW_CTX_DAG_OWNER='rayane' AIRFLOW_CTX_DAG_ID='etl_label_studio' AIRFLOW_CTX_TASK_ID='extract_silver_label_studio' AIRFLOW_CTX_EXECUTION_DATE='2025-11-16T20:02:35.823269+00:00' AIRFLOW_CTX_TRY_NUMBER='2' AIRFLOW_CTX_DAG_RUN_ID='manual__2025-11-16T20:02:35.823269+00:00'
[2025-11-16T20:07:43.214+0000] {taskinstance.py:430} INFO - ::endgroup::
[2025-11-16T20:07:43.232+0000] {subprocess.py:63} INFO - Tmp dir root location: /tmp
[2025-11-16T20:07:43.233+0000] {subprocess.py:75} INFO - Running command: ['/usr/bin/bash', '-c', 'python /opt/***/apps/02-silver/extract-bronze-to-silver-strava-label_studio.py']
[2025-11-16T20:07:43.242+0000] {subprocess.py:86} INFO - Output:
[2025-11-16T20:07:44.276+0000] {subprocess.py:93} INFO - Usando o arquivo de variaveis em: /opt/***/apps/.env
[2025-11-16T20:07:44.276+0000] {subprocess.py:93} INFO - Bucket Silver Label Studio: silver-label-studio-parquet
[2025-11-16T20:07:44.277+0000] {subprocess.py:93} INFO - Traceback (most recent call last):
[2025-11-16T20:07:44.277+0000] {subprocess.py:93} INFO -   File "/opt/***/apps/02-silver/extract-bronze-to-silver-strava-label_studio.py", line 91, in <module>
[2025-11-16T20:07:44.277+0000] {subprocess.py:93} INFO -     linhas = padronizar_tarefa_labelstudio(task)
[2025-11-16T20:07:44.277+0000] {subprocess.py:93} INFO -              ^^^^^^^^^^^^^^^^^^^^^^^^^^^^^^^^^^^
[2025-11-16T20:07:44.278+0000] {subprocess.py:93} INFO -   File "/opt/***/apps/02-silver/extract-bronze-to-silver-strava-label_studio.py", line 38, in padronizar_tarefa_labelstudio
[2025-11-16T20:07:44.278+0000] {subprocess.py:93} INFO -     data = task.get("data") or {}
[2025-11-16T20:07:44.278+0000] {subprocess.py:93} INFO -            ^^^^^^^^
[2025-11-16T20:07:44.278+0000] {subprocess.py:93} INFO - AttributeError: 'str' object has no attribute 'get'
[2025-11-16T20:07:44.342+0000] {subprocess.py:97} INFO - Command exited with return code 1
[2025-11-16T20:07:44.343+0000] {taskinstance.py:441} INFO - ::group::Post task execution logs
[2025-11-16T20:07:44.361+0000] {taskinstance.py:2905} ERROR - Task failed with exception
Traceback (most recent call last):
  File "/home/airflow/.local/lib/python3.12/site-packages/airflow/models/taskinstance.py", line 465, in _execute_task
    result = _execute_callable(context=context, **execute_callable_kwargs)
             ^^^^^^^^^^^^^^^^^^^^^^^^^^^^^^^^^^^^^^^^^^^^^^^^^^^^^^^^^^^^^
  File "/home/airflow/.local/lib/python3.12/site-packages/airflow/models/taskinstance.py", line 432, in _execute_callable
    return execute_callable(context=context, **execute_callable_kwargs)
           ^^^^^^^^^^^^^^^^^^^^^^^^^^^^^^^^^^^^^^^^^^^^^^^^^^^^^^^^^^^^
  File "/home/airflow/.local/lib/python3.12/site-packages/airflow/models/baseoperator.py", line 401, in wrapper
    return func(self, *args, **kwargs)
           ^^^^^^^^^^^^^^^^^^^^^^^^^^^
  File "/home/airflow/.local/lib/python3.12/site-packages/airflow/operators/bash.py", line 243, in execute
    raise AirflowException(
airflow.exceptions.AirflowException: Bash command failed. The command returned a non-zero exit code 1.
[2025-11-16T20:07:44.365+0000] {taskinstance.py:1206} INFO - Marking task as FAILED. dag_id=etl_label_studio, task_id=extract_silver_label_studio, run_id=manual__2025-11-16T20:02:35.823269+00:00, execution_date=20251116T200235, start_date=20251116T200743, end_date=20251116T200744
[2025-11-16T20:07:44.377+0000] {standard_task_runner.py:110} ERROR - Failed to execute job 387 for task extract_silver_label_studio (Bash command failed. The command returned a non-zero exit code 1.; 6106)
[2025-11-16T20:07:44.393+0000] {local_task_job_runner.py:243} INFO - Task exited with return code 1
[2025-11-16T20:07:44.409+0000] {taskinstance.py:3503} INFO - 0 downstream tasks scheduled from follow-on schedule check
[2025-11-16T20:07:44.410+0000] {local_task_job_runner.py:222} INFO - ::endgroup::
