[2025-11-14T17:42:24.812+0000] {local_task_job_runner.py:120} INFO - ::group::Pre task execution logs
[2025-11-14T17:42:24.879+0000] {taskinstance.py:2076} INFO - Dependencies all met for dep_context=non-requeueable deps ti=<TaskInstance: etl_strava.extract_bronze_user manual__2025-11-14T17:42:23.359271+00:00 [queued]>
[2025-11-14T17:42:24.888+0000] {taskinstance.py:2076} INFO - Dependencies all met for dep_context=requeueable deps ti=<TaskInstance: etl_strava.extract_bronze_user manual__2025-11-14T17:42:23.359271+00:00 [queued]>
[2025-11-14T17:42:24.888+0000] {taskinstance.py:2306} INFO - Starting attempt 1 of 2
[2025-11-14T17:42:24.901+0000] {taskinstance.py:2330} INFO - Executing <Task(BashOperator): extract_bronze_user> on 2025-11-14 17:42:23.359271+00:00
[2025-11-14T17:42:24.916+0000] {standard_task_runner.py:90} INFO - Running: ['***', 'tasks', 'run', 'etl_strava', 'extract_bronze_user', 'manual__2025-11-14T17:42:23.359271+00:00', '--job-id', '90', '--raw', '--subdir', 'DAGS_FOLDER/pipeline_strava.py', '--cfg-path', '/tmp/tmp85nu3evv']
[2025-11-14T17:42:24.919+0000] {standard_task_runner.py:91} INFO - Job 90: Subtask extract_bronze_user
[2025-11-14T17:42:24.925+0000] {logging_mixin.py:188} WARNING - /home/***/.local/lib/python3.12/site-packages/***/task/task_runner/standard_task_runner.py:62 DeprecationWarning: This process (pid=208) is multi-threaded, use of fork() may lead to deadlocks in the child.
[2025-11-14T17:42:24.926+0000] {standard_task_runner.py:64} INFO - Started process 211 to run task
[2025-11-14T17:42:24.999+0000] {task_command.py:426} INFO - Running <TaskInstance: etl_strava.extract_bronze_user manual__2025-11-14T17:42:23.359271+00:00 [running]> on host b269fe91ab72
[2025-11-14T17:42:25.083+0000] {taskinstance.py:2648} INFO - Exporting env vars: AIRFLOW_CTX_DAG_OWNER='rayane' AIRFLOW_CTX_DAG_ID='etl_strava' AIRFLOW_CTX_TASK_ID='extract_bronze_user' AIRFLOW_CTX_EXECUTION_DATE='2025-11-14T17:42:23.359271+00:00' AIRFLOW_CTX_TRY_NUMBER='1' AIRFLOW_CTX_DAG_RUN_ID='manual__2025-11-14T17:42:23.359271+00:00'
[2025-11-14T17:42:25.084+0000] {taskinstance.py:430} INFO - ::endgroup::
[2025-11-14T17:42:25.119+0000] {subprocess.py:63} INFO - Tmp dir root location: /tmp
[2025-11-14T17:42:25.120+0000] {subprocess.py:75} INFO - Running command: ['/usr/bin/bash', '-c', 'python  /opt/***/apps/extract_api_strava_user.py']
[2025-11-14T17:42:25.126+0000] {subprocess.py:86} INFO - Output:
[2025-11-14T17:42:28.722+0000] {subprocess.py:93} INFO - Traceback (most recent call last):
[2025-11-14T17:42:28.723+0000] {subprocess.py:93} INFO -   File "/opt/***/apps/extract_api_strava_user.py", line 39, in <module>
[2025-11-14T17:42:28.723+0000] {subprocess.py:93} INFO -     if time.localtime(time.time()) >= time.localtime(int(os.getenv("EXPIRES_AT"))):
[2025-11-14T17:42:28.723+0000] {subprocess.py:93} INFO -                                                      ^^^^^^^^^^^^^^^^^^^^^^^^^^^^
[2025-11-14T17:42:28.723+0000] {subprocess.py:93} INFO - TypeError: int() argument must be a string, a bytes-like object or a real number, not 'NoneType'
[2025-11-14T17:42:28.843+0000] {subprocess.py:97} INFO - Command exited with return code 1
[2025-11-14T17:42:28.844+0000] {taskinstance.py:441} INFO - ::group::Post task execution logs
[2025-11-14T17:42:28.855+0000] {taskinstance.py:2905} ERROR - Task failed with exception
Traceback (most recent call last):
  File "/home/airflow/.local/lib/python3.12/site-packages/airflow/models/taskinstance.py", line 465, in _execute_task
    result = _execute_callable(context=context, **execute_callable_kwargs)
             ^^^^^^^^^^^^^^^^^^^^^^^^^^^^^^^^^^^^^^^^^^^^^^^^^^^^^^^^^^^^^
  File "/home/airflow/.local/lib/python3.12/site-packages/airflow/models/taskinstance.py", line 432, in _execute_callable
    return execute_callable(context=context, **execute_callable_kwargs)
           ^^^^^^^^^^^^^^^^^^^^^^^^^^^^^^^^^^^^^^^^^^^^^^^^^^^^^^^^^^^^
  File "/home/airflow/.local/lib/python3.12/site-packages/airflow/models/baseoperator.py", line 401, in wrapper
    return func(self, *args, **kwargs)
           ^^^^^^^^^^^^^^^^^^^^^^^^^^^
  File "/home/airflow/.local/lib/python3.12/site-packages/airflow/operators/bash.py", line 243, in execute
    raise AirflowException(
airflow.exceptions.AirflowException: Bash command failed. The command returned a non-zero exit code 1.
[2025-11-14T17:42:28.858+0000] {taskinstance.py:1206} INFO - Marking task as UP_FOR_RETRY. dag_id=etl_strava, task_id=extract_bronze_user, run_id=manual__2025-11-14T17:42:23.359271+00:00, execution_date=20251114T174223, start_date=20251114T174224, end_date=20251114T174228
[2025-11-14T17:42:28.868+0000] {standard_task_runner.py:110} ERROR - Failed to execute job 90 for task extract_bronze_user (Bash command failed. The command returned a non-zero exit code 1.; 211)
[2025-11-14T17:42:28.912+0000] {local_task_job_runner.py:243} INFO - Task exited with return code 1
[2025-11-14T17:42:28.930+0000] {taskinstance.py:3503} INFO - 0 downstream tasks scheduled from follow-on schedule check
[2025-11-14T17:42:28.931+0000] {local_task_job_runner.py:222} INFO - ::endgroup::
