[2025-11-14T18:15:37.458+0000] {local_task_job_runner.py:120} INFO - ::group::Pre task execution logs
[2025-11-14T18:15:37.517+0000] {taskinstance.py:2076} INFO - Dependencies all met for dep_context=non-requeueable deps ti=<TaskInstance: etl_strava.extract_bronze_activities manual__2025-11-14T18:10:27.389561+00:00 [queued]>
[2025-11-14T18:15:37.529+0000] {taskinstance.py:2076} INFO - Dependencies all met for dep_context=requeueable deps ti=<TaskInstance: etl_strava.extract_bronze_activities manual__2025-11-14T18:10:27.389561+00:00 [queued]>
[2025-11-14T18:15:37.530+0000] {taskinstance.py:2306} INFO - Starting attempt 2 of 2
[2025-11-14T18:15:37.545+0000] {taskinstance.py:2330} INFO - Executing <Task(BashOperator): extract_bronze_activities> on 2025-11-14 18:10:27.389561+00:00
[2025-11-14T18:15:37.556+0000] {standard_task_runner.py:90} INFO - Running: ['***', 'tasks', 'run', 'etl_strava', 'extract_bronze_activities', 'manual__2025-11-14T18:10:27.389561+00:00', '--job-id', '107', '--raw', '--subdir', 'DAGS_FOLDER/pipeline_strava.py', '--cfg-path', '/tmp/tmphe7eewlz']
[2025-11-14T18:15:37.559+0000] {standard_task_runner.py:91} INFO - Job 107: Subtask extract_bronze_activities
[2025-11-14T18:15:37.559+0000] {logging_mixin.py:188} WARNING - /home/***/.local/lib/python3.12/site-packages/***/task/task_runner/standard_task_runner.py:62 DeprecationWarning: This process (pid=250) is multi-threaded, use of fork() may lead to deadlocks in the child.
[2025-11-14T18:15:37.559+0000] {standard_task_runner.py:64} INFO - Started process 251 to run task
[2025-11-14T18:15:37.621+0000] {task_command.py:426} INFO - Running <TaskInstance: etl_strava.extract_bronze_activities manual__2025-11-14T18:10:27.389561+00:00 [running]> on host 6f7113dc2ae4
[2025-11-14T18:15:37.696+0000] {taskinstance.py:2648} INFO - Exporting env vars: AIRFLOW_CTX_DAG_OWNER='rayane' AIRFLOW_CTX_DAG_ID='etl_strava' AIRFLOW_CTX_TASK_ID='extract_bronze_activities' AIRFLOW_CTX_EXECUTION_DATE='2025-11-14T18:10:27.389561+00:00' AIRFLOW_CTX_TRY_NUMBER='2' AIRFLOW_CTX_DAG_RUN_ID='manual__2025-11-14T18:10:27.389561+00:00'
[2025-11-14T18:15:37.697+0000] {taskinstance.py:430} INFO - ::endgroup::
[2025-11-14T18:15:37.712+0000] {subprocess.py:63} INFO - Tmp dir root location: /tmp
[2025-11-14T18:15:37.713+0000] {subprocess.py:75} INFO - Running command: ['/usr/bin/bash', '-c', 'python /opt/***/apps/extract_api_strava_user_activities.py']
[2025-11-14T18:15:37.720+0000] {subprocess.py:86} INFO - Output:
[2025-11-14T18:15:46.681+0000] {subprocess.py:93} INFO - Usando o arquivo de variaveis em: /opt/***/apps/.env
[2025-11-14T18:15:46.689+0000] {subprocess.py:93} INFO - 184573
[2025-11-14T18:15:46.690+0000] {subprocess.py:93} INFO -  ⚠️  O Token atual expira em: 2025-11-14 23:49:56
[2025-11-14T18:15:46.690+0000] {subprocess.py:93} INFO - ✅ Credenciais Autenticadas
[2025-11-14T18:15:46.691+0000] {subprocess.py:93} INFO - PROCESSAMENTO INCREMENTAL A PARTIR DE 2025-10-11 17:01:34+00:00
[2025-11-14T18:15:46.693+0000] {subprocess.py:93} INFO - 2025-10-11 17:01:34+00:00
[2025-11-14T18:15:46.693+0000] {subprocess.py:93} INFO - Extraçao iniciada, aguarde... ⏳
[2025-11-14T18:15:46.694+0000] {subprocess.py:93} INFO - Hash da Atividade 16117250090: f42e2254b78feea418e8c8ae26c5d6c6
[2025-11-14T18:15:46.694+0000] {subprocess.py:93} INFO - Hash da Atividade 16117250306: 95d869790d63ed753947253564acd0ff
[2025-11-14T18:15:46.695+0000] {subprocess.py:93} INFO - Hash da Atividade 16121514448: 5a192a83f83f033030767f3c44dd3d09
[2025-11-14T18:15:46.695+0000] {subprocess.py:93} INFO - Hash da Atividade 16240995397: fb92d00664ae8d48532bc28f478b12b8
[2025-11-14T18:15:46.696+0000] {subprocess.py:93} INFO - Hash da Atividade 16245247749: 045ed449ca91881dc5955533c67c6401
[2025-11-14T18:15:46.696+0000] {subprocess.py:93} INFO - Hash da Atividade 16255380841: 66eec870e6693095cd58bd321cde258f
[2025-11-14T18:15:46.696+0000] {subprocess.py:93} INFO - Hash da Atividade 16256422683: 90b13a4f893d225994df2363aa723c97
[2025-11-14T18:15:46.697+0000] {subprocess.py:93} INFO - Hash da Atividade 16261899662: 20072eadd4902902533876d6d24ad21d
[2025-11-14T18:15:46.697+0000] {subprocess.py:93} INFO - Hash da Atividade 16280433395: 4425108e9f8028a1e2c67f5e10e8729e
[2025-11-14T18:15:46.698+0000] {subprocess.py:93} INFO - Hash da Atividade 16286472379: 0da0357535b44c60a1a5f3ef7f114158
[2025-11-14T18:15:46.698+0000] {subprocess.py:93} INFO - Hash da Atividade 16294015317: 6c1a7a267302a3f2299b00320e9f62f9
[2025-11-14T18:15:46.698+0000] {subprocess.py:93} INFO - Hash da Atividade 16324471811: ee9c846922ffe0ed3d138163aa00fbee
[2025-11-14T18:15:46.699+0000] {subprocess.py:93} INFO - Hash da Atividade 16324490276: 7840eb6a944d42c6829c024498f09304
[2025-11-14T18:15:46.701+0000] {subprocess.py:93} INFO - Hash da Atividade 16336210303: b9e5b80a3a3417adc4ee1636348e5a05
[2025-11-14T18:15:46.701+0000] {subprocess.py:93} INFO - Hash da Atividade 16342704862: 5aacfba4fe82397570ccdaad674d890e
[2025-11-14T18:15:46.702+0000] {subprocess.py:93} INFO - Hash da Atividade 16347514691: 2fca0c1da77906c778ab10e3ee547030
[2025-11-14T18:15:46.702+0000] {subprocess.py:93} INFO - Hash da Atividade 16357635052: e1565352f8120f90db73ba6911143643
[2025-11-14T18:15:46.702+0000] {subprocess.py:93} INFO - Hash da Atividade 16357627858: 285e61801060d0745848409e99d5fa8f
[2025-11-14T18:15:46.703+0000] {subprocess.py:93} INFO - Hash da Atividade 16357957964: 4e5eccd6d0c9420c7469e957f5edc096
[2025-11-14T18:15:46.703+0000] {subprocess.py:93} INFO - Hash da Atividade 16369168393: 6038242c4e3b2c8bc39b53f56a63ee77
[2025-11-14T18:15:46.703+0000] {subprocess.py:93} INFO - Hash da Atividade 16387251400: b4c8c641a85c0118794c9019658b2ab6
[2025-11-14T18:15:46.704+0000] {subprocess.py:93} INFO - Hash da Atividade 16402288254: 49aaf53fb441e4f0109ff3a440fcfef7
[2025-11-14T18:15:46.704+0000] {subprocess.py:93} INFO - Hash da Atividade 16402987648: 985487b0426df32221d24fe2b5dc6776
[2025-11-14T18:15:46.705+0000] {subprocess.py:93} INFO - Hash da Atividade 16417892227: 4c4830ff90d6b3110e5a6518c78eb270
[2025-11-14T18:15:46.705+0000] {subprocess.py:93} INFO - Hash da Atividade 16431525613: 8142e073489c18e1deff86c6d0913ad2
[2025-11-14T18:15:46.705+0000] {subprocess.py:93} INFO - ⚠️ Novo evento de arquivo existente ⚠️
[2025-11-14T18:15:46.706+0000] {subprocess.py:93} INFO - urllib3.exceptions.ResponseError: too many 500 error responses
[2025-11-14T18:15:46.706+0000] {subprocess.py:93} INFO - 
[2025-11-14T18:15:46.706+0000] {subprocess.py:93} INFO - The above exception was the direct cause of the following exception:
[2025-11-14T18:15:46.707+0000] {subprocess.py:93} INFO - 
[2025-11-14T18:15:46.707+0000] {subprocess.py:93} INFO - Traceback (most recent call last):
[2025-11-14T18:15:46.707+0000] {subprocess.py:93} INFO -   File "/opt/***/apps/extract_api_strava_user_activities.py", line 228, in <module>
[2025-11-14T18:15:46.708+0000] {subprocess.py:93} INFO -     insert_files_json_to_bronze(data_init)
[2025-11-14T18:15:46.708+0000] {subprocess.py:93} INFO -   File "/opt/***/apps/extract_api_strava_user_activities.py", line 195, in insert_files_json_to_bronze
[2025-11-14T18:15:46.708+0000] {subprocess.py:93} INFO -     put_json_minio(s3_client, os.getenv("BRONZE_BUCKET_USER_ACTIVITIES"), name_file_output_json, activitie_dict)
[2025-11-14T18:15:46.708+0000] {subprocess.py:93} INFO -   File "/opt/***/apps/extract_api_strava_user_activities.py", line 36, in put_json_minio
[2025-11-14T18:15:46.708+0000] {subprocess.py:93} INFO -     s3_client.put_object(
[2025-11-14T18:15:46.709+0000] {subprocess.py:93} INFO -   File "/home/***/.local/lib/python3.12/site-packages/minio/api.py", line 2009, in put_object
[2025-11-14T18:15:46.709+0000] {subprocess.py:93} INFO -     raise exc
[2025-11-14T18:15:46.709+0000] {subprocess.py:93} INFO -   File "/home/***/.local/lib/python3.12/site-packages/minio/api.py", line 1955, in put_object
[2025-11-14T18:15:46.710+0000] {subprocess.py:93} INFO -     return self._put_object(
[2025-11-14T18:15:46.710+0000] {subprocess.py:93} INFO -            ^^^^^^^^^^^^^^^^^
[2025-11-14T18:15:46.710+0000] {subprocess.py:93} INFO -   File "/home/***/.local/lib/python3.12/site-packages/minio/api.py", line 1784, in _put_object
[2025-11-14T18:15:46.710+0000] {subprocess.py:93} INFO -     response = self._execute(
[2025-11-14T18:15:46.710+0000] {subprocess.py:93} INFO -                ^^^^^^^^^^^^^^
[2025-11-14T18:15:46.710+0000] {subprocess.py:93} INFO -   File "/home/***/.local/lib/python3.12/site-packages/minio/api.py", line 444, in _execute
[2025-11-14T18:15:46.711+0000] {subprocess.py:93} INFO -     return self._url_open(
[2025-11-14T18:15:46.711+0000] {subprocess.py:93} INFO -            ^^^^^^^^^^^^^^^
[2025-11-14T18:15:46.711+0000] {subprocess.py:93} INFO -   File "/home/***/.local/lib/python3.12/site-packages/minio/api.py", line 306, in _url_open
[2025-11-14T18:15:46.711+0000] {subprocess.py:93} INFO -     response = self._http.urlopen(
[2025-11-14T18:15:46.711+0000] {subprocess.py:93} INFO -                ^^^^^^^^^^^^^^^^^^^
[2025-11-14T18:15:46.711+0000] {subprocess.py:93} INFO -   File "/home/***/.local/lib/python3.12/site-packages/urllib3/poolmanager.py", line 443, in urlopen
[2025-11-14T18:15:46.711+0000] {subprocess.py:93} INFO -     response = conn.urlopen(method, u.request_uri, **kw)
[2025-11-14T18:15:46.712+0000] {subprocess.py:93} INFO -                ^^^^^^^^^^^^^^^^^^^^^^^^^^^^^^^^^^^^^^^^^
[2025-11-14T18:15:46.712+0000] {subprocess.py:93} INFO -   File "/home/***/.local/lib/python3.12/site-packages/urllib3/connectionpool.py", line 946, in urlopen
[2025-11-14T18:15:46.712+0000] {subprocess.py:93} INFO -     return self.urlopen(
[2025-11-14T18:15:46.712+0000] {subprocess.py:93} INFO -            ^^^^^^^^^^^^^
[2025-11-14T18:15:46.712+0000] {subprocess.py:93} INFO -   File "/home/***/.local/lib/python3.12/site-packages/urllib3/connectionpool.py", line 946, in urlopen
[2025-11-14T18:15:46.712+0000] {subprocess.py:93} INFO -     return self.urlopen(
[2025-11-14T18:15:46.712+0000] {subprocess.py:93} INFO -            ^^^^^^^^^^^^^
[2025-11-14T18:15:46.712+0000] {subprocess.py:93} INFO -   File "/home/***/.local/lib/python3.12/site-packages/urllib3/connectionpool.py", line 946, in urlopen
[2025-11-14T18:15:46.713+0000] {subprocess.py:93} INFO -     return self.urlopen(
[2025-11-14T18:15:46.713+0000] {subprocess.py:93} INFO -            ^^^^^^^^^^^^^
[2025-11-14T18:15:46.713+0000] {subprocess.py:93} INFO -   [Previous line repeated 2 more times]
[2025-11-14T18:15:46.713+0000] {subprocess.py:93} INFO -   File "/home/***/.local/lib/python3.12/site-packages/urllib3/connectionpool.py", line 936, in urlopen
[2025-11-14T18:15:46.713+0000] {subprocess.py:93} INFO -     retries = retries.increment(method, url, response=response, _pool=self)
[2025-11-14T18:15:46.713+0000] {subprocess.py:93} INFO -               ^^^^^^^^^^^^^^^^^^^^^^^^^^^^^^^^^^^^^^^^^^^^^^^^^^^^^^^^^^^^^
[2025-11-14T18:15:46.713+0000] {subprocess.py:93} INFO -   File "/home/***/.local/lib/python3.12/site-packages/urllib3/util/retry.py", line 515, in increment
[2025-11-14T18:15:46.714+0000] {subprocess.py:93} INFO -     raise MaxRetryError(_pool, url, reason) from reason  # type: ignore[arg-type]
[2025-11-14T18:15:46.714+0000] {subprocess.py:93} INFO -     ^^^^^^^^^^^^^^^^^^^^^^^^^^^^^^^^^^^^^^^^^^^^^^^^^^^
[2025-11-14T18:15:46.714+0000] {subprocess.py:93} INFO - urllib3.exceptions.MaxRetryError: HTTPConnectionPool(host='minio', port=9000): Max retries exceeded with url: /bronze-api-strava-user-activities-json/2025/11/2025-11-12-16431525613-2025-11-14.json (Caused by ResponseError('too many 500 error responses'))
[2025-11-14T18:15:46.811+0000] {subprocess.py:97} INFO - Command exited with return code 1
[2025-11-14T18:15:46.814+0000] {taskinstance.py:441} INFO - ::group::Post task execution logs
[2025-11-14T18:15:46.830+0000] {taskinstance.py:2905} ERROR - Task failed with exception
Traceback (most recent call last):
  File "/home/airflow/.local/lib/python3.12/site-packages/airflow/models/taskinstance.py", line 465, in _execute_task
    result = _execute_callable(context=context, **execute_callable_kwargs)
             ^^^^^^^^^^^^^^^^^^^^^^^^^^^^^^^^^^^^^^^^^^^^^^^^^^^^^^^^^^^^^
  File "/home/airflow/.local/lib/python3.12/site-packages/airflow/models/taskinstance.py", line 432, in _execute_callable
    return execute_callable(context=context, **execute_callable_kwargs)
           ^^^^^^^^^^^^^^^^^^^^^^^^^^^^^^^^^^^^^^^^^^^^^^^^^^^^^^^^^^^^
  File "/home/airflow/.local/lib/python3.12/site-packages/airflow/models/baseoperator.py", line 401, in wrapper
    return func(self, *args, **kwargs)
           ^^^^^^^^^^^^^^^^^^^^^^^^^^^
  File "/home/airflow/.local/lib/python3.12/site-packages/airflow/operators/bash.py", line 243, in execute
    raise AirflowException(
airflow.exceptions.AirflowException: Bash command failed. The command returned a non-zero exit code 1.
[2025-11-14T18:15:46.835+0000] {taskinstance.py:1206} INFO - Marking task as FAILED. dag_id=etl_strava, task_id=extract_bronze_activities, run_id=manual__2025-11-14T18:10:27.389561+00:00, execution_date=20251114T181027, start_date=20251114T181537, end_date=20251114T181546
[2025-11-14T18:15:46.847+0000] {standard_task_runner.py:110} ERROR - Failed to execute job 107 for task extract_bronze_activities (Bash command failed. The command returned a non-zero exit code 1.; 251)
[2025-11-14T18:15:46.861+0000] {local_task_job_runner.py:243} INFO - Task exited with return code 1
[2025-11-14T18:15:46.881+0000] {taskinstance.py:3503} INFO - 0 downstream tasks scheduled from follow-on schedule check
[2025-11-14T18:15:46.882+0000] {local_task_job_runner.py:222} INFO - ::endgroup::
