[2025-11-15T22:42:30.924+0000] {local_task_job_runner.py:120} INFO - ::group::Pre task execution logs
[2025-11-15T22:42:30.958+0000] {taskinstance.py:2076} INFO - Dependencies all met for dep_context=non-requeueable deps ti=<TaskInstance: etl_strava.extract_bronze_label_studio manual__2025-11-15T22:08:01.569596+00:00 [queued]>
[2025-11-15T22:42:30.964+0000] {taskinstance.py:2076} INFO - Dependencies all met for dep_context=requeueable deps ti=<TaskInstance: etl_strava.extract_bronze_label_studio manual__2025-11-15T22:08:01.569596+00:00 [queued]>
[2025-11-15T22:42:30.964+0000] {taskinstance.py:2306} INFO - Starting attempt 2 of 2
[2025-11-15T22:42:30.975+0000] {taskinstance.py:2330} INFO - Executing <Task(BashOperator): extract_bronze_label_studio> on 2025-11-15 22:08:01.569596+00:00
[2025-11-15T22:42:30.980+0000] {standard_task_runner.py:90} INFO - Running: ['***', 'tasks', 'run', 'etl_strava', 'extract_bronze_label_studio', 'manual__2025-11-15T22:08:01.569596+00:00', '--job-id', '296', '--raw', '--subdir', 'DAGS_FOLDER/pipeline_strava.py', '--cfg-path', '/tmp/tmpi3qkwrnb']
[2025-11-15T22:42:30.982+0000] {standard_task_runner.py:91} INFO - Job 296: Subtask extract_bronze_label_studio
[2025-11-15T22:42:30.983+0000] {logging_mixin.py:188} WARNING - /home/***/.local/lib/python3.12/site-packages/***/task/task_runner/standard_task_runner.py:62 DeprecationWarning: This process (pid=172) is multi-threaded, use of fork() may lead to deadlocks in the child.
[2025-11-15T22:42:30.984+0000] {standard_task_runner.py:64} INFO - Started process 177 to run task
[2025-11-15T22:42:31.032+0000] {task_command.py:426} INFO - Running <TaskInstance: etl_strava.extract_bronze_label_studio manual__2025-11-15T22:08:01.569596+00:00 [running]> on host 070b9a911922
[2025-11-15T22:42:31.136+0000] {taskinstance.py:2648} INFO - Exporting env vars: AIRFLOW_CTX_DAG_OWNER='rayane' AIRFLOW_CTX_DAG_ID='etl_strava' AIRFLOW_CTX_TASK_ID='extract_bronze_label_studio' AIRFLOW_CTX_EXECUTION_DATE='2025-11-15T22:08:01.569596+00:00' AIRFLOW_CTX_TRY_NUMBER='2' AIRFLOW_CTX_DAG_RUN_ID='manual__2025-11-15T22:08:01.569596+00:00'
[2025-11-15T22:42:31.137+0000] {taskinstance.py:430} INFO - ::endgroup::
[2025-11-15T22:42:31.176+0000] {subprocess.py:63} INFO - Tmp dir root location: /tmp
[2025-11-15T22:42:31.177+0000] {subprocess.py:75} INFO - Running command: ['/usr/bin/bash', '-c', 'python  /opt/***/apps/extract_api_label_studio_strava.py']
[2025-11-15T22:42:31.183+0000] {subprocess.py:86} INFO - Output:
[2025-11-15T22:42:32.554+0000] {subprocess.py:93} INFO - Usando o arquivo de variaveis em: /opt/***/apps/.env
[2025-11-15T22:42:32.554+0000] {subprocess.py:93} INFO - Traceback (most recent call last):
[2025-11-15T22:42:32.555+0000] {subprocess.py:93} INFO -   File "/opt/***/apps/extract_api_label_studio_strava.py", line 29, in <module>
[2025-11-15T22:42:32.555+0000] {subprocess.py:93} INFO -     resp.raise_for_status()
[2025-11-15T22:42:32.555+0000] {subprocess.py:93} INFO -   File "/home/***/.local/lib/python3.12/site-packages/requests/models.py", line 1024, in raise_for_status
[2025-11-15T22:42:32.556+0000] {subprocess.py:93} INFO -     raise HTTPError(http_error_msg, response=self)
[2025-11-15T22:42:32.556+0000] {subprocess.py:93} INFO - requests.exceptions.HTTPError: 500 Server Error: Internal Server Error for url: http://label-studio:8080/api/token/refresh
[2025-11-15T22:42:32.581+0000] {subprocess.py:97} INFO - Command exited with return code 1
[2025-11-15T22:42:32.582+0000] {taskinstance.py:441} INFO - ::group::Post task execution logs
[2025-11-15T22:42:32.591+0000] {taskinstance.py:2905} ERROR - Task failed with exception
Traceback (most recent call last):
  File "/home/airflow/.local/lib/python3.12/site-packages/airflow/models/taskinstance.py", line 465, in _execute_task
    result = _execute_callable(context=context, **execute_callable_kwargs)
             ^^^^^^^^^^^^^^^^^^^^^^^^^^^^^^^^^^^^^^^^^^^^^^^^^^^^^^^^^^^^^
  File "/home/airflow/.local/lib/python3.12/site-packages/airflow/models/taskinstance.py", line 432, in _execute_callable
    return execute_callable(context=context, **execute_callable_kwargs)
           ^^^^^^^^^^^^^^^^^^^^^^^^^^^^^^^^^^^^^^^^^^^^^^^^^^^^^^^^^^^^
  File "/home/airflow/.local/lib/python3.12/site-packages/airflow/models/baseoperator.py", line 401, in wrapper
    return func(self, *args, **kwargs)
           ^^^^^^^^^^^^^^^^^^^^^^^^^^^
  File "/home/airflow/.local/lib/python3.12/site-packages/airflow/operators/bash.py", line 243, in execute
    raise AirflowException(
airflow.exceptions.AirflowException: Bash command failed. The command returned a non-zero exit code 1.
[2025-11-15T22:42:32.594+0000] {taskinstance.py:1206} INFO - Marking task as FAILED. dag_id=etl_strava, task_id=extract_bronze_label_studio, run_id=manual__2025-11-15T22:08:01.569596+00:00, execution_date=20251115T220801, start_date=20251115T224230, end_date=20251115T224232
[2025-11-15T22:42:32.604+0000] {standard_task_runner.py:110} ERROR - Failed to execute job 296 for task extract_bronze_label_studio (Bash command failed. The command returned a non-zero exit code 1.; 177)
[2025-11-15T22:42:32.631+0000] {local_task_job_runner.py:243} INFO - Task exited with return code 1
[2025-11-15T22:42:32.646+0000] {taskinstance.py:3503} INFO - 0 downstream tasks scheduled from follow-on schedule check
[2025-11-15T22:42:32.647+0000] {local_task_job_runner.py:222} INFO - ::endgroup::
