[2025-11-18T04:22:31.972+0000] {local_task_job_runner.py:120} INFO - ::group::Pre task execution logs
[2025-11-18T04:22:32.012+0000] {taskinstance.py:2076} INFO - Dependencies all met for dep_context=non-requeueable deps ti=<TaskInstance: etl_strava_user_profile.extract_bronze_user scheduled__2025-11-17T03:00:00+00:00 [queued]>
[2025-11-18T04:22:32.018+0000] {taskinstance.py:2076} INFO - Dependencies all met for dep_context=requeueable deps ti=<TaskInstance: etl_strava_user_profile.extract_bronze_user scheduled__2025-11-17T03:00:00+00:00 [queued]>
[2025-11-18T04:22:32.018+0000] {taskinstance.py:2306} INFO - Starting attempt 1 of 2
[2025-11-18T04:22:32.030+0000] {taskinstance.py:2330} INFO - Executing <Task(BashOperator): extract_bronze_user> on 2025-11-17 03:00:00+00:00
[2025-11-18T04:22:32.036+0000] {standard_task_runner.py:90} INFO - Running: ['***', 'tasks', 'run', 'etl_strava_user_profile', 'extract_bronze_user', 'scheduled__2025-11-17T03:00:00+00:00', '--job-id', '535', '--raw', '--subdir', 'DAGS_FOLDER/pipeline_strava_user.py', '--cfg-path', '/tmp/tmpagqtefuq']
[2025-11-18T04:22:32.038+0000] {standard_task_runner.py:91} INFO - Job 535: Subtask extract_bronze_user
[2025-11-18T04:22:32.038+0000] {logging_mixin.py:188} WARNING - /home/***/.local/lib/python3.12/site-packages/***/task/task_runner/standard_task_runner.py:62 DeprecationWarning: This process (pid=1277) is multi-threaded, use of fork() may lead to deadlocks in the child.
[2025-11-18T04:22:32.039+0000] {standard_task_runner.py:64} INFO - Started process 1279 to run task
[2025-11-18T04:22:32.134+0000] {task_command.py:426} INFO - Running <TaskInstance: etl_strava_user_profile.extract_bronze_user scheduled__2025-11-17T03:00:00+00:00 [running]> on host f2d31a793684
[2025-11-18T04:22:32.260+0000] {taskinstance.py:2648} INFO - Exporting env vars: AIRFLOW_CTX_DAG_OWNER='rayane' AIRFLOW_CTX_DAG_ID='etl_strava_user_profile' AIRFLOW_CTX_TASK_ID='extract_bronze_user' AIRFLOW_CTX_EXECUTION_DATE='2025-11-17T03:00:00+00:00' AIRFLOW_CTX_TRY_NUMBER='1' AIRFLOW_CTX_DAG_RUN_ID='scheduled__2025-11-17T03:00:00+00:00'
[2025-11-18T04:22:32.260+0000] {taskinstance.py:430} INFO - ::endgroup::
[2025-11-18T04:22:32.303+0000] {subprocess.py:63} INFO - Tmp dir root location: /tmp
[2025-11-18T04:22:32.304+0000] {subprocess.py:75} INFO - Running command: ['/usr/bin/bash', '-c', 'python  /opt/***/apps/01-bronze/extract_api_strava_user.py']
[2025-11-18T04:22:32.312+0000] {subprocess.py:86} INFO - Output:
[2025-11-18T04:22:35.945+0000] {subprocess.py:93} INFO - Usando o arquivo de variaveis em: /opt/***/apps/.env
[2025-11-18T04:22:35.949+0000] {subprocess.py:93} INFO - 184573
[2025-11-18T04:22:35.950+0000] {subprocess.py:93} INFO -  ⏳ Token expirado, atualizando... ⏳
[2025-11-18T04:22:35.950+0000] {subprocess.py:93} INFO -  ⚠️  O novo token expira em: 2025-11-18 10:22:35
[2025-11-18T04:22:35.951+0000] {subprocess.py:93} INFO - Usando o arquivo de variaveis em: /opt/***/apps/.env
[2025-11-18T04:22:35.952+0000] {subprocess.py:93} INFO - ✅ Credenciais Autenticadas
[2025-11-18T04:22:35.953+0000] {subprocess.py:93} INFO - ✅ Sem dados alterados
[2025-11-18T04:22:36.177+0000] {subprocess.py:97} INFO - Command exited with return code 0
[2025-11-18T04:22:36.179+0000] {taskinstance.py:441} INFO - ::group::Post task execution logs
[2025-11-18T04:22:36.229+0000] {taskinstance.py:1206} INFO - Marking task as SUCCESS. dag_id=etl_strava_user_profile, task_id=extract_bronze_user, run_id=scheduled__2025-11-17T03:00:00+00:00, execution_date=20251117T030000, start_date=20251118T042232, end_date=20251118T042236
[2025-11-18T04:22:36.302+0000] {local_task_job_runner.py:243} INFO - Task exited with return code 0
[2025-11-18T04:22:36.346+0000] {taskinstance.py:3503} INFO - 1 downstream tasks scheduled from follow-on schedule check
[2025-11-18T04:22:36.348+0000] {local_task_job_runner.py:222} INFO - ::endgroup::
