[2025-11-16T10:49:33.372+0000] {local_task_job_runner.py:120} INFO - ::group::Pre task execution logs
[2025-11-16T10:49:33.458+0000] {taskinstance.py:2076} INFO - Dependencies all met for dep_context=non-requeueable deps ti=<TaskInstance: etl_strava_user_profile.extract_bronze_user manual__2025-11-16T10:49:31.843147+00:00 [queued]>
[2025-11-16T10:49:33.474+0000] {taskinstance.py:2076} INFO - Dependencies all met for dep_context=requeueable deps ti=<TaskInstance: etl_strava_user_profile.extract_bronze_user manual__2025-11-16T10:49:31.843147+00:00 [queued]>
[2025-11-16T10:49:33.474+0000] {taskinstance.py:2306} INFO - Starting attempt 1 of 2
[2025-11-16T10:49:33.495+0000] {taskinstance.py:2330} INFO - Executing <Task(BashOperator): extract_bronze_user> on 2025-11-16 10:49:31.843147+00:00
[2025-11-16T10:49:33.507+0000] {standard_task_runner.py:90} INFO - Running: ['***', 'tasks', 'run', 'etl_strava_user_profile', 'extract_bronze_user', 'manual__2025-11-16T10:49:31.843147+00:00', '--job-id', '329', '--raw', '--subdir', 'DAGS_FOLDER/pipeline_strava_user.py', '--cfg-path', '/tmp/tmp5p5fd23l']
[2025-11-16T10:49:33.512+0000] {standard_task_runner.py:91} INFO - Job 329: Subtask extract_bronze_user
[2025-11-16T10:49:33.515+0000] {logging_mixin.py:188} WARNING - /home/***/.local/lib/python3.12/site-packages/***/task/task_runner/standard_task_runner.py:62 DeprecationWarning: This process (pid=7006) is multi-threaded, use of fork() may lead to deadlocks in the child.
[2025-11-16T10:49:33.517+0000] {standard_task_runner.py:64} INFO - Started process 7008 to run task
[2025-11-16T10:49:33.578+0000] {task_command.py:426} INFO - Running <TaskInstance: etl_strava_user_profile.extract_bronze_user manual__2025-11-16T10:49:31.843147+00:00 [running]> on host 729d1077952c
[2025-11-16T10:49:33.715+0000] {taskinstance.py:2648} INFO - Exporting env vars: AIRFLOW_CTX_DAG_OWNER='rayane' AIRFLOW_CTX_DAG_ID='etl_strava_user_profile' AIRFLOW_CTX_TASK_ID='extract_bronze_user' AIRFLOW_CTX_EXECUTION_DATE='2025-11-16T10:49:31.843147+00:00' AIRFLOW_CTX_TRY_NUMBER='1' AIRFLOW_CTX_DAG_RUN_ID='manual__2025-11-16T10:49:31.843147+00:00'
[2025-11-16T10:49:33.718+0000] {taskinstance.py:430} INFO - ::endgroup::
[2025-11-16T10:49:33.762+0000] {subprocess.py:63} INFO - Tmp dir root location: /tmp
[2025-11-16T10:49:33.764+0000] {subprocess.py:75} INFO - Running command: ['/usr/bin/bash', '-c', 'python  /opt/***/apps/extract_api_strava_user.py']
[2025-11-16T10:49:33.779+0000] {subprocess.py:86} INFO - Output:
[2025-11-16T10:49:36.754+0000] {subprocess.py:93} INFO -  ⏳ Token expirado, atualizando... ⏳
[2025-11-16T10:49:36.755+0000] {subprocess.py:93} INFO -   ⚠️   O novo token expira em: 2025-11-16 16:49:36
[2025-11-16T10:49:36.755+0000] {subprocess.py:93} INFO - ✅ Credenciaiss Autenticadas
[2025-11-16T10:49:36.756+0000] {subprocess.py:93} INFO - ✅ Sem dados alterados
[2025-11-16T10:49:36.866+0000] {subprocess.py:97} INFO - Command exited with return code 0
[2025-11-16T10:49:36.866+0000] {taskinstance.py:441} INFO - ::group::Post task execution logs
[2025-11-16T10:49:36.889+0000] {taskinstance.py:1206} INFO - Marking task as SUCCESS. dag_id=etl_strava_user_profile, task_id=extract_bronze_user, run_id=manual__2025-11-16T10:49:31.843147+00:00, execution_date=20251116T104931, start_date=20251116T104933, end_date=20251116T104936
[2025-11-16T10:49:36.940+0000] {local_task_job_runner.py:243} INFO - Task exited with return code 0
[2025-11-16T10:49:36.955+0000] {taskinstance.py:3503} INFO - 0 downstream tasks scheduled from follow-on schedule check
[2025-11-16T10:49:36.956+0000] {local_task_job_runner.py:222} INFO - ::endgroup::
