[2025-11-14T17:41:57.708+0000] {local_task_job_runner.py:120} INFO - ::group::Pre task execution logs
[2025-11-14T17:41:57.753+0000] {taskinstance.py:2076} INFO - Dependencies all met for dep_context=non-requeueable deps ti=<TaskInstance: etl_strava.extract_bronze_activities manual__2025-11-14T17:20:51.904268+00:00 [queued]>
[2025-11-14T17:41:57.765+0000] {taskinstance.py:2076} INFO - Dependencies all met for dep_context=requeueable deps ti=<TaskInstance: etl_strava.extract_bronze_activities manual__2025-11-14T17:20:51.904268+00:00 [queued]>
[2025-11-14T17:41:57.766+0000] {taskinstance.py:2306} INFO - Starting attempt 2 of 2
[2025-11-14T17:41:57.787+0000] {taskinstance.py:2330} INFO - Executing <Task(BashOperator): extract_bronze_activities> on 2025-11-14 17:20:51.904268+00:00
[2025-11-14T17:41:57.800+0000] {logging_mixin.py:188} WARNING - /home/***/.local/lib/python3.12/site-packages/***/task/task_runner/standard_task_runner.py:62 DeprecationWarning: This process (pid=169) is multi-threaded, use of fork() may lead to deadlocks in the child.
[2025-11-14T17:41:57.802+0000] {standard_task_runner.py:64} INFO - Started process 177 to run task
[2025-11-14T17:41:57.799+0000] {standard_task_runner.py:90} INFO - Running: ['***', 'tasks', 'run', 'etl_strava', 'extract_bronze_activities', 'manual__2025-11-14T17:20:51.904268+00:00', '--job-id', '88', '--raw', '--subdir', 'DAGS_FOLDER/pipeline_strava.py', '--cfg-path', '/tmp/tmpmbkkqjca']
[2025-11-14T17:41:57.808+0000] {standard_task_runner.py:91} INFO - Job 88: Subtask extract_bronze_activities
[2025-11-14T17:41:57.900+0000] {task_command.py:426} INFO - Running <TaskInstance: etl_strava.extract_bronze_activities manual__2025-11-14T17:20:51.904268+00:00 [running]> on host 4e4381d8eec4
[2025-11-14T17:41:58.065+0000] {taskinstance.py:2648} INFO - Exporting env vars: AIRFLOW_CTX_DAG_OWNER='rayane' AIRFLOW_CTX_DAG_ID='etl_strava' AIRFLOW_CTX_TASK_ID='extract_bronze_activities' AIRFLOW_CTX_EXECUTION_DATE='2025-11-14T17:20:51.904268+00:00' AIRFLOW_CTX_TRY_NUMBER='2' AIRFLOW_CTX_DAG_RUN_ID='manual__2025-11-14T17:20:51.904268+00:00'
[2025-11-14T17:41:58.068+0000] {taskinstance.py:430} INFO - ::endgroup::
[2025-11-14T17:41:58.108+0000] {subprocess.py:63} INFO - Tmp dir root location: /tmp
[2025-11-14T17:41:58.110+0000] {subprocess.py:75} INFO - Running command: ['/usr/bin/bash', '-c', 'python /opt/***/apps/extract_api_strava_user_activities.py']
[2025-11-14T17:41:58.128+0000] {subprocess.py:86} INFO - Output:
[2025-11-14T17:42:01.217+0000] {subprocess.py:93} INFO - Usando o arquivo de variaveis em: ./***/.env/.env
[2025-11-14T17:42:01.218+0000] {subprocess.py:93} INFO - None
[2025-11-14T17:42:01.218+0000] {subprocess.py:93} INFO - Traceback (most recent call last):
[2025-11-14T17:42:01.219+0000] {subprocess.py:93} INFO -   File "/opt/***/apps/extract_api_strava_user_activities.py", line 52, in <module>
[2025-11-14T17:42:01.219+0000] {subprocess.py:93} INFO -     if time.localtime(time.time()) >= time.localtime(int(os.getenv("EXPIRES_AT"))):
[2025-11-14T17:42:01.219+0000] {subprocess.py:93} INFO -                                                      ^^^^^^^^^^^^^^^^^^^^^^^^^^^^
[2025-11-14T17:42:01.219+0000] {subprocess.py:93} INFO - TypeError: int() argument must be a string, a bytes-like object or a real number, not 'NoneType'
[2025-11-14T17:42:01.363+0000] {subprocess.py:97} INFO - Command exited with return code 1
[2025-11-14T17:42:01.364+0000] {taskinstance.py:441} INFO - ::group::Post task execution logs
[2025-11-14T17:42:01.377+0000] {taskinstance.py:2905} ERROR - Task failed with exception
Traceback (most recent call last):
  File "/home/airflow/.local/lib/python3.12/site-packages/airflow/models/taskinstance.py", line 465, in _execute_task
    result = _execute_callable(context=context, **execute_callable_kwargs)
             ^^^^^^^^^^^^^^^^^^^^^^^^^^^^^^^^^^^^^^^^^^^^^^^^^^^^^^^^^^^^^
  File "/home/airflow/.local/lib/python3.12/site-packages/airflow/models/taskinstance.py", line 432, in _execute_callable
    return execute_callable(context=context, **execute_callable_kwargs)
           ^^^^^^^^^^^^^^^^^^^^^^^^^^^^^^^^^^^^^^^^^^^^^^^^^^^^^^^^^^^^
  File "/home/airflow/.local/lib/python3.12/site-packages/airflow/models/baseoperator.py", line 401, in wrapper
    return func(self, *args, **kwargs)
           ^^^^^^^^^^^^^^^^^^^^^^^^^^^
  File "/home/airflow/.local/lib/python3.12/site-packages/airflow/operators/bash.py", line 243, in execute
    raise AirflowException(
airflow.exceptions.AirflowException: Bash command failed. The command returned a non-zero exit code 1.
[2025-11-14T17:42:01.382+0000] {taskinstance.py:1206} INFO - Marking task as FAILED. dag_id=etl_strava, task_id=extract_bronze_activities, run_id=manual__2025-11-14T17:20:51.904268+00:00, execution_date=20251114T172051, start_date=20251114T174157, end_date=20251114T174201
[2025-11-14T17:42:01.395+0000] {standard_task_runner.py:110} ERROR - Failed to execute job 88 for task extract_bronze_activities (Bash command failed. The command returned a non-zero exit code 1.; 177)
[2025-11-14T17:42:01.401+0000] {local_task_job_runner.py:243} INFO - Task exited with return code 1
[2025-11-14T17:42:01.417+0000] {taskinstance.py:3503} INFO - 0 downstream tasks scheduled from follow-on schedule check
[2025-11-14T17:42:01.418+0000] {local_task_job_runner.py:222} INFO - ::endgroup::
