[2025-11-19T17:06:15.849+0000] {local_task_job_runner.py:120} INFO - ::group::Pre task execution logs
[2025-11-19T17:06:15.936+0000] {taskinstance.py:2076} INFO - Dependencies all met for dep_context=non-requeueable deps ti=<TaskInstance: etl_strava_activities.data_quality_gold_activities manual__2025-11-19T17:05:40.592631+00:00 [queued]>
[2025-11-19T17:06:15.959+0000] {taskinstance.py:2076} INFO - Dependencies all met for dep_context=requeueable deps ti=<TaskInstance: etl_strava_activities.data_quality_gold_activities manual__2025-11-19T17:05:40.592631+00:00 [queued]>
[2025-11-19T17:06:15.960+0000] {taskinstance.py:2306} INFO - Starting attempt 1 of 2
[2025-11-19T17:06:15.984+0000] {taskinstance.py:2330} INFO - Executing <Task(BashOperator): data_quality_gold_activities> on 2025-11-19 17:05:40.592631+00:00
[2025-11-19T17:06:16.002+0000] {logging_mixin.py:188} WARNING - /home/***/.local/lib/python3.12/site-packages/***/task/task_runner/standard_task_runner.py:62 DeprecationWarning: This process (pid=5127) is multi-threaded, use of fork() may lead to deadlocks in the child.
[2025-11-19T17:06:15.998+0000] {standard_task_runner.py:90} INFO - Running: ['***', 'tasks', 'run', 'etl_strava_activities', 'data_quality_gold_activities', 'manual__2025-11-19T17:05:40.592631+00:00', '--job-id', '143', '--raw', '--subdir', 'DAGS_FOLDER/pipeline_strava_activities.py', '--cfg-path', '/tmp/tmpymufyveo']
[2025-11-19T17:06:16.003+0000] {standard_task_runner.py:91} INFO - Job 143: Subtask data_quality_gold_activities
[2025-11-19T17:06:16.003+0000] {standard_task_runner.py:64} INFO - Started process 5128 to run task
[2025-11-19T17:06:16.079+0000] {task_command.py:426} INFO - Running <TaskInstance: etl_strava_activities.data_quality_gold_activities manual__2025-11-19T17:05:40.592631+00:00 [running]> on host c0ed16a56df2
[2025-11-19T17:06:16.225+0000] {taskinstance.py:2648} INFO - Exporting env vars: AIRFLOW_CTX_DAG_OWNER='rayane' AIRFLOW_CTX_DAG_ID='etl_strava_activities' AIRFLOW_CTX_TASK_ID='data_quality_gold_activities' AIRFLOW_CTX_EXECUTION_DATE='2025-11-19T17:05:40.592631+00:00' AIRFLOW_CTX_TRY_NUMBER='1' AIRFLOW_CTX_DAG_RUN_ID='manual__2025-11-19T17:05:40.592631+00:00'
[2025-11-19T17:06:16.228+0000] {taskinstance.py:430} INFO - ::endgroup::
[2025-11-19T17:06:16.264+0000] {subprocess.py:63} INFO - Tmp dir root location: /tmp
[2025-11-19T17:06:16.269+0000] {subprocess.py:75} INFO - Running command: ['/usr/bin/bash', '-c', 'python /opt/***/apps/05-DataQuality/fact_user_acdata_quality_goldtivities_strava.py']
[2025-11-19T17:06:16.295+0000] {subprocess.py:86} INFO - Output:
[2025-11-19T17:06:16.413+0000] {subprocess.py:93} INFO - python: can't open file '/opt/***/apps/05-DataQuality/fact_user_acdata_quality_goldtivities_strava.py': [Errno 2] No such file or directory
[2025-11-19T17:06:16.419+0000] {subprocess.py:97} INFO - Command exited with return code 2
[2025-11-19T17:06:16.421+0000] {taskinstance.py:441} INFO - ::group::Post task execution logs
[2025-11-19T17:06:16.453+0000] {taskinstance.py:2905} ERROR - Task failed with exception
Traceback (most recent call last):
  File "/home/airflow/.local/lib/python3.12/site-packages/airflow/models/taskinstance.py", line 465, in _execute_task
    result = _execute_callable(context=context, **execute_callable_kwargs)
             ^^^^^^^^^^^^^^^^^^^^^^^^^^^^^^^^^^^^^^^^^^^^^^^^^^^^^^^^^^^^^
  File "/home/airflow/.local/lib/python3.12/site-packages/airflow/models/taskinstance.py", line 432, in _execute_callable
    return execute_callable(context=context, **execute_callable_kwargs)
           ^^^^^^^^^^^^^^^^^^^^^^^^^^^^^^^^^^^^^^^^^^^^^^^^^^^^^^^^^^^^
  File "/home/airflow/.local/lib/python3.12/site-packages/airflow/models/baseoperator.py", line 401, in wrapper
    return func(self, *args, **kwargs)
           ^^^^^^^^^^^^^^^^^^^^^^^^^^^
  File "/home/airflow/.local/lib/python3.12/site-packages/airflow/operators/bash.py", line 243, in execute
    raise AirflowException(
airflow.exceptions.AirflowException: Bash command failed. The command returned a non-zero exit code 2.
[2025-11-19T17:06:16.479+0000] {taskinstance.py:1206} INFO - Marking task as UP_FOR_RETRY. dag_id=etl_strava_activities, task_id=data_quality_gold_activities, run_id=manual__2025-11-19T17:05:40.592631+00:00, execution_date=20251119T170540, start_date=20251119T170615, end_date=20251119T170616
[2025-11-19T17:06:16.545+0000] {standard_task_runner.py:110} ERROR - Failed to execute job 143 for task data_quality_gold_activities (Bash command failed. The command returned a non-zero exit code 2.; 5128)
[2025-11-19T17:06:16.561+0000] {local_task_job_runner.py:243} INFO - Task exited with return code 1
[2025-11-19T17:06:16.617+0000] {taskinstance.py:3503} INFO - 0 downstream tasks scheduled from follow-on schedule check
[2025-11-19T17:06:16.626+0000] {local_task_job_runner.py:222} INFO - ::endgroup::
