[2025-11-13T17:53:06.603+0000] {local_task_job_runner.py:120} INFO - ::group::Pre task execution logs
[2025-11-13T17:53:06.675+0000] {taskinstance.py:2076} INFO - Dependencies all met for dep_context=non-requeueable deps ti=<TaskInstance: etl_strava.extract_bronze_user manual__2025-11-13T17:34:17.587550+00:00 [queued]>
[2025-11-13T17:53:06.682+0000] {taskinstance.py:2076} INFO - Dependencies all met for dep_context=requeueable deps ti=<TaskInstance: etl_strava.extract_bronze_user manual__2025-11-13T17:34:17.587550+00:00 [queued]>
[2025-11-13T17:53:06.684+0000] {taskinstance.py:2306} INFO - Starting attempt 2 of 2
[2025-11-13T17:53:06.708+0000] {taskinstance.py:2330} INFO - Executing <Task(BashOperator): extract_bronze_user> on 2025-11-13 17:34:17.587550+00:00
[2025-11-13T17:53:06.721+0000] {standard_task_runner.py:90} INFO - Running: ['***', 'tasks', 'run', 'etl_strava', 'extract_bronze_user', 'manual__2025-11-13T17:34:17.587550+00:00', '--job-id', '21', '--raw', '--subdir', 'DAGS_FOLDER/pipeline_strava.py', '--cfg-path', '/tmp/tmpu7f8apw3']
[2025-11-13T17:53:06.728+0000] {standard_task_runner.py:91} INFO - Job 21: Subtask extract_bronze_user
[2025-11-13T17:53:06.735+0000] {logging_mixin.py:188} WARNING - /home/***/.local/lib/python3.12/site-packages/***/task/task_runner/standard_task_runner.py:62 DeprecationWarning: This process (pid=372) is multi-threaded, use of fork() may lead to deadlocks in the child.
[2025-11-13T17:53:06.739+0000] {standard_task_runner.py:64} INFO - Started process 382 to run task
[2025-11-13T17:53:06.890+0000] {task_command.py:426} INFO - Running <TaskInstance: etl_strava.extract_bronze_user manual__2025-11-13T17:34:17.587550+00:00 [running]> on host 32e582f1fa12
[2025-11-13T17:53:07.062+0000] {taskinstance.py:2648} INFO - Exporting env vars: AIRFLOW_CTX_DAG_OWNER='rayane' AIRFLOW_CTX_DAG_ID='etl_strava' AIRFLOW_CTX_TASK_ID='extract_bronze_user' AIRFLOW_CTX_EXECUTION_DATE='2025-11-13T17:34:17.587550+00:00' AIRFLOW_CTX_TRY_NUMBER='2' AIRFLOW_CTX_DAG_RUN_ID='manual__2025-11-13T17:34:17.587550+00:00'
[2025-11-13T17:53:07.063+0000] {taskinstance.py:430} INFO - ::endgroup::
[2025-11-13T17:53:07.101+0000] {subprocess.py:63} INFO - Tmp dir root location: /tmp
[2025-11-13T17:53:07.103+0000] {subprocess.py:75} INFO - Running command: ['/usr/bin/bash', '-c', 'python apps/extract_api_strava_user.py']
[2025-11-13T17:53:07.113+0000] {subprocess.py:86} INFO - Output:
[2025-11-13T17:53:07.247+0000] {subprocess.py:93} INFO - python: can't open file '/tmp/***tmp886bws5b/apps/extract_api_strava_user.py': [Errno 2] No such file or directory
[2025-11-13T17:53:07.252+0000] {subprocess.py:97} INFO - Command exited with return code 2
[2025-11-13T17:53:07.253+0000] {taskinstance.py:441} INFO - ::group::Post task execution logs
[2025-11-13T17:53:07.285+0000] {taskinstance.py:2905} ERROR - Task failed with exception
Traceback (most recent call last):
  File "/home/airflow/.local/lib/python3.12/site-packages/airflow/models/taskinstance.py", line 465, in _execute_task
    result = _execute_callable(context=context, **execute_callable_kwargs)
             ^^^^^^^^^^^^^^^^^^^^^^^^^^^^^^^^^^^^^^^^^^^^^^^^^^^^^^^^^^^^^
  File "/home/airflow/.local/lib/python3.12/site-packages/airflow/models/taskinstance.py", line 432, in _execute_callable
    return execute_callable(context=context, **execute_callable_kwargs)
           ^^^^^^^^^^^^^^^^^^^^^^^^^^^^^^^^^^^^^^^^^^^^^^^^^^^^^^^^^^^^
  File "/home/airflow/.local/lib/python3.12/site-packages/airflow/models/baseoperator.py", line 401, in wrapper
    return func(self, *args, **kwargs)
           ^^^^^^^^^^^^^^^^^^^^^^^^^^^
  File "/home/airflow/.local/lib/python3.12/site-packages/airflow/operators/bash.py", line 243, in execute
    raise AirflowException(
airflow.exceptions.AirflowException: Bash command failed. The command returned a non-zero exit code 2.
[2025-11-13T17:53:07.290+0000] {taskinstance.py:1206} INFO - Marking task as FAILED. dag_id=etl_strava, task_id=extract_bronze_user, run_id=manual__2025-11-13T17:34:17.587550+00:00, execution_date=20251113T173417, start_date=20251113T175306, end_date=20251113T175307
[2025-11-13T17:53:07.325+0000] {standard_task_runner.py:110} ERROR - Failed to execute job 21 for task extract_bronze_user (Bash command failed. The command returned a non-zero exit code 2.; 382)
[2025-11-13T17:53:07.342+0000] {local_task_job_runner.py:243} INFO - Task exited with return code 1
[2025-11-13T17:53:07.375+0000] {taskinstance.py:3503} INFO - 0 downstream tasks scheduled from follow-on schedule check
[2025-11-13T17:53:07.377+0000] {local_task_job_runner.py:222} INFO - ::endgroup::
