[2025-11-15T23:44:02.023+0000] {local_task_job_runner.py:120} INFO - ::group::Pre task execution logs
[2025-11-15T23:44:02.060+0000] {taskinstance.py:2076} INFO - Dependencies all met for dep_context=non-requeueable deps ti=<TaskInstance: etl_strava_user_profile.extract_bronze_user scheduled__2025-11-14T03:00:00+00:00 [queued]>
[2025-11-15T23:44:02.067+0000] {taskinstance.py:2076} INFO - Dependencies all met for dep_context=requeueable deps ti=<TaskInstance: etl_strava_user_profile.extract_bronze_user scheduled__2025-11-14T03:00:00+00:00 [queued]>
[2025-11-15T23:44:02.067+0000] {taskinstance.py:2306} INFO - Starting attempt 1 of 2
[2025-11-15T23:44:02.078+0000] {taskinstance.py:2330} INFO - Executing <Task(BashOperator): extract_bronze_user> on 2025-11-14 03:00:00+00:00
[2025-11-15T23:44:02.085+0000] {standard_task_runner.py:90} INFO - Running: ['***', 'tasks', 'run', 'etl_strava_user_profile', 'extract_bronze_user', 'scheduled__2025-11-14T03:00:00+00:00', '--job-id', '325', '--raw', '--subdir', 'DAGS_FOLDER/pipeline_strava_user.py', '--cfg-path', '/tmp/tmpo5morj70']
[2025-11-15T23:44:02.089+0000] {logging_mixin.py:188} WARNING - /home/***/.local/lib/python3.12/site-packages/***/task/task_runner/standard_task_runner.py:62 DeprecationWarning: This process (pid=406) is multi-threaded, use of fork() may lead to deadlocks in the child.
[2025-11-15T23:44:02.089+0000] {standard_task_runner.py:91} INFO - Job 325: Subtask extract_bronze_user
[2025-11-15T23:44:02.090+0000] {standard_task_runner.py:64} INFO - Started process 407 to run task
[2025-11-15T23:44:02.179+0000] {task_command.py:426} INFO - Running <TaskInstance: etl_strava_user_profile.extract_bronze_user scheduled__2025-11-14T03:00:00+00:00 [running]> on host 729d1077952c
[2025-11-15T23:44:02.264+0000] {taskinstance.py:2648} INFO - Exporting env vars: AIRFLOW_CTX_DAG_OWNER='rayane' AIRFLOW_CTX_DAG_ID='etl_strava_user_profile' AIRFLOW_CTX_TASK_ID='extract_bronze_user' AIRFLOW_CTX_EXECUTION_DATE='2025-11-14T03:00:00+00:00' AIRFLOW_CTX_TRY_NUMBER='1' AIRFLOW_CTX_DAG_RUN_ID='scheduled__2025-11-14T03:00:00+00:00'
[2025-11-15T23:44:02.265+0000] {taskinstance.py:430} INFO - ::endgroup::
[2025-11-15T23:44:02.279+0000] {subprocess.py:63} INFO - Tmp dir root location: /tmp
[2025-11-15T23:44:02.280+0000] {subprocess.py:75} INFO - Running command: ['/usr/bin/bash', '-c', 'python  /opt/***/apps/extract_api_strava_user.py']
[2025-11-15T23:44:02.286+0000] {subprocess.py:86} INFO - Output:
[2025-11-15T23:44:04.746+0000] {subprocess.py:93} INFO -  ⚠️   O Token atual expira em: 2025-11-16 00:35:34
[2025-11-15T23:44:04.751+0000] {subprocess.py:93} INFO - ✅ Credenciaiss Autenticadas
[2025-11-15T23:44:04.754+0000] {subprocess.py:93} INFO - ✅ Sem dados alterados
[2025-11-15T23:44:04.839+0000] {subprocess.py:97} INFO - Command exited with return code 0
[2025-11-15T23:44:04.840+0000] {taskinstance.py:441} INFO - ::group::Post task execution logs
[2025-11-15T23:44:04.861+0000] {taskinstance.py:1206} INFO - Marking task as SUCCESS. dag_id=etl_strava_user_profile, task_id=extract_bronze_user, run_id=scheduled__2025-11-14T03:00:00+00:00, execution_date=20251114T030000, start_date=20251115T234402, end_date=20251115T234404
[2025-11-15T23:44:04.896+0000] {local_task_job_runner.py:243} INFO - Task exited with return code 0
[2025-11-15T23:44:04.910+0000] {taskinstance.py:3503} INFO - 0 downstream tasks scheduled from follow-on schedule check
[2025-11-15T23:44:04.911+0000] {local_task_job_runner.py:222} INFO - ::endgroup::
